<?xml version="1.0" encoding="ISO-8859-1" ?>
<link_info>
   <banner>TI ARM Clang Linker PC v4.0.4.LTS</banner>
   <copyright>Copyright (c) 1996-2018 Texas Instruments Incorporated</copyright>
   <command_line>D:\TI2.0\CCS\ccs\tools\compiler\ti-cgt-armllvm_4.0.4.LTS\bin\tiarmlnk -ID:\TI2.0\CCS\ccs\tools\compiler\ti-cgt-armllvm_4.0.4.LTS\lib -o 2025e.out -m2025e.map -iC:/TI/mspm0_sdk_2_10_00_04/source -iD:/2025e/2025e-main -iD:/2025e/2025e-main/Debug/syscfg -iD:/TI2.0/CCS/ccs/tools/compiler/ti-cgt-armllvm_4.0.4.LTS/lib --diag_wrap=off --display_error_number --warn_sections --xml_link_info=2025e_linkInfo.xml --rom_model ./empty.o ./ti_msp_dl_config.o ./startup_mspm0g350x_ticlang.o ./MSPM0G3507/Application/app.o ./MSPM0G3507/Application/app_MG310_test.o ./MSPM0G3507/Application/app_MPU6050_test.o ./MSPM0G3507/Application/app_PWM_test.o ./MSPM0G3507/Application/app_button_test.o ./MSPM0G3507/Application/app_count.o ./MSPM0G3507/Application/app_debug_test.o ./MSPM0G3507/Application/app_delay_test.o ./MSPM0G3507/Application/app_fishpath_test.o ./MSPM0G3507/Application/app_maixcam.o ./MSPM0G3507/Application/app_motor.o ./MSPM0G3507/Application/app_motor_ctrl_test.o ./MSPM0G3507/Application/app_servo_test.o ./MSPM0G3507/Application/app_topic.o ./MSPM0G3507/Application/app_topic2.o ./MSPM0G3507/Application/app_topic3.o ./MSPM0G3507/Application/app_topic4.o ./MSPM0G3507/Application/app_vision_line_test.o ./MSPM0G3507/Application/app_zdt_x35_probe.o ./MSPM0G3507/BSP/MPU6050.o ./MSPM0G3507/BSP/bsp_OLED.o ./MSPM0G3507/BSP/bsp_button.o ./MSPM0G3507/BSP/bsp_encoder.o ./MSPM0G3507/BSP/bsp_fishpath.o ./MSPM0G3507/BSP/bsp_led.o ./MSPM0G3507/BSP/bsp_menu.o ./MSPM0G3507/BSP/bsp_motor_ctrl.o ./MSPM0G3507/BSP/bsp_servo.o ./MSPM0G3507/BSP/bsp_zdt_x35.o ./MSPM0G3507/Driver/drv_IIC.o ./MSPM0G3507/Driver/drv_encoder.o ./MSPM0G3507/Driver/drv_servo.o ./MSPM0G3507/Driver/drv_tim.o ./MSPM0G3507/Driver/drv_uart.o ./MSPM0G3507/Driver/drv_zdt_x35_uart.o ./MSPM0G3507/Middleware/filter.o ./MSPM0G3507/Middleware/inv_mpu.o ./MSPM0G3507/Middleware/inv_mpu_dmp_motion_driver.o ./MSPM0G3507/Middleware/mid_delay.o ./MSPM0G3507/Middleware/mid_motor_trapezoid.o ./MSPM0G3507/Middleware/mid_pid.o ./MSPM0G3507/Middleware/mid_vision_line.o ./MSPM0G3507/Middleware/mid_xunji.o ./MSPM0G3507/Middleware/mpuiic.o -l./device_linker.cmd -ldevice.cmd.genlibs -llibc.a --start-group -llibc++.a -llibc++abi.a -llibc.a -llibsys.a -llibsysbm.a -llibclang_rt.builtins.a -llibclang_rt.profile.a --end-group --cg_opt_level=0</command_line>
   <link_time>0x6a6c4ef7</link_time>
   <link_errors>0x0</link_errors>
   <output_file>D:\2025e\2025e-main\Debug\2025e.out</output_file>
   <entry_point>
      <name>_c_int00_noargs</name>
      <address>0x328d</address>
   </entry_point>
   <input_file_list>
      <input_file id="fl-1">
         <path>D:\2025e\2025e-main\Debug\.\</path>
         <kind>object</kind>
         <file>empty.o</file>
         <name>empty.o</name>
      </input_file>
      <input_file id="fl-2">
         <path>D:\2025e\2025e-main\Debug\.\</path>
         <kind>object</kind>
         <file>ti_msp_dl_config.o</file>
         <name>ti_msp_dl_config.o</name>
      </input_file>
      <input_file id="fl-3">
         <path>D:\2025e\2025e-main\Debug\.\</path>
         <kind>object</kind>
         <file>startup_mspm0g350x_ticlang.o</file>
         <name>startup_mspm0g350x_ticlang.o</name>
      </input_file>
      <input_file id="fl-4">
         <path>D:\2025e\2025e-main\Debug\.\MSPM0G3507\Application\</path>
         <kind>object</kind>
         <file>app.o</file>
         <name>app.o</name>
      </input_file>
      <input_file id="fl-5">
         <path>D:\2025e\2025e-main\Debug\.\MSPM0G3507\Application\</path>
         <kind>object</kind>
         <file>app_MG310_test.o</file>
         <name>app_MG310_test.o</name>
      </input_file>
      <input_file id="fl-6">
         <path>D:\2025e\2025e-main\Debug\.\MSPM0G3507\Application\</path>
         <kind>object</kind>
         <file>app_MPU6050_test.o</file>
         <name>app_MPU6050_test.o</name>
      </input_file>
      <input_file id="fl-7">
         <path>D:\2025e\2025e-main\Debug\.\MSPM0G3507\Application\</path>
         <kind>object</kind>
         <file>app_PWM_test.o</file>
         <name>app_PWM_test.o</name>
      </input_file>
      <input_file id="fl-8">
         <path>D:\2025e\2025e-main\Debug\.\MSPM0G3507\Application\</path>
         <kind>object</kind>
         <file>app_button_test.o</file>
         <name>app_button_test.o</name>
      </input_file>
      <input_file id="fl-9">
         <path>D:\2025e\2025e-main\Debug\.\MSPM0G3507\Application\</path>
         <kind>object</kind>
         <file>app_count.o</file>
         <name>app_count.o</name>
      </input_file>
      <input_file id="fl-a">
         <path>D:\2025e\2025e-main\Debug\.\MSPM0G3507\Application\</path>
         <kind>object</kind>
         <file>app_debug_test.o</file>
         <name>app_debug_test.o</name>
      </input_file>
      <input_file id="fl-b">
         <path>D:\2025e\2025e-main\Debug\.\MSPM0G3507\Application\</path>
         <kind>object</kind>
         <file>app_delay_test.o</file>
         <name>app_delay_test.o</name>
      </input_file>
      <input_file id="fl-c">
         <path>D:\2025e\2025e-main\Debug\.\MSPM0G3507\Application\</path>
         <kind>object</kind>
         <file>app_fishpath_test.o</file>
         <name>app_fishpath_test.o</name>
      </input_file>
      <input_file id="fl-d">
         <path>D:\2025e\2025e-main\Debug\.\MSPM0G3507\Application\</path>
         <kind>object</kind>
         <file>app_maixcam.o</file>
         <name>app_maixcam.o</name>
      </input_file>
      <input_file id="fl-e">
         <path>D:\2025e\2025e-main\Debug\.\MSPM0G3507\Application\</path>
         <kind>object</kind>
         <file>app_motor.o</file>
         <name>app_motor.o</name>
      </input_file>
      <input_file id="fl-f">
         <path>D:\2025e\2025e-main\Debug\.\MSPM0G3507\Application\</path>
         <kind>object</kind>
         <file>app_motor_ctrl_test.o</file>
         <name>app_motor_ctrl_test.o</name>
      </input_file>
      <input_file id="fl-10">
         <path>D:\2025e\2025e-main\Debug\.\MSPM0G3507\Application\</path>
         <kind>object</kind>
         <file>app_servo_test.o</file>
         <name>app_servo_test.o</name>
      </input_file>
      <input_file id="fl-11">
         <path>D:\2025e\2025e-main\Debug\.\MSPM0G3507\Application\</path>
         <kind>object</kind>
         <file>app_topic.o</file>
         <name>app_topic.o</name>
      </input_file>
      <input_file id="fl-12">
         <path>D:\2025e\2025e-main\Debug\.\MSPM0G3507\Application\</path>
         <kind>object</kind>
         <file>app_topic2.o</file>
         <name>app_topic2.o</name>
      </input_file>
      <input_file id="fl-13">
         <path>D:\2025e\2025e-main\Debug\.\MSPM0G3507\Application\</path>
         <kind>object</kind>
         <file>app_topic3.o</file>
         <name>app_topic3.o</name>
      </input_file>
      <input_file id="fl-14">
         <path>D:\2025e\2025e-main\Debug\.\MSPM0G3507\Application\</path>
         <kind>object</kind>
         <file>app_topic4.o</file>
         <name>app_topic4.o</name>
      </input_file>
      <input_file id="fl-15">
         <path>D:\2025e\2025e-main\Debug\.\MSPM0G3507\Application\</path>
         <kind>object</kind>
         <file>app_vision_line_test.o</file>
         <name>app_vision_line_test.o</name>
      </input_file>
      <input_file id="fl-16">
         <path>D:\2025e\2025e-main\Debug\.\MSPM0G3507\Application\</path>
         <kind>object</kind>
         <file>app_zdt_x35_probe.o</file>
         <name>app_zdt_x35_probe.o</name>
      </input_file>
      <input_file id="fl-17">
         <path>D:\2025e\2025e-main\Debug\.\MSPM0G3507\BSP\</path>
         <kind>object</kind>
         <file>MPU6050.o</file>
         <name>MPU6050.o</name>
      </input_file>
      <input_file id="fl-18">
         <path>D:\2025e\2025e-main\Debug\.\MSPM0G3507\BSP\</path>
         <kind>object</kind>
         <file>bsp_OLED.o</file>
         <name>bsp_OLED.o</name>
      </input_file>
      <input_file id="fl-19">
         <path>D:\2025e\2025e-main\Debug\.\MSPM0G3507\BSP\</path>
         <kind>object</kind>
         <file>bsp_button.o</file>
         <name>bsp_button.o</name>
      </input_file>
      <input_file id="fl-1a">
         <path>D:\2025e\2025e-main\Debug\.\MSPM0G3507\BSP\</path>
         <kind>object</kind>
         <file>bsp_encoder.o</file>
         <name>bsp_encoder.o</name>
      </input_file>
      <input_file id="fl-1b">
         <path>D:\2025e\2025e-main\Debug\.\MSPM0G3507\BSP\</path>
         <kind>object</kind>
         <file>bsp_fishpath.o</file>
         <name>bsp_fishpath.o</name>
      </input_file>
      <input_file id="fl-1c">
         <path>D:\2025e\2025e-main\Debug\.\MSPM0G3507\BSP\</path>
         <kind>object</kind>
         <file>bsp_led.o</file>
         <name>bsp_led.o</name>
      </input_file>
      <input_file id="fl-1d">
         <path>D:\2025e\2025e-main\Debug\.\MSPM0G3507\BSP\</path>
         <kind>object</kind>
         <file>bsp_menu.o</file>
         <name>bsp_menu.o</name>
      </input_file>
      <input_file id="fl-1e">
         <path>D:\2025e\2025e-main\Debug\.\MSPM0G3507\BSP\</path>
         <kind>object</kind>
         <file>bsp_motor_ctrl.o</file>
         <name>bsp_motor_ctrl.o</name>
      </input_file>
      <input_file id="fl-1f">
         <path>D:\2025e\2025e-main\Debug\.\MSPM0G3507\BSP\</path>
         <kind>object</kind>
         <file>bsp_servo.o</file>
         <name>bsp_servo.o</name>
      </input_file>
      <input_file id="fl-20">
         <path>D:\2025e\2025e-main\Debug\.\MSPM0G3507\BSP\</path>
         <kind>object</kind>
         <file>bsp_zdt_x35.o</file>
         <name>bsp_zdt_x35.o</name>
      </input_file>
      <input_file id="fl-21">
         <path>D:\2025e\2025e-main\Debug\.\MSPM0G3507\Driver\</path>
         <kind>object</kind>
         <file>drv_IIC.o</file>
         <name>drv_IIC.o</name>
      </input_file>
      <input_file id="fl-22">
         <path>D:\2025e\2025e-main\Debug\.\MSPM0G3507\Driver\</path>
         <kind>object</kind>
         <file>drv_encoder.o</file>
         <name>drv_encoder.o</name>
      </input_file>
      <input_file id="fl-23">
         <path>D:\2025e\2025e-main\Debug\.\MSPM0G3507\Driver\</path>
         <kind>object</kind>
         <file>drv_servo.o</file>
         <name>drv_servo.o</name>
      </input_file>
      <input_file id="fl-24">
         <path>D:\2025e\2025e-main\Debug\.\MSPM0G3507\Driver\</path>
         <kind>object</kind>
         <file>drv_tim.o</file>
         <name>drv_tim.o</name>
      </input_file>
      <input_file id="fl-25">
         <path>D:\2025e\2025e-main\Debug\.\MSPM0G3507\Driver\</path>
         <kind>object</kind>
         <file>drv_uart.o</file>
         <name>drv_uart.o</name>
      </input_file>
      <input_file id="fl-26">
         <path>D:\2025e\2025e-main\Debug\.\MSPM0G3507\Driver\</path>
         <kind>object</kind>
         <file>drv_zdt_x35_uart.o</file>
         <name>drv_zdt_x35_uart.o</name>
      </input_file>
      <input_file id="fl-27">
         <path>D:\2025e\2025e-main\Debug\.\MSPM0G3507\Middleware\</path>
         <kind>object</kind>
         <file>filter.o</file>
         <name>filter.o</name>
      </input_file>
      <input_file id="fl-28">
         <path>D:\2025e\2025e-main\Debug\.\MSPM0G3507\Middleware\</path>
         <kind>object</kind>
         <file>inv_mpu.o</file>
         <name>inv_mpu.o</name>
      </input_file>
      <input_file id="fl-29">
         <path>D:\2025e\2025e-main\Debug\.\MSPM0G3507\Middleware\</path>
         <kind>object</kind>
         <file>inv_mpu_dmp_motion_driver.o</file>
         <name>inv_mpu_dmp_motion_driver.o</name>
      </input_file>
      <input_file id="fl-2a">
         <path>D:\2025e\2025e-main\Debug\.\MSPM0G3507\Middleware\</path>
         <kind>object</kind>
         <file>mid_delay.o</file>
         <name>mid_delay.o</name>
      </input_file>
      <input_file id="fl-2b">
         <path>D:\2025e\2025e-main\Debug\.\MSPM0G3507\Middleware\</path>
         <kind>object</kind>
         <file>mid_motor_trapezoid.o</file>
         <name>mid_motor_trapezoid.o</name>
      </input_file>
      <input_file id="fl-2c">
         <path>D:\2025e\2025e-main\Debug\.\MSPM0G3507\Middleware\</path>
         <kind>object</kind>
         <file>mid_pid.o</file>
         <name>mid_pid.o</name>
      </input_file>
      <input_file id="fl-2d">
         <path>D:\2025e\2025e-main\Debug\.\MSPM0G3507\Middleware\</path>
         <kind>object</kind>
         <file>mid_vision_line.o</file>
         <name>mid_vision_line.o</name>
      </input_file>
      <input_file id="fl-2e">
         <path>D:\2025e\2025e-main\Debug\.\MSPM0G3507\Middleware\</path>
         <kind>object</kind>
         <file>mid_xunji.o</file>
         <name>mid_xunji.o</name>
      </input_file>
      <input_file id="fl-2f">
         <path>D:\2025e\2025e-main\Debug\.\MSPM0G3507\Middleware\</path>
         <kind>object</kind>
         <file>mpuiic.o</file>
         <name>mpuiic.o</name>
      </input_file>
      <input_file id="fl-3c">
         <path>D:\2025e\2025e-main\Debug\</path>
         <kind>object</kind>
         <file>&lt;internal&gt;</file>
         <name>&lt;internal&gt;</name>
      </input_file>
      <input_file id="fl-3d">
         <path>C:\TI\mspm0_sdk_2_10_00_04\source\ti\driverlib\lib\ticlang\m0p\mspm0g1x0x_g3x0x\</path>
         <kind>archive</kind>
         <file>driverlib.a</file>
         <name>dl_common.o</name>
      </input_file>
      <input_file id="fl-3e">
         <path>C:\TI\mspm0_sdk_2_10_00_04\source\ti\driverlib\lib\ticlang\m0p\mspm0g1x0x_g3x0x\</path>
         <kind>archive</kind>
         <file>driverlib.a</file>
         <name>dl_i2c.o</name>
      </input_file>
      <input_file id="fl-3f">
         <path>C:\TI\mspm0_sdk_2_10_00_04\source\ti\driverlib\lib\ticlang\m0p\mspm0g1x0x_g3x0x\</path>
         <kind>archive</kind>
         <file>driverlib.a</file>
         <name>dl_timer.o</name>
      </input_file>
      <input_file id="fl-40">
         <path>C:\TI\mspm0_sdk_2_10_00_04\source\ti\driverlib\lib\ticlang\m0p\mspm0g1x0x_g3x0x\</path>
         <kind>archive</kind>
         <file>driverlib.a</file>
         <name>dl_uart.o</name>
      </input_file>
      <input_file id="fl-57">
         <path>D:\TI2.0\CCS\ccs\tools\compiler\ti-cgt-armllvm_4.0.4.LTS\lib\armv6m-ti-none-eabi\c\</path>
         <kind>archive</kind>
         <file>libc.a</file>
         <name>e_asin.c.obj</name>
      </input_file>
      <input_file id="fl-58">
         <path>D:\TI2.0\CCS\ccs\tools\compiler\ti-cgt-armllvm_4.0.4.LTS\lib\armv6m-ti-none-eabi\c\</path>
         <kind>archive</kind>
         <file>libc.a</file>
         <name>e_atan2.c.obj</name>
      </input_file>
      <input_file id="fl-59">
         <path>D:\TI2.0\CCS\ccs\tools\compiler\ti-cgt-armllvm_4.0.4.LTS\lib\armv6m-ti-none-eabi\c\</path>
         <kind>archive</kind>
         <file>libc.a</file>
         <name>e_sqrt.c.obj</name>
      </input_file>
      <input_file id="fl-5a">
         <path>D:\TI2.0\CCS\ccs\tools\compiler\ti-cgt-armllvm_4.0.4.LTS\lib\armv6m-ti-none-eabi\c\</path>
         <kind>archive</kind>
         <file>libc.a</file>
         <name>s_atan.c.obj</name>
      </input_file>
      <input_file id="fl-5b">
         <path>D:\TI2.0\CCS\ccs\tools\compiler\ti-cgt-armllvm_4.0.4.LTS\lib\armv6m-ti-none-eabi\c\</path>
         <kind>archive</kind>
         <file>libc.a</file>
         <name>e_asinf.c.obj</name>
      </input_file>
      <input_file id="fl-5c">
         <path>D:\TI2.0\CCS\ccs\tools\compiler\ti-cgt-armllvm_4.0.4.LTS\lib\armv6m-ti-none-eabi\c\</path>
         <kind>archive</kind>
         <file>libc.a</file>
         <name>e_atan2f.c.obj</name>
      </input_file>
      <input_file id="fl-5d">
         <path>D:\TI2.0\CCS\ccs\tools\compiler\ti-cgt-armllvm_4.0.4.LTS\lib\armv6m-ti-none-eabi\c\</path>
         <kind>archive</kind>
         <file>libc.a</file>
         <name>s_atanf.c.obj</name>
      </input_file>
      <input_file id="fl-5e">
         <path>D:\TI2.0\CCS\ccs\tools\compiler\ti-cgt-armllvm_4.0.4.LTS\lib\armv6m-ti-none-eabi\c\</path>
         <kind>archive</kind>
         <file>libc.a</file>
         <name>s_tanf.c.obj</name>
      </input_file>
      <input_file id="fl-5f">
         <path>D:\TI2.0\CCS\ccs\tools\compiler\ti-cgt-armllvm_4.0.4.LTS\lib\armv6m-ti-none-eabi\c\</path>
         <kind>archive</kind>
         <file>libc.a</file>
         <name>printf.c.obj</name>
      </input_file>
      <input_file id="fl-60">
         <path>D:\TI2.0\CCS\ccs\tools\compiler\ti-cgt-armllvm_4.0.4.LTS\lib\armv6m-ti-none-eabi\c\</path>
         <kind>archive</kind>
         <file>libc.a</file>
         <name>_printfi.c.obj</name>
      </input_file>
      <input_file id="fl-61">
         <path>D:\TI2.0\CCS\ccs\tools\compiler\ti-cgt-armllvm_4.0.4.LTS\lib\armv6m-ti-none-eabi\c\</path>
         <kind>archive</kind>
         <file>libc.a</file>
         <name>sprintf.c.obj</name>
      </input_file>
      <input_file id="fl-62">
         <path>D:\TI2.0\CCS\ccs\tools\compiler\ti-cgt-armllvm_4.0.4.LTS\lib\armv6m-ti-none-eabi\c\</path>
         <kind>archive</kind>
         <file>libc.a</file>
         <name>fputs.c.obj</name>
      </input_file>
      <input_file id="fl-63">
         <path>D:\TI2.0\CCS\ccs\tools\compiler\ti-cgt-armllvm_4.0.4.LTS\lib\armv6m-ti-none-eabi\c\</path>
         <kind>archive</kind>
         <file>libc.a</file>
         <name>_io_perm.c.obj</name>
      </input_file>
      <input_file id="fl-64">
         <path>D:\TI2.0\CCS\ccs\tools\compiler\ti-cgt-armllvm_4.0.4.LTS\lib\armv6m-ti-none-eabi\c\</path>
         <kind>archive</kind>
         <file>libc.a</file>
         <name>setvbuf.c.obj</name>
      </input_file>
      <input_file id="fl-65">
         <path>D:\TI2.0\CCS\ccs\tools\compiler\ti-cgt-armllvm_4.0.4.LTS\lib\armv6m-ti-none-eabi\c\</path>
         <kind>archive</kind>
         <file>libc.a</file>
         <name>aeabi_portable.c.obj</name>
      </input_file>
      <input_file id="fl-66">
         <path>D:\TI2.0\CCS\ccs\tools\compiler\ti-cgt-armllvm_4.0.4.LTS\lib\armv6m-ti-none-eabi\c\</path>
         <kind>archive</kind>
         <file>libc.a</file>
         <name>k_rem_pio2.c.obj</name>
      </input_file>
      <input_file id="fl-67">
         <path>D:\TI2.0\CCS\ccs\tools\compiler\ti-cgt-armllvm_4.0.4.LTS\lib\armv6m-ti-none-eabi\c\</path>
         <kind>archive</kind>
         <file>libc.a</file>
         <name>exit.c.obj</name>
      </input_file>
      <input_file id="fl-68">
         <path>D:\TI2.0\CCS\ccs\tools\compiler\ti-cgt-armllvm_4.0.4.LTS\lib\armv6m-ti-none-eabi\c\</path>
         <kind>archive</kind>
         <file>libc.a</file>
         <name>_lock.c.obj</name>
      </input_file>
      <input_file id="fl-69">
         <path>D:\TI2.0\CCS\ccs\tools\compiler\ti-cgt-armllvm_4.0.4.LTS\lib\armv6m-ti-none-eabi\c\</path>
         <kind>archive</kind>
         <file>libc.a</file>
         <name>_ltoa.c.obj</name>
      </input_file>
      <input_file id="fl-6a">
         <path>D:\TI2.0\CCS\ccs\tools\compiler\ti-cgt-armllvm_4.0.4.LTS\lib\armv6m-ti-none-eabi\c\</path>
         <kind>archive</kind>
         <file>libc.a</file>
         <name>assert.c.obj</name>
      </input_file>
      <input_file id="fl-6b">
         <path>D:\TI2.0\CCS\ccs\tools\compiler\ti-cgt-armllvm_4.0.4.LTS\lib\armv6m-ti-none-eabi\c\</path>
         <kind>archive</kind>
         <file>libc.a</file>
         <name>atoi.c.obj</name>
      </input_file>
      <input_file id="fl-6c">
         <path>D:\TI2.0\CCS\ccs\tools\compiler\ti-cgt-armllvm_4.0.4.LTS\lib\armv6m-ti-none-eabi\c\</path>
         <kind>archive</kind>
         <file>libc.a</file>
         <name>defs.c.obj</name>
      </input_file>
      <input_file id="fl-6d">
         <path>D:\TI2.0\CCS\ccs\tools\compiler\ti-cgt-armllvm_4.0.4.LTS\lib\armv6m-ti-none-eabi\c\</path>
         <kind>archive</kind>
         <file>libc.a</file>
         <name>memccpy.c.obj</name>
      </input_file>
      <input_file id="fl-6e">
         <path>D:\TI2.0\CCS\ccs\tools\compiler\ti-cgt-armllvm_4.0.4.LTS\lib\armv6m-ti-none-eabi\c\</path>
         <kind>archive</kind>
         <file>libc.a</file>
         <name>memcmp.c.obj</name>
      </input_file>
      <input_file id="fl-6f">
         <path>D:\TI2.0\CCS\ccs\tools\compiler\ti-cgt-armllvm_4.0.4.LTS\lib\armv6m-ti-none-eabi\c\</path>
         <kind>archive</kind>
         <file>libc.a</file>
         <name>memory.c.obj</name>
      </input_file>
      <input_file id="fl-70">
         <path>D:\TI2.0\CCS\ccs\tools\compiler\ti-cgt-armllvm_4.0.4.LTS\lib\armv6m-ti-none-eabi\c\</path>
         <kind>archive</kind>
         <file>libc.a</file>
         <name>boot_cortex_m.c.obj</name>
      </input_file>
      <input_file id="fl-71">
         <path>D:\TI2.0\CCS\ccs\tools\compiler\ti-cgt-armllvm_4.0.4.LTS\lib\armv6m-ti-none-eabi\c\</path>
         <kind>archive</kind>
         <file>libc.a</file>
         <name>mathacl_init.c.obj</name>
      </input_file>
      <input_file id="fl-72">
         <path>D:\TI2.0\CCS\ccs\tools\compiler\ti-cgt-armllvm_4.0.4.LTS\lib\armv6m-ti-none-eabi\c\</path>
         <kind>archive</kind>
         <file>libc.a</file>
         <name>autoinit.c.obj</name>
      </input_file>
      <input_file id="fl-73">
         <path>D:\TI2.0\CCS\ccs\tools\compiler\ti-cgt-armllvm_4.0.4.LTS\lib\armv6m-ti-none-eabi\c\</path>
         <kind>archive</kind>
         <file>libc.a</file>
         <name>pre_init.c.obj</name>
      </input_file>
      <input_file id="fl-74">
         <path>D:\TI2.0\CCS\ccs\tools\compiler\ti-cgt-armllvm_4.0.4.LTS\lib\armv6m-ti-none-eabi\c\</path>
         <kind>archive</kind>
         <file>libc.a</file>
         <name>cpy_tbl.c.obj</name>
      </input_file>
      <input_file id="fl-75">
         <path>D:\TI2.0\CCS\ccs\tools\compiler\ti-cgt-armllvm_4.0.4.LTS\lib\armv6m-ti-none-eabi\c\</path>
         <kind>archive</kind>
         <file>libc.a</file>
         <name>copy_zero_init.c.obj</name>
      </input_file>
      <input_file id="fl-76">
         <path>D:\TI2.0\CCS\ccs\tools\compiler\ti-cgt-armllvm_4.0.4.LTS\lib\armv6m-ti-none-eabi\c\</path>
         <kind>archive</kind>
         <file>libc.a</file>
         <name>copy_decompress_none.c.obj</name>
      </input_file>
      <input_file id="fl-77">
         <path>D:\TI2.0\CCS\ccs\tools\compiler\ti-cgt-armllvm_4.0.4.LTS\lib\armv6m-ti-none-eabi\c\</path>
         <kind>archive</kind>
         <file>libc.a</file>
         <name>copy_decompress_lzss.c.obj</name>
      </input_file>
      <input_file id="fl-78">
         <path>D:\TI2.0\CCS\ccs\tools\compiler\ti-cgt-armllvm_4.0.4.LTS\lib\armv6m-ti-none-eabi\c\</path>
         <kind>archive</kind>
         <file>libc.a</file>
         <name>s_floor.c.obj</name>
      </input_file>
      <input_file id="fl-79">
         <path>D:\TI2.0\CCS\ccs\tools\compiler\ti-cgt-armllvm_4.0.4.LTS\lib\armv6m-ti-none-eabi\c\</path>
         <kind>archive</kind>
         <file>libc.a</file>
         <name>s_frexp.c.obj</name>
      </input_file>
      <input_file id="fl-7a">
         <path>D:\TI2.0\CCS\ccs\tools\compiler\ti-cgt-armllvm_4.0.4.LTS\lib\armv6m-ti-none-eabi\c\</path>
         <kind>archive</kind>
         <file>libc.a</file>
         <name>s_scalbn.c.obj</name>
      </input_file>
      <input_file id="fl-7b">
         <path>D:\TI2.0\CCS\ccs\tools\compiler\ti-cgt-armllvm_4.0.4.LTS\lib\armv6m-ti-none-eabi\c\</path>
         <kind>archive</kind>
         <file>libc.a</file>
         <name>wcslen.c.obj</name>
      </input_file>
      <input_file id="fl-7c">
         <path>D:\TI2.0\CCS\ccs\tools\compiler\ti-cgt-armllvm_4.0.4.LTS\lib\armv6m-ti-none-eabi\c\</path>
         <kind>archive</kind>
         <file>libc.a</file>
         <name>fflush.c.obj</name>
      </input_file>
      <input_file id="fl-7d">
         <path>D:\TI2.0\CCS\ccs\tools\compiler\ti-cgt-armllvm_4.0.4.LTS\lib\armv6m-ti-none-eabi\c\</path>
         <kind>archive</kind>
         <file>libc.a</file>
         <name>fopen.c.obj</name>
      </input_file>
      <input_file id="fl-7e">
         <path>D:\TI2.0\CCS\ccs\tools\compiler\ti-cgt-armllvm_4.0.4.LTS\lib\armv6m-ti-none-eabi\c\</path>
         <kind>archive</kind>
         <file>libc.a</file>
         <name>fseek.c.obj</name>
      </input_file>
      <input_file id="fl-7f">
         <path>D:\TI2.0\CCS\ccs\tools\compiler\ti-cgt-armllvm_4.0.4.LTS\lib\armv6m-ti-none-eabi\c\</path>
         <kind>archive</kind>
         <file>libc.a</file>
         <name>aeabi_ctype.S.obj</name>
      </input_file>
      <input_file id="fl-80">
         <path>D:\TI2.0\CCS\ccs\tools\compiler\ti-cgt-armllvm_4.0.4.LTS\lib\armv6m-ti-none-eabi\c\</path>
         <kind>archive</kind>
         <file>libc.a</file>
         <name>args_main.c.obj</name>
      </input_file>
      <input_file id="fl-81">
         <path>D:\TI2.0\CCS\ccs\tools\compiler\ti-cgt-armllvm_4.0.4.LTS\lib\armv6m-ti-none-eabi\c\</path>
         <kind>archive</kind>
         <file>libc.a</file>
         <name>fclose.c.obj</name>
      </input_file>
      <input_file id="fl-121">
         <path>D:\TI2.0\CCS\ccs\tools\compiler\ti-cgt-armllvm_4.0.4.LTS\lib\armv6m-ti-none-eabi\c\</path>
         <kind>archive</kind>
         <file>libsysbm.a</file>
         <name>hostexit.c.obj</name>
      </input_file>
      <input_file id="fl-122">
         <path>D:\TI2.0\CCS\ccs\tools\compiler\ti-cgt-armllvm_4.0.4.LTS\lib\armv6m-ti-none-eabi\c\</path>
         <kind>archive</kind>
         <file>libsysbm.a</file>
         <name>write.c.obj</name>
      </input_file>
      <input_file id="fl-123">
         <path>D:\TI2.0\CCS\ccs\tools\compiler\ti-cgt-armllvm_4.0.4.LTS\lib\armv6m-ti-none-eabi\c\</path>
         <kind>archive</kind>
         <file>libsysbm.a</file>
         <name>host_device.c.obj</name>
      </input_file>
      <input_file id="fl-124">
         <path>D:\TI2.0\CCS\ccs\tools\compiler\ti-cgt-armllvm_4.0.4.LTS\lib\armv6m-ti-none-eabi\c\</path>
         <kind>archive</kind>
         <file>libsysbm.a</file>
         <name>remove.c.obj</name>
      </input_file>
      <input_file id="fl-125">
         <path>D:\TI2.0\CCS\ccs\tools\compiler\ti-cgt-armllvm_4.0.4.LTS\lib\armv6m-ti-none-eabi\c\</path>
         <kind>archive</kind>
         <file>libsysbm.a</file>
         <name>open.c.obj</name>
      </input_file>
      <input_file id="fl-126">
         <path>D:\TI2.0\CCS\ccs\tools\compiler\ti-cgt-armllvm_4.0.4.LTS\lib\armv6m-ti-none-eabi\c\</path>
         <kind>archive</kind>
         <file>libsysbm.a</file>
         <name>lseek.c.obj</name>
      </input_file>
      <input_file id="fl-127">
         <path>D:\TI2.0\CCS\ccs\tools\compiler\ti-cgt-armllvm_4.0.4.LTS\lib\armv6m-ti-none-eabi\c\</path>
         <kind>archive</kind>
         <file>libsysbm.a</file>
         <name>close.c.obj</name>
      </input_file>
      <input_file id="fl-128">
         <path>D:\TI2.0\CCS\ccs\tools\compiler\ti-cgt-armllvm_4.0.4.LTS\lib\armv6m-ti-none-eabi\c\</path>
         <kind>archive</kind>
         <file>libsysbm.a</file>
         <name>unlink.c.obj</name>
      </input_file>
      <input_file id="fl-129">
         <path>D:\TI2.0\CCS\ccs\tools\compiler\ti-cgt-armllvm_4.0.4.LTS\lib\armv6m-ti-none-eabi\c\</path>
         <kind>archive</kind>
         <file>libsysbm.a</file>
         <name>hostclose.c.obj</name>
      </input_file>
      <input_file id="fl-12a">
         <path>D:\TI2.0\CCS\ccs\tools\compiler\ti-cgt-armllvm_4.0.4.LTS\lib\armv6m-ti-none-eabi\c\</path>
         <kind>archive</kind>
         <file>libsysbm.a</file>
         <name>hostlseek.c.obj</name>
      </input_file>
      <input_file id="fl-12b">
         <path>D:\TI2.0\CCS\ccs\tools\compiler\ti-cgt-armllvm_4.0.4.LTS\lib\armv6m-ti-none-eabi\c\</path>
         <kind>archive</kind>
         <file>libsysbm.a</file>
         <name>hostopen.c.obj</name>
      </input_file>
      <input_file id="fl-12c">
         <path>D:\TI2.0\CCS\ccs\tools\compiler\ti-cgt-armllvm_4.0.4.LTS\lib\armv6m-ti-none-eabi\c\</path>
         <kind>archive</kind>
         <file>libsysbm.a</file>
         <name>hostread.c.obj</name>
      </input_file>
      <input_file id="fl-12d">
         <path>D:\TI2.0\CCS\ccs\tools\compiler\ti-cgt-armllvm_4.0.4.LTS\lib\armv6m-ti-none-eabi\c\</path>
         <kind>archive</kind>
         <file>libsysbm.a</file>
         <name>hostrename.c.obj</name>
      </input_file>
      <input_file id="fl-12e">
         <path>D:\TI2.0\CCS\ccs\tools\compiler\ti-cgt-armllvm_4.0.4.LTS\lib\armv6m-ti-none-eabi\c\</path>
         <kind>archive</kind>
         <file>libsysbm.a</file>
         <name>hostunlink.c.obj</name>
      </input_file>
      <input_file id="fl-12f">
         <path>D:\TI2.0\CCS\ccs\tools\compiler\ti-cgt-armllvm_4.0.4.LTS\lib\armv6m-ti-none-eabi\c\</path>
         <kind>archive</kind>
         <file>libsysbm.a</file>
         <name>hostwrite.c.obj</name>
      </input_file>
      <input_file id="fl-130">
         <path>D:\TI2.0\CCS\ccs\tools\compiler\ti-cgt-armllvm_4.0.4.LTS\lib\armv6m-ti-none-eabi\c\</path>
         <kind>archive</kind>
         <file>libsysbm.a</file>
         <name>trgmsg.c.obj</name>
      </input_file>
      <input_file id="fl-131">
         <path>D:\TI2.0\CCS\ccs\tools\compiler\ti-cgt-armllvm_4.0.4.LTS\lib\armv6m-ti-none-eabi\</path>
         <kind>archive</kind>
         <file>libclang_rt.builtins.a</file>
         <name>addsf3.S.obj</name>
      </input_file>
      <input_file id="fl-132">
         <path>D:\TI2.0\CCS\ccs\tools\compiler\ti-cgt-armllvm_4.0.4.LTS\lib\armv6m-ti-none-eabi\</path>
         <kind>archive</kind>
         <file>libclang_rt.builtins.a</file>
         <name>adddf3.S.obj</name>
      </input_file>
      <input_file id="fl-133">
         <path>D:\TI2.0\CCS\ccs\tools\compiler\ti-cgt-armllvm_4.0.4.LTS\lib\armv6m-ti-none-eabi\</path>
         <kind>archive</kind>
         <file>libclang_rt.builtins.a</file>
         <name>muldf3.S.obj</name>
      </input_file>
      <input_file id="fl-134">
         <path>D:\TI2.0\CCS\ccs\tools\compiler\ti-cgt-armllvm_4.0.4.LTS\lib\armv6m-ti-none-eabi\</path>
         <kind>archive</kind>
         <file>libclang_rt.builtins.a</file>
         <name>muldsi3.S.obj</name>
      </input_file>
      <input_file id="fl-135">
         <path>D:\TI2.0\CCS\ccs\tools\compiler\ti-cgt-armllvm_4.0.4.LTS\lib\armv6m-ti-none-eabi\</path>
         <kind>archive</kind>
         <file>libclang_rt.builtins.a</file>
         <name>mulsf3.S.obj</name>
      </input_file>
      <input_file id="fl-136">
         <path>D:\TI2.0\CCS\ccs\tools\compiler\ti-cgt-armllvm_4.0.4.LTS\lib\armv6m-ti-none-eabi\</path>
         <kind>archive</kind>
         <file>libclang_rt.builtins.a</file>
         <name>divsf3.S.obj</name>
      </input_file>
      <input_file id="fl-137">
         <path>D:\TI2.0\CCS\ccs\tools\compiler\ti-cgt-armllvm_4.0.4.LTS\lib\armv6m-ti-none-eabi\</path>
         <kind>archive</kind>
         <file>libclang_rt.builtins.a</file>
         <name>divdf3.S.obj</name>
      </input_file>
      <input_file id="fl-138">
         <path>D:\TI2.0\CCS\ccs\tools\compiler\ti-cgt-armllvm_4.0.4.LTS\lib\armv6m-ti-none-eabi\</path>
         <kind>archive</kind>
         <file>libclang_rt.builtins.a</file>
         <name>extendsfdf2.S.obj</name>
      </input_file>
      <input_file id="fl-139">
         <path>D:\TI2.0\CCS\ccs\tools\compiler\ti-cgt-armllvm_4.0.4.LTS\lib\armv6m-ti-none-eabi\</path>
         <kind>archive</kind>
         <file>libclang_rt.builtins.a</file>
         <name>fixdfsi.S.obj</name>
      </input_file>
      <input_file id="fl-13a">
         <path>D:\TI2.0\CCS\ccs\tools\compiler\ti-cgt-armllvm_4.0.4.LTS\lib\armv6m-ti-none-eabi\</path>
         <kind>archive</kind>
         <file>libclang_rt.builtins.a</file>
         <name>fixsfsi.S.obj</name>
      </input_file>
      <input_file id="fl-13b">
         <path>D:\TI2.0\CCS\ccs\tools\compiler\ti-cgt-armllvm_4.0.4.LTS\lib\armv6m-ti-none-eabi\</path>
         <kind>archive</kind>
         <file>libclang_rt.builtins.a</file>
         <name>fixunssfsi.S.obj</name>
      </input_file>
      <input_file id="fl-13c">
         <path>D:\TI2.0\CCS\ccs\tools\compiler\ti-cgt-armllvm_4.0.4.LTS\lib\armv6m-ti-none-eabi\</path>
         <kind>archive</kind>
         <file>libclang_rt.builtins.a</file>
         <name>floatsidf.S.obj</name>
      </input_file>
      <input_file id="fl-13d">
         <path>D:\TI2.0\CCS\ccs\tools\compiler\ti-cgt-armllvm_4.0.4.LTS\lib\armv6m-ti-none-eabi\</path>
         <kind>archive</kind>
         <file>libclang_rt.builtins.a</file>
         <name>floatsisf.S.obj</name>
      </input_file>
      <input_file id="fl-13e">
         <path>D:\TI2.0\CCS\ccs\tools\compiler\ti-cgt-armllvm_4.0.4.LTS\lib\armv6m-ti-none-eabi\</path>
         <kind>archive</kind>
         <file>libclang_rt.builtins.a</file>
         <name>floatunsisf.S.obj</name>
      </input_file>
      <input_file id="fl-13f">
         <path>D:\TI2.0\CCS\ccs\tools\compiler\ti-cgt-armllvm_4.0.4.LTS\lib\armv6m-ti-none-eabi\</path>
         <kind>archive</kind>
         <file>libclang_rt.builtins.a</file>
         <name>muldi3.S.obj</name>
      </input_file>
      <input_file id="fl-140">
         <path>D:\TI2.0\CCS\ccs\tools\compiler\ti-cgt-armllvm_4.0.4.LTS\lib\armv6m-ti-none-eabi\</path>
         <kind>archive</kind>
         <file>libclang_rt.builtins.a</file>
         <name>truncdfsf2.S.obj</name>
      </input_file>
      <input_file id="fl-141">
         <path>D:\TI2.0\CCS\ccs\tools\compiler\ti-cgt-armllvm_4.0.4.LTS\lib\armv6m-ti-none-eabi\</path>
         <kind>archive</kind>
         <file>libclang_rt.builtins.a</file>
         <name>aeabi_dcmp.S.obj</name>
      </input_file>
      <input_file id="fl-142">
         <path>D:\TI2.0\CCS\ccs\tools\compiler\ti-cgt-armllvm_4.0.4.LTS\lib\armv6m-ti-none-eabi\</path>
         <kind>archive</kind>
         <file>libclang_rt.builtins.a</file>
         <name>aeabi_fcmp.S.obj</name>
      </input_file>
      <input_file id="fl-143">
         <path>D:\TI2.0\CCS\ccs\tools\compiler\ti-cgt-armllvm_4.0.4.LTS\lib\armv6m-ti-none-eabi\</path>
         <kind>archive</kind>
         <file>libclang_rt.builtins.a</file>
         <name>aeabi_idivmod.S.obj</name>
      </input_file>
      <input_file id="fl-144">
         <path>D:\TI2.0\CCS\ccs\tools\compiler\ti-cgt-armllvm_4.0.4.LTS\lib\armv6m-ti-none-eabi\</path>
         <kind>archive</kind>
         <file>libclang_rt.builtins.a</file>
         <name>aeabi_ldivmod.S.obj</name>
      </input_file>
      <input_file id="fl-145">
         <path>D:\TI2.0\CCS\ccs\tools\compiler\ti-cgt-armllvm_4.0.4.LTS\lib\armv6m-ti-none-eabi\</path>
         <kind>archive</kind>
         <file>libclang_rt.builtins.a</file>
         <name>aeabi_memcpy.S.obj</name>
      </input_file>
      <input_file id="fl-146">
         <path>D:\TI2.0\CCS\ccs\tools\compiler\ti-cgt-armllvm_4.0.4.LTS\lib\armv6m-ti-none-eabi\</path>
         <kind>archive</kind>
         <file>libclang_rt.builtins.a</file>
         <name>aeabi_memset.S.obj</name>
      </input_file>
      <input_file id="fl-147">
         <path>D:\TI2.0\CCS\ccs\tools\compiler\ti-cgt-armllvm_4.0.4.LTS\lib\armv6m-ti-none-eabi\</path>
         <kind>archive</kind>
         <file>libclang_rt.builtins.a</file>
         <name>aeabi_uidivmod.S.obj</name>
      </input_file>
      <input_file id="fl-148">
         <path>D:\TI2.0\CCS\ccs\tools\compiler\ti-cgt-armllvm_4.0.4.LTS\lib\armv6m-ti-none-eabi\</path>
         <kind>archive</kind>
         <file>libclang_rt.builtins.a</file>
         <name>aeabi_uldivmod.S.obj</name>
      </input_file>
      <input_file id="fl-149">
         <path>D:\TI2.0\CCS\ccs\tools\compiler\ti-cgt-armllvm_4.0.4.LTS\lib\armv6m-ti-none-eabi\</path>
         <kind>archive</kind>
         <file>libclang_rt.builtins.a</file>
         <name>comparesf2.S.obj</name>
      </input_file>
      <input_file id="fl-14a">
         <path>D:\TI2.0\CCS\ccs\tools\compiler\ti-cgt-armllvm_4.0.4.LTS\lib\armv6m-ti-none-eabi\</path>
         <kind>archive</kind>
         <file>libclang_rt.builtins.a</file>
         <name>udivmoddi4.S.obj</name>
      </input_file>
      <input_file id="fl-14b">
         <path>D:\TI2.0\CCS\ccs\tools\compiler\ti-cgt-armllvm_4.0.4.LTS\lib\armv6m-ti-none-eabi\</path>
         <kind>archive</kind>
         <file>libclang_rt.builtins.a</file>
         <name>ashldi3.S.obj</name>
      </input_file>
      <input_file id="fl-14c">
         <path>D:\TI2.0\CCS\ccs\tools\compiler\ti-cgt-armllvm_4.0.4.LTS\lib\armv6m-ti-none-eabi\</path>
         <kind>archive</kind>
         <file>libclang_rt.builtins.a</file>
         <name>comparedf2.c.obj</name>
      </input_file>
      <input_file id="fl-14d">
         <path>D:\TI2.0\CCS\ccs\tools\compiler\ti-cgt-armllvm_4.0.4.LTS\lib\armv6m-ti-none-eabi\</path>
         <kind>archive</kind>
         <file>libclang_rt.builtins.a</file>
         <name>divmoddi4.c.obj</name>
      </input_file>
      <input_file id="fl-14e">
         <path>D:\TI2.0\CCS\ccs\tools\compiler\ti-cgt-armllvm_4.0.4.LTS\lib\armv6m-ti-none-eabi\</path>
         <kind>archive</kind>
         <file>libclang_rt.builtins.a</file>
         <name>aeabi_div0.c.obj</name>
      </input_file>
      <input_file id="fl-14f">
         <path>D:\TI2.0\CCS\ccs\tools\compiler\ti-cgt-armllvm_4.0.4.LTS\lib\armv6m-ti-none-eabi\c\</path>
         <kind>archive</kind>
         <file>libc.a</file>
         <name>getdevice.c.obj</name>
      </input_file>
      <input_file id="fl-150">
         <path>D:\TI2.0\CCS\ccs\tools\compiler\ti-cgt-armllvm_4.0.4.LTS\lib\armv6m-ti-none-eabi\c\</path>
         <kind>archive</kind>
         <file>libc.a</file>
         <name>memcpy16.S.obj</name>
      </input_file>
      <input_file id="fl-151">
         <path>D:\TI2.0\CCS\ccs\tools\compiler\ti-cgt-armllvm_4.0.4.LTS\lib\armv6m-ti-none-eabi\c\</path>
         <kind>archive</kind>
         <file>libc.a</file>
         <name>memset16.S.obj</name>
      </input_file>
      <input_file id="fl-152">
         <path>D:\TI2.0\CCS\ccs\tools\compiler\ti-cgt-armllvm_4.0.4.LTS\lib\armv6m-ti-none-eabi\c\</path>
         <kind>archive</kind>
         <file>libc.a</file>
         <name>strcmp-armv6m.S.obj</name>
      </input_file>
   </input_file_list>
   <object_component_list>
      <object_component id="oc-18">
         <name>.intvecs</name>
         <load_address>0x0</load_address>
         <readonly>true</readonly>
         <run_address>0x0</run_address>
         <size>0xc0</size>
         <alignment>0x4</alignment>
         <input_file_ref idref="fl-3"/>
      </object_component>
      <object_component id="oc-1da">
         <name>.text.xunji_update</name>
         <load_address>0xc0</load_address>
         <readonly>true</readonly>
         <executable>true</executable>
         <run_address>0xc0</run_address>
         <size>0x2e8</size>
         <alignment>0x4</alignment>
         <input_file_ref idref="fl-2e"/>
      </object_component>
      <object_component id="oc-138">
         <name>.text.topic2</name>
         <load_address>0x3a8</load_address>
         <readonly>true</readonly>
         <executable>true</executable>
         <run_address>0x3a8</run_address>
         <size>0x2a0</size>
         <alignment>0x4</alignment>
         <input_file_ref idref="fl-12"/>
      </object_component>
      <object_component id="oc-117">
         <name>.text.SYSCFG_DL_GPIO_init</name>
         <load_address>0x648</load_address>
         <readonly>true</readonly>
         <executable>true</executable>
         <run_address>0x648</run_address>
         <size>0x1c4</size>
         <alignment>0x4</alignment>
         <input_file_ref idref="fl-2"/>
      </object_component>
      <object_component id="oc-39">
         <name>.text.UART3_IRQHandler</name>
         <load_address>0x80c</load_address>
         <readonly>true</readonly>
         <executable>true</executable>
         <run_address>0x80c</run_address>
         <size>0x130</size>
         <alignment>0x4</alignment>
         <input_file_ref idref="fl-25"/>
      </object_component>
      <object_component id="oc-8d">
         <name>.text.encoder_update_speed</name>
         <load_address>0x93c</load_address>
         <readonly>true</readonly>
         <executable>true</executable>
         <run_address>0x93c</run_address>
         <size>0x108</size>
         <alignment>0x4</alignment>
         <input_file_ref idref="fl-22"/>
      </object_component>
      <object_component id="oc-24b">
         <name>.text.pid_update</name>
         <load_address>0xa44</load_address>
         <readonly>true</readonly>
         <executable>true</executable>
         <run_address>0xa44</run_address>
         <size>0x108</size>
         <alignment>0x2</alignment>
         <input_file_ref idref="fl-2c"/>
      </object_component>
      <object_component id="oc-249">
         <name>.text.xunji_parse_uart</name>
         <load_address>0xb4c</load_address>
         <readonly>true</readonly>
         <executable>true</executable>
         <run_address>0xb4c</run_address>
         <size>0x108</size>
         <alignment>0x4</alignment>
         <input_file_ref idref="fl-2e"/>
      </object_component>
      <object_component id="oc-189">
         <name>.text.DL_Timer_initFourCCPWMMode</name>
         <load_address>0xc54</load_address>
         <readonly>true</readonly>
         <executable>true</executable>
         <run_address>0xc54</run_address>
         <size>0x104</size>
         <alignment>0x4</alignment>
         <input_file_ref idref="fl-3f"/>
      </object_component>
      <object_component id="oc-196">
         <name>.text.DL_Timer_initTimerMode</name>
         <load_address>0xd58</load_address>
         <readonly>true</readonly>
         <executable>true</executable>
         <run_address>0xd58</run_address>
         <size>0xfc</size>
         <alignment>0x4</alignment>
         <input_file_ref idref="fl-3f"/>
      </object_component>
      <object_component id="oc-116">
         <name>.text.SYSCFG_DL_initPower</name>
         <load_address>0xe54</load_address>
         <readonly>true</readonly>
         <executable>true</executable>
         <run_address>0xe54</run_address>
         <size>0xe8</size>
         <alignment>0x4</alignment>
         <input_file_ref idref="fl-2"/>
      </object_component>
      <object_component id="oc-d8">
         <name>.text.topic</name>
         <load_address>0xf3c</load_address>
         <readonly>true</readonly>
         <executable>true</executable>
         <run_address>0xf3c</run_address>
         <size>0xdc</size>
         <alignment>0x4</alignment>
         <input_file_ref idref="fl-11"/>
      </object_component>
      <object_component id="oc-bd">
         <name>.text</name>
         <load_address>0x1018</load_address>
         <readonly>true</readonly>
         <executable>true</executable>
         <run_address>0x1018</run_address>
         <size>0xd8</size>
         <alignment>0x4</alignment>
         <input_file_ref idref="fl-131"/>
      </object_component>
      <object_component id="oc-12a">
         <name>.text.OLED_Init</name>
         <load_address>0x10f0</load_address>
         <readonly>true</readonly>
         <executable>true</executable>
         <run_address>0x10f0</run_address>
         <size>0xce</size>
         <alignment>0x2</alignment>
         <input_file_ref idref="fl-18"/>
      </object_component>
      <object_component id="oc-135">
         <name>.text.button_update</name>
         <load_address>0x11be</load_address>
         <readonly>true</readonly>
         <executable>true</executable>
         <run_address>0x11be</run_address>
         <size>0xc2</size>
         <alignment>0x2</alignment>
         <input_file_ref idref="fl-19"/>
      </object_component>
      <object_component id="oc-1d9">
         <name>.text.topic2_take_start_line_event</name>
         <load_address>0x1280</load_address>
         <readonly>true</readonly>
         <executable>true</executable>
         <run_address>0x1280</run_address>
         <size>0xbc</size>
         <alignment>0x4</alignment>
         <input_file_ref idref="fl-12"/>
      </object_component>
      <object_component id="oc-119">
         <name>.text.SYSCFG_DL_BLDC_init</name>
         <load_address>0x133c</load_address>
         <readonly>true</readonly>
         <executable>true</executable>
         <run_address>0x133c</run_address>
         <size>0xb8</size>
         <alignment>0x4</alignment>
         <input_file_ref idref="fl-2"/>
      </object_component>
      <object_component id="oc-1d6">
         <name>.text.topic2_oled_update</name>
         <load_address>0x13f4</load_address>
         <readonly>true</readonly>
         <executable>true</executable>
         <run_address>0x13f4</run_address>
         <size>0xb8</size>
         <alignment>0x4</alignment>
         <input_file_ref idref="fl-12"/>
      </object_component>
      <object_component id="oc-29d">
         <name>.text.zdt_x35_move_position</name>
         <load_address>0x14ac</load_address>
         <readonly>true</readonly>
         <executable>true</executable>
         <run_address>0x14ac</run_address>
         <size>0xb8</size>
         <alignment>0x4</alignment>
         <input_file_ref idref="fl-20"/>
      </object_component>
      <object_component id="oc-22d">
         <name>.text.OLED_ShowChar</name>
         <load_address>0x1564</load_address>
         <readonly>true</readonly>
         <executable>true</executable>
         <run_address>0x1564</run_address>
         <size>0xb4</size>
         <alignment>0x4</alignment>
         <input_file_ref idref="fl-18"/>
      </object_component>
      <object_component id="oc-239">
         <name>.text.xunji_init</name>
         <load_address>0x1618</load_address>
         <readonly>true</readonly>
         <executable>true</executable>
         <run_address>0x1618</run_address>
         <size>0xb4</size>
         <alignment>0x4</alignment>
         <input_file_ref idref="fl-2e"/>
      </object_component>
      <object_component id="oc-24a">
         <name>.text.xunji_calc_error</name>
         <load_address>0x16cc</load_address>
         <readonly>true</readonly>
         <executable>true</executable>
         <run_address>0x16cc</run_address>
         <size>0xa8</size>
         <alignment>0x4</alignment>
         <input_file_ref idref="fl-2e"/>
      </object_component>
      <object_component id="oc-29b">
         <name>.text.drv_zdt_x35_uart_write</name>
         <load_address>0x1774</load_address>
         <readonly>true</readonly>
         <executable>true</executable>
         <run_address>0x1774</run_address>
         <size>0xa4</size>
         <alignment>0x4</alignment>
         <input_file_ref idref="fl-26"/>
      </object_component>
      <object_component id="oc-288">
         <name>.text.mg310_setDirectionPins</name>
         <load_address>0x1818</load_address>
         <readonly>true</readonly>
         <executable>true</executable>
         <run_address>0x1818</run_address>
         <size>0xa0</size>
         <alignment>0x4</alignment>
         <input_file_ref idref="fl-1a"/>
      </object_component>
      <object_component id="oc-141">
         <name>.text.topic4</name>
         <load_address>0x18b8</load_address>
         <readonly>true</readonly>
         <executable>true</executable>
         <run_address>0x18b8</run_address>
         <size>0x9c</size>
         <alignment>0x4</alignment>
         <input_file_ref idref="fl-14"/>
      </object_component>
      <object_component id="oc-263">
         <name>.text.drv_timebase_get_ms</name>
         <load_address>0x1954</load_address>
         <readonly>true</readonly>
         <executable>true</executable>
         <run_address>0x1954</run_address>
         <size>0x98</size>
         <alignment>0x4</alignment>
         <input_file_ref idref="fl-24"/>
      </object_component>
      <object_component id="oc-1d8">
         <name>.text.fishpath_update</name>
         <load_address>0x19ec</load_address>
         <readonly>true</readonly>
         <executable>true</executable>
         <run_address>0x19ec</run_address>
         <size>0x94</size>
         <alignment>0x4</alignment>
         <input_file_ref idref="fl-1b"/>
      </object_component>
      <object_component id="oc-11a">
         <name>.text.SYSCFG_DL_MG310_PWM_init</name>
         <load_address>0x1a80</load_address>
         <readonly>true</readonly>
         <executable>true</executable>
         <run_address>0x1a80</run_address>
         <size>0x8c</size>
         <alignment>0x4</alignment>
         <input_file_ref idref="fl-2"/>
      </object_component>
      <object_component id="oc-b1">
         <name>.text.__mulsf3</name>
         <load_address>0x1b0c</load_address>
         <readonly>true</readonly>
         <executable>true</executable>
         <run_address>0x1b0c</run_address>
         <size>0x8c</size>
         <alignment>0x4</alignment>
         <input_file_ref idref="fl-135"/>
      </object_component>
      <object_component id="oc-1b5">
         <name>.text.__NVIC_SetPriority</name>
         <load_address>0x1b98</load_address>
         <readonly>true</readonly>
         <executable>true</executable>
         <run_address>0x1b98</run_address>
         <size>0x84</size>
         <alignment>0x4</alignment>
         <input_file_ref idref="fl-2"/>
      </object_component>
      <object_component id="oc-207">
         <name>.text.ctrl_step</name>
         <load_address>0x1c1c</load_address>
         <readonly>true</readonly>
         <executable>true</executable>
         <run_address>0x1c1c</run_address>
         <size>0x84</size>
         <alignment>0x4</alignment>
         <input_file_ref idref="fl-14"/>
      </object_component>
      <object_component id="oc-b5">
         <name>.text.__divsf3</name>
         <load_address>0x1ca0</load_address>
         <readonly>true</readonly>
         <executable>true</executable>
         <run_address>0x1ca0</run_address>
         <size>0x82</size>
         <alignment>0x4</alignment>
         <input_file_ref idref="fl-136"/>
      </object_component>
      <object_component id="oc-1c3">
         <name>.text.OLED_I2C_Init</name>
         <load_address>0x1d22</load_address>
         <readonly>true</readonly>
         <executable>true</executable>
         <run_address>0x1d22</run_address>
         <size>0x2</size>
         <alignment>0x2</alignment>
         <input_file_ref idref="fl-18"/>
      </object_component>
      <object_component id="oc-1e0">
         <name>.text.xunji_reset_tracking</name>
         <load_address>0x1d24</load_address>
         <readonly>true</readonly>
         <executable>true</executable>
         <run_address>0x1d24</run_address>
         <size>0x80</size>
         <alignment>0x4</alignment>
         <input_file_ref idref="fl-2e"/>
      </object_component>
      <object_component id="oc-3f">
         <name>.text.UART2_IRQHandler</name>
         <load_address>0x1da4</load_address>
         <readonly>true</readonly>
         <executable>true</executable>
         <run_address>0x1da4</run_address>
         <size>0x7c</size>
         <alignment>0x4</alignment>
         <input_file_ref idref="fl-26"/>
      </object_component>
      <object_component id="oc-1c">
         <name>.text:decompress:lzss</name>
         <load_address>0x1e20</load_address>
         <readonly>true</readonly>
         <executable>true</executable>
         <run_address>0x1e20</run_address>
         <size>0x7c</size>
         <alignment>0x4</alignment>
         <input_file_ref idref="fl-77"/>
      </object_component>
      <object_component id="oc-1cd">
         <name>.text.OLED_ShowNum</name>
         <load_address>0x1e9c</load_address>
         <readonly>true</readonly>
         <executable>true</executable>
         <run_address>0x1e9c</run_address>
         <size>0x7a</size>
         <alignment>0x2</alignment>
         <input_file_ref idref="fl-18"/>
      </object_component>
      <object_component id="oc-248">
         <name>.text.topic2_is_start_line</name>
         <load_address>0x1f16</load_address>
         <readonly>true</readonly>
         <executable>true</executable>
         <run_address>0x1f16</run_address>
         <size>0x70</size>
         <alignment>0x2</alignment>
         <input_file_ref idref="fl-12"/>
      </object_component>
      <object_component id="oc-1d7">
         <name>.text.topic2_oled_show_time</name>
         <load_address>0x1f86</load_address>
         <readonly>true</readonly>
         <executable>true</executable>
         <run_address>0x1f86</run_address>
         <size>0x70</size>
         <alignment>0x2</alignment>
         <input_file_ref idref="fl-12"/>
      </object_component>
      <object_component id="oc-109">
         <name>.text.__aeabi_idiv0</name>
         <load_address>0x1ff6</load_address>
         <readonly>true</readonly>
         <executable>true</executable>
         <run_address>0x1ff6</run_address>
         <size>0x2</size>
         <alignment>0x2</alignment>
         <input_file_ref idref="fl-14e"/>
      </object_component>
      <object_component id="oc-269">
         <name>.text.drv_zdt_x35_uart_init</name>
         <load_address>0x1ff8</load_address>
         <readonly>true</readonly>
         <executable>true</executable>
         <run_address>0x1ff8</run_address>
         <size>0x6c</size>
         <alignment>0x4</alignment>
         <input_file_ref idref="fl-26"/>
      </object_component>
      <object_component id="oc-122">
         <name>.text.SYSCFG_DL_ZDT_X35_init</name>
         <load_address>0x2064</load_address>
         <readonly>true</readonly>
         <executable>true</executable>
         <run_address>0x2064</run_address>
         <size>0x68</size>
         <alignment>0x4</alignment>
         <input_file_ref idref="fl-2"/>
      </object_component>
      <object_component id="oc-d3">
         <name>.text.SYSCFG_DL_init</name>
         <load_address>0x20cc</load_address>
         <readonly>true</readonly>
         <executable>true</executable>
         <run_address>0x20cc</run_address>
         <size>0x64</size>
         <alignment>0x4</alignment>
         <input_file_ref idref="fl-2"/>
      </object_component>
      <object_component id="oc-11b">
         <name>.text.SYSCFG_DL_servo_init</name>
         <load_address>0x2130</load_address>
         <readonly>true</readonly>
         <executable>true</executable>
         <run_address>0x2130</run_address>
         <size>0x64</size>
         <alignment>0x4</alignment>
         <input_file_ref idref="fl-2"/>
      </object_component>
      <object_component id="oc-3e">
         <name>.text.UART1_IRQHandler</name>
         <load_address>0x2194</load_address>
         <readonly>true</readonly>
         <executable>true</executable>
         <run_address>0x2194</run_address>
         <size>0x64</size>
         <alignment>0x4</alignment>
         <input_file_ref idref="fl-25"/>
      </object_component>
      <object_component id="oc-b9">
         <name>.text.__aeabi_fcmp</name>
         <load_address>0x21f8</load_address>
         <readonly>true</readonly>
         <executable>true</executable>
         <run_address>0x21f8</run_address>
         <size>0x62</size>
         <alignment>0x4</alignment>
         <input_file_ref idref="fl-142"/>
      </object_component>
      <object_component id="oc-137">
         <name>.text.topic1</name>
         <load_address>0x225a</load_address>
         <readonly>true</readonly>
         <executable>true</executable>
         <run_address>0x225a</run_address>
         <size>0x2</size>
         <alignment>0x2</alignment>
         <input_file_ref idref="fl-11"/>
      </object_component>
      <object_component id="oc-6d">
         <name>.text.encoder_handle_gpiob</name>
         <load_address>0x225c</load_address>
         <readonly>true</readonly>
         <executable>true</executable>
         <run_address>0x225c</run_address>
         <size>0x60</size>
         <alignment>0x4</alignment>
         <input_file_ref idref="fl-22"/>
      </object_component>
      <object_component id="oc-2ab">
         <name>.text.zdt_x35_print_send_result</name>
         <load_address>0x22bc</load_address>
         <readonly>true</readonly>
         <executable>true</executable>
         <run_address>0x22bc</run_address>
         <size>0x5c</size>
         <alignment>0x4</alignment>
         <input_file_ref idref="fl-16"/>
      </object_component>
      <object_component id="oc-11e">
         <name>.text.SYSCFG_DL_as5600_init</name>
         <load_address>0x2318</load_address>
         <readonly>true</readonly>
         <executable>true</executable>
         <run_address>0x2318</run_address>
         <size>0x58</size>
         <alignment>0x4</alignment>
         <input_file_ref idref="fl-2"/>
      </object_component>
      <object_component id="oc-1f8">
         <name>.text.drv_vision_uart3_init</name>
         <load_address>0x2370</load_address>
         <readonly>true</readonly>
         <executable>true</executable>
         <run_address>0x2370</run_address>
         <size>0x58</size>
         <alignment>0x4</alignment>
         <input_file_ref idref="fl-25"/>
      </object_component>
      <object_component id="oc-1c5">
         <name>.text.OLED_Clear</name>
         <load_address>0x23c8</load_address>
         <readonly>true</readonly>
         <executable>true</executable>
         <run_address>0x23c8</run_address>
         <size>0x56</size>
         <alignment>0x2</alignment>
         <input_file_ref idref="fl-18"/>
      </object_component>
      <object_component id="oc-146">
         <name>.text.topic5</name>
         <load_address>0x241e</load_address>
         <readonly>true</readonly>
         <executable>true</executable>
         <run_address>0x241e</run_address>
         <size>0x2</size>
         <alignment>0x2</alignment>
         <input_file_ref idref="fl-11"/>
      </object_component>
      <object_component id="oc-c5">
         <name>.text.__aeabi_idivmod</name>
         <load_address>0x2420</load_address>
         <readonly>true</readonly>
         <executable>true</executable>
         <run_address>0x2420</run_address>
         <size>0x56</size>
         <alignment>0x4</alignment>
         <input_file_ref idref="fl-143"/>
      </object_component>
      <object_component id="oc-227">
         <name>.text.OLED_I2C_SendByte</name>
         <load_address>0x2476</load_address>
         <readonly>true</readonly>
         <executable>true</executable>
         <run_address>0x2476</run_address>
         <size>0x54</size>
         <alignment>0x2</alignment>
         <input_file_ref idref="fl-18"/>
      </object_component>
      <object_component id="oc-147">
         <name>.text.topic6</name>
         <load_address>0x24ca</load_address>
         <readonly>true</readonly>
         <executable>true</executable>
         <run_address>0x24ca</run_address>
         <size>0x2</size>
         <alignment>0x2</alignment>
         <input_file_ref idref="fl-11"/>
      </object_component>
      <object_component id="oc-28c">
         <name>.text.drv_uart1_read</name>
         <load_address>0x24cc</load_address>
         <readonly>true</readonly>
         <executable>true</executable>
         <run_address>0x24cc</run_address>
         <size>0x54</size>
         <alignment>0x4</alignment>
         <input_file_ref idref="fl-25"/>
      </object_component>
      <object_component id="oc-2b1">
         <name>.text.uart0_write_byte</name>
         <load_address>0x2520</load_address>
         <readonly>true</readonly>
         <executable>true</executable>
         <run_address>0x2520</run_address>
         <size>0x54</size>
         <alignment>0x4</alignment>
         <input_file_ref idref="fl-25"/>
      </object_component>
      <object_component id="oc-176">
         <name>.text.DL_GPIO_initPeripheralInputFunctionFeatures</name>
         <load_address>0x2574</load_address>
         <readonly>true</readonly>
         <executable>true</executable>
         <run_address>0x2574</run_address>
         <size>0x50</size>
         <alignment>0x4</alignment>
         <input_file_ref idref="fl-2"/>
      </object_component>
      <object_component id="oc-11f">
         <name>.text.SYSCFG_DL_debug_init</name>
         <load_address>0x25c4</load_address>
         <readonly>true</readonly>
         <executable>true</executable>
         <run_address>0x25c4</run_address>
         <size>0x50</size>
         <alignment>0x4</alignment>
         <input_file_ref idref="fl-2"/>
      </object_component>
      <object_component id="oc-289">
         <name>.text.mg310_motorSetSpeed</name>
         <load_address>0x2614</load_address>
         <readonly>true</readonly>
         <executable>true</executable>
         <run_address>0x2614</run_address>
         <size>0x50</size>
         <alignment>0x4</alignment>
         <input_file_ref idref="fl-1a"/>
      </object_component>
      <object_component id="oc-17a">
         <name>.text.DL_GPIO_initDigitalInputFeatures</name>
         <load_address>0x2664</load_address>
         <readonly>true</readonly>
         <executable>true</executable>
         <run_address>0x2664</run_address>
         <size>0x4c</size>
         <alignment>0x4</alignment>
         <input_file_ref idref="fl-2"/>
      </object_component>
      <object_component id="oc-1b3">
         <name>.text.DL_UART_setBaudRateDivisor</name>
         <load_address>0x26b0</load_address>
         <readonly>true</readonly>
         <executable>true</executable>
         <run_address>0x26b0</run_address>
         <size>0x4c</size>
         <alignment>0x4</alignment>
         <input_file_ref idref="fl-2"/>
      </object_component>
      <object_component id="oc-12f">
         <name>.text.button_init</name>
         <load_address>0x26fc</load_address>
         <readonly>true</readonly>
         <executable>true</executable>
         <run_address>0x26fc</run_address>
         <size>0x4c</size>
         <alignment>0x2</alignment>
         <input_file_ref idref="fl-19"/>
      </object_component>
      <object_component id="oc-1cc">
         <name>.text.OLED_ShowString</name>
         <load_address>0x2748</load_address>
         <readonly>true</readonly>
         <executable>true</executable>
         <run_address>0x2748</run_address>
         <size>0x4a</size>
         <alignment>0x2</alignment>
         <input_file_ref idref="fl-18"/>
      </object_component>
      <object_component id="oc-1b1">
         <name>.text.DL_UART_init</name>
         <load_address>0x2794</load_address>
         <readonly>true</readonly>
         <executable>true</executable>
         <run_address>0x2794</run_address>
         <size>0x48</size>
         <alignment>0x4</alignment>
         <input_file_ref idref="fl-40"/>
      </object_component>
      <object_component id="oc-121">
         <name>.text.SYSCFG_DL_maixcam_init</name>
         <load_address>0x27dc</load_address>
         <readonly>true</readonly>
         <executable>true</executable>
         <run_address>0x27dc</run_address>
         <size>0x48</size>
         <alignment>0x4</alignment>
         <input_file_ref idref="fl-2"/>
      </object_component>
      <object_component id="oc-260">
         <name>.text.drv_timebase_start</name>
         <load_address>0x2824</load_address>
         <readonly>true</readonly>
         <executable>true</executable>
         <run_address>0x2824</run_address>
         <size>0x48</size>
         <alignment>0x4</alignment>
         <input_file_ref idref="fl-24"/>
      </object_component>
      <object_component id="oc-ac">
         <name>.text.encoder_count_a_rising</name>
         <load_address>0x286c</load_address>
         <readonly>true</readonly>
         <executable>true</executable>
         <run_address>0x286c</run_address>
         <size>0x48</size>
         <alignment>0x2</alignment>
         <input_file_ref idref="fl-22"/>
      </object_component>
      <object_component id="oc-120">
         <name>.text.SYSCFG_DL_fishpath_init</name>
         <load_address>0x28b4</load_address>
         <readonly>true</readonly>
         <executable>true</executable>
         <run_address>0x28b4</run_address>
         <size>0x40</size>
         <alignment>0x4</alignment>
         <input_file_ref idref="fl-2"/>
      </object_component>
      <object_component id="oc-22f">
         <name>.text.__aeabi_uidivmod</name>
         <load_address>0x28f4</load_address>
         <readonly>true</readonly>
         <executable>true</executable>
         <run_address>0x28f4</run_address>
         <size>0x40</size>
         <alignment>0x4</alignment>
         <input_file_ref idref="fl-147"/>
      </object_component>
      <object_component id="oc-148">
         <name>.text.delay_ms</name>
         <load_address>0x2934</load_address>
         <readonly>true</readonly>
         <executable>true</executable>
         <run_address>0x2934</run_address>
         <size>0x40</size>
         <alignment>0x4</alignment>
         <input_file_ref idref="fl-2a"/>
      </object_component>
      <object_component id="oc-27e">
         <name>.text.mg310_motorInit</name>
         <load_address>0x2974</load_address>
         <readonly>true</readonly>
         <executable>true</executable>
         <run_address>0x2974</run_address>
         <size>0x40</size>
         <alignment>0x4</alignment>
         <input_file_ref idref="fl-1a"/>
      </object_component>
      <object_component id="oc-281">
         <name>.text.pid_init</name>
         <load_address>0x29b4</load_address>
         <readonly>true</readonly>
         <executable>true</executable>
         <run_address>0x29b4</run_address>
         <size>0x40</size>
         <alignment>0x2</alignment>
         <input_file_ref idref="fl-2c"/>
      </object_component>
      <object_component id="oc-18a">
         <name>.text.DL_Timer_setCounterControl</name>
         <load_address>0x29f4</load_address>
         <readonly>true</readonly>
         <executable>true</executable>
         <run_address>0x29f4</run_address>
         <size>0x3c</size>
         <alignment>0x4</alignment>
         <input_file_ref idref="fl-2"/>
      </object_component>
      <object_component id="oc-ad">
         <name>.text.__floatsisf</name>
         <load_address>0x2a30</load_address>
         <readonly>true</readonly>
         <executable>true</executable>
         <run_address>0x2a30</run_address>
         <size>0x3c</size>
         <alignment>0x4</alignment>
         <input_file_ref idref="fl-13d"/>
      </object_component>
      <object_component id="oc-105">
         <name>.text.__gtsf2</name>
         <load_address>0x2a6c</load_address>
         <readonly>true</readonly>
         <executable>true</executable>
         <run_address>0x2a6c</run_address>
         <size>0x3c</size>
         <alignment>0x4</alignment>
         <input_file_ref idref="fl-149"/>
      </object_component>
      <object_component id="oc-1c8">
         <name>.text.button_sample_raw</name>
         <load_address>0x2aa8</load_address>
         <readonly>true</readonly>
         <executable>true</executable>
         <run_address>0x2aa8</run_address>
         <size>0x3c</size>
         <alignment>0x2</alignment>
         <input_file_ref idref="fl-19"/>
      </object_component>
      <object_component id="oc-134">
         <name>.text.topic_show_menu</name>
         <load_address>0x2ae4</load_address>
         <readonly>true</readonly>
         <executable>true</executable>
         <run_address>0x2ae4</run_address>
         <size>0x3c</size>
         <alignment>0x4</alignment>
         <input_file_ref idref="fl-11"/>
      </object_component>
      <object_component id="oc-e6">
         <name>.text:__TI_auto_init_nobinit_nopinit</name>
         <load_address>0x2b20</load_address>
         <readonly>true</readonly>
         <executable>true</executable>
         <run_address>0x2b20</run_address>
         <size>0x3c</size>
         <alignment>0x4</alignment>
         <input_file_ref idref="fl-72"/>
      </object_component>
      <object_component id="oc-100">
         <name>.text.__eqsf2</name>
         <load_address>0x2b5c</load_address>
         <readonly>true</readonly>
         <executable>true</executable>
         <run_address>0x2b5c</run_address>
         <size>0x3a</size>
         <alignment>0x4</alignment>
         <input_file_ref idref="fl-149"/>
      </object_component>
      <object_component id="oc-fa">
         <name>.text.__muldsi3</name>
         <load_address>0x2b98</load_address>
         <readonly>true</readonly>
         <executable>true</executable>
         <run_address>0x2b98</run_address>
         <size>0x3a</size>
         <alignment>0x4</alignment>
         <input_file_ref idref="fl-134"/>
      </object_component>
      <object_component id="oc-201">
         <name>.text.zdt_x35_set_enable</name>
         <load_address>0x2bd2</load_address>
         <readonly>true</readonly>
         <executable>true</executable>
         <run_address>0x2bd2</run_address>
         <size>0x3a</size>
         <alignment>0x2</alignment>
         <input_file_ref idref="fl-20"/>
      </object_component>
      <object_component id="oc-27b">
         <name>.text.OLED_W_SCL</name>
         <load_address>0x2c0c</load_address>
         <readonly>true</readonly>
         <executable>true</executable>
         <run_address>0x2c0c</run_address>
         <size>0x38</size>
         <alignment>0x4</alignment>
         <input_file_ref idref="fl-18"/>
      </object_component>
      <object_component id="oc-27a">
         <name>.text.OLED_W_SDA</name>
         <load_address>0x2c44</load_address>
         <readonly>true</readonly>
         <executable>true</executable>
         <run_address>0x2c44</run_address>
         <size>0x38</size>
         <alignment>0x4</alignment>
         <input_file_ref idref="fl-18"/>
      </object_component>
      <object_component id="oc-c1">
         <name>.text.__fixsfsi</name>
         <load_address>0x2c7c</load_address>
         <readonly>true</readonly>
         <executable>true</executable>
         <run_address>0x2c7c</run_address>
         <size>0x38</size>
         <alignment>0x4</alignment>
         <input_file_ref idref="fl-13a"/>
      </object_component>
      <object_component id="oc-28a">
         <name>.text.xunji_get_sensors</name>
         <load_address>0x2cb4</load_address>
         <readonly>true</readonly>
         <executable>true</executable>
         <run_address>0x2cb4</run_address>
         <size>0x38</size>
         <alignment>0x4</alignment>
         <input_file_ref idref="fl-2e"/>
      </object_component>
      <object_component id="oc-229">
         <name>.text.OLED_SetCursor</name>
         <load_address>0x2cec</load_address>
         <readonly>true</readonly>
         <executable>true</executable>
         <run_address>0x2cec</run_address>
         <size>0x36</size>
         <alignment>0x2</alignment>
         <input_file_ref idref="fl-18"/>
      </object_component>
      <object_component id="oc-11d">
         <name>.text.SYSCFG_DL_GET_MPU6050_init</name>
         <load_address>0x2d24</load_address>
         <readonly>true</readonly>
         <executable>true</executable>
         <run_address>0x2d24</run_address>
         <size>0x34</size>
         <alignment>0x4</alignment>
         <input_file_ref idref="fl-2"/>
      </object_component>
      <object_component id="oc-11c">
         <name>.text.SYSCFG_DL_MOTOR_MG310_init</name>
         <load_address>0x2d58</load_address>
         <readonly>true</readonly>
         <executable>true</executable>
         <run_address>0x2d58</run_address>
         <size>0x34</size>
         <alignment>0x4</alignment>
         <input_file_ref idref="fl-2"/>
      </object_component>
      <object_component id="oc-290">
         <name>.text.__NVIC_DisableIRQ</name>
         <load_address>0x2d8c</load_address>
         <readonly>true</readonly>
         <executable>true</executable>
         <run_address>0x2d8c</run_address>
         <size>0x34</size>
         <alignment>0x4</alignment>
         <input_file_ref idref="fl-24"/>
      </object_component>
      <object_component id="oc-49">
         <name>.text.TIMA1_IRQHandler</name>
         <load_address>0x2dc0</load_address>
         <readonly>true</readonly>
         <executable>true</executable>
         <run_address>0x2dc0</run_address>
         <size>0x30</size>
         <alignment>0x4</alignment>
         <input_file_ref idref="fl-22"/>
      </object_component>
      <object_component id="oc-44">
         <name>.text.TIMG6_IRQHandler</name>
         <load_address>0x2df0</load_address>
         <readonly>true</readonly>
         <executable>true</executable>
         <run_address>0x2df0</run_address>
         <size>0x30</size>
         <alignment>0x4</alignment>
         <input_file_ref idref="fl-24"/>
      </object_component>
      <object_component id="oc-279">
         <name>.text.app_zdt_x35_move_up</name>
         <load_address>0x2e20</load_address>
         <readonly>true</readonly>
         <executable>true</executable>
         <run_address>0x2e20</run_address>
         <size>0x30</size>
         <alignment>0x4</alignment>
         <input_file_ref idref="fl-16"/>
      </object_component>
      <object_component id="oc-1d0">
         <name>.text.fishpath_init</name>
         <load_address>0x2e50</load_address>
         <readonly>true</readonly>
         <executable>true</executable>
         <run_address>0x2e50</run_address>
         <size>0x30</size>
         <alignment>0x4</alignment>
         <input_file_ref idref="fl-1b"/>
      </object_component>
      <object_component id="oc-1e4">
         <name>.text.mid_stopwatch_stop</name>
         <load_address>0x2e80</load_address>
         <readonly>true</readonly>
         <executable>true</executable>
         <run_address>0x2e80</run_address>
         <size>0x30</size>
         <alignment>0x4</alignment>
         <input_file_ref idref="fl-2a"/>
      </object_component>
      <object_component id="oc-270">
         <name>.text.zdt_x35_send_frame</name>
         <load_address>0x2eb0</load_address>
         <readonly>true</readonly>
         <executable>true</executable>
         <run_address>0x2eb0</run_address>
         <size>0x30</size>
         <alignment>0x2</alignment>
         <input_file_ref idref="fl-20"/>
      </object_component>
      <object_component id="oc-2ac">
         <name>.text.drv_uart_send_string</name>
         <load_address>0x2ee0</load_address>
         <readonly>true</readonly>
         <executable>true</executable>
         <run_address>0x2ee0</run_address>
         <size>0x2e</size>
         <alignment>0x2</alignment>
         <input_file_ref idref="fl-25"/>
      </object_component>
      <object_component id="oc-292">
         <name>.text.__NVIC_ClearPendingIRQ</name>
         <load_address>0x2f10</load_address>
         <readonly>true</readonly>
         <executable>true</executable>
         <run_address>0x2f10</run_address>
         <size>0x2c</size>
         <alignment>0x4</alignment>
         <input_file_ref idref="fl-24"/>
      </object_component>
      <object_component id="oc-267">
         <name>.text.__NVIC_ClearPendingIRQ</name>
         <load_address>0x2f3c</load_address>
         <readonly>true</readonly>
         <executable>true</executable>
         <run_address>0x2f3c</run_address>
         <size>0x2c</size>
         <alignment>0x4</alignment>
         <input_file_ref idref="fl-25"/>
      </object_component>
      <object_component id="oc-299">
         <name>.text.__NVIC_ClearPendingIRQ</name>
         <load_address>0x2f68</load_address>
         <readonly>true</readonly>
         <executable>true</executable>
         <run_address>0x2f68</run_address>
         <size>0x2c</size>
         <alignment>0x4</alignment>
         <input_file_ref idref="fl-26"/>
      </object_component>
      <object_component id="oc-294">
         <name>.text.__NVIC_EnableIRQ</name>
         <load_address>0x2f94</load_address>
         <readonly>true</readonly>
         <executable>true</executable>
         <run_address>0x2f94</run_address>
         <size>0x2c</size>
         <alignment>0x4</alignment>
         <input_file_ref idref="fl-24"/>
      </object_component>
      <object_component id="oc-268">
         <name>.text.__NVIC_EnableIRQ</name>
         <load_address>0x2fc0</load_address>
         <readonly>true</readonly>
         <executable>true</executable>
         <run_address>0x2fc0</run_address>
         <size>0x2c</size>
         <alignment>0x4</alignment>
         <input_file_ref idref="fl-25"/>
      </object_component>
      <object_component id="oc-29a">
         <name>.text.__NVIC_EnableIRQ</name>
         <load_address>0x2fec</load_address>
         <readonly>true</readonly>
         <executable>true</executable>
         <run_address>0x2fec</run_address>
         <size>0x2c</size>
         <alignment>0x4</alignment>
         <input_file_ref idref="fl-26"/>
      </object_component>
      <object_component id="oc-274">
         <name>.text.app_zdt_x35_move_down</name>
         <load_address>0x3018</load_address>
         <readonly>true</readonly>
         <executable>true</executable>
         <run_address>0x3018</run_address>
         <size>0x2c</size>
         <alignment>0x4</alignment>
         <input_file_ref idref="fl-16"/>
      </object_component>
      <object_component id="oc-264">
         <name>.text.drv_timebase_stop</name>
         <load_address>0x3044</load_address>
         <readonly>true</readonly>
         <executable>true</executable>
         <run_address>0x3044</run_address>
         <size>0x2c</size>
         <alignment>0x4</alignment>
         <input_file_ref idref="fl-24"/>
      </object_component>
      <object_component id="oc-238">
         <name>.text.drv_uart1_init</name>
         <load_address>0x3070</load_address>
         <readonly>true</readonly>
         <executable>true</executable>
         <run_address>0x3070</run_address>
         <size>0x2c</size>
         <alignment>0x4</alignment>
         <input_file_ref idref="fl-25"/>
      </object_component>
      <object_component id="oc-1e5">
         <name>.text.mid_stopwatch_get_elapsed_ms</name>
         <load_address>0x309c</load_address>
         <readonly>true</readonly>
         <executable>true</executable>
         <run_address>0x309c</run_address>
         <size>0x2c</size>
         <alignment>0x4</alignment>
         <input_file_ref idref="fl-2a"/>
      </object_component>
      <object_component id="oc-1f9">
         <name>.text.zdt_x35_init</name>
         <load_address>0x30c8</load_address>
         <readonly>true</readonly>
         <executable>true</executable>
         <run_address>0x30c8</run_address>
         <size>0x2c</size>
         <alignment>0x4</alignment>
         <input_file_ref idref="fl-20"/>
      </object_component>
      <object_component id="oc-1c4">
         <name>.text.OLED_WriteCommand</name>
         <load_address>0x30f4</load_address>
         <readonly>true</readonly>
         <executable>true</executable>
         <run_address>0x30f4</run_address>
         <size>0x2a</size>
         <alignment>0x2</alignment>
         <input_file_ref idref="fl-18"/>
      </object_component>
      <object_component id="oc-22a">
         <name>.text.OLED_WriteData</name>
         <load_address>0x311e</load_address>
         <readonly>true</readonly>
         <executable>true</executable>
         <run_address>0x311e</run_address>
         <size>0x2a</size>
         <alignment>0x2</alignment>
         <input_file_ref idref="fl-18"/>
      </object_component>
      <object_component id="oc-118">
[...]
      </symbol>
      <symbol id="sm-25b">
         <name>OLED_Init</name>
         <value>0x10f1</value>
         <object_component_ref idref="oc-12a"/>
      </symbol>
      <symbol id="sm-272">
         <name>button_init</name>
         <value>0x26fd</value>
         <object_component_ref idref="oc-12f"/>
      </symbol>
      <symbol id="sm-273">
         <name>button_update</name>
         <value>0x11bf</value>
         <object_component_ref idref="oc-135"/>
      </symbol>
      <symbol id="sm-274">
         <name>button_is_pressed</name>
         <value>0x3bdd</value>
         <object_component_ref idref="oc-1df"/>
      </symbol>
      <symbol id="sm-275">
         <name>button_is_clicked</name>
         <value>0x3371</value>
         <object_component_ref idref="oc-136"/>
      </symbol>
      <symbol id="sm-276">
         <name>button_is_released</name>
         <value>0x3395</value>
         <object_component_ref idref="oc-1e3"/>
      </symbol>
      <symbol id="sm-29e">
         <name>mg310_motorInit</name>
         <value>0x2975</value>
         <object_component_ref idref="oc-27e"/>
      </symbol>
      <symbol id="sm-29f">
         <name>mg310_motorSetSpeed</name>
         <value>0x2615</value>
         <object_component_ref idref="oc-289"/>
      </symbol>
      <symbol id="sm-2a0">
         <name>mg310_motorForward</name>
         <value>0x33b9</value>
         <object_component_ref idref="oc-246"/>
      </symbol>
      <symbol id="sm-2a1">
         <name>mg310_motorStop</name>
         <value>0x33dd</value>
         <object_component_ref idref="oc-247"/>
      </symbol>
      <symbol id="sm-2a2">
         <name>mg310_motorInitAll</name>
         <value>0x3b75</value>
         <object_component_ref idref="oc-233"/>
      </symbol>
      <symbol id="sm-2a3">
         <name>mg310_motorStopAll</name>
         <value>0x3b85</value>
         <object_component_ref idref="oc-23d"/>
      </symbol>
      <symbol id="sm-2ba">
         <name>fishpath_init</name>
         <value>0x2e51</value>
         <object_component_ref idref="oc-1d0"/>
      </symbol>
      <symbol id="sm-2bb">
         <name>fishpath_update</name>
         <value>0x19ed</value>
         <object_component_ref idref="oc-1d8"/>
      </symbol>
      <symbol id="sm-2bc">
         <name>fishpath_set_speed</name>
         <value>0x3b55</value>
         <object_component_ref idref="oc-200"/>
      </symbol>
      <symbol id="sm-2bd">
         <name>fishpath_start</name>
         <value>0x3bf5</value>
         <object_component_ref idref="oc-1e2"/>
      </symbol>
      <symbol id="sm-2be">
         <name>fishpath_stop</name>
         <value>0x3a61</value>
         <object_component_ref idref="oc-1d5"/>
      </symbol>
      <symbol id="sm-2da">
         <name>zdt_x35_init</name>
         <value>0x30c9</value>
         <object_component_ref idref="oc-1f9"/>
      </symbol>
      <symbol id="sm-2db">
         <name>zdt_x35_set_enable</name>
         <value>0x2bd3</value>
         <object_component_ref idref="oc-201"/>
      </symbol>
      <symbol id="sm-2dc">
         <name>zdt_x35_move_position</name>
         <value>0x14ad</value>
         <object_component_ref idref="oc-29d"/>
      </symbol>
      <symbol id="sm-308">
         <name>GROUP1_IRQHandler</name>
         <value>0x38fd</value>
         <object_component_ref idref="oc-34"/>
      </symbol>
      <symbol id="sm-309">
         <name>TIMA1_IRQHandler</name>
         <value>0x2dc1</value>
         <object_component_ref idref="oc-49"/>
      </symbol>
      <symbol id="sm-344">
         <name>drv_timebase_start</name>
         <value>0x2825</value>
         <object_component_ref idref="oc-260"/>
      </symbol>
      <symbol id="sm-345">
         <name>drv_timebase_stop</name>
         <value>0x3045</value>
         <object_component_ref idref="oc-264"/>
      </symbol>
      <symbol id="sm-346">
         <name>drv_timebase_get_ms</name>
         <value>0x1955</value>
         <object_component_ref idref="oc-263"/>
      </symbol>
      <symbol id="sm-347">
         <name>TIMG6_IRQHandler</name>
         <value>0x2df1</value>
         <object_component_ref idref="oc-44"/>
      </symbol>
      <symbol id="sm-397">
         <name>drv_uart0_init</name>
         <value>0x3b45</value>
         <object_component_ref idref="oc-1f7"/>
      </symbol>
      <symbol id="sm-398">
         <name>drv_uart_send_string</name>
         <value>0x2ee1</value>
         <object_component_ref idref="oc-2ac"/>
      </symbol>
      <symbol id="sm-399">
         <name>drv_uart1_init</name>
         <value>0x3071</value>
         <object_component_ref idref="oc-238"/>
      </symbol>
      <symbol id="sm-39a">
         <name>drv_uart1_available</name>
         <value>0x3625</value>
         <object_component_ref idref="oc-28b"/>
      </symbol>
      <symbol id="sm-39b">
         <name>drv_uart1_read</name>
         <value>0x24cd</value>
         <object_component_ref idref="oc-28c"/>
      </symbol>
      <symbol id="sm-39c">
         <name>drv_uart1_flush</name>
         <value>0x3a4d</value>
         <object_component_ref idref="oc-282"/>
      </symbol>
      <symbol id="sm-39d">
         <name>UART1_IRQHandler</name>
         <value>0x2195</value>
         <object_component_ref idref="oc-3e"/>
      </symbol>
      <symbol id="sm-39e">
         <name>drv_vision_uart3_init</name>
         <value>0x2371</value>
         <object_component_ref idref="oc-1f8"/>
      </symbol>
      <symbol id="sm-39f">
         <name>vision_x</name>
         <value>0x202007ec</value>
         <object_component_ref idref="oc-75"/>
      </symbol>
      <symbol id="sm-3a0">
         <name>vision_y</name>
         <value>0x202007ee</value>
         <object_component_ref idref="oc-77"/>
      </symbol>
      <symbol id="sm-3a1">
         <name>drv_vision_get_x</name>
         <value>0x3be9</value>
         <object_component_ref idref="oc-29c"/>
      </symbol>
      <symbol id="sm-3a2">
         <name>UART3_IRQHandler</name>
         <value>0x80d</value>
         <object_component_ref idref="oc-39"/>
      </symbol>
      <symbol id="sm-3d1">
         <name>drv_zdt_x35_uart_init</name>
         <value>0x1ff9</value>
         <object_component_ref idref="oc-269"/>
      </symbol>
      <symbol id="sm-3d2">
         <name>drv_zdt_x35_uart_write</name>
         <value>0x1775</value>
         <object_component_ref idref="oc-29b"/>
      </symbol>
      <symbol id="sm-3d3">
         <name>UART2_IRQHandler</name>
         <value>0x1da5</value>
         <object_component_ref idref="oc-3f"/>
      </symbol>
      <symbol id="sm-3fc">
         <name>delay_ms</name>
         <value>0x2935</value>
         <object_component_ref idref="oc-148"/>
      </symbol>
      <symbol id="sm-3fd">
         <name>delay_us</name>
         <value>0x3acf</value>
         <object_component_ref idref="oc-2a5"/>
      </symbol>
      <symbol id="sm-3fe">
         <name>get_system_ms</name>
         <value>0x3b65</value>
         <object_component_ref idref="oc-1c9"/>
      </symbol>
      <symbol id="sm-3ff">
         <name>mid_stopwatch_start</name>
         <value>0x3641</value>
         <object_component_ref idref="oc-1e1"/>
      </symbol>
      <symbol id="sm-400">
         <name>mid_stopwatch_stop</name>
         <value>0x2e81</value>
         <object_component_ref idref="oc-1e4"/>
      </symbol>
      <symbol id="sm-401">
         <name>mid_stopwatch_get_elapsed_ms</name>
         <value>0x309d</value>
         <object_component_ref idref="oc-1e5"/>
      </symbol>
      <symbol id="sm-40d">
         <name>pid_init</name>
         <value>0x29b5</value>
         <object_component_ref idref="oc-281"/>
      </symbol>
      <symbol id="sm-40e">
         <name>pid_update</name>
         <value>0xa45</value>
         <object_component_ref idref="oc-24b"/>
      </symbol>
      <symbol id="sm-459">
         <name>xunji_init</name>
         <value>0x1619</value>
         <object_component_ref idref="oc-239"/>
      </symbol>
      <symbol id="sm-45a">
         <name>xunji_reset_tracking</name>
         <value>0x1d25</value>
         <object_component_ref idref="oc-1e0"/>
      </symbol>
      <symbol id="sm-45b">
         <name>g_pid_xunji</name>
         <value>0x202007ac</value>
         <object_component_ref idref="oc-25a"/>
      </symbol>
      <symbol id="sm-45c">
         <name>xunji_update</name>
         <value>0xc1</value>
         <object_component_ref idref="oc-1da"/>
      </symbol>
      <symbol id="sm-45d">
         <name>xunji_set_base_speed</name>
         <value>0x3441</value>
         <object_component_ref idref="oc-26f"/>
      </symbol>
      <symbol id="sm-45e">
         <name>xunji_get_left_duty</name>
         <value>0x3c01</value>
         <object_component_ref idref="oc-244"/>
      </symbol>
      <symbol id="sm-45f">
         <name>xunji_get_right_duty</name>
         <value>0x3c0d</value>
         <object_component_ref idref="oc-245"/>
      </symbol>
      <symbol id="sm-460">
         <name>xunji_get_sensors</name>
         <value>0x2cb5</value>
         <object_component_ref idref="oc-28a"/>
      </symbol>
      <symbol id="sm-462">
         <name>__TI_ATRegion0_src_addr</name>
         <value>0x0</value>
      </symbol>
      <symbol id="sm-463">
         <name>__TI_ATRegion0_trg_addr</name>
         <value>0x0</value>
      </symbol>
      <symbol id="sm-464">
         <name>__TI_ATRegion0_region_sz</name>
         <value>0x0</value>
      </symbol>
      <symbol id="sm-465">
         <name>__TI_ATRegion1_src_addr</name>
         <value>0x0</value>
      </symbol>
      <symbol id="sm-466">
         <name>__TI_ATRegion1_trg_addr</name>
         <value>0x0</value>
      </symbol>
      <symbol id="sm-467">
         <name>__TI_ATRegion1_region_sz</name>
         <value>0x0</value>
      </symbol>
      <symbol id="sm-468">
         <name>__TI_ATRegion2_src_addr</name>
         <value>0x0</value>
      </symbol>
      <symbol id="sm-469">
         <name>__TI_ATRegion2_trg_addr</name>
         <value>0x0</value>
      </symbol>
      <symbol id="sm-46a">
         <name>__TI_ATRegion2_region_sz</name>
         <value>0x0</value>
      </symbol>
      <symbol id="sm-473">
         <name>DL_Common_delayCycles</name>
         <value>0x3c19</value>
         <object_component_ref idref="oc-170"/>
      </symbol>
      <symbol id="sm-47d">
         <name>DL_I2C_setClockConfig</name>
         <value>0x32db</value>
         <object_component_ref idref="oc-19c"/>
      </symbol>
      <symbol id="sm-499">
         <name>DL_Timer_setClockConfig</name>
         <value>0x357d</value>
         <object_component_ref idref="oc-183"/>
      </symbol>
      <symbol id="sm-49a">
         <name>DL_Timer_initTimerMode</name>
         <value>0xd59</value>
         <object_component_ref idref="oc-196"/>
      </symbol>
      <symbol id="sm-49b">
         <name>DL_Timer_setCaptureCompareValue</name>
         <value>0x3b35</value>
         <object_component_ref idref="oc-18d"/>
      </symbol>
      <symbol id="sm-49c">
         <name>DL_Timer_setCaptCompUpdateMethod</name>
         <value>0x3561</value>
         <object_component_ref idref="oc-18c"/>
      </symbol>
      <symbol id="sm-49d">
         <name>DL_Timer_setCaptureCompareOutCtl</name>
         <value>0x3825</value>
         <object_component_ref idref="oc-18b"/>
      </symbol>
      <symbol id="sm-49e">
         <name>DL_Timer_initFourCCPWMMode</name>
         <value>0xc55</value>
         <object_component_ref idref="oc-189"/>
      </symbol>
      <symbol id="sm-4ae">
         <name>DL_UART_init</name>
         <value>0x2795</value>
         <object_component_ref idref="oc-1b1"/>
      </symbol>
      <symbol id="sm-4af">
         <name>DL_UART_setClockConfig</name>
         <value>0x3abd</value>
         <object_component_ref idref="oc-1ab"/>
      </symbol>
      <symbol id="sm-4b0">
         <name>DL_UART_transmitDataCheck</name>
         <value>0x35ed</value>
         <object_component_ref idref="oc-2aa"/>
      </symbol>
      <symbol id="sm-4ca">
         <name>abort</name>
         <value>0x3c35</value>
         <object_component_ref idref="oc-df"/>
      </symbol>
      <symbol id="sm-4dd">
         <name>_c_int00_noargs</name>
         <value>0x328d</value>
         <object_component_ref idref="oc-65"/>
      </symbol>
      <symbol id="sm-4de">
         <name>__stack</name>
         <value>0x20207e00</value>
         <object_component_ref idref="oc-1a"/>
      </symbol>
      <symbol id="sm-4ed">
         <name>__TI_auto_init_nobinit_nopinit</name>
         <value>0x2b21</value>
         <object_component_ref idref="oc-e6"/>
      </symbol>
      <symbol id="sm-4f5">
         <name>_system_pre_init</name>
         <value>0x3c59</value>
         <object_component_ref idref="oc-98"/>
      </symbol>
      <symbol id="sm-500">
         <name>__TI_zero_init</name>
         <value>0x3ba5</value>
         <object_component_ref idref="oc-62"/>
      </symbol>
      <symbol id="sm-509">
         <name>__TI_decompress_none</name>
         <value>0x3af3</value>
         <object_component_ref idref="oc-20"/>
      </symbol>
      <symbol id="sm-514">
         <name>__TI_decompress_lzss</name>
         <value>0x1e21</value>
         <object_component_ref idref="oc-1c"/>
      </symbol>
      <symbol id="sm-525">
         <name>HOSTexit</name>
         <value>0x3c3f</value>
         <object_component_ref idref="oc-152"/>
      </symbol>
      <symbol id="sm-526">
         <name>C$$EXIT</name>
         <value>0x3c3e</value>
         <object_component_ref idref="oc-152"/>
      </symbol>
      <symbol id="sm-53b">
         <name>__aeabi_fadd</name>
         <value>0x1023</value>
         <object_component_ref idref="oc-bd"/>
      </symbol>
      <symbol id="sm-53c">
         <name>__addsf3</name>
         <value>0x1023</value>
         <object_component_ref idref="oc-bd"/>
      </symbol>
      <symbol id="sm-53d">
         <name>__aeabi_fsub</name>
         <value>0x1019</value>
         <object_component_ref idref="oc-bd"/>
      </symbol>
      <symbol id="sm-53e">
         <name>__subsf3</name>
         <value>0x1019</value>
         <object_component_ref idref="oc-bd"/>
      </symbol>
      <symbol id="sm-544">
         <name>__muldsi3</name>
         <value>0x2b99</value>
         <object_component_ref idref="oc-fa"/>
      </symbol>
      <symbol id="sm-54a">
         <name>__aeabi_fmul</name>
         <value>0x1b0d</value>
         <object_component_ref idref="oc-b1"/>
      </symbol>
      <symbol id="sm-54b">
         <name>__mulsf3</name>
         <value>0x1b0d</value>
         <object_component_ref idref="oc-b1"/>
      </symbol>
      <symbol id="sm-551">
         <name>__aeabi_fdiv</name>
         <value>0x1ca1</value>
         <object_component_ref idref="oc-b5"/>
      </symbol>
      <symbol id="sm-552">
         <name>__divsf3</name>
         <value>0x1ca1</value>
         <object_component_ref idref="oc-b5"/>
      </symbol>
      <symbol id="sm-558">
         <name>__aeabi_f2iz</name>
         <value>0x2c7d</value>
         <object_component_ref idref="oc-c1"/>
      </symbol>
      <symbol id="sm-559">
         <name>__fixsfsi</name>
         <value>0x2c7d</value>
         <object_component_ref idref="oc-c1"/>
      </symbol>
      <symbol id="sm-55f">
         <name>__aeabi_i2f</name>
         <value>0x2a31</value>
         <object_component_ref idref="oc-ad"/>
      </symbol>
      <symbol id="sm-560">
         <name>__floatsisf</name>
         <value>0x2a31</value>
         <object_component_ref idref="oc-ad"/>
      </symbol>
      <symbol id="sm-566">
         <name>__aeabi_fcmpeq</name>
         <value>0x21f9</value>
         <object_component_ref idref="oc-b9"/>
      </symbol>
      <symbol id="sm-567">
         <name>__aeabi_fcmplt</name>
         <value>0x220d</value>
         <object_component_ref idref="oc-b9"/>
      </symbol>
      <symbol id="sm-568">
         <name>__aeabi_fcmple</name>
         <value>0x2221</value>
         <object_component_ref idref="oc-b9"/>
      </symbol>
      <symbol id="sm-569">
         <name>__aeabi_fcmpge</name>
         <value>0x2235</value>
         <object_component_ref idref="oc-b9"/>
      </symbol>
      <symbol id="sm-56a">
         <name>__aeabi_fcmpgt</name>
         <value>0x2249</value>
         <object_component_ref idref="oc-b9"/>
      </symbol>
      <symbol id="sm-570">
         <name>__aeabi_idiv</name>
         <value>0x2421</value>
         <object_component_ref idref="oc-c5"/>
      </symbol>
      <symbol id="sm-571">
         <name>__aeabi_idivmod</name>
         <value>0x2421</value>
         <object_component_ref idref="oc-c5"/>
      </symbol>
      <symbol id="sm-577">
         <name>__aeabi_memcpy</name>
         <value>0x3c25</value>
         <object_component_ref idref="oc-55"/>
      </symbol>
      <symbol id="sm-578">
         <name>__aeabi_memcpy4</name>
         <value>0x3c25</value>
         <object_component_ref idref="oc-55"/>
      </symbol>
      <symbol id="sm-579">
         <name>__aeabi_memcpy8</name>
         <value>0x3c25</value>
         <object_component_ref idref="oc-55"/>
      </symbol>
      <symbol id="sm-580">
         <name>__aeabi_memclr</name>
         <value>0x3bd1</value>
         <object_component_ref idref="oc-93"/>
      </symbol>
      <symbol id="sm-581">
         <name>__aeabi_memclr4</name>
         <value>0x3bd1</value>
         <object_component_ref idref="oc-93"/>
      </symbol>
      <symbol id="sm-582">
         <name>__aeabi_memclr8</name>
         <value>0x3bd1</value>
         <object_component_ref idref="oc-93"/>
      </symbol>
      <symbol id="sm-588">
         <name>__aeabi_uidiv</name>
         <value>0x28f5</value>
         <object_component_ref idref="oc-22f"/>
      </symbol>
      <symbol id="sm-589">
         <name>__aeabi_uidivmod</name>
         <value>0x28f5</value>
         <object_component_ref idref="oc-22f"/>
      </symbol>
      <symbol id="sm-592">
         <name>__eqsf2</name>
         <value>0x2b5d</value>
         <object_component_ref idref="oc-100"/>
      </symbol>
      <symbol id="sm-593">
         <name>__lesf2</name>
         <value>0x2b5d</value>
         <object_component_ref idref="oc-100"/>
      </symbol>
      <symbol id="sm-594">
         <name>__ltsf2</name>
         <value>0x2b5d</value>
         <object_component_ref idref="oc-100"/>
      </symbol>
      <symbol id="sm-595">
         <name>__nesf2</name>
         <value>0x2b5d</value>
         <object_component_ref idref="oc-100"/>
      </symbol>
      <symbol id="sm-596">
         <name>__cmpsf2</name>
         <value>0x2b5d</value>
         <object_component_ref idref="oc-100"/>
      </symbol>
      <symbol id="sm-597">
         <name>__gtsf2</name>
         <value>0x2a6d</value>
         <object_component_ref idref="oc-105"/>
      </symbol>
      <symbol id="sm-598">
         <name>__gesf2</name>
         <value>0x2a6d</value>
         <object_component_ref idref="oc-105"/>
      </symbol>
      <symbol id="sm-5a4">
         <name>__aeabi_idiv0</name>
         <value>0x1ff7</value>
         <object_component_ref idref="oc-109"/>
      </symbol>
      <symbol id="sm-5ae">
         <name>TI_memcpy_small</name>
         <value>0x3ae1</value>
         <object_component_ref idref="oc-c9"/>
      </symbol>
      <symbol id="sm-5b7">
         <name>TI_memset_small</name>
         <value>0x3bb5</value>
         <object_component_ref idref="oc-110"/>
      </symbol>
      <symbol id="sm-5b8">
         <name>__TI_static_base__</name>
         <value>0x0</value>
      </symbol>
      <symbol id="sm-5bc">
         <name>__mpu_init</name>
         <value>0x0</value>
      </symbol>
      <symbol id="sm-5bd">
         <name>_system_post_cinit</name>
         <value>0x0</value>
      </symbol>
   </symbol_table>
   <title>Link successful</title>
</link_info>
