******************************************************************************
            TI ARM Clang Linker PC v4.0.4                      
******************************************************************************
>> Linked Fri Jul 31 15:29:59 2026

OUTPUT FILE NAME:   <2025e.out>
ENTRY POINT SYMBOL: "_c_int00_noargs"  address: 0000328d


MEMORY CONFIGURATION

         name            origin    length      used     unused   attr    fill
----------------------  --------  ---------  --------  --------  ----  --------
  FLASH                 00000000   00020000  00004440  0001bbc0  R  X
  SRAM                  20200000   00008000  000009f4  0000760c  RW X
  BCR_CONFIG            41c00000   000000ff  00000000  000000ff  R   
  BSL_CONFIG            41c00100   00000080  00000000  00000080  R   


SEGMENT ALLOCATION MAP

run origin  load origin   length   init length attrs members
----------  ----------- ---------- ----------- ----- -------
00000000    00000000    00004440   00004440    r-x
  00000000    00000000    000000c0   000000c0    r-- .intvecs
  000000c0    000000c0    00003ba0   00003ba0    r-x .text
  00003c60    00003c60    000007b0   000007b0    r-- .rodata
  00004410    00004410    00000030   00000030    r-- .cinit
20200000    20200000    000007f4   00000000    rw-
  20200000    20200000    000007ac   00000000    rw- .bss
  202007ac    202007ac    00000048   00000000    rw- .data
20207e00    20207e00    00000200   00000000    rw-
  20207e00    20207e00    00000200   00000000    rw- .stack


SECTION ALLOCATION MAP

 output                                  attributes/
section   page    origin      length       input sections
--------  ----  ----------  ----------   ----------------
.intvecs   0    00000000    000000c0     
                  00000000    000000c0     startup_mspm0g350x_ticlang.o (.intvecs)

.text      0    000000c0    00003ba0     
                  000000c0    000002e8     mid_xunji.o (.text.xunji_update)
                  000003a8    000002a0     app_topic2.o (.text.topic2)
                  00000648    000001c4     ti_msp_dl_config.o (.text.SYSCFG_DL_GPIO_init)
                  0000080c    00000130     drv_uart.o (.text.UART3_IRQHandler)
                  0000093c    00000108     drv_encoder.o (.text.encoder_update_speed)
                  00000a44    00000108     mid_pid.o (.text.pid_update)
                  00000b4c    00000108     mid_xunji.o (.text.xunji_parse_uart)
                  00000c54    00000104     driverlib.a : dl_timer.o (.text.DL_Timer_initFourCCPWMMode)
                  00000d58    000000fc                 : dl_timer.o (.text.DL_Timer_initTimerMode)
                  00000e54    000000e8     ti_msp_dl_config.o (.text.SYSCFG_DL_initPower)
                  00000f3c    000000dc     app_topic.o (.text.topic)
                  00001018    000000d8     libclang_rt.builtins.a : addsf3.S.obj (.text)
                  000010f0    000000ce     bsp_OLED.o (.text.OLED_Init)
                  000011be    000000c2     bsp_button.o (.text.button_update)
                  00001280    000000bc     app_topic2.o (.text.topic2_take_start_line_event)
                  0000133c    000000b8     ti_msp_dl_config.o (.text.SYSCFG_DL_BLDC_init)
                  000013f4    000000b8     app_topic2.o (.text.topic2_oled_update)
                  000014ac    000000b8     bsp_zdt_x35.o (.text.zdt_x35_move_position)
                  00001564    000000b4     bsp_OLED.o (.text.OLED_ShowChar)
                  00001618    000000b4     mid_xunji.o (.text.xunji_init)
                  000016cc    000000a8     mid_xunji.o (.text.xunji_calc_error)
                  00001774    000000a4     drv_zdt_x35_uart.o (.text.drv_zdt_x35_uart_write)
                  00001818    000000a0     bsp_encoder.o (.text.mg310_setDirectionPins)
                  000018b8    0000009c     app_topic4.o (.text.topic4)
                  00001954    00000098     drv_tim.o (.text.drv_timebase_get_ms)
                  000019ec    00000094     bsp_fishpath.o (.text.fishpath_update)
                  00001a80    0000008c     ti_msp_dl_config.o (.text.SYSCFG_DL_MG310_PWM_init)
                  00001b0c    0000008c     libclang_rt.builtins.a : mulsf3.S.obj (.text.__mulsf3)
                  00001b98    00000084     ti_msp_dl_config.o (.text.__NVIC_SetPriority)
                  00001c1c    00000084     app_topic4.o (.text.ctrl_step)
                  00001ca0    00000082     libclang_rt.builtins.a : divsf3.S.obj (.text.__divsf3)
                  00001d22    00000002     bsp_OLED.o (.text.OLED_I2C_Init)
                  00001d24    00000080     mid_xunji.o (.text.xunji_reset_tracking)
                  00001da4    0000007c     drv_zdt_x35_uart.o (.text.UART2_IRQHandler)
                  00001e20    0000007c     libc.a : copy_decompress_lzss.c.obj (.text:decompress:lzss)
                  00001e9c    0000007a     bsp_OLED.o (.text.OLED_ShowNum)
                  00001f16    00000070     app_topic2.o (.text.topic2_is_start_line)
                  00001f86    00000070     app_topic2.o (.text.topic2_oled_show_time)
                  00001ff6    00000002     libclang_rt.builtins.a : aeabi_div0.c.obj (.text.__aeabi_idiv0)
                  00001ff8    0000006c     drv_zdt_x35_uart.o (.text.drv_zdt_x35_uart_init)
                  00002064    00000068     ti_msp_dl_config.o (.text.SYSCFG_DL_ZDT_X35_init)
                  000020cc    00000064     ti_msp_dl_config.o (.text.SYSCFG_DL_init)
                  00002130    00000064     ti_msp_dl_config.o (.text.SYSCFG_DL_servo_init)
                  00002194    00000064     drv_uart.o (.text.UART1_IRQHandler)
                  000021f8    00000062     libclang_rt.builtins.a : aeabi_fcmp.S.obj (.text.__aeabi_fcmp)
                  0000225a    00000002     app_topic.o (.text.topic1)
                  0000225c    00000060     drv_encoder.o (.text.encoder_handle_gpiob)
                  000022bc    0000005c     app_zdt_x35_probe.o (.text.zdt_x35_print_send_result)
                  00002318    00000058     ti_msp_dl_config.o (.text.SYSCFG_DL_as5600_init)
                  00002370    00000058     drv_uart.o (.text.drv_vision_uart3_init)
                  000023c8    00000056     bsp_OLED.o (.text.OLED_Clear)
                  0000241e    00000002     app_topic.o (.text.topic5)
                  00002420    00000056     libclang_rt.builtins.a : aeabi_idivmod.S.obj (.text.__aeabi_idivmod)
                  00002476    00000054     bsp_OLED.o (.text.OLED_I2C_SendByte)
                  000024ca    00000002     app_topic.o (.text.topic6)
                  000024cc    00000054     drv_uart.o (.text.drv_uart1_read)
                  00002520    00000054     drv_uart.o (.text.uart0_write_byte)
                  00002574    00000050     ti_msp_dl_config.o (.text.DL_GPIO_initPeripheralInputFunctionFeatures)
                  000025c4    00000050     ti_msp_dl_config.o (.text.SYSCFG_DL_debug_init)
                  00002614    00000050     bsp_encoder.o (.text.mg310_motorSetSpeed)
                  00002664    0000004c     ti_msp_dl_config.o (.text.DL_GPIO_initDigitalInputFeatures)
                  000026b0    0000004c     ti_msp_dl_config.o (.text.DL_UART_setBaudRateDivisor)
                  000026fc    0000004c     bsp_button.o (.text.button_init)
                  00002748    0000004a     bsp_OLED.o (.text.OLED_ShowString)
                  00002792    00000002     --HOLE-- [fill = 0]
                  00002794    00000048     driverlib.a : dl_uart.o (.text.DL_UART_init)
                  000027dc    00000048     ti_msp_dl_config.o (.text.SYSCFG_DL_maixcam_init)
                  00002824    00000048     drv_tim.o (.text.drv_timebase_start)
                  0000286c    00000048     drv_encoder.o (.text.encoder_count_a_rising)
                  000028b4    00000040     ti_msp_dl_config.o (.text.SYSCFG_DL_fishpath_init)
                  000028f4    00000040     libclang_rt.builtins.a : aeabi_uidivmod.S.obj (.text.__aeabi_uidivmod)
                  00002934    00000040     mid_delay.o (.text.delay_ms)
                  00002974    00000040     bsp_encoder.o (.text.mg310_motorInit)
                  000029b4    00000040     mid_pid.o (.text.pid_init)
                  000029f4    0000003c     ti_msp_dl_config.o (.text.DL_Timer_setCounterControl)
                  00002a30    0000003c     libclang_rt.builtins.a : floatsisf.S.obj (.text.__floatsisf)
                  00002a6c    0000003c                            : comparesf2.S.obj (.text.__gtsf2)
                  00002aa8    0000003c     bsp_button.o (.text.button_sample_raw)
                  00002ae4    0000003c     app_topic.o (.text.topic_show_menu)
                  00002b20    0000003c     libc.a : autoinit.c.obj (.text:__TI_auto_init_nobinit_nopinit)
                  00002b5c    0000003a     libclang_rt.builtins.a : comparesf2.S.obj (.text.__eqsf2)
                  00002b96    00000002     --HOLE-- [fill = 0]
                  00002b98    0000003a                            : muldsi3.S.obj (.text.__muldsi3)
                  00002bd2    0000003a     bsp_zdt_x35.o (.text.zdt_x35_set_enable)
                  00002c0c    00000038     bsp_OLED.o (.text.OLED_W_SCL)
                  00002c44    00000038     bsp_OLED.o (.text.OLED_W_SDA)
                  00002c7c    00000038     libclang_rt.builtins.a : fixsfsi.S.obj (.text.__fixsfsi)
                  00002cb4    00000038     mid_xunji.o (.text.xunji_get_sensors)
                  00002cec    00000036     bsp_OLED.o (.text.OLED_SetCursor)
                  00002d22    00000002     --HOLE-- [fill = 0]
                  00002d24    00000034     ti_msp_dl_config.o (.text.SYSCFG_DL_GET_MPU6050_init)
                  00002d58    00000034     ti_msp_dl_config.o (.text.SYSCFG_DL_MOTOR_MG310_init)
                  00002d8c    00000034     drv_tim.o (.text.__NVIC_DisableIRQ)
                  00002dc0    00000030     drv_encoder.o (.text.TIMA1_IRQHandler)
                  00002df0    00000030     drv_tim.o (.text.TIMG6_IRQHandler)
                  00002e20    00000030     app_zdt_x35_probe.o (.text.app_zdt_x35_move_up)
                  00002e50    00000030     bsp_fishpath.o (.text.fishpath_init)
                  00002e80    00000030     mid_delay.o (.text.mid_stopwatch_stop)
                  00002eb0    00000030     bsp_zdt_x35.o (.text.zdt_x35_send_frame)
                  00002ee0    0000002e     drv_uart.o (.text.drv_uart_send_string)
                  00002f0e    00000002     --HOLE-- [fill = 0]
                  00002f10    0000002c     drv_tim.o (.text.__NVIC_ClearPendingIRQ)
                  00002f3c    0000002c     drv_uart.o (.text.__NVIC_ClearPendingIRQ)
                  00002f68    0000002c     drv_zdt_x35_uart.o (.text.__NVIC_ClearPendingIRQ)
                  00002f94    0000002c     drv_tim.o (.text.__NVIC_EnableIRQ)
                  00002fc0    0000002c     drv_uart.o (.text.__NVIC_EnableIRQ)
                  00002fec    0000002c     drv_zdt_x35_uart.o (.text.__NVIC_EnableIRQ)
                  00003018    0000002c     app_zdt_x35_probe.o (.text.app_zdt_x35_move_down)
                  00003044    0000002c     drv_tim.o (.text.drv_timebase_stop)
                  00003070    0000002c     drv_uart.o (.text.drv_uart1_init)
                  0000309c    0000002c     mid_delay.o (.text.mid_stopwatch_get_elapsed_ms)
                  000030c8    0000002c     bsp_zdt_x35.o (.text.zdt_x35_init)
                  000030f4    0000002a     bsp_OLED.o (.text.OLED_WriteCommand)
                  0000311e    0000002a     bsp_OLED.o (.text.OLED_WriteData)
                  00003148    0000002a     ti_msp_dl_config.o (.text.SYSCFG_DL_SYSCTL_init)
                  00003172    00000028     ti_msp_dl_config.o (.text.DL_Common_updateReg)
                  0000319a    00000002     --HOLE-- [fill = 0]
                  0000319c    00000028     ti_msp_dl_config.o (.text.DL_I2C_setControllerRXFIFOThreshold)
                  000031c4    00000028     ti_msp_dl_config.o (.text.DL_I2C_setControllerTXFIFOThreshold)
                  000031ec    00000028     ti_msp_dl_config.o (.text.DL_SYSTICK_init)
                  00003214    00000028     ti_msp_dl_config.o (.text.DL_UART_setRXFIFOThreshold)
                  0000323c    00000028     ti_msp_dl_config.o (.text.DL_UART_setTXFIFOThreshold)
                  00003264    00000028     bsp_OLED.o (.text.OLED_Pow)
                  0000328c    00000028     libc.a : boot_cortex_m.c.obj (.text:_c_int00_noargs)
                  000032b4    00000026     ti_msp_dl_config.o (.text.DL_I2C_setAnalogGlitchFilterPulseWidth)
                  000032da    00000026     driverlib.a : dl_i2c.o (.text.DL_I2C_setClockConfig)
                  00003300    00000026     app_zdt_x35_probe.o (.text.zdt_x35_test_send)
                  00003326    00000024     bsp_OLED.o (.text.OLED_I2C_Start)
                  0000334a    00000002     --HOLE-- [fill = 0]
                  0000334c    00000024     app.o (.text.app_ball_position_cm_x10)
                  00003370    00000024     bsp_button.o (.text.button_is_clicked)
                  00003394    00000024     bsp_button.o (.text.button_is_released)
                  000033b8    00000024     bsp_encoder.o (.text.mg310_motorForward)
                  000033dc    00000024     bsp_encoder.o (.text.mg310_motorStop)
                  00003400    00000020     ti_msp_dl_config.o (.text.DL_GPIO_initPeripheralInputFunction)
                  00003420    00000020     mid_delay.o (.text.tick_poll)
                  00003440    00000020     mid_xunji.o (.text.xunji_set_base_speed)
                  00003460    0000001e     ti_msp_dl_config.o (.text.DL_UART_setOversampling)
                  0000347e    00000002     --HOLE-- [fill = 0]
                  00003480    0000001c     drv_encoder.o (.text.DL_GPIO_clearInterruptStatus)
                  0000349c    0000001c     ti_msp_dl_config.o (.text.DL_GPIO_enableHiZ)
                  000034b8    0000001c     ti_msp_dl_config.o (.text.DL_GPIO_initPeripheralOutputFunction)
                  000034d4    0000001c     drv_encoder.o (.text.DL_Interrupt_getPendingGroup)
                  000034f0    0000001c     ti_msp_dl_config.o (.text.DL_SYSCTL_setMCLKDivider)
                  0000350c    0000001c     ti_msp_dl_config.o (.text.DL_SYSCTL_setSYSOSCFreq)
                  00003528    0000001c     ti_msp_dl_config.o (.text.DL_SYSCTL_setULPCLKDivider)
                  00003544    0000001c     ti_msp_dl_config.o (.text.DL_Timer_enableInterrupt)
                  00003560    0000001c     driverlib.a : dl_timer.o (.text.DL_Timer_setCaptCompUpdateMethod)
                  0000357c    0000001c                 : dl_timer.o (.text.DL_Timer_setClockConfig)
                  00003598    0000001c     drv_uart.o (.text.DL_UART_enableInterrupt)
                  000035b4    0000001c     drv_zdt_x35_uart.o (.text.DL_UART_enableInterrupt)
                  000035d0    0000001c     ti_msp_dl_config.o (.text.DL_UART_enableInterrupt)
                  000035ec    0000001c     driverlib.a : dl_uart.o (.text.DL_UART_transmitDataCheck)
                  00003608    0000001c     bsp_OLED.o (.text.OLED_I2C_Stop)
                  00003624    0000001c     drv_uart.o (.text.drv_uart1_available)
                  00003640    0000001c     mid_delay.o (.text.mid_stopwatch_start)
                  0000365c    00000018     ti_msp_dl_config.o (.text.DL_GPIO_enableOutput)
                  00003674    00000018     ti_msp_dl_config.o (.text.DL_GPIO_enablePower)
                  0000368c    00000018     drv_encoder.o (.text.DL_GPIO_getEnabledInterruptStatus)
                  000036a4    00000018     ti_msp_dl_config.o (.text.DL_GPIO_initDigitalOutput)
                  000036bc    00000018     ti_msp_dl_config.o (.text.DL_GPIO_reset)
                  000036d4    00000018     bsp_OLED.o (.text.DL_GPIO_setPins)
                  000036ec    00000018     bsp_encoder.o (.text.DL_GPIO_setPins)
                  00003704    00000018     ti_msp_dl_config.o (.text.DL_GPIO_setPins)
                  0000371c    00000018     ti_msp_dl_config.o (.text.DL_I2C_enableAnalogGlitchFilter)
                  00003734    00000018     ti_msp_dl_config.o (.text.DL_I2C_enableController)
                  0000374c    00000018     ti_msp_dl_config.o (.text.DL_I2C_enableControllerClockStretching)
                  00003764    00000018     ti_msp_dl_config.o (.text.DL_I2C_enablePower)
                  0000377c    00000018     ti_msp_dl_config.o (.text.DL_I2C_reset)
                  00003794    00000018     ti_msp_dl_config.o (.text.DL_I2C_setTimerPeriod)
                  000037ac    00000018     ti_msp_dl_config.o (.text.DL_SYSCTL_setBORThreshold)
                  000037c4    00000018     drv_tim.o (.text.DL_Timer_clearInterruptStatus)
                  000037dc    00000018     ti_msp_dl_config.o (.text.DL_Timer_enablePower)
                  000037f4    00000018     drv_tim.o (.text.DL_Timer_getRawInterruptStatus)
                  0000380c    00000018     ti_msp_dl_config.o (.text.DL_Timer_reset)
                  00003824    00000018     driverlib.a : dl_timer.o (.text.DL_Timer_setCaptureCompareOutCtl)
                  0000383c    00000018     bsp_encoder.o (.text.DL_Timer_startCounter)
                  00003854    00000018     drv_tim.o (.text.DL_Timer_startCounter)
                  0000386c    00000018     drv_tim.o (.text.DL_Timer_stopCounter)
                  00003884    00000018     ti_msp_dl_config.o (.text.DL_UART_enableFIFOs)
                  0000389c    00000018     ti_msp_dl_config.o (.text.DL_UART_enablePower)
                  000038b4    00000018     drv_uart.o (.text.DL_UART_isRXFIFOEmpty)
                  000038cc    00000018     drv_zdt_x35_uart.o (.text.DL_UART_isRXFIFOEmpty)
                  000038e4    00000018     ti_msp_dl_config.o (.text.DL_UART_reset)
                  000038fc    00000018     drv_encoder.o (.text.GROUP1_IRQHandler)
                  00003914    00000016     bsp_button.o (.text.DL_GPIO_readPins)
                  0000392a    00000016     drv_encoder.o (.text.DL_GPIO_readPins)
                  00003940    00000016     drv_uart.o (.text.DL_UART_enable)
                  00003956    00000016     ti_msp_dl_config.o (.text.DL_UART_enable)
                  0000396c    00000016     empty.o (.text.main)
                  00003982    00000014     bsp_OLED.o (.text.DL_GPIO_clearPins)
                  00003996    00000014     bsp_encoder.o (.text.DL_GPIO_clearPins)
                  000039aa    00000014     ti_msp_dl_config.o (.text.DL_GPIO_clearPins)
                  000039be    00000002     --HOLE-- [fill = 0]
                  000039c0    00000014     ti_msp_dl_config.o (.text.DL_I2C_resetControllerTransfer)
                  000039d4    00000014     ti_msp_dl_config.o (.text.DL_SYSCTL_disableSYSPLL)
                  000039e8    00000014     ti_msp_dl_config.o (.text.DL_Timer_enableClock)
                  000039fc    00000014     ti_msp_dl_config.o (.text.DL_Timer_setCCPDirection)
                  00003a10    00000014     drv_tim.o (.text.DL_Timer_setTimerCount)
                  00003a24    00000014     drv_uart.o (.text.DL_UART_receiveData)
                  00003a38    00000014     drv_zdt_x35_uart.o (.text.DL_UART_receiveData)
                  00003a4c    00000014     drv_uart.o (.text.drv_uart1_flush)
                  00003a60    00000014     bsp_fishpath.o (.text.fishpath_stop)
                  00003a74    00000012     drv_encoder.o (.text.DL_Timer_getPendingInterrupt)
                  00003a86    00000012     drv_tim.o (.text.DL_Timer_getPendingInterrupt)
                  00003a98    00000012     drv_uart.o (.text.DL_UART_getPendingInterrupt)
                  00003aaa    00000012     drv_zdt_x35_uart.o (.text.DL_UART_getPendingInterrupt)
                  00003abc    00000012     driverlib.a : dl_uart.o (.text.DL_UART_setClockConfig)
                  00003ace    00000012     mid_delay.o (.text.delay_us)
                  00003ae0    00000012     libc.a : memcpy16.S.obj (.text:TI_memcpy_small)
                  00003af2    00000012            : copy_decompress_none.c.obj (.text:decompress:none)
                  00003b04    00000010     ti_msp_dl_config.o (.text.DL_SYSCTL_disableHFXT)
                  00003b14    00000010     mid_delay.o (.text.DL_SYSTICK_enable)
                  00003b24    00000010     drv_tim.o (.text.DL_Timer_getTimerCount)
                  00003b34    00000010     driverlib.a : dl_timer.o (.text.DL_Timer_setCaptureCompareValue)
                  00003b44    00000010     drv_uart.o (.text.drv_uart0_init)
                  00003b54    00000010     bsp_fishpath.o (.text.fishpath_set_speed)
                  00003b64    00000010     mid_delay.o (.text.get_system_ms)
                  00003b74    00000010     bsp_encoder.o (.text.mg310_motorInitAll)
                  00003b84    00000010     bsp_encoder.o (.text.mg310_motorStopAll)
                  00003b94    00000010     app_topic3.o (.text.topic3)
                  00003ba4    00000010     libc.a : copy_zero_init.c.obj (.text:decompress:ZI)
                  00003bb4    0000000e            : memset16.S.obj (.text:TI_memset_small)
                  00003bc2    0000000c     ti_msp_dl_config.o (.text.SYSCFG_DL_SYSTICK_init)
                  00003bce    00000002     --HOLE-- [fill = 0]
                  00003bd0    0000000c     libclang_rt.builtins.a : aeabi_memset.S.obj (.text.__aeabi_memclr)
                  00003bdc    0000000c     bsp_button.o (.text.button_is_pressed)
                  00003be8    0000000c     drv_uart.o (.text.drv_vision_get_x)
                  00003bf4    0000000c     bsp_fishpath.o (.text.fishpath_start)
                  00003c00    0000000c     mid_xunji.o (.text.xunji_get_left_duty)
                  00003c0c    0000000c     mid_xunji.o (.text.xunji_get_right_duty)
                  00003c18    0000000a     driverlib.a : dl_common.o (.text.DL_Common_delayCycles)
                  00003c22    00000002     --HOLE-- [fill = 0]
                  00003c24    00000008     libclang_rt.builtins.a : aeabi_memcpy.S.obj (.text.__aeabi_memcpy)
                  00003c2c    00000008     app.o (.text.app_ball_error_cm_x10)
                  00003c34    00000006     libc.a : exit.c.obj (.text:abort)
                  00003c3a    00000004     startup_mspm0g350x_ticlang.o (.text.Default_Handler)
                  00003c3e    00000004     libsysbm.a : hostexit.c.obj (.text.HOSTexit)
                  00003c42    00000004     startup_mspm0g350x_ticlang.o (.text.Reset_Handler)
                  00003c46    00000002     --HOLE-- [fill = 0]
                  00003c48    00000010     libc.a : boot_cortex_m.c.obj (.tramp._c_int00_noargs.1)
                  00003c58    00000004            : pre_init.c.obj (.text._system_pre_init)
                  00003c5c    00000004     --HOLE-- [fill = 0]

.cinit     0    00004410    00000030     
                  00004410    0000000c     (__TI_handler_table)
                  0000441c    00000009     (.cinit..data.load) [load image, compression = lzss]
                  00004425    00000003     --HOLE-- [fill = 0]
                  00004428    00000008     (.cinit..bss.load) [load image, compression = zero_init]
                  00004430    00000010     (__TI_cinit_table)

.rodata    0    00003c60    000007b0     
                  00003c60    000005f0     bsp_OLED.o (.rodata.OLED_F8x16)
                  00004250    00000028     bsp_encoder.o (.rodata.gMotorCfg)
                  00004278    00000018     mid_xunji.o (.rodata.xunji_weight)
                  00004290    00000014     ti_msp_dl_config.o (.rodata.gGET_MPU6050TimerConfig)
                  000042a4    00000014     ti_msp_dl_config.o (.rodata.gMOTOR_MG310TimerConfig)
                  000042b8    00000012     app_topic.o (.rodata.str1.9486663581079043650.1)
                  000042ca    00000011     app_topic2.o (.rodata.str1.11637907035764662841.1)
                  000042db    00000011     app_topic2.o (.rodata.str1.12171569171194842568.1)
                  000042ec    00000011     app_topic2.o (.rodata.str1.16349647114421652513.1)
                  000042fd    00000011     app_topic2.o (.rodata.str1.8207448318112207736.1)
                  0000430e    00000011     app_topic2.o (.rodata.str1.8624329247525542652.1)
                  0000431f    00000010     app_zdt_x35_probe.o (.rodata.str1.10931688755843176637.1)
                  0000432f    00000010     app_zdt_x35_probe.o (.rodata.str1.6431335584214758584.1)
                  0000433f    00000010     app_topic2.o (.rodata.str1.6988687412150752997.1)
                  0000434f    0000000f     app_zdt_x35_probe.o (.rodata.str1.10188872388646842163.1)
                  0000435e    0000000e     app_topic.o (.rodata.str1.4335825486226380647.1)
                  0000436c    0000000e     app_zdt_x35_probe.o (.rodata.str1.7008513293307113734.1)
                  0000437a    0000000d     app_topic4.o (.rodata.str1.1288983306377878914.1)
                  00004387    0000000d     app_zdt_x35_probe.o (.rodata.str1.7261576705882836741.1)
                  00004394    0000000a     ti_msp_dl_config.o (.rodata.gZDT_X35Config)
                  0000439e    0000000a     ti_msp_dl_config.o (.rodata.gdebugConfig)
                  000043a8    0000000a     ti_msp_dl_config.o (.rodata.gfishpathConfig)
                  000043b2    0000000a     ti_msp_dl_config.o (.rodata.gmaixcamConfig)
                  000043bc    00000009     app_topic2.o (.rodata.str1.12499783107339344236.1)
                  000043c5    00000009     app_topic2.o (.rodata.str1.17651129339865841899.1)
                  000043ce    00000002     ti_msp_dl_config.o (.rodata.gZDT_X35ClockConfig)
                  000043d0    00000008     ti_msp_dl_config.o (.rodata.gBLDCConfig)
                  000043d8    00000008     ti_msp_dl_config.o (.rodata.gMG310_PWMConfig)
                  000043e0    00000008     ti_msp_dl_config.o (.rodata.gservoConfig)
                  000043e8    00000008     app_zdt_x35_probe.o (.rodata.str1.1945768649125881320.1)
                  000043f0    00000006     app_topic4.o (.rodata.str1.17403204383005889862.1)
                  000043f6    00000003     ti_msp_dl_config.o (.rodata.gBLDCClockConfig)
                  000043f9    00000003     ti_msp_dl_config.o (.rodata.gGET_MPU6050ClockConfig)
                  000043fc    00000003     ti_msp_dl_config.o (.rodata.gMG310_PWMClockConfig)
                  000043ff    00000003     ti_msp_dl_config.o (.rodata.gMOTOR_MG310ClockConfig)
                  00004402    00000003     ti_msp_dl_config.o (.rodata.gservoClockConfig)
                  00004405    00000002     ti_msp_dl_config.o (.rodata.gas5600ClockConfig)
                  00004407    00000002     ti_msp_dl_config.o (.rodata.gdebugClockConfig)
                  00004409    00000002     ti_msp_dl_config.o (.rodata.gfishpathClockConfig)
                  0000440b    00000002     ti_msp_dl_config.o (.rodata.gmaixcamClockConfig)
                  0000440d    00000003     --HOLE-- [fill = 0]

.init_array 
*          0    00000000    00000000     UNINITIALIZED

.binit     0    00000000    00000000     

.bss       0    20200000    000007ac     UNINITIALIZED
                  20200000    00000400     drv_uart.o (.bss.uart1_rx_buf)
                  20200400    000000bc     (.common:gBLDCBackup)
                  202004bc    000000bc     (.common:gMOTOR_MG310Backup)
                  20200578    000000a0     (.common:gGET_MPU6050Backup)
                  20200618    00000080     drv_zdt_x35_uart.o (.bss.g_zdt_x35_rx_buffer)
                  20200698    00000030     bsp_zdt_x35.o (.bss.g_zdt_x35_probe)
                  202006c8    00000030     (.common:gmaixcamBackup)
                  202006f8    00000020     bsp_zdt_x35.o (.bss.g_zdt_x35_build)
                  20200718    00000014     app_topic.o (.bss.btn_enter)
                  2020072c    00000014     app_topic.o (.bss.btn_next)
                  20200740    00000014     app_topic2.o (.bss.topic2_button)
                  20200754    0000000c     mid_xunji.o (.bss.sensor_pending)
                  20200760    0000000c     mid_xunji.o (.bss.sensor_raw)
                  2020076c    00000004     mid_xunji.o (.bss.base_speed)
                  20200770    00000004     mid_xunji.o (.bss.error_raw)
                  20200774    00000004     drv_zdt_x35_uart.o (.bss.g_zdt_x35_rx_overflow_count)
                  20200778    00000004     mid_xunji.o (.bss.left_duty)
                  2020077c    00000004     mid_xunji.o (.bss.position_raw)
                  20200780    00000004     mid_xunji.o (.bss.right_duty)
                  20200784    00000004     app_topic2.o (.bss.topic2_button_press_tick)
                  20200788    00000004     app_topic2.o (.bss.topic2_last_oled_tick)
                  2020078c    00000004     app_topic2.o (.bss.topic2_last_time_display_ms)
                  20200790    00000002     mid_xunji.o (.bss.corner_turn_cycles)
                  20200792    00000002     drv_zdt_x35_uart.o (.bss.g_zdt_x35_rx_head)
                  20200794    00000002     drv_zdt_x35_uart.o (.bss.g_zdt_x35_rx_tail)
                  20200796    00000002     (.common:err)
                  20200798    00000001     mid_xunji.o (.bss.active_sensor_count)
                  20200799    00000001     mid_xunji.o (.bss.corner_center_count)
                  2020079a    00000001     mid_xunji.o (.bss.corner_event)
                  2020079b    00000001     mid_xunji.o (.bss.corner_mark_count)
                  2020079c    00000001     mid_xunji.o (.bss.frame_index)
                  2020079d    00000001     mid_xunji.o (.bss.frame_receiving)
                  2020079e    00000001     bsp_zdt_x35.o (.bss.g_zdt_x35_build_length)
                  2020079f    00000001     mid_xunji.o (.bss.has_seen_line)
                  202007a0    00000001     mid_xunji.o (.bss.lost_line_count)
                  202007a1    00000001     mid_xunji.o (.bss.sensor_online)
                  202007a2    00000001     app_topic2.o (.bss.topic2_lap_count)
                  202007a3    00000001     app_topic2.o (.bss.topic2_long_press_handled)
                  202007a4    00000001     app_topic2.o (.bss.topic2_oled_dirty)
                  202007a5    00000001     app_topic2.o (.bss.topic2_run_finished)
                  202007a6    00000001     app_topic2.o (.bss.topic2_run_started)
                  202007a7    00000001     app_topic2.o (.bss.topic2_start_line_active)
                  202007a8    00000001     app_topic2.o (.bss.topic2_start_line_confirm)
                  202007a9    00000001     app_topic2.o (.bss.topic2_start_line_release)
                  202007aa    00000001     app_topic2.o (.bss.topic2_target_laps)
                  202007ab    00000001     mid_xunji.o (.bss.tracking_state)

.data      0    202007ac    00000048     UNINITIALIZED
                  202007ac    00000020     mid_xunji.o (.data.g_pid_xunji)
                  202007cc    00000008     drv_encoder.o (.data.g_encoder)
                  202007d4    00000004     mid_delay.o (.data.g_stopwatch_elapsed_ms)
                  202007d8    00000004     mid_delay.o (.data.g_system_ms)
                  202007dc    00000004     drv_tim.o (.data.g_timebase_ms)
                  202007e0    00000004     drv_uart.o (.data.vision_frame_count)
                  202007e4    00000002     drv_uart.o (.data.parse_x)
                  202007e6    00000002     drv_uart.o (.data.parse_y)
                  202007e8    00000002     drv_uart.o (.data.uart1_rx_head)
                  202007ea    00000002     drv_uart.o (.data.uart1_rx_tail)
                  202007ec    00000002     drv_uart.o (.data.vision_x)
                  202007ee    00000002     drv_uart.o (.data.vision_y)
                  202007f0    00000001     bsp_fishpath.o (.data.fishpath_running)
                  202007f1    00000001     mid_delay.o (.data.g_stopwatch_running)
                  202007f2    00000001     drv_uart.o (.data.parse_state)
                  202007f3    00000001     app_topic.o (.data.topicselect)

.stack     0    20207e00    00000200     UNINITIALIZED
                  20207e00    00000004     libc.a : boot_cortex_m.c.obj (.stack)
                  20207e04    000001fc     --HOLE--

__llvm_prf_cnts 
*          0    20200000    00000000     UNINITIALIZED

__llvm_prf_bits 
*          0    20200000    00000000     UNINITIALIZED

MODULE SUMMARY

       Module                         code    ro data   rw data
       ------                         ----    -------   -------
    .\
       ti_msp_dl_config.o             3280    129       584    
       startup_mspm0g350x_ticlang.o   8       192       0      
       empty.o                        22      0         0      
    +--+------------------------------+-------+---------+---------+
       Total:                         3310    321       584    
                                                               
    .\MSPM0G3507\Application\
       app_topic2.o                   1268    119       41     
       app_topic.o                    286     32        41     
       app_topic4.o                   288     19        2      
       app_zdt_x35_probe.o            222     82        0      
       app.o                          44      0         0      
       app_topic3.o                   16      0         0      
    +--+------------------------------+-------+---------+---------+
       Total:                         2124    252       84     
                                                               
    .\MSPM0G3507\BSP\
       bsp_OLED.o                     1152    1520      0      
       bsp_encoder.o                  476     40        0      
       bsp_button.o                   436     0         0      
       bsp_zdt_x35.o                  334     0         81     
       bsp_fishpath.o                 244     0         1      
    +--+------------------------------+-------+---------+---------+
       Total:                         2642    1560      82     
                                                               
    .\MSPM0G3507\Driver\
       drv_uart.o                     1026    0         1041   
       drv_zdt_x35_uart.o             574     0         136    
       drv_encoder.o                  624     0         8      
       drv_tim.o                      606     0         4      
    +--+------------------------------+-------+---------+---------+
       Total:                         2830    0         1189   
                                                               
    .\MSPM0G3507\Middleware\
       mid_xunji.o                    1596    24        88     
       mid_pid.o                      328     0         0      
       mid_delay.o                    266     0         9      
    +--+------------------------------+-------+---------+---------+
       Total:                         2190    24        97     
                                                               
    C:/TI/mspm0_sdk_2_10_00_04/source/ti/driverlib/lib/ticlang/m0p/mspm0g1x0x_g3x0x/driverlib.a
       dl_timer.o                     608     0         0      
       dl_uart.o                      118     0         0      
       dl_i2c.o                       38      0         0      
       dl_common.o                    10      0         0      
    +--+------------------------------+-------+---------+---------+
       Total:                         774     0         0      
                                                               
    D:\TI2.0\CCS\ccs\tools\compiler\ti-cgt-armllvm_4.0.4.LTS\lib\armv6m-ti-none-eabi/c/libc.a
       copy_decompress_lzss.c.obj     124     0         0      
       autoinit.c.obj                 60      0         0      
       boot_cortex_m.c.obj            56      0         0      
       copy_decompress_none.c.obj     18      0         0      
       memcpy16.S.obj                 18      0         0      
       copy_zero_init.c.obj           16      0         0      
       memset16.S.obj                 14      0         0      
       exit.c.obj                     6       0         0      
       pre_init.c.obj                 4       0         0      
    +--+------------------------------+-------+---------+---------+
       Total:                         316     0         0      
                                                               
    D:\TI2.0\CCS\ccs\tools\compiler\ti-cgt-armllvm_4.0.4.LTS\lib\armv6m-ti-none-eabi/c/libsysbm.a
       hostexit.c.obj                 4       0         0      
    +--+------------------------------+-------+---------+---------+
       Total:                         4       0         0      
                                                               
    D:\TI2.0\CCS\ccs\tools\compiler\ti-cgt-armllvm_4.0.4.LTS\lib\armv6m-ti-none-eabi/libclang_rt.builtins.a
       addsf3.S.obj                   216     0         0      
       mulsf3.S.obj                   140     0         0      
       divsf3.S.obj                   130     0         0      
       comparesf2.S.obj               118     0         0      
       aeabi_fcmp.S.obj               98      0         0      
       aeabi_idivmod.S.obj            86      0         0      
       aeabi_uidivmod.S.obj           64      0         0      
       floatsisf.S.obj                60      0         0      
       muldsi3.S.obj                  58      0         0      
       fixsfsi.S.obj                  56      0         0      
       aeabi_memset.S.obj             12      0         0      
       aeabi_memcpy.S.obj             8       0         0      
       aeabi_div0.c.obj               2       0         0      
    +--+------------------------------+-------+---------+---------+
       Total:                         1048    0         0      
                                                               
       Stack:                         0       0         512    
       Linker Generated:              0       45        0      
    +--+------------------------------+-------+---------+---------+
       Grand Total:                   15238   2202      2548   


LINKER GENERATED COPY TABLES

__TI_cinit_table @ 00004430 records: 2, size/record: 8, table size: 16
	.data: load addr=0000441c, load size=00000009 bytes, run addr=202007ac, run size=00000048 bytes, compression=lzss
	.bss: load addr=00004428, load size=00000008 bytes, run addr=20200000, run size=000007ac bytes, compression=zero_init


LINKER GENERATED HANDLER TABLE

__TI_handler_table @ 00004410 records: 3, size/record: 4, table size: 12
	index: 0, handler: __TI_decompress_lzss
	index: 1, handler: __TI_decompress_none
	index: 2, handler: __TI_zero_init


FAR CALL TRAMPOLINES

callee name               trampoline name
   callee addr  tramp addr   call addr  call info
--------------  -----------  ---------  ----------------
_c_int00_noargs           $Tramp$TT$L$PI$$_c_int00_noargs
   0000328d     00003c48     00003c42   startup_mspm0g350x_ticlang.o (.text.Reset_Handler)

[1 trampolines]
[1 trampoline calls]


GLOBAL SYMBOLS: SORTED ALPHABETICALLY BY Name 

address   name                            
-------   ----                            
00003c3b  ADC0_IRQHandler                 
00003c3b  ADC1_IRQHandler                 
00003c3b  AES_IRQHandler                  
00003c3e  C$$EXIT                         
00003c3b  CANFD0_IRQHandler               
00003c3b  DAC0_IRQHandler                 
00003c19  DL_Common_delayCycles           
000032db  DL_I2C_setClockConfig           
00000c55  DL_Timer_initFourCCPWMMode      
00000d59  DL_Timer_initTimerMode          
00003561  DL_Timer_setCaptCompUpdateMethod
00003825  DL_Timer_setCaptureCompareOutCtl
00003b35  DL_Timer_setCaptureCompareValue 
0000357d  DL_Timer_setClockConfig         
00002795  DL_UART_init                    
00003abd  DL_UART_setClockConfig          
000035ed  DL_UART_transmitDataCheck       
00003c3b  DMA_IRQHandler                  
00003c3b  Default_Handler                 
00003c3b  GROUP0_IRQHandler               
000038fd  GROUP1_IRQHandler               
00003c3f  HOSTexit                        
00003c3b  HardFault_Handler               
00003c3b  I2C0_IRQHandler                 
00003c3b  I2C1_IRQHandler                 
00003c3b  NMI_Handler                     
000023c9  OLED_Clear                      
00003c60  OLED_F8x16                      
00001d23  OLED_I2C_Init                   
00002477  OLED_I2C_SendByte               
00003327  OLED_I2C_Start                  
00003609  OLED_I2C_Stop                   
000010f1  OLED_Init                       
00003265  OLED_Pow                        
00002ced  OLED_SetCursor                  
00001565  OLED_ShowChar                   
00001e9d  OLED_ShowNum                    
00002749  OLED_ShowString                 
00002c0d  OLED_W_SCL                      
00002c45  OLED_W_SDA                      
000030f5  OLED_WriteCommand               
0000311f  OLED_WriteData                  
00003c3b  PendSV_Handler                  
00003c3b  RTC_IRQHandler                  
00003c43  Reset_Handler                   
00003c3b  SPI0_IRQHandler                 
00003c3b  SPI1_IRQHandler                 
00003c3b  SVC_Handler                     
0000133d  SYSCFG_DL_BLDC_init             
00002d25  SYSCFG_DL_GET_MPU6050_init      
00000649  SYSCFG_DL_GPIO_init             
00001a81  SYSCFG_DL_MG310_PWM_init        
00002d59  SYSCFG_DL_MOTOR_MG310_init      
00003149  SYSCFG_DL_SYSCTL_init           
00003bc3  SYSCFG_DL_SYSTICK_init          
00002065  SYSCFG_DL_ZDT_X35_init          
00002319  SYSCFG_DL_as5600_init           
000025c5  SYSCFG_DL_debug_init            
000028b5  SYSCFG_DL_fishpath_init         
000020cd  SYSCFG_DL_init                  
00000e55  SYSCFG_DL_initPower             
000027dd  SYSCFG_DL_maixcam_init          
00002131  SYSCFG_DL_servo_init            
00003c3b  SysTick_Handler                 
00003c3b  TIMA0_IRQHandler                
00002dc1  TIMA1_IRQHandler                
00003c3b  TIMG0_IRQHandler                
00003c3b  TIMG12_IRQHandler               
00002df1  TIMG6_IRQHandler                
00003c3b  TIMG7_IRQHandler                
00003c3b  TIMG8_IRQHandler                
00003ae1  TI_memcpy_small                 
00003bb5  TI_memset_small                 
00003c3b  UART0_IRQHandler                
00002195  UART1_IRQHandler                
00001da5  UART2_IRQHandler                
0000080d  UART3_IRQHandler                
20208000  __STACK_END                     
00000200  __STACK_SIZE                    
00000000  __TI_ATRegion0_region_sz        
00000000  __TI_ATRegion0_src_addr         
00000000  __TI_ATRegion0_trg_addr         
00000000  __TI_ATRegion1_region_sz        
00000000  __TI_ATRegion1_src_addr         
00000000  __TI_ATRegion1_trg_addr         
00000000  __TI_ATRegion2_region_sz        
00000000  __TI_ATRegion2_src_addr         
00000000  __TI_ATRegion2_trg_addr         
00004430  __TI_CINIT_Base                 
00004440  __TI_CINIT_Limit                
00004440  __TI_CINIT_Warm                 
00004410  __TI_Handler_Table_Base         
0000441c  __TI_Handler_Table_Limit        
00002b21  __TI_auto_init_nobinit_nopinit  
00001e21  __TI_decompress_lzss            
00003af3  __TI_decompress_none            
ffffffff  __TI_pprof_out_hndl             
ffffffff  __TI_prof_data_size             
ffffffff  __TI_prof_data_start            
00000000  __TI_static_base__              
00003ba5  __TI_zero_init                  
00001023  __addsf3                        
00002c7d  __aeabi_f2iz                    
00001023  __aeabi_fadd                    
000021f9  __aeabi_fcmpeq                  
00002235  __aeabi_fcmpge                  
00002249  __aeabi_fcmpgt                  
00002221  __aeabi_fcmple                  
0000220d  __aeabi_fcmplt                  
00001ca1  __aeabi_fdiv                    
00001b0d  __aeabi_fmul                    
00001019  __aeabi_fsub                    
00002a31  __aeabi_i2f                     
00002421  __aeabi_idiv                    
00001ff7  __aeabi_idiv0                   
00002421  __aeabi_idivmod                 
00003bd1  __aeabi_memclr                  
00003bd1  __aeabi_memclr4                 
00003bd1  __aeabi_memclr8                 
00003c25  __aeabi_memcpy                  
00003c25  __aeabi_memcpy4                 
00003c25  __aeabi_memcpy8                 
000028f5  __aeabi_uidiv                   
000028f5  __aeabi_uidivmod                
ffffffff  __binit__                       
00002b5d  __cmpsf2                        
00001ca1  __divsf3                        
00002b5d  __eqsf2                         
00002c7d  __fixsfsi                       
00002a31  __floatsisf                     
00002a6d  __gesf2                         
00002a6d  __gtsf2                         
00002b5d  __lesf2                         
00002b5d  __ltsf2                         
UNDEFED   __mpu_init                      
00002b99  __muldsi3                       
00001b0d  __mulsf3                        
00002b5d  __nesf2                         
20207e00  __stack                         
20200000  __start___llvm_prf_bits         
20200000  __start___llvm_prf_cnts         
20200000  __stop___llvm_prf_bits          
20200000  __stop___llvm_prf_cnts          
00001019  __subsf3                        
0000328d  _c_int00_noargs                 
UNDEFED   _system_post_cinit              
00003c59  _system_pre_init                
00003c35  abort                           
00003c2d  app_ball_error_cm_x10           
0000334d  app_ball_position_cm_x10        
00003019  app_zdt_x35_move_down           
00002e21  app_zdt_x35_move_up             
ffffffff  binit                           
000026fd  button_init                     
00003371  button_is_clicked               
00003bdd  button_is_pressed               
00003395  button_is_released              
000011bf  button_update                   
00001c1d  ctrl_step                       
00002935  delay_ms                        
00003acf  delay_us                        
00001955  drv_timebase_get_ms             
00002825  drv_timebase_start              
00003045  drv_timebase_stop               
00003b45  drv_uart0_init                  
00003625  drv_uart1_available             
00003a4d  drv_uart1_flush                 
00003071  drv_uart1_init                  
000024cd  drv_uart1_read                  
00002ee1  drv_uart_send_string            
00003be9  drv_vision_get_x                
00002371  drv_vision_uart3_init           
00001ff9  drv_zdt_x35_uart_init           
00001775  drv_zdt_x35_uart_write          
20200796  err                             
00002e51  fishpath_init                   
00003b55  fishpath_set_speed              
00003bf5  fishpath_start                  
00003a61  fishpath_stop                   
000019ed  fishpath_update                 
20200400  gBLDCBackup                     
20200578  gGET_MPU6050Backup              
202004bc  gMOTOR_MG310Backup              
202007ac  g_pid_xunji                     
00003b65  get_system_ms                   
202006c8  gmaixcamBackup                  
00000000  interruptVectors                
0000396d  main                            
000033b9  mg310_motorForward              
00002975  mg310_motorInit                 
00003b75  mg310_motorInitAll              
00002615  mg310_motorSetSpeed             
000033dd  mg310_motorStop                 
00003b85  mg310_motorStopAll              
0000309d  mid_stopwatch_get_elapsed_ms    
00003641  mid_stopwatch_start             
00002e81  mid_stopwatch_stop              
000029b5  pid_init                        
00000a45  pid_update                      
00000f3d  topic                           
0000225b  topic1                          
000003a9  topic2                          
00003b95  topic3                          
000018b9  topic4                          
0000241f  topic5                          
000024cb  topic6                          
202007f3  topicselect                     
202007ec  vision_x                        
202007ee  vision_y                        
00003c01  xunji_get_left_duty             
00003c0d  xunji_get_right_duty            
00002cb5  xunji_get_sensors               
00001619  xunji_init                      
00001d25  xunji_reset_tracking            
00003441  xunji_set_base_speed            
000000c1  xunji_update                    
000030c9  zdt_x35_init                    
000014ad  zdt_x35_move_position           
00002bd3  zdt_x35_set_enable              


GLOBAL SYMBOLS: SORTED BY Symbol Address 

address   name                            
-------   ----                            
00000000  __TI_ATRegion0_region_sz        
00000000  __TI_ATRegion0_src_addr         
00000000  __TI_ATRegion0_trg_addr         
00000000  __TI_ATRegion1_region_sz        
00000000  __TI_ATRegion1_src_addr         
00000000  __TI_ATRegion1_trg_addr         
00000000  __TI_ATRegion2_region_sz        
00000000  __TI_ATRegion2_src_addr         
00000000  __TI_ATRegion2_trg_addr         
00000000  __TI_static_base__              
00000000  interruptVectors                
000000c1  xunji_update                    
00000200  __STACK_SIZE                    
000003a9  topic2                          
00000649  SYSCFG_DL_GPIO_init             
0000080d  UART3_IRQHandler                
00000a45  pid_update                      
00000c55  DL_Timer_initFourCCPWMMode      
00000d59  DL_Timer_initTimerMode          
00000e55  SYSCFG_DL_initPower             
00000f3d  topic                           
00001019  __aeabi_fsub                    
00001019  __subsf3                        
00001023  __addsf3                        
00001023  __aeabi_fadd                    
000010f1  OLED_Init                       
000011bf  button_update                   
0000133d  SYSCFG_DL_BLDC_init             
000014ad  zdt_x35_move_position           
00001565  OLED_ShowChar                   
00001619  xunji_init                      
00001775  drv_zdt_x35_uart_write          
000018b9  topic4                          
00001955  drv_timebase_get_ms             
000019ed  fishpath_update                 
00001a81  SYSCFG_DL_MG310_PWM_init        
00001b0d  __aeabi_fmul                    
00001b0d  __mulsf3                        
00001c1d  ctrl_step                       
00001ca1  __aeabi_fdiv                    
00001ca1  __divsf3                        
00001d23  OLED_I2C_Init                   
00001d25  xunji_reset_tracking            
00001da5  UART2_IRQHandler                
00001e21  __TI_decompress_lzss            
00001e9d  OLED_ShowNum                    
00001ff7  __aeabi_idiv0                   
00001ff9  drv_zdt_x35_uart_init           
00002065  SYSCFG_DL_ZDT_X35_init          
000020cd  SYSCFG_DL_init                  
00002131  SYSCFG_DL_servo_init            
00002195  UART1_IRQHandler                
000021f9  __aeabi_fcmpeq                  
0000220d  __aeabi_fcmplt                  
00002221  __aeabi_fcmple                  
00002235  __aeabi_fcmpge                  
00002249  __aeabi_fcmpgt                  
0000225b  topic1                          
00002319  SYSCFG_DL_as5600_init           
00002371  drv_vision_uart3_init           
000023c9  OLED_Clear                      
0000241f  topic5                          
00002421  __aeabi_idiv                    
00002421  __aeabi_idivmod                 
00002477  OLED_I2C_SendByte               
000024cb  topic6                          
000024cd  drv_uart1_read                  
000025c5  SYSCFG_DL_debug_init            
00002615  mg310_motorSetSpeed             
000026fd  button_init                     
00002749  OLED_ShowString                 
00002795  DL_UART_init                    
000027dd  SYSCFG_DL_maixcam_init          
00002825  drv_timebase_start              
000028b5  SYSCFG_DL_fishpath_init         
000028f5  __aeabi_uidiv                   
000028f5  __aeabi_uidivmod                
00002935  delay_ms                        
00002975  mg310_motorInit                 
000029b5  pid_init                        
00002a31  __aeabi_i2f                     
00002a31  __floatsisf                     
00002a6d  __gesf2                         
00002a6d  __gtsf2                         
00002b21  __TI_auto_init_nobinit_nopinit  
00002b5d  __cmpsf2                        
00002b5d  __eqsf2                         
00002b5d  __lesf2                         
00002b5d  __ltsf2                         
00002b5d  __nesf2                         
00002b99  __muldsi3                       
00002bd3  zdt_x35_set_enable              
00002c0d  OLED_W_SCL                      
00002c45  OLED_W_SDA                      
00002c7d  __aeabi_f2iz                    
00002c7d  __fixsfsi                       
00002cb5  xunji_get_sensors               
00002ced  OLED_SetCursor                  
00002d25  SYSCFG_DL_GET_MPU6050_init      
00002d59  SYSCFG_DL_MOTOR_MG310_init      
00002dc1  TIMA1_IRQHandler                
00002df1  TIMG6_IRQHandler                
00002e21  app_zdt_x35_move_up             
00002e51  fishpath_init                   
00002e81  mid_stopwatch_stop              
00002ee1  drv_uart_send_string            
00003019  app_zdt_x35_move_down           
00003045  drv_timebase_stop               
00003071  drv_uart1_init                  
0000309d  mid_stopwatch_get_elapsed_ms    
000030c9  zdt_x35_init                    
000030f5  OLED_WriteCommand               
0000311f  OLED_WriteData                  
00003149  SYSCFG_DL_SYSCTL_init           
00003265  OLED_Pow                        
0000328d  _c_int00_noargs                 
000032db  DL_I2C_setClockConfig           
00003327  OLED_I2C_Start                  
0000334d  app_ball_position_cm_x10        
00003371  button_is_clicked               
00003395  button_is_released              
000033b9  mg310_motorForward              
000033dd  mg310_motorStop                 
00003441  xunji_set_base_speed            
00003561  DL_Timer_setCaptCompUpdateMethod
0000357d  DL_Timer_setClockConfig         
000035ed  DL_UART_transmitDataCheck       
00003609  OLED_I2C_Stop                   
00003625  drv_uart1_available             
00003641  mid_stopwatch_start             
00003825  DL_Timer_setCaptureCompareOutCtl
000038fd  GROUP1_IRQHandler               
0000396d  main                            
00003a4d  drv_uart1_flush                 
00003a61  fishpath_stop                   
00003abd  DL_UART_setClockConfig          
00003acf  delay_us                        
00003ae1  TI_memcpy_small                 
00003af3  __TI_decompress_none            
00003b35  DL_Timer_setCaptureCompareValue 
00003b45  drv_uart0_init                  
00003b55  fishpath_set_speed              
00003b65  get_system_ms                   
00003b75  mg310_motorInitAll              
00003b85  mg310_motorStopAll              
00003b95  topic3                          
00003ba5  __TI_zero_init                  
00003bb5  TI_memset_small                 
00003bc3  SYSCFG_DL_SYSTICK_init          
00003bd1  __aeabi_memclr                  
00003bd1  __aeabi_memclr4                 
00003bd1  __aeabi_memclr8                 
00003bdd  button_is_pressed               
00003be9  drv_vision_get_x                
00003bf5  fishpath_start                  
00003c01  xunji_get_left_duty             
00003c0d  xunji_get_right_duty            
00003c19  DL_Common_delayCycles           
00003c25  __aeabi_memcpy                  
00003c25  __aeabi_memcpy4                 
00003c25  __aeabi_memcpy8                 
00003c2d  app_ball_error_cm_x10           
00003c35  abort                           
00003c3b  ADC0_IRQHandler                 
00003c3b  ADC1_IRQHandler                 
00003c3b  AES_IRQHandler                  
00003c3b  CANFD0_IRQHandler               
00003c3b  DAC0_IRQHandler                 
00003c3b  DMA_IRQHandler                  
00003c3b  Default_Handler                 
00003c3b  GROUP0_IRQHandler               
00003c3b  HardFault_Handler               
00003c3b  I2C0_IRQHandler                 
00003c3b  I2C1_IRQHandler                 
00003c3b  NMI_Handler                     
00003c3b  PendSV_Handler                  
00003c3b  RTC_IRQHandler                  
00003c3b  SPI0_IRQHandler                 
00003c3b  SPI1_IRQHandler                 
00003c3b  SVC_Handler                     
00003c3b  SysTick_Handler                 
00003c3b  TIMA0_IRQHandler                
00003c3b  TIMG0_IRQHandler                
00003c3b  TIMG12_IRQHandler               
00003c3b  TIMG7_IRQHandler                
00003c3b  TIMG8_IRQHandler                
00003c3b  UART0_IRQHandler                
00003c3e  C$$EXIT                         
00003c3f  HOSTexit                        
00003c43  Reset_Handler                   
00003c59  _system_pre_init                
00003c60  OLED_F8x16                      
00004410  __TI_Handler_Table_Base         
0000441c  __TI_Handler_Table_Limit        
00004430  __TI_CINIT_Base                 
00004440  __TI_CINIT_Limit                
00004440  __TI_CINIT_Warm                 
20200000  __start___llvm_prf_bits         
20200000  __start___llvm_prf_cnts         
20200000  __stop___llvm_prf_bits          
20200000  __stop___llvm_prf_cnts          
20200400  gBLDCBackup                     
202004bc  gMOTOR_MG310Backup              
20200578  gGET_MPU6050Backup              
202006c8  gmaixcamBackup                  
20200796  err                             
202007ac  g_pid_xunji                     
202007ec  vision_x                        
202007ee  vision_y                        
202007f3  topicselect                     
20207e00  __stack                         
20208000  __STACK_END                     
ffffffff  __TI_pprof_out_hndl             
ffffffff  __TI_prof_data_size             
ffffffff  __TI_prof_data_start            
ffffffff  __binit__                       
ffffffff  binit                           
UNDEFED   __mpu_init                      
UNDEFED   _system_post_cinit              

[219 symbols]
