******************************************************************************
            TI ARM Clang Linker PC v4.0.4                      
******************************************************************************
>> Linked Tue Jul 21 17:53:32 2026

OUTPUT FILE NAME:   <first.out>
ENTRY POINT SYMBOL: "_c_int00_noargs"  address: 00001171


MEMORY CONFIGURATION

         name            origin    length      used     unused   attr    fill
----------------------  --------  ---------  --------  --------  ----  --------
  FLASH                 00000000   00020000  000018e0  0001e720  R  X
  SRAM                  20200000   00008000  000006f4  0000790c  RW X
  BCR_CONFIG            41c00000   000000ff  00000000  000000ff  R   
  BSL_CONFIG            41c00100   00000080  00000000  00000080  R   


SEGMENT ALLOCATION MAP

run origin  load origin   length   init length attrs members
----------  ----------- ---------- ----------- ----- -------
00000000    00000000    000018e0   000018e0    r-x
  00000000    00000000    000000c0   000000c0    r-- .intvecs
  000000c0    000000c0    000015a8   000015a8    r-x .text
  00001668    00001668    00000248   00000248    r-- .rodata
  000018b0    000018b0    00000030   00000030    r-- .cinit
20200000    20200000    000004f4   00000000    rw-
  20200000    20200000    000004ec   00000000    rw- .bss
  202004ec    202004ec    00000008   00000000    rw- .data
20207e00    20207e00    00000200   00000000    rw-
  20207e00    20207e00    00000200   00000000    rw- .stack


SECTION ALLOCATION MAP

 output                                  attributes/
section   page    origin      length       input sections
--------  ----  ----------  ----------   ----------------
.intvecs   0    00000000    000000c0     
                  00000000    000000c0     startup_mspm0g350x_ticlang.o (.intvecs)

.text      0    000000c0    000015a8     
                  000000c0    00000204     app_f32c_gimbal_test.o (.text.app_f32c_gimbal_test)
                  000002c4    0000014c     ti_msp_dl_config.o (.text.SYSCFG_DL_GPIO_init)
                  00000410    00000104     driverlib.a : dl_timer.o (.text.DL_Timer_initFourCCPWMMode)
                  00000514    000000d8     libclang_rt.builtins.a : addsf3.S.obj (.text)
                  000005ec    000000b8     ti_msp_dl_config.o (.text.SYSCFG_DL_BLDC_init)
                  000006a4    000000a0     ti_msp_dl_config.o (.text.SYSCFG_DL_initPower)
                  00000744    0000008c     ti_msp_dl_config.o (.text.SYSCFG_DL_MG310_PWM_init)
                  000007d0    0000008c     libclang_rt.builtins.a : mulsf3.S.obj (.text.__mulsf3)
                  0000085c    00000084     ti_msp_dl_config.o (.text.__NVIC_SetPriority)
                  000008e0    00000084     bsp_f32c_gimbal.o (.text.bsp_f32c_motor_set_single_turn_angle)
                  00000964    0000007c     libc.a : copy_decompress_lzss.c.obj (.text:decompress:lzss)
                  000009e0    00000068     drv_uart.o (.text.UART1_IRQHandler)
                  00000a48    00000062     libclang_rt.builtins.a : aeabi_fcmp.S.obj (.text.__aeabi_fcmp)
                  00000aaa    00000002     drv_uart.o (.text.drv_f32c_uart_init)
                  00000aac    00000058     ti_msp_dl_config.o (.text.SYSCFG_DL_as5600_init)
                  00000b04    00000050     ti_msp_dl_config.o (.text.DL_GPIO_initPeripheralInputFunctionFeatures)
                  00000b54    00000050     ti_msp_dl_config.o (.text.SYSCFG_DL_debug_init)
                  00000ba4    0000004c     ti_msp_dl_config.o (.text.DL_GPIO_initDigitalInputFeatures)
                  00000bf0    0000004c     ti_msp_dl_config.o (.text.DL_UART_setBaudRateDivisor)
                  00000c3c    0000004c     bsp_f32c_gimbal.o (.text.bsp_f32c_motor_set_speed)
                  00000c88    0000004c     drv_uart.o (.text.drv_f32c_uart_write)
                  00000cd4    00000048     driverlib.a : dl_uart.o (.text.DL_UART_init)
                  00000d1c    00000046     bsp_f32c_gimbal.o (.text.f32c_bcc)
                  00000d62    00000002     --HOLE-- [fill = 0]
                  00000d64    00000044     ti_msp_dl_config.o (.text.SYSCFG_DL_init)
                  00000da8    00000042     bsp_f32c_gimbal.o (.text.f32c_send_command16)
                  00000dea    00000002     --HOLE-- [fill = 0]
                  00000dec    00000040     ti_msp_dl_config.o (.text.SYSCFG_DL_f32c_init)
                  00000e2c    00000040     ti_msp_dl_config.o (.text.SYSCFG_DL_fishpath_init)
                  00000e6c    00000040     mid_delay.o (.text.delay_ms)
                  00000eac    0000003c     ti_msp_dl_config.o (.text.DL_Timer_setCounterControl)
                  00000ee8    0000003c     libclang_rt.builtins.a : comparesf2.S.obj (.text.__gtsf2)
                  00000f24    0000003c     libc.a : autoinit.c.obj (.text:__TI_auto_init_nobinit_nopinit)
                  00000f60    0000003a     libclang_rt.builtins.a : comparesf2.S.obj (.text.__eqsf2)
                  00000f9a    00000002     --HOLE-- [fill = 0]
                  00000f9c    0000003a                            : muldsi3.S.obj (.text.__muldsi3)
                  00000fd6    00000002     --HOLE-- [fill = 0]
                  00000fd8    00000038                            : fixsfsi.S.obj (.text.__fixsfsi)
                  00001010    00000036     bsp_f32c_gimbal.o (.text.f32c_send_command0)
                  00001046    00000002     --HOLE-- [fill = 0]
                  00001048    00000030     driverlib.a : dl_uart.o (.text.DL_UART_transmitDataBlocking)
                  00001078    0000002c     drv_uart.o (.text.drv_uart_send_string)
                  000010a4    0000002a     ti_msp_dl_config.o (.text.SYSCFG_DL_SYSCTL_init)
                  000010ce    00000028     ti_msp_dl_config.o (.text.DL_Common_updateReg)
                  000010f6    00000002     --HOLE-- [fill = 0]
                  000010f8    00000028     ti_msp_dl_config.o (.text.DL_I2C_setControllerRXFIFOThreshold)
                  00001120    00000028     ti_msp_dl_config.o (.text.DL_I2C_setControllerTXFIFOThreshold)
                  00001148    00000028     ti_msp_dl_config.o (.text.DL_SYSTICK_init)
                  00001170    00000028     libc.a : boot_cortex_m.c.obj (.text:_c_int00_noargs)
                  00001198    00000026     ti_msp_dl_config.o (.text.DL_I2C_setAnalogGlitchFilterPulseWidth)
                  000011be    00000026     driverlib.a : dl_i2c.o (.text.DL_I2C_setClockConfig)
                  000011e4    00000020     ti_msp_dl_config.o (.text.DL_GPIO_initPeripheralInputFunction)
                  00001204    0000001e     ti_msp_dl_config.o (.text.DL_UART_setOversampling)
                  00001222    00000002     --HOLE-- [fill = 0]
                  00001224    0000001c     ti_msp_dl_config.o (.text.DL_GPIO_enableHiZ)
                  00001240    0000001c     ti_msp_dl_config.o (.text.DL_GPIO_initPeripheralOutputFunction)
                  0000125c    0000001c     ti_msp_dl_config.o (.text.DL_SYSCTL_setMCLKDivider)
                  00001278    0000001c     ti_msp_dl_config.o (.text.DL_SYSCTL_setSYSOSCFreq)
                  00001294    0000001c     ti_msp_dl_config.o (.text.DL_SYSCTL_setULPCLKDivider)
                  000012b0    0000001c     driverlib.a : dl_timer.o (.text.DL_Timer_setCaptCompUpdateMethod)
                  000012cc    0000001c                 : dl_timer.o (.text.DL_Timer_setClockConfig)
                  000012e8    0000001c     ti_msp_dl_config.o (.text.DL_UART_enableInterrupt)
                  00001304    00000018     ti_msp_dl_config.o (.text.DL_GPIO_enableOutput)
                  0000131c    00000018     ti_msp_dl_config.o (.text.DL_GPIO_enablePower)
                  00001334    00000018     ti_msp_dl_config.o (.text.DL_GPIO_initDigitalOutput)
                  0000134c    00000018     ti_msp_dl_config.o (.text.DL_GPIO_reset)
                  00001364    00000018     ti_msp_dl_config.o (.text.DL_GPIO_setPins)
                  0000137c    00000018     ti_msp_dl_config.o (.text.DL_I2C_enableAnalogGlitchFilter)
                  00001394    00000018     ti_msp_dl_config.o (.text.DL_I2C_enableController)
                  000013ac    00000018     ti_msp_dl_config.o (.text.DL_I2C_enableControllerClockStretching)
                  000013c4    00000018     ti_msp_dl_config.o (.text.DL_I2C_enablePower)
                  000013dc    00000018     ti_msp_dl_config.o (.text.DL_I2C_reset)
                  000013f4    00000018     ti_msp_dl_config.o (.text.DL_I2C_setTimerPeriod)
                  0000140c    00000018     ti_msp_dl_config.o (.text.DL_SYSCTL_setBORThreshold)
                  00001424    00000018     ti_msp_dl_config.o (.text.DL_Timer_enablePower)
                  0000143c    00000018     ti_msp_dl_config.o (.text.DL_Timer_reset)
                  00001454    00000018     driverlib.a : dl_timer.o (.text.DL_Timer_setCaptureCompareOutCtl)
                  0000146c    00000018     ti_msp_dl_config.o (.text.DL_UART_enablePower)
                  00001484    00000018     ti_msp_dl_config.o (.text.DL_UART_reset)
                  0000149c    00000018     bsp_f32c_gimbal.o (.text.bsp_f32c_motor_set_single_turn_mode)
                  000014b4    00000016     ti_msp_dl_config.o (.text.DL_UART_enable)
                  000014ca    00000016     bsp_f32c_gimbal.o (.text.bsp_f32c_motor_disable)
                  000014e0    00000016     bsp_f32c_gimbal.o (.text.bsp_f32c_motor_enable)
                  000014f6    00000016     empty.o (.text.main)
                  0000150c    00000014     ti_msp_dl_config.o (.text.DL_GPIO_clearPins)
                  00001520    00000014     ti_msp_dl_config.o (.text.DL_I2C_resetControllerTransfer)
                  00001534    00000014     ti_msp_dl_config.o (.text.DL_SYSCTL_disableSYSPLL)
                  00001548    00000014     ti_msp_dl_config.o (.text.DL_Timer_enableClock)
                  0000155c    00000014     ti_msp_dl_config.o (.text.DL_Timer_setCCPDirection)
                  00001570    00000014     drv_uart.o (.text.DL_UART_receiveData)
                  00001584    00000012     drv_uart.o (.text.DL_UART_getPendingInterrupt)
                  00001596    00000012     driverlib.a : dl_uart.o (.text.DL_UART_setClockConfig)
                  000015a8    00000012     libc.a : memcpy16.S.obj (.text:TI_memcpy_small)
                  000015ba    00000012            : copy_decompress_none.c.obj (.text:decompress:none)
                  000015cc    00000010     ti_msp_dl_config.o (.text.DL_SYSCTL_disableHFXT)
                  000015dc    00000010     mid_delay.o (.text.DL_SYSTICK_enable)
                  000015ec    00000010     driverlib.a : dl_timer.o (.text.DL_Timer_setCaptureCompareValue)
                  000015fc    00000010     libc.a : copy_zero_init.c.obj (.text:decompress:ZI)
                  0000160c    0000000e            : memset16.S.obj (.text:TI_memset_small)
                  0000161a    0000000c     ti_msp_dl_config.o (.text.SYSCFG_DL_SYSTICK_init)
                  00001626    00000002     --HOLE-- [fill = 0]
                  00001628    0000000c     libclang_rt.builtins.a : aeabi_memset.S.obj (.text.__aeabi_memclr)
                  00001634    0000000a     driverlib.a : dl_common.o (.text.DL_Common_delayCycles)
                  0000163e    00000002     --HOLE-- [fill = 0]
                  00001640    00000008     libclang_rt.builtins.a : aeabi_memcpy.S.obj (.text.__aeabi_memcpy)
                  00001648    00000008     bsp_f32c_gimbal.o (.text.bsp_f32c_gimbal_init)
                  00001650    00000006     libc.a : exit.c.obj (.text:abort)
                  00001656    00000004     startup_mspm0g350x_ticlang.o (.text.Default_Handler)
                  0000165a    00000004     libsysbm.a : hostexit.c.obj (.text.HOSTexit)
                  0000165e    00000004     startup_mspm0g350x_ticlang.o (.text.Reset_Handler)
                  00001662    00000004     libc.a : pre_init.c.obj (.text._system_pre_init)
                  00001666    00000002     --HOLE-- [fill = 0]

.cinit     0    000018b0    00000030     
                  000018b0    0000000c     (__TI_handler_table)
                  000018bc    00000008     (.cinit..bss.load) [load image, compression = zero_init]
                  000018c4    00000007     (.cinit..data.load) [load image, compression = lzss]
                  000018cb    00000001     --HOLE-- [fill = 0]
                  000018cc    00000010     (__TI_cinit_table)
                  000018dc    00000004     --HOLE-- [fill = 0]

.rodata    0    00001668    00000248     
                  00001668    0000002d     app_f32c_gimbal_test.o (.rodata.str1.8302098840890403050.1)
                  00001695    00000029     app_f32c_gimbal_test.o (.rodata.str1.6057519783632330106.1)
                  000016be    00000029     app_f32c_gimbal_test.o (.rodata.str1.8281614801386176488.1)
                  000016e7    00000023     app_f32c_gimbal_test.o (.rodata.str1.16719903226387590678.1)
                  0000170a    00000023     app_f32c_gimbal_test.o (.rodata.str1.1732563555032404382.1)
                  0000172d    00000023     app_f32c_gimbal_test.o (.rodata.str1.18188428204270419206.1)
                  00001750    00000021     app_f32c_gimbal_test.o (.rodata.str1.13690525301338819860.1)
                  00001771    0000001d     app_f32c_gimbal_test.o (.rodata.str1.14165585957125777351.1)
                  0000178e    0000001c     app_f32c_gimbal_test.o (.rodata.str1.12318769675533157343.1)
                  000017aa    0000001a     app_f32c_gimbal_test.o (.rodata.str1.12740622885413221627.1)
                  000017c4    0000001a     app_f32c_gimbal_test.o (.rodata.str1.1405423584348365294.1)
                  000017de    0000001a     app_f32c_gimbal_test.o (.rodata.str1.648914666341575431.1)
                  000017f8    00000017     app_f32c_gimbal_test.o (.rodata.str1.12490629279606839596.1)
                  0000180f    00000017     app_f32c_gimbal_test.o (.rodata.str1.4870935233967413959.1)
                  00001826    00000013     app_f32c_gimbal_test.o (.rodata.str1.5879493382880267674.1)
                  00001839    00000013     app_f32c_gimbal_test.o (.rodata.str1.6586622188839774469.1)
                  0000184c    00000012     app_f32c_gimbal_test.o (.rodata.str1.11390432377464567773.1)
                  0000185e    00000012     app_f32c_gimbal_test.o (.rodata.str1.11788870448657556943.1)
                  00001870    0000000a     ti_msp_dl_config.o (.rodata.gdebugConfig)
                  0000187a    0000000a     ti_msp_dl_config.o (.rodata.gf32cConfig)
                  00001884    0000000a     ti_msp_dl_config.o (.rodata.gfishpathConfig)
                  0000188e    00000002     ti_msp_dl_config.o (.rodata.gas5600ClockConfig)
                  00001890    00000008     ti_msp_dl_config.o (.rodata.gBLDCConfig)
                  00001898    00000008     ti_msp_dl_config.o (.rodata.gMG310_PWMConfig)
                  000018a0    00000003     ti_msp_dl_config.o (.rodata.gBLDCClockConfig)
                  000018a3    00000003     ti_msp_dl_config.o (.rodata.gMG310_PWMClockConfig)
                  000018a6    00000002     ti_msp_dl_config.o (.rodata.gdebugClockConfig)
                  000018a8    00000002     ti_msp_dl_config.o (.rodata.gf32cClockConfig)
                  000018aa    00000002     ti_msp_dl_config.o (.rodata.gfishpathClockConfig)
                  000018ac    00000004     --HOLE-- [fill = 0]

.init_array 
*          0    00000000    00000000     UNINITIALIZED

.binit     0    00000000    00000000     

.bss       0    20200000    000004ec     UNINITIALIZED
                  20200000    00000400     drv_uart.o (.bss.uart1_rx_buf)
                  20200400    000000bc     (.common:gBLDCBackup)
                  202004bc    00000030     (.common:gf32cBackup)

.data      0    202004ec    00000008     UNINITIALIZED
                  202004ec    00000004     mid_delay.o (.data.g_system_ms)
                  202004f0    00000002     drv_uart.o (.data.uart1_rx_head)
                  202004f2    00000002     drv_uart.o (.data.uart1_rx_tail)

.stack     0    20207e00    00000200     UNINITIALIZED
                  20207e00    00000004     libc.a : boot_cortex_m.c.obj (.stack)
                  20207e04    000001fc     --HOLE--

__llvm_prf_cnts 
*          0    20200000    00000000     UNINITIALIZED

__llvm_prf_bits 
*          0    20200000    00000000     UNINITIALIZED

MODULE SUMMARY

       Module                         code   ro data   rw data
       ------                         ----   -------   -------
    .\
       ti_msp_dl_config.o             2608   60        236    
       startup_mspm0g350x_ticlang.o   8      192       0      
       empty.o                        22     0         0      
    +--+------------------------------+------+---------+---------+
       Total:                         2638   252       236    
                                                              
    .\MSPM0G3507\Application\
       app_f32c_gimbal_test.o         516    520       0      
    +--+------------------------------+------+---------+---------+
       Total:                         516    520       0      
                                                              
    .\MSPM0G3507\BSP\
       bsp_f32c_gimbal.o              474    0         0      
    +--+------------------------------+------+---------+---------+
       Total:                         474    0         0      
                                                              
    .\MSPM0G3507\Driver\
       drv_uart.o                     264    0         1028   
    +--+------------------------------+------+---------+---------+
       Total:                         264    0         1028   
                                                              
    .\MSPM0G3507\Middleware\
       mid_delay.o                    80     0         4      
    +--+------------------------------+------+---------+---------+
       Total:                         80     0         4      
                                                              
    C:/TI/mspm0_sdk_2_10_00_04/source/ti/driverlib/lib/ticlang/m0p/mspm0g1x0x_g3x0x/driverlib.a
       dl_timer.o                     356    0         0      
       dl_uart.o                      138    0         0      
       dl_i2c.o                       38     0         0      
       dl_common.o                    10     0         0      
    +--+------------------------------+------+---------+---------+
       Total:                         542    0         0      
                                                              
    D:\TI2.0\CCS\ccs\tools\compiler\ti-cgt-armllvm_4.0.4.LTS\lib\armv6m-ti-none-eabi/c/libc.a
       copy_decompress_lzss.c.obj     124    0         0      
       autoinit.c.obj                 60     0         0      
       boot_cortex_m.c.obj            40     0         0      
       copy_decompress_none.c.obj     18     0         0      
       memcpy16.S.obj                 18     0         0      
       copy_zero_init.c.obj           16     0         0      
       memset16.S.obj                 14     0         0      
       exit.c.obj                     6      0         0      
       pre_init.c.obj                 4      0         0      
    +--+------------------------------+------+---------+---------+
       Total:                         300    0         0      
                                                              
    D:\TI2.0\CCS\ccs\tools\compiler\ti-cgt-armllvm_4.0.4.LTS\lib\armv6m-ti-none-eabi/c/libsysbm.a
       hostexit.c.obj                 4      0         0      
    +--+------------------------------+------+---------+---------+
       Total:                         4      0         0      
                                                              
    D:\TI2.0\CCS\ccs\tools\compiler\ti-cgt-armllvm_4.0.4.LTS\lib\armv6m-ti-none-eabi/libclang_rt.builtins.a
       addsf3.S.obj                   216    0         0      
       mulsf3.S.obj                   140    0         0      
       comparesf2.S.obj               118    0         0      
       aeabi_fcmp.S.obj               98     0         0      
       muldsi3.S.obj                  58     0         0      
       fixsfsi.S.obj                  56     0         0      
       aeabi_memset.S.obj             12     0         0      
       aeabi_memcpy.S.obj             8      0         0      
    +--+------------------------------+------+---------+---------+
       Total:                         706    0         0      
                                                              
       Stack:                         0      0         512    
       Linker Generated:              0      43        0      
    +--+------------------------------+------+---------+---------+
       Grand Total:                   5524   815       1780   


LINKER GENERATED COPY TABLES

__TI_cinit_table @ 000018cc records: 2, size/record: 8, table size: 16
	.bss: load addr=000018bc, load size=00000008 bytes, run addr=20200000, run size=000004ec bytes, compression=zero_init
	.data: load addr=000018c4, load size=00000007 bytes, run addr=202004ec, run size=00000008 bytes, compression=lzss


LINKER GENERATED HANDLER TABLE

__TI_handler_table @ 000018b0 records: 3, size/record: 4, table size: 12
	index: 0, handler: __TI_decompress_lzss
	index: 1, handler: __TI_decompress_none
	index: 2, handler: __TI_zero_init


GLOBAL SYMBOLS: SORTED ALPHABETICALLY BY Name 

address   name                                
-------   ----                                
00001657  ADC0_IRQHandler                     
00001657  ADC1_IRQHandler                     
00001657  AES_IRQHandler                      
0000165a  C$$EXIT                             
00001657  CANFD0_IRQHandler                   
00001657  DAC0_IRQHandler                     
00001635  DL_Common_delayCycles               
000011bf  DL_I2C_setClockConfig               
00000411  DL_Timer_initFourCCPWMMode          
000012b1  DL_Timer_setCaptCompUpdateMethod    
00001455  DL_Timer_setCaptureCompareOutCtl    
000015ed  DL_Timer_setCaptureCompareValue     
000012cd  DL_Timer_setClockConfig             
00000cd5  DL_UART_init                        
00001597  DL_UART_setClockConfig              
00001049  DL_UART_transmitDataBlocking        
00001657  DMA_IRQHandler                      
00001657  Default_Handler                     
00001657  GROUP0_IRQHandler                   
00001657  GROUP1_IRQHandler                   
0000165b  HOSTexit                            
00001657  HardFault_Handler                   
00001657  I2C0_IRQHandler                     
00001657  I2C1_IRQHandler                     
00001657  NMI_Handler                         
00001657  PendSV_Handler                      
00001657  RTC_IRQHandler                      
0000165f  Reset_Handler                       
00001657  SPI0_IRQHandler                     
00001657  SPI1_IRQHandler                     
00001657  SVC_Handler                         
000005ed  SYSCFG_DL_BLDC_init                 
000002c5  SYSCFG_DL_GPIO_init                 
00000745  SYSCFG_DL_MG310_PWM_init            
000010a5  SYSCFG_DL_SYSCTL_init               
0000161b  SYSCFG_DL_SYSTICK_init              
00000aad  SYSCFG_DL_as5600_init               
00000b55  SYSCFG_DL_debug_init                
00000ded  SYSCFG_DL_f32c_init                 
00000e2d  SYSCFG_DL_fishpath_init             
00000d65  SYSCFG_DL_init                      
000006a5  SYSCFG_DL_initPower                 
00001657  SysTick_Handler                     
00001657  TIMA0_IRQHandler                    
00001657  TIMA1_IRQHandler                    
00001657  TIMG0_IRQHandler                    
00001657  TIMG12_IRQHandler                   
00001657  TIMG6_IRQHandler                    
00001657  TIMG7_IRQHandler                    
00001657  TIMG8_IRQHandler                    
000015a9  TI_memcpy_small                     
0000160d  TI_memset_small                     
00001657  UART0_IRQHandler                    
000009e1  UART1_IRQHandler                    
00001657  UART2_IRQHandler                    
00001657  UART3_IRQHandler                    
20208000  __STACK_END                         
00000200  __STACK_SIZE                        
00000000  __TI_ATRegion0_region_sz            
00000000  __TI_ATRegion0_src_addr             
00000000  __TI_ATRegion0_trg_addr             
00000000  __TI_ATRegion1_region_sz            
00000000  __TI_ATRegion1_src_addr             
00000000  __TI_ATRegion1_trg_addr             
00000000  __TI_ATRegion2_region_sz            
00000000  __TI_ATRegion2_src_addr             
00000000  __TI_ATRegion2_trg_addr             
000018cc  __TI_CINIT_Base                     
000018dc  __TI_CINIT_Limit                    
000018dc  __TI_CINIT_Warm                     
000018b0  __TI_Handler_Table_Base             
000018bc  __TI_Handler_Table_Limit            
00000f25  __TI_auto_init_nobinit_nopinit      
00000965  __TI_decompress_lzss                
000015bb  __TI_decompress_none                
ffffffff  __TI_pprof_out_hndl                 
ffffffff  __TI_prof_data_size                 
ffffffff  __TI_prof_data_start                
00000000  __TI_static_base__                  
000015fd  __TI_zero_init                      
0000051f  __addsf3                            
00000fd9  __aeabi_f2iz                        
0000051f  __aeabi_fadd                        
00000a49  __aeabi_fcmpeq                      
00000a85  __aeabi_fcmpge                      
00000a99  __aeabi_fcmpgt                      
00000a71  __aeabi_fcmple                      
00000a5d  __aeabi_fcmplt                      
000007d1  __aeabi_fmul                        
00000515  __aeabi_fsub                        
00001629  __aeabi_memclr                      
00001629  __aeabi_memclr4                     
00001629  __aeabi_memclr8                     
00001641  __aeabi_memcpy                      
00001641  __aeabi_memcpy4                     
00001641  __aeabi_memcpy8                     
ffffffff  __binit__                           
00000f61  __cmpsf2                            
00000f61  __eqsf2                             
00000fd9  __fixsfsi                           
00000ee9  __gesf2                             
00000ee9  __gtsf2                             
00000f61  __lesf2                             
00000f61  __ltsf2                             
UNDEFED   __mpu_init                          
00000f9d  __muldsi3                           
000007d1  __mulsf3                            
00000f61  __nesf2                             
20207e00  __stack                             
20200000  __start___llvm_prf_bits             
20200000  __start___llvm_prf_cnts             
20200000  __stop___llvm_prf_bits              
20200000  __stop___llvm_prf_cnts              
00000515  __subsf3                            
00001171  _c_int00_noargs                     
UNDEFED   _system_post_cinit                  
00001663  _system_pre_init                    
00001651  abort                               
000000c1  app_f32c_gimbal_test                
ffffffff  binit                               
00001649  bsp_f32c_gimbal_init                
000014cb  bsp_f32c_motor_disable              
000014e1  bsp_f32c_motor_enable               
000008e1  bsp_f32c_motor_set_single_turn_angle
0000149d  bsp_f32c_motor_set_single_turn_mode 
00000c3d  bsp_f32c_motor_set_speed            
00000e6d  delay_ms                            
00000aab  drv_f32c_uart_init                  
00000c89  drv_f32c_uart_write                 
00001079  drv_uart_send_string                
20200400  gBLDCBackup                         
202004bc  gf32cBackup                         
00000000  interruptVectors                    
000014f7  main                                


GLOBAL SYMBOLS: SORTED BY Symbol Address 

address   name                                
-------   ----                                
00000000  __TI_ATRegion0_region_sz            
00000000  __TI_ATRegion0_src_addr             
00000000  __TI_ATRegion0_trg_addr             
00000000  __TI_ATRegion1_region_sz            
00000000  __TI_ATRegion1_src_addr             
00000000  __TI_ATRegion1_trg_addr             
00000000  __TI_ATRegion2_region_sz            
00000000  __TI_ATRegion2_src_addr             
00000000  __TI_ATRegion2_trg_addr             
00000000  __TI_static_base__                  
00000000  interruptVectors                    
000000c1  app_f32c_gimbal_test                
00000200  __STACK_SIZE                        
000002c5  SYSCFG_DL_GPIO_init                 
00000411  DL_Timer_initFourCCPWMMode          
00000515  __aeabi_fsub                        
00000515  __subsf3                            
0000051f  __addsf3                            
0000051f  __aeabi_fadd                        
000005ed  SYSCFG_DL_BLDC_init                 
000006a5  SYSCFG_DL_initPower                 
00000745  SYSCFG_DL_MG310_PWM_init            
000007d1  __aeabi_fmul                        
000007d1  __mulsf3                            
000008e1  bsp_f32c_motor_set_single_turn_angle
00000965  __TI_decompress_lzss                
000009e1  UART1_IRQHandler                    
00000a49  __aeabi_fcmpeq                      
00000a5d  __aeabi_fcmplt                      
00000a71  __aeabi_fcmple                      
00000a85  __aeabi_fcmpge                      
00000a99  __aeabi_fcmpgt                      
00000aab  drv_f32c_uart_init                  
00000aad  SYSCFG_DL_as5600_init               
00000b55  SYSCFG_DL_debug_init                
00000c3d  bsp_f32c_motor_set_speed            
00000c89  drv_f32c_uart_write                 
00000cd5  DL_UART_init                        
00000d65  SYSCFG_DL_init                      
00000ded  SYSCFG_DL_f32c_init                 
00000e2d  SYSCFG_DL_fishpath_init             
00000e6d  delay_ms                            
00000ee9  __gesf2                             
00000ee9  __gtsf2                             
00000f25  __TI_auto_init_nobinit_nopinit      
00000f61  __cmpsf2                            
00000f61  __eqsf2                             
00000f61  __lesf2                             
00000f61  __ltsf2                             
00000f61  __nesf2                             
00000f9d  __muldsi3                           
00000fd9  __aeabi_f2iz                        
00000fd9  __fixsfsi                           
00001049  DL_UART_transmitDataBlocking        
00001079  drv_uart_send_string                
000010a5  SYSCFG_DL_SYSCTL_init               
00001171  _c_int00_noargs                     
000011bf  DL_I2C_setClockConfig               
000012b1  DL_Timer_setCaptCompUpdateMethod    
000012cd  DL_Timer_setClockConfig             
00001455  DL_Timer_setCaptureCompareOutCtl    
0000149d  bsp_f32c_motor_set_single_turn_mode 
000014cb  bsp_f32c_motor_disable              
000014e1  bsp_f32c_motor_enable               
000014f7  main                                
00001597  DL_UART_setClockConfig              
000015a9  TI_memcpy_small                     
000015bb  __TI_decompress_none                
000015ed  DL_Timer_setCaptureCompareValue     
000015fd  __TI_zero_init                      
0000160d  TI_memset_small                     
0000161b  SYSCFG_DL_SYSTICK_init              
00001629  __aeabi_memclr                      
00001629  __aeabi_memclr4                     
00001629  __aeabi_memclr8                     
00001635  DL_Common_delayCycles               
00001641  __aeabi_memcpy                      
00001641  __aeabi_memcpy4                     
00001641  __aeabi_memcpy8                     
00001649  bsp_f32c_gimbal_init                
00001651  abort                               
00001657  ADC0_IRQHandler                     
00001657  ADC1_IRQHandler                     
00001657  AES_IRQHandler                      
00001657  CANFD0_IRQHandler                   
00001657  DAC0_IRQHandler                     
00001657  DMA_IRQHandler                      
00001657  Default_Handler                     
00001657  GROUP0_IRQHandler                   
00001657  GROUP1_IRQHandler                   
00001657  HardFault_Handler                   
00001657  I2C0_IRQHandler                     
00001657  I2C1_IRQHandler                     
00001657  NMI_Handler                         
00001657  PendSV_Handler                      
00001657  RTC_IRQHandler                      
00001657  SPI0_IRQHandler                     
00001657  SPI1_IRQHandler                     
00001657  SVC_Handler                         
00001657  SysTick_Handler                     
00001657  TIMA0_IRQHandler                    
00001657  TIMA1_IRQHandler                    
00001657  TIMG0_IRQHandler                    
00001657  TIMG12_IRQHandler                   
00001657  TIMG6_IRQHandler                    
00001657  TIMG7_IRQHandler                    
00001657  TIMG8_IRQHandler                    
00001657  UART0_IRQHandler                    
00001657  UART2_IRQHandler                    
00001657  UART3_IRQHandler                    
0000165a  C$$EXIT                             
0000165b  HOSTexit                            
0000165f  Reset_Handler                       
00001663  _system_pre_init                    
000018b0  __TI_Handler_Table_Base             
000018bc  __TI_Handler_Table_Limit            
000018cc  __TI_CINIT_Base                     
000018dc  __TI_CINIT_Limit                    
000018dc  __TI_CINIT_Warm                     
20200000  __start___llvm_prf_bits             
20200000  __start___llvm_prf_cnts             
20200000  __stop___llvm_prf_bits              
20200000  __stop___llvm_prf_cnts              
20200400  gBLDCBackup                         
202004bc  gf32cBackup                         
20207e00  __stack                             
20208000  __STACK_END                         
ffffffff  __TI_pprof_out_hndl                 
ffffffff  __TI_prof_data_size                 
ffffffff  __TI_prof_data_start                
ffffffff  __binit__                           
ffffffff  binit                               
UNDEFED   __mpu_init                          
UNDEFED   _system_post_cinit                  

[134 symbols]
