******************************************************************************
            TI ARM Clang Linker PC v4.0.4                      
******************************************************************************
>> Linked Sun Jul 26 22:13:42 2026

OUTPUT FILE NAME:   <first.out>
ENTRY POINT SYMBOL: "_c_int00_noargs"  address: 00003339


MEMORY CONFIGURATION

         name            origin    length      used     unused   attr    fill
----------------------  --------  ---------  --------  --------  ----  --------
  FLASH                 00000000   00020000  000041d8  0001be28  R  X
  SRAM                  20200000   00008000  00000a0b  000075f5  RW X
  BCR_CONFIG            41c00000   000000ff  00000000  000000ff  R   
  BSL_CONFIG            41c00100   00000080  00000000  00000080  R   


SEGMENT ALLOCATION MAP

run origin  load origin   length   init length attrs members
----------  ----------- ---------- ----------- ----- -------
00000000    00000000    000041d8   000041d8    r-x
  00000000    00000000    000000c0   000000c0    r-- .intvecs
  000000c0    000000c0    00003a20   00003a20    r-x .text
  00003ae0    00003ae0    000006c0   000006c0    r-- .rodata
  000041a0    000041a0    00000038   00000038    r-- .cinit
20200000    20200000    0000080b   00000000    rw-
  20200000    20200000    000007c4   00000000    rw- .bss
  202007c4    202007c4    00000047   00000000    rw- .data
20207e00    20207e00    00000200   00000000    rw-
  20207e00    20207e00    00000200   00000000    rw- .stack


SECTION ALLOCATION MAP

 output                                  attributes/
section   page    origin      length       input sections
--------  ----  ----------  ----------   ----------------
.intvecs   0    00000000    000000c0     
                  00000000    000000c0     startup_mspm0g350x_ticlang.o (.intvecs)

.text      0    000000c0    00003a20     
                  000000c0    0000086c     MPU6050.o (.text.MPU6050_Get_Angle_Plus)
                  0000092c    000001c8     libc.a : s_atanf.c.obj (.text.atanf)
                  00000af4    000001a8     ti_msp_dl_config.o (.text.SYSCFG_DL_GPIO_init)
                  00000c9c    00000192     libclang_rt.builtins.a : adddf3.S.obj (.text.adddf3_subdf3)
                  00000e2e    00000002     bsp_OLED.o (.text.OLED_I2C_Init)
                  00000e30    00000170     libc.a : e_sqrt.c.obj (.text.sqrt)
                  00000fa0    00000160            : e_asinf.c.obj (.text.asinf)
                  00001100    0000015c     MPU6050.o (.text.MPU6050_Get_Raw)
                  0000125c    00000128     bsp_wit.o (.text.WIT_DecodeFrame)
                  00001384    00000118     libc.a : e_atan2f.c.obj (.text.atan2f)
                  0000149c    00000108     drv_encoder.o (.text.encoder_update_speed)
                  000015a4    00000104     driverlib.a : dl_timer.o (.text.DL_Timer_initFourCCPWMMode)
                  000016a8    00000104     bsp_wit.o (.text.WIT_ParseByte)
                  000017ac    000000fc     driverlib.a : dl_timer.o (.text.DL_Timer_initTimerMode)
                  000018a8    000000e4     libclang_rt.builtins.a : muldf3.S.obj (.text.__muldf3)
                  0000198c    000000d8                            : addsf3.S.obj (.text)
                  00001a64    000000d4     ti_msp_dl_config.o (.text.SYSCFG_DL_initPower)
                  00001b38    000000ce     bsp_OLED.o (.text.OLED_Init)
                  00001c06    00000002     libclang_rt.builtins.a : aeabi_div0.c.obj (.text.__aeabi_idiv0)
                  00001c08    000000c8     drv_IIC.o (.text.MYI2C_Read_Reg_Continue)
                  00001cd0    000000c0     bsp_wit.o (.text.UART2_IRQHandler)
                  00001d90    000000b8     ti_msp_dl_config.o (.text.SYSCFG_DL_BLDC_init)
                  00001e48    000000b4     bsp_OLED.o (.text.OLED_ShowChar)
                  00001efc    000000a8     drv_IIC.o (.text._SI2C_WriteByte)
                  00001fa4    000000a0     drv_IIC.o (.text._SI2C_ReceiveByte)
                  00002044    0000009c     bsp_menu.o (.text.menu0)
                  000020e0    00000098     drv_IIC.o (.text._SI2C_WriteAck)
                  00002178    00000098     bsp_menu.o (.text.getnum)
                  00002210    0000008c     ti_msp_dl_config.o (.text.SYSCFG_DL_MG310_PWM_init)
                  0000229c    0000008c     libclang_rt.builtins.a : mulsf3.S.obj (.text.__mulsf3)
                  00002328    00000084     ti_msp_dl_config.o (.text.__NVIC_SetPriority)
                  000023ac    00000082     libclang_rt.builtins.a : divsf3.S.obj (.text.__divsf3)
                  0000242e    00000002     --HOLE-- [fill = 0]
                  00002430    0000007c     drv_IIC.o (.text._SI2C_Start)
                  000024ac    0000007c     libc.a : copy_decompress_lzss.c.obj (.text:decompress:lzss)
                  00002528    00000008     ti_msp_dl_config.o (.text.SYSCFG_DL_DMA_init)
                  00002530    00000074     libclang_rt.builtins.a : truncdfsf2.S.obj (.text.__truncdfsf2)
                  000025a4    00000070     drv_IIC.o (.text._SI2C_ReceiveAck)
                  00002614    0000006c     ti_msp_dl_config.o (.text.SYSCFG_DL_UART_WIT_init)
                  00002680    00000068     drv_uart.o (.text.UART1_IRQHandler)
                  000026e8    00000064     ti_msp_dl_config.o (.text.SYSCFG_DL_init)
                  0000274c    00000064     drv_IIC.o (.text._SI2C_Stop)
                  000027b0    00000062     libclang_rt.builtins.a : aeabi_fcmp.S.obj (.text.__aeabi_fcmp)
                  00002812    00000062     bsp_menu.o (.text.menu_draw_all)
                  00002874    00000060     drv_encoder.o (.text.encoder_handle_gpiob)
                  000028d4    00000058     ti_msp_dl_config.o (.text.SYSCFG_DL_as5600_init)
                  0000292c    00000058     MPU6050.o (.text.invSqrt)
                  00002984    00000056     bsp_OLED.o (.text.OLED_Clear)
                  000029da    00000002     --HOLE-- [fill = 0]
                  000029dc    00000056     libclang_rt.builtins.a : aeabi_idivmod.S.obj (.text.__aeabi_idivmod)
                  00002a32    00000054     bsp_OLED.o (.text.OLED_I2C_SendByte)
                  00002a86    00000002     --HOLE-- [fill = 0]
                  00002a88    00000050     ti_msp_dl_config.o (.text.DL_GPIO_initPeripheralInputFunctionFeatures)
                  00002ad8    00000050     filter.o (.text.PT1Filter_Apply)
                  00002b28    00000050     ti_msp_dl_config.o (.text.SYSCFG_DL_debug_init)
                  00002b78    0000004c     driverlib.a : dl_dma.o (.text.DL_DMA_initChannel)
                  00002bc4    0000004c     ti_msp_dl_config.o (.text.DL_GPIO_initDigitalInputFeatures)
                  00002c10    0000004c     ti_msp_dl_config.o (.text.DL_UART_setBaudRateDivisor)
                  00002c5c    0000004c     bsp_menu.o (.text.menu_draw_row)
                  00002ca8    0000004a     bsp_OLED.o (.text.OLED_ShowString)
                  00002cf2    00000002     --HOLE-- [fill = 0]
                  00002cf4    00000048     driverlib.a : dl_uart.o (.text.DL_UART_init)
                  00002d3c    00000048     bsp_wit.o (.text.WIT_ChecksumIsValid)
                  00002d84    00000048     drv_encoder.o (.text.encoder_count_a_rising)
                  00002dcc    00000040     ti_msp_dl_config.o (.text.SYSCFG_DL_f32c_init)
                  00002e0c    00000040     ti_msp_dl_config.o (.text.SYSCFG_DL_fishpath_init)
                  00002e4c    00000040     libclang_rt.builtins.a : extendsfdf2.S.obj (.text.__extendsfdf2)
                  00002e8c    0000003c     ti_msp_dl_config.o (.text.DL_Timer_setCounterControl)
                  00002ec8    0000003c     libclang_rt.builtins.a : floatsisf.S.obj (.text.__floatsisf)
                  00002f04    0000003c                            : comparesf2.S.obj (.text.__gtsf2)
                  00002f40    0000003c     libc.a : autoinit.c.obj (.text:__TI_auto_init_nobinit_nopinit)
                  00002f7c    0000003a     libclang_rt.builtins.a : comparesf2.S.obj (.text.__eqsf2)
                  00002fb6    00000002     --HOLE-- [fill = 0]
                  00002fb8    0000003a                            : muldsi3.S.obj (.text.__muldsi3)
                  00002ff2    00000002     --HOLE-- [fill = 0]
                  00002ff4    00000038     bsp_OLED.o (.text.OLED_W_SCL)
                  0000302c    00000038     bsp_OLED.o (.text.OLED_W_SDA)
                  00003064    00000038     libclang_rt.builtins.a : fixsfsi.S.obj (.text.__fixsfsi)
                  0000309c    00000036     bsp_OLED.o (.text.OLED_SetCursor)
                  000030d2    00000002     --HOLE-- [fill = 0]
                  000030d4    00000034     ti_msp_dl_config.o (.text.SYSCFG_DL_GET_MPU6050_init)
                  00003108    00000034     ti_msp_dl_config.o (.text.SYSCFG_DL_MOTOR_MG310_init)
                  0000313c    00000030     bsp_wit.o (.text.DL_DMA_setTransferSize)
                  0000316c    00000030     drv_encoder.o (.text.TIMA1_IRQHandler)
                  0000319c    0000002c     drv_tim.o (.text.TIMG6_IRQHandler)
                  000031c8    0000002a     bsp_OLED.o (.text.OLED_WriteCommand)
                  000031f2    0000002a     bsp_OLED.o (.text.OLED_WriteData)
                  0000321c    0000002a     ti_msp_dl_config.o (.text.SYSCFG_DL_SYSCTL_init)
                  00003246    00000028     ti_msp_dl_config.o (.text.DL_Common_updateReg)
                  0000326e    00000002     --HOLE-- [fill = 0]
                  00003270    00000028     bsp_wit.o (.text.DL_DMA_setDestAddr)
                  00003298    00000028     ti_msp_dl_config.o (.text.DL_I2C_setControllerRXFIFOThreshold)
                  000032c0    00000028     ti_msp_dl_config.o (.text.DL_I2C_setControllerTXFIFOThreshold)
                  000032e8    00000028     ti_msp_dl_config.o (.text.DL_SYSTICK_init)
                  00003310    00000028     ti_msp_dl_config.o (.text.DL_UART_setRXFIFOThreshold)
                  00003338    00000028     libc.a : boot_cortex_m.c.obj (.text:_c_int00_noargs)
                  00003360    00000026     bsp_wit.o (.text.DL_DMA_enableChannel)
                  00003386    00000026     ti_msp_dl_config.o (.text.DL_I2C_setAnalogGlitchFilterPulseWidth)
                  000033ac    00000026     driverlib.a : dl_i2c.o (.text.DL_I2C_setClockConfig)
                  000033d2    00000002     --HOLE-- [fill = 0]
                  000033d4    00000024     ti_msp_dl_config.o (.text.DL_UART_setRXInterruptTimeout)
                  000033f8    00000024     bsp_OLED.o (.text.OLED_I2C_Start)
                  0000341c    00000020     ti_msp_dl_config.o (.text.DL_GPIO_initPeripheralInputFunction)
                  0000343c    0000001e     ti_msp_dl_config.o (.text.DL_UART_setOversampling)
                  0000345a    00000002     --HOLE-- [fill = 0]
                  0000345c    0000001c     drv_encoder.o (.text.DL_GPIO_clearInterruptStatus)
                  00003478    0000001c     ti_msp_dl_config.o (.text.DL_GPIO_enableHiZ)
                  00003494    0000001c     ti_msp_dl_config.o (.text.DL_GPIO_initPeripheralOutputFunction)
                  000034b0    0000001c     drv_encoder.o (.text.DL_Interrupt_getPendingGroup)
                  000034cc    0000001c     ti_msp_dl_config.o (.text.DL_SYSCTL_setMCLKDivider)
                  000034e8    0000001c     ti_msp_dl_config.o (.text.DL_SYSCTL_setSYSOSCFreq)
                  00003504    0000001c     ti_msp_dl_config.o (.text.DL_SYSCTL_setULPCLKDivider)
                  00003520    0000001c     ti_msp_dl_config.o (.text.DL_Timer_enableInterrupt)
                  0000353c    0000001c     driverlib.a : dl_timer.o (.text.DL_Timer_setCaptCompUpdateMethod)
                  00003558    0000001c                 : dl_timer.o (.text.DL_Timer_setClockConfig)
                  00003574    0000001c     ti_msp_dl_config.o (.text.DL_UART_enableInterrupt)
                  00003590    0000001c     driverlib.a : dl_uart.o (.text.DL_UART_receiveDataCheck)
                  000035ac    0000001c     bsp_OLED.o (.text.OLED_I2C_Stop)
                  000035c8    0000001a     empty.o (.text.main)
                  000035e2    00000002     --HOLE-- [fill = 0]
                  000035e4    00000018     drv_IIC.o (.text.DL_GPIO_enableOutput)
                  000035fc    00000018     ti_msp_dl_config.o (.text.DL_GPIO_enableOutput)
                  00003614    00000018     ti_msp_dl_config.o (.text.DL_GPIO_enablePower)
                  0000362c    00000018     drv_encoder.o (.text.DL_GPIO_getEnabledInterruptStatus)
                  00003644    00000018     ti_msp_dl_config.o (.text.DL_GPIO_initDigitalOutput)
                  0000365c    00000018     ti_msp_dl_config.o (.text.DL_GPIO_reset)
                  00003674    00000018     bsp_OLED.o (.text.DL_GPIO_setPins)
                  0000368c    00000018     drv_IIC.o (.text.DL_GPIO_setPins)
                  000036a4    00000018     ti_msp_dl_config.o (.text.DL_GPIO_setPins)
                  000036bc    00000018     ti_msp_dl_config.o (.text.DL_I2C_enableAnalogGlitchFilter)
                  000036d4    00000018     ti_msp_dl_config.o (.text.DL_I2C_enableController)
                  000036ec    00000018     ti_msp_dl_config.o (.text.DL_I2C_enableControllerClockStretching)
                  00003704    00000018     ti_msp_dl_config.o (.text.DL_I2C_enablePower)
                  0000371c    00000018     ti_msp_dl_config.o (.text.DL_I2C_reset)
                  00003734    00000018     ti_msp_dl_config.o (.text.DL_I2C_setTimerPeriod)
                  0000374c    00000018     ti_msp_dl_config.o (.text.DL_SYSCTL_setBORThreshold)
                  00003764    00000018     drv_tim.o (.text.DL_Timer_clearInterruptStatus)
                  0000377c    00000018     ti_msp_dl_config.o (.text.DL_Timer_enablePower)
                  00003794    00000018     ti_msp_dl_config.o (.text.DL_Timer_reset)
                  000037ac    00000018     driverlib.a : dl_timer.o (.text.DL_Timer_setCaptureCompareOutCtl)
                  000037c4    00000018     ti_msp_dl_config.o (.text.DL_UART_enableDMAReceiveEvent)
                  000037dc    00000018     ti_msp_dl_config.o (.text.DL_UART_enableFIFOs)
                  000037f4    00000018     ti_msp_dl_config.o (.text.DL_UART_enablePower)
                  0000380c    00000018     ti_msp_dl_config.o (.text.DL_UART_reset)
                  00003824    00000018     drv_encoder.o (.text.GROUP1_IRQHandler)
                  0000383c    00000018     ti_msp_dl_config.o (.text.SYSCFG_DL_DMA_WIT_init)
                  00003854    00000016     bsp_menu.o (.text.DL_GPIO_readPins)
                  0000386a    00000016     drv_IIC.o (.text.DL_GPIO_readPins)
                  00003880    00000016     drv_encoder.o (.text.DL_GPIO_readPins)
                  00003896    00000016     ti_msp_dl_config.o (.text.DL_UART_enable)
                  000038ac    00000014     bsp_OLED.o (.text.DL_GPIO_clearPins)
                  000038c0    00000014     drv_IIC.o (.text.DL_GPIO_clearPins)
                  000038d4    00000014     ti_msp_dl_config.o (.text.DL_GPIO_clearPins)
                  000038e8    00000014     drv_IIC.o (.text.DL_GPIO_disableOutput)
                  000038fc    00000014     ti_msp_dl_config.o (.text.DL_I2C_resetControllerTransfer)
                  00003910    00000014     ti_msp_dl_config.o (.text.DL_SYSCTL_disableSYSPLL)
                  00003924    00000014     ti_msp_dl_config.o (.text.DL_Timer_enableClock)
                  00003938    00000014     ti_msp_dl_config.o (.text.DL_Timer_setCCPDirection)
                  0000394c    00000014     drv_uart.o (.text.DL_UART_receiveData)
                  00003960    00000014     bsp_wit.o (.text.WIT_ReadS16)
                  00003974    00000012     drv_encoder.o (.text.DL_Timer_getPendingInterrupt)
                  00003986    00000012     drv_tim.o (.text.DL_Timer_getPendingInterrupt)
                  00003998    00000012     bsp_wit.o (.text.DL_UART_getPendingInterrupt)
                  000039aa    00000012     drv_uart.o (.text.DL_UART_getPendingInterrupt)
                  000039bc    00000012     driverlib.a : dl_uart.o (.text.DL_UART_setClockConfig)
                  000039ce    00000012     mid_delay.o (.text.delay_us)
                  000039e0    00000012     libc.a : memcpy16.S.obj (.text:TI_memcpy_small)
                  000039f2    00000012            : copy_decompress_none.c.obj (.text:decompress:none)
                  00003a04    00000010     ti_msp_dl_config.o (.text.DL_SYSCTL_disableHFXT)
                  00003a14    00000010     driverlib.a : dl_timer.o (.text.DL_Timer_setCaptureCompareValue)
                  00003a24    00000010     libc.a : copy_zero_init.c.obj (.text:decompress:ZI)
                  00003a34    0000000e            : memset16.S.obj (.text:TI_memset_small)
                  00003a42    0000000c     ti_msp_dl_config.o (.text.SYSCFG_DL_SYSTICK_init)
                  00003a4e    00000002     --HOLE-- [fill = 0]
                  00003a50    0000000c     libclang_rt.builtins.a : aeabi_memset.S.obj (.text.__aeabi_memclr)
                  00003a5c    0000000a     driverlib.a : dl_common.o (.text.DL_Common_delayCycles)
                  00003a66    00000002     --HOLE-- [fill = 0]
                  00003a68    00000008     libc.a : aeabi_portable.c.obj (.text.__aeabi_errno_addr)
                  00003a70    00000008     libclang_rt.builtins.a : aeabi_memcpy.S.obj (.text.__aeabi_memcpy)
                  00003a78    00000006     libc.a : e_asinf.c.obj (.text.OUTLINED_FUNCTION_0)
                  00003a7e    00000002     --HOLE-- [fill = 0]
                  00003a80    00000010     libclang_rt.builtins.a : mulsf3.S.obj (.tramp.__aeabi_fmul.1)
                  00003a90    00000006     libc.a : s_atanf.c.obj (.text.OUTLINED_FUNCTION_0)
                  00003a96    00000002     --HOLE-- [fill = 0]
                  00003a98    00000010     libclang_rt.builtins.a : divsf3.S.obj (.tramp.__aeabi_fdiv.1)
                  00003aa8    00000006     libc.a : exit.c.obj (.text:abort)
                  00003aae    00000004     startup_mspm0g350x_ticlang.o (.text.Default_Handler)
                  00003ab2    00000004     libsysbm.a : hostexit.c.obj (.text.HOSTexit)
                  00003ab6    00000004     libc.a : s_atanf.c.obj (.text.OUTLINED_FUNCTION_1)
                  00003aba    00000002     --HOLE-- [fill = 0]
                  00003abc    00000010     libclang_rt.builtins.a : addsf3.S.obj (.tramp.__aeabi_fadd.1)
                  00003acc    00000004     startup_mspm0g350x_ticlang.o (.text.Reset_Handler)
                  00003ad0    00000004     libc.a : pre_init.c.obj (.text._system_pre_init)
                  00003ad4    0000000c     --HOLE-- [fill = 0]

.cinit     0    000041a0    00000038     
                  000041a0    00000014     (.cinit..data.load) [load image, compression = lzss]
                  000041b4    0000000c     (__TI_handler_table)
                  000041c0    00000008     (.cinit..bss.load) [load image, compression = zero_init]
                  000041c8    00000010     (__TI_cinit_table)

.rodata    0    00003ae0    000006c0     
                  00003ae0    000005f0     bsp_OLED.o (.rodata.OLED_F8x16)
                  000040d0    00000020     libc.a : s_atanf.c.obj (.rodata.cst16)
                  000040f0    00000018     ti_msp_dl_config.o (.rodata.gDMA_WITConfig)
                  00004108    00000014     ti_msp_dl_config.o (.rodata.gGET_MPU6050TimerConfig)
                  0000411c    00000014     ti_msp_dl_config.o (.rodata.gMOTOR_MG310TimerConfig)
                  00004130    0000000a     ti_msp_dl_config.o (.rodata.gUART_WITConfig)
                  0000413a    0000000a     ti_msp_dl_config.o (.rodata.gdebugConfig)
                  00004144    0000000a     ti_msp_dl_config.o (.rodata.gf32cConfig)
                  0000414e    0000000a     ti_msp_dl_config.o (.rodata.gfishpathConfig)
                  00004158    00000008     ti_msp_dl_config.o (.rodata.gBLDCConfig)
                  00004160    00000008     ti_msp_dl_config.o (.rodata.gMG310_PWMConfig)
                  00004168    00000007     bsp_menu.o (.rodata.str1.18249499161485566478.1)
                  0000416f    00000007     bsp_menu.o (.rodata.str1.8447786836664759749.1)
                  00004176    00000006     bsp_menu.o (.rodata.str1.12615557765740276178.1)
                  0000417c    00000006     bsp_menu.o (.rodata.str1.15675623641841497665.1)
                  00004182    00000003     ti_msp_dl_config.o (.rodata.gBLDCClockConfig)
                  00004185    00000003     ti_msp_dl_config.o (.rodata.gGET_MPU6050ClockConfig)
                  00004188    00000003     ti_msp_dl_config.o (.rodata.gMG310_PWMClockConfig)
                  0000418b    00000003     ti_msp_dl_config.o (.rodata.gMOTOR_MG310ClockConfig)
                  0000418e    00000002     ti_msp_dl_config.o (.rodata.gUART_WITClockConfig)
                  00004190    00000002     ti_msp_dl_config.o (.rodata.gas5600ClockConfig)
                  00004192    00000002     ti_msp_dl_config.o (.rodata.gdebugClockConfig)
                  00004194    00000002     ti_msp_dl_config.o (.rodata.gf32cClockConfig)
                  00004196    00000002     ti_msp_dl_config.o (.rodata.gfishpathClockConfig)
                  00004198    00000002     bsp_menu.o (.rodata.str1.16403115002251979334.1)
                  0000419a    00000002     bsp_menu.o (.rodata.str1.414517045390818857.1)
                  0000419c    00000004     --HOLE-- [fill = 0]

.init_array 
*          0    00000000    00000000     UNINITIALIZED

.binit     0    00000000    00000000     

.bss       0    20200000    000007c4     UNINITIALIZED
                  20200000    00000400     drv_uart.o (.bss.uart1_rx_buf)
                  20200400    000000bc     (.common:gBLDCBackup)
                  202004bc    000000bc     (.common:gMOTOR_MG310Backup)
                  20200578    000000a0     (.common:gGET_MPU6050Backup)
                  20200618    00000084     bsp_wit.o (.bss.wit_dma_buffer)
                  2020069c    00000030     (.common:MM)
                  202006cc    00000030     (.common:gf32cBackup)
                  202006fc    00000020     (.common:wit_data)
                  2020071c    0000000e     MPU6050.o (.bss.MPU6050_Get_Raw.temp_buffer)
                  2020072a    00000001     bsp_wit.o (.bss.wit_dma_active_buffer)
                  2020072b    00000001     bsp_wit.o (.bss.wit_frame_pos)
                  2020072c    0000000c     (.common:pt1_filter_gx)
                  20200738    0000000c     (.common:pt1_filter_gy)
                  20200744    0000000c     (.common:pt1_filter_gz)
                  20200750    0000000c     (.common:pt1_filter_x)
                  2020075c    0000000c     (.common:pt1_filter_y)
                  20200768    0000000c     (.common:pt1_filter_z)
                  20200774    0000000b     bsp_wit.o (.bss.wit_frame)
                  2020077f    0000000b     bsp_wit.o (.bss.wit_last_frame)
                  2020078a    00000008     (.common:mpu6050_i2cbus)
                  20200792    00000002     --HOLE--
                  20200794    00000004     MPU6050.o (.bss.MPU6050_Get_Angle_Plus.Ki)
                  20200798    00000004     MPU6050.o (.bss.MPU6050_Get_Angle_Plus.Kp)
                  2020079c    00000004     drv_IIC.o (.bss.P_this)
                  202007a0    00000004     MPU6050.o (.bss.accelScale)
                  202007a4    00000004     MPU6050.o (.bss.gyroScale)
                  202007a8    00000004     MPU6050.o (.bss.mpu6050_dt)
                  202007ac    00000004     bsp_wit.o (.bss.wit_accel_frame_count)
                  202007b0    00000004     bsp_wit.o (.bss.wit_angle_frame_count)
                  202007b4    00000004     bsp_wit.o (.bss.wit_checksum_error_count)
                  202007b8    00000004     bsp_wit.o (.bss.wit_gyro_frame_count)
                  202007bc    00000004     bsp_wit.o (.bss.wit_received_byte_count)
                  202007c0    00000004     bsp_wit.o (.bss.wit_valid_frame_count)

.data      0    202007c4    00000047     UNINITIALIZED
                  202007c4    00000008     drv_encoder.o (.data.g_encoder)
                  202007cc    00000004     MPU6050.o (.data.MPU6050_Get_Angle_Plus.integralX)
                  202007d0    00000004     MPU6050.o (.data.MPU6050_Get_Angle_Plus.integralY)
                  202007d4    00000004     MPU6050.o (.data.MPU6050_Get_Angle_Plus.integralZ)
                  202007d8    00000004     MPU6050.o (.data.MPU6050_Get_Angle_Plus.q0)
                  202007dc    00000004     MPU6050.o (.data.MPU6050_Get_Angle_Plus.q1)
                  202007e0    00000004     MPU6050.o (.data.MPU6050_Get_Angle_Plus.q2)
                  202007e4    00000004     MPU6050.o (.data.MPU6050_Get_Angle_Plus.q3)
                  202007e8    00000004     MPU6050.o (.data.MPU6050_Get_Angle_Plus.unwrapped_yaw)
                  202007ec    00000004     libc.a : aeabi_portable.c.obj (.data.__aeabi_errno)
                  202007f0    00000004     MPU6050.o (.data.angle_pitch)
                  202007f4    00000004     MPU6050.o (.data.angle_roll)
                  202007f8    00000004     MPU6050.o (.data.angle_yaw)
                  202007fc    00000002     MPU6050.o (.data.MPU6050_Get_Angle_Plus.times)
                  202007fe    00000002     MPU6050.o (.data.gyro_zero_x)
                  20200800    00000002     MPU6050.o (.data.gyro_zero_y)
                  20200802    00000002     MPU6050.o (.data.gyro_zero_z)
                  20200804    00000002     drv_uart.o (.data.uart1_rx_head)
                  20200806    00000002     drv_uart.o (.data.uart1_rx_tail)
                  20200808    00000001     MPU6050.o (.data.MPU6050_Get_Angle_Plus.first_run)
                  20200809    00000001     bsp_menu.o (.data.getnum.db1)
                  2020080a    00000001     bsp_menu.o (.data.getnum.db2)

.stack     0    20207e00    00000200     UNINITIALIZED
                  20207e00    00000004     libc.a : boot_cortex_m.c.obj (.stack)
                  20207e04    000001fc     --HOLE--

__llvm_prf_cnts 
*          0    20200000    00000000     UNINITIALIZED

__llvm_prf_bits 
*          0    20200000    00000000     UNINITIALIZED

MODULE SUMMARY

       Module                         code    ro data   rw data
       ------                         ----    -------   -------
    .\
       ti_msp_dl_config.o             3180    142       584    
       startup_mspm0g350x_ticlang.o   8       192       0      
       empty.o                        26      0         0      
    +--+------------------------------+-------+---------+---------+
       Total:                         3214    334       584    
                                                               
    .\MSPM0G3507\Application\
       app_MPU6050_test.o             0       0         48     
    +--+------------------------------+-------+---------+---------+
       Total:                         0       0         48     
                                                               
    .\MSPM0G3507\BSP\
       MPU6050.o                      2592    0         167    
       bsp_OLED.o                     990     1520      0      
       bsp_wit.o                      984     0         212    
       bsp_menu.o                     504     30        2      
    +--+------------------------------+-------+---------+---------+
       Total:                         5070    1550      381    
                                                               
    .\MSPM0G3507\Driver\
       drv_uart.o                     142     0         1028   
       drv_IIC.o                      1126    0         4      
       drv_encoder.o                  624     0         8      
       drv_tim.o                      86      0         0      
    +--+------------------------------+-------+---------+---------+
       Total:                         1978    0         1040   
                                                               
    .\MSPM0G3507\Middleware\
       filter.o                       80      0         0      
       mid_delay.o                    18      0         0      
    +--+------------------------------+-------+---------+---------+
       Total:                         98      0         0      
                                                               
    C:/TI/mspm0_sdk_2_10_00_04/source/ti/driverlib/lib/ticlang/m0p/mspm0g1x0x_g3x0x/driverlib.a
       dl_timer.o                     608     0         0      
       dl_uart.o                      118     0         0      
       dl_dma.o                       76      0         0      
       dl_i2c.o                       38      0         0      
       dl_common.o                    10      0         0      
    +--+------------------------------+-------+---------+---------+
       Total:                         850     0         0      
                                                               
    D:\TI2.0\CCS\ccs\tools\compiler\ti-cgt-armllvm_4.0.4.LTS\lib\armv6m-ti-none-eabi/c/libc.a
       s_atanf.c.obj                  466     32        0      
       e_sqrt.c.obj                   368     0         0      
       e_asinf.c.obj                  358     0         0      
       e_atan2f.c.obj                 280     0         0      
       copy_decompress_lzss.c.obj     124     0         0      
       autoinit.c.obj                 60      0         0      
       boot_cortex_m.c.obj            40      0         0      
       copy_decompress_none.c.obj     18      0         0      
       memcpy16.S.obj                 18      0         0      
       copy_zero_init.c.obj           16      0         0      
       memset16.S.obj                 14      0         0      
       aeabi_portable.c.obj           8       0         4      
       exit.c.obj                     6       0         0      
       pre_init.c.obj                 4       0         0      
    +--+------------------------------+-------+---------+---------+
       Total:                         1780    32        4      
                                                               
    D:\TI2.0\CCS\ccs\tools\compiler\ti-cgt-armllvm_4.0.4.LTS\lib\armv6m-ti-none-eabi/c/libsysbm.a
       hostexit.c.obj                 4       0         0      
    +--+------------------------------+-------+---------+---------+
       Total:                         4       0         0      
                                                               
    D:\TI2.0\CCS\ccs\tools\compiler\ti-cgt-armllvm_4.0.4.LTS\lib\armv6m-ti-none-eabi/libclang_rt.builtins.a
       adddf3.S.obj                   402     0         0      
       addsf3.S.obj                   232     0         0      
       muldf3.S.obj                   228     0         0      
       mulsf3.S.obj                   156     0         0      
       divsf3.S.obj                   146     0         0      
       comparesf2.S.obj               118     0         0      
       truncdfsf2.S.obj               116     0         0      
       aeabi_fcmp.S.obj               98      0         0      
       aeabi_idivmod.S.obj            86      0         0      
       extendsfdf2.S.obj              64      0         0      
       floatsisf.S.obj                60      0         0      
       muldsi3.S.obj                  58      0         0      
       fixsfsi.S.obj                  56      0         0      
       aeabi_memset.S.obj             12      0         0      
       aeabi_memcpy.S.obj             8       0         0      
       aeabi_div0.c.obj               2       0         0      
    +--+------------------------------+-------+---------+---------+
       Total:                         1842    0         0      
                                                               
       Stack:                         0       0         512    
       Linker Generated:              0       56        0      
    +--+------------------------------+-------+---------+---------+
       Grand Total:                   14836   1972      2569   


LINKER GENERATED COPY TABLES

__TI_cinit_table @ 000041c8 records: 2, size/record: 8, table size: 16
	.data: load addr=000041a0, load size=00000014 bytes, run addr=202007c4, run size=00000047 bytes, compression=lzss
	.bss: load addr=000041c0, load size=00000008 bytes, run addr=20200000, run size=000007c4 bytes, compression=zero_init


LINKER GENERATED HANDLER TABLE

__TI_handler_table @ 000041b4 records: 3, size/record: 4, table size: 12
	index: 0, handler: __TI_decompress_lzss
	index: 1, handler: __TI_decompress_none
	index: 2, handler: __TI_zero_init


FAR CALL TRAMPOLINES

callee name               trampoline name
   callee addr  tramp addr   call addr  call info
--------------  -----------  ---------  ----------------
__aeabi_fmul              $Tramp$TT$L$PI$$__aeabi_fmul
   0000229d     00003a80     00003a7c   libc.a : e_asinf.c.obj (.text.OUTLINED_FUNCTION_0)
__aeabi_fdiv              $Tramp$TT$L$PI$$__aeabi_fdiv
   000023ad     00003a98     00003a94   libc.a : s_atanf.c.obj (.text.OUTLINED_FUNCTION_0)
__aeabi_fadd              $Tramp$TT$L$PI$$__aeabi_fadd
   00001997     00003abc     00003ab8   libc.a : s_atanf.c.obj (.text.OUTLINED_FUNCTION_1)

[3 trampolines]
[3 trampoline calls]


GLOBAL SYMBOLS: SORTED ALPHABETICALLY BY Name 

address   name                            
-------   ----                            
00003aaf  ADC0_IRQHandler                 
00003aaf  ADC1_IRQHandler                 
00003aaf  AES_IRQHandler                  
00003ab2  C$$EXIT                         
00003aaf  CANFD0_IRQHandler               
00003aaf  DAC0_IRQHandler                 
00003a5d  DL_Common_delayCycles           
00002b79  DL_DMA_initChannel              
000033ad  DL_I2C_setClockConfig           
000015a5  DL_Timer_initFourCCPWMMode      
000017ad  DL_Timer_initTimerMode          
0000353d  DL_Timer_setCaptCompUpdateMethod
000037ad  DL_Timer_setCaptureCompareOutCtl
00003a15  DL_Timer_setCaptureCompareValue 
00003559  DL_Timer_setClockConfig         
00002cf5  DL_UART_init                    
00003591  DL_UART_receiveDataCheck        
000039bd  DL_UART_setClockConfig          
00003aaf  DMA_IRQHandler                  
00003aaf  Default_Handler                 
00003aaf  GROUP0_IRQHandler               
00003825  GROUP1_IRQHandler               
00003ab3  HOSTexit                        
00003aaf  HardFault_Handler               
00003aaf  I2C0_IRQHandler                 
00003aaf  I2C1_IRQHandler                 
2020069c  MM                              
000000c1  MPU6050_Get_Angle_Plus          
00001c09  MYI2C_Read_Reg_Continue         
00003aaf  NMI_Handler                     
00002985  OLED_Clear                      
00003ae0  OLED_F8x16                      
00000e2f  OLED_I2C_Init                   
00002a33  OLED_I2C_SendByte               
000033f9  OLED_I2C_Start                  
000035ad  OLED_I2C_Stop                   
00001b39  OLED_Init                       
0000309d  OLED_SetCursor                  
00001e49  OLED_ShowChar                   
00002ca9  OLED_ShowString                 
00002ff5  OLED_W_SCL                      
0000302d  OLED_W_SDA                      
000031c9  OLED_WriteCommand               
000031f3  OLED_WriteData                  
00002ad9  PT1Filter_Apply                 
00003aaf  PendSV_Handler                  
00003aaf  RTC_IRQHandler                  
00003acd  Reset_Handler                   
00003aaf  SPI0_IRQHandler                 
00003aaf  SPI1_IRQHandler                 
00003aaf  SVC_Handler                     
00001d91  SYSCFG_DL_BLDC_init             
0000383d  SYSCFG_DL_DMA_WIT_init          
00002529  SYSCFG_DL_DMA_init              
000030d5  SYSCFG_DL_GET_MPU6050_init      
00000af5  SYSCFG_DL_GPIO_init             
00002211  SYSCFG_DL_MG310_PWM_init        
00003109  SYSCFG_DL_MOTOR_MG310_init      
0000321d  SYSCFG_DL_SYSCTL_init           
00003a43  SYSCFG_DL_SYSTICK_init          
00002615  SYSCFG_DL_UART_WIT_init         
000028d5  SYSCFG_DL_as5600_init           
00002b29  SYSCFG_DL_debug_init            
00002dcd  SYSCFG_DL_f32c_init             
00002e0d  SYSCFG_DL_fishpath_init         
000026e9  SYSCFG_DL_init                  
00001a65  SYSCFG_DL_initPower             
00003aaf  SysTick_Handler                 
00003aaf  TIMA0_IRQHandler                
0000316d  TIMA1_IRQHandler                
00003aaf  TIMG0_IRQHandler                
00003aaf  TIMG12_IRQHandler               
0000319d  TIMG6_IRQHandler                
00003aaf  TIMG7_IRQHandler                
00003aaf  TIMG8_IRQHandler                
000039e1  TI_memcpy_small                 
00003a35  TI_memset_small                 
00003aaf  UART0_IRQHandler                
00002681  UART1_IRQHandler                
00001cd1  UART2_IRQHandler                
00003aaf  UART3_IRQHandler                
20208000  __STACK_END                     
00000200  __STACK_SIZE                    
00000000  __TI_ATRegion0_region_sz        
00000000  __TI_ATRegion0_src_addr         
00000000  __TI_ATRegion0_trg_addr         
00000000  __TI_ATRegion1_region_sz        
00000000  __TI_ATRegion1_src_addr         
00000000  __TI_ATRegion1_trg_addr         
00000000  __TI_ATRegion2_region_sz        
00000000  __TI_ATRegion2_src_addr         
00000000  __TI_ATRegion2_trg_addr         
000041c8  __TI_CINIT_Base                 
000041d8  __TI_CINIT_Limit                
000041d8  __TI_CINIT_Warm                 
000041b4  __TI_Handler_Table_Base         
000041c0  __TI_Handler_Table_Limit        
00002f41  __TI_auto_init_nobinit_nopinit  
000024ad  __TI_decompress_lzss            
000039f3  __TI_decompress_none            
ffffffff  __TI_pprof_out_hndl             
ffffffff  __TI_prof_data_size             
ffffffff  __TI_prof_data_start            
00000000  __TI_static_base__              
00003a25  __TI_zero_init                  
00000ca7  __adddf3                        
00001997  __addsf3                        
00002531  __aeabi_d2f                     
00000ca7  __aeabi_dadd                    
000018a9  __aeabi_dmul                    
00000c9d  __aeabi_dsub                    
202007ec  __aeabi_errno                   
00003a69  __aeabi_errno_addr              
00002e4d  __aeabi_f2d                     
00003065  __aeabi_f2iz                    
00001997  __aeabi_fadd                    
000027b1  __aeabi_fcmpeq                  
000027ed  __aeabi_fcmpge                  
00002801  __aeabi_fcmpgt                  
000027d9  __aeabi_fcmple                  
000027c5  __aeabi_fcmplt                  
000023ad  __aeabi_fdiv                    
0000229d  __aeabi_fmul                    
0000198d  __aeabi_fsub                    
00002ec9  __aeabi_i2f                     
000029dd  __aeabi_idiv                    
00001c07  __aeabi_idiv0                   
000029dd  __aeabi_idivmod                 
00003a51  __aeabi_memclr                  
00003a51  __aeabi_memclr4                 
00003a51  __aeabi_memclr8                 
00003a71  __aeabi_memcpy                  
00003a71  __aeabi_memcpy4                 
00003a71  __aeabi_memcpy8                 
ffffffff  __binit__                       
00002f7d  __cmpsf2                        
000023ad  __divsf3                        
00002f7d  __eqsf2                         
00002e4d  __extendsfdf2                   
00003065  __fixsfsi                       
00002ec9  __floatsisf                     
00002f05  __gesf2                         
00002f05  __gtsf2                         
00002f7d  __lesf2                         
00002f7d  __ltsf2                         
UNDEFED   __mpu_init                      
000018a9  __muldf3                        
00002fb9  __muldsi3                       
0000229d  __mulsf3                        
00002f7d  __nesf2                         
20207e00  __stack                         
20200000  __start___llvm_prf_bits         
20200000  __start___llvm_prf_cnts         
20200000  __stop___llvm_prf_bits          
20200000  __stop___llvm_prf_cnts          
00000c9d  __subdf3                        
0000198d  __subsf3                        
00002531  __truncdfsf2                    
00003339  _c_int00_noargs                 
UNDEFED   _system_post_cinit              
00003ad1  _system_pre_init                
00003aa9  abort                           
00000fa1  asinf                           
00001385  atan2f                          
0000092d  atanf                           
ffffffff  binit                           
000039cf  delay_us                        
20200400  gBLDCBackup                     
20200578  gGET_MPU6050Backup              
202004bc  gMOTOR_MG310Backup              
202006cc  gf32cBackup                     
00000000  interruptVectors                
000035c9  main                            
00002045  menu0                           
2020078a  mpu6050_i2cbus                  
2020072c  pt1_filter_gx                   
20200738  pt1_filter_gy                   
20200744  pt1_filter_gz                   
20200750  pt1_filter_x                    
2020075c  pt1_filter_y                    
20200768  pt1_filter_z                    
00000e31  sqrt                            
00000e31  sqrtl                           
202006fc  wit_data                        


GLOBAL SYMBOLS: SORTED BY Symbol Address 

address   name                            
-------   ----                            
00000000  __TI_ATRegion0_region_sz        
00000000  __TI_ATRegion0_src_addr         
00000000  __TI_ATRegion0_trg_addr         
00000000  __TI_ATRegion1_region_sz        
00000000  __TI_ATRegion1_src_addr         
00000000  __TI_ATRegion1_trg_addr         
00000000  __TI_ATRegion2_region_sz        
00000000  __TI_ATRegion2_src_addr         
00000000  __TI_ATRegion2_trg_addr         
00000000  __TI_static_base__              
00000000  interruptVectors                
000000c1  MPU6050_Get_Angle_Plus          
00000200  __STACK_SIZE                    
0000092d  atanf                           
00000af5  SYSCFG_DL_GPIO_init             
00000c9d  __aeabi_dsub                    
00000c9d  __subdf3                        
00000ca7  __adddf3                        
00000ca7  __aeabi_dadd                    
00000e2f  OLED_I2C_Init                   
00000e31  sqrt                            
00000e31  sqrtl                           
00000fa1  asinf                           
00001385  atan2f                          
000015a5  DL_Timer_initFourCCPWMMode      
000017ad  DL_Timer_initTimerMode          
000018a9  __aeabi_dmul                    
000018a9  __muldf3                        
0000198d  __aeabi_fsub                    
0000198d  __subsf3                        
00001997  __addsf3                        
00001997  __aeabi_fadd                    
00001a65  SYSCFG_DL_initPower             
00001b39  OLED_Init                       
00001c07  __aeabi_idiv0                   
00001c09  MYI2C_Read_Reg_Continue         
00001cd1  UART2_IRQHandler                
00001d91  SYSCFG_DL_BLDC_init             
00001e49  OLED_ShowChar                   
00002045  menu0                           
00002211  SYSCFG_DL_MG310_PWM_init        
0000229d  __aeabi_fmul                    
0000229d  __mulsf3                        
000023ad  __aeabi_fdiv                    
000023ad  __divsf3                        
000024ad  __TI_decompress_lzss            
00002529  SYSCFG_DL_DMA_init              
00002531  __aeabi_d2f                     
00002531  __truncdfsf2                    
00002615  SYSCFG_DL_UART_WIT_init         
00002681  UART1_IRQHandler                
000026e9  SYSCFG_DL_init                  
000027b1  __aeabi_fcmpeq                  
000027c5  __aeabi_fcmplt                  
000027d9  __aeabi_fcmple                  
000027ed  __aeabi_fcmpge                  
00002801  __aeabi_fcmpgt                  
000028d5  SYSCFG_DL_as5600_init           
00002985  OLED_Clear                      
000029dd  __aeabi_idiv                    
000029dd  __aeabi_idivmod                 
00002a33  OLED_I2C_SendByte               
00002ad9  PT1Filter_Apply                 
00002b29  SYSCFG_DL_debug_init            
00002b79  DL_DMA_initChannel              
00002ca9  OLED_ShowString                 
00002cf5  DL_UART_init                    
00002dcd  SYSCFG_DL_f32c_init             
00002e0d  SYSCFG_DL_fishpath_init         
00002e4d  __aeabi_f2d                     
00002e4d  __extendsfdf2                   
00002ec9  __aeabi_i2f                     
00002ec9  __floatsisf                     
00002f05  __gesf2                         
00002f05  __gtsf2                         
00002f41  __TI_auto_init_nobinit_nopinit  
00002f7d  __cmpsf2                        
00002f7d  __eqsf2                         
00002f7d  __lesf2                         
00002f7d  __ltsf2                         
00002f7d  __nesf2                         
00002fb9  __muldsi3                       
00002ff5  OLED_W_SCL                      
0000302d  OLED_W_SDA                      
00003065  __aeabi_f2iz                    
00003065  __fixsfsi                       
0000309d  OLED_SetCursor                  
000030d5  SYSCFG_DL_GET_MPU6050_init      
00003109  SYSCFG_DL_MOTOR_MG310_init      
0000316d  TIMA1_IRQHandler                
0000319d  TIMG6_IRQHandler                
000031c9  OLED_WriteCommand               
000031f3  OLED_WriteData                  
0000321d  SYSCFG_DL_SYSCTL_init           
00003339  _c_int00_noargs                 
000033ad  DL_I2C_setClockConfig           
000033f9  OLED_I2C_Start                  
0000353d  DL_Timer_setCaptCompUpdateMethod
00003559  DL_Timer_setClockConfig         
00003591  DL_UART_receiveDataCheck        
000035ad  OLED_I2C_Stop                   
000035c9  main                            
000037ad  DL_Timer_setCaptureCompareOutCtl
00003825  GROUP1_IRQHandler               
0000383d  SYSCFG_DL_DMA_WIT_init          
000039bd  DL_UART_setClockConfig          
000039cf  delay_us                        
000039e1  TI_memcpy_small                 
000039f3  __TI_decompress_none            
00003a15  DL_Timer_setCaptureCompareValue 
00003a25  __TI_zero_init                  
00003a35  TI_memset_small                 
00003a43  SYSCFG_DL_SYSTICK_init          
00003a51  __aeabi_memclr                  
00003a51  __aeabi_memclr4                 
00003a51  __aeabi_memclr8                 
00003a5d  DL_Common_delayCycles           
00003a69  __aeabi_errno_addr              
00003a71  __aeabi_memcpy                  
00003a71  __aeabi_memcpy4                 
00003a71  __aeabi_memcpy8                 
00003aa9  abort                           
00003aaf  ADC0_IRQHandler                 
00003aaf  ADC1_IRQHandler                 
00003aaf  AES_IRQHandler                  
00003aaf  CANFD0_IRQHandler               
00003aaf  DAC0_IRQHandler                 
00003aaf  DMA_IRQHandler                  
00003aaf  Default_Handler                 
00003aaf  GROUP0_IRQHandler               
00003aaf  HardFault_Handler               
00003aaf  I2C0_IRQHandler                 
00003aaf  I2C1_IRQHandler                 
00003aaf  NMI_Handler                     
00003aaf  PendSV_Handler                  
00003aaf  RTC_IRQHandler                  
00003aaf  SPI0_IRQHandler                 
00003aaf  SPI1_IRQHandler                 
00003aaf  SVC_Handler                     
00003aaf  SysTick_Handler                 
00003aaf  TIMA0_IRQHandler                
00003aaf  TIMG0_IRQHandler                
00003aaf  TIMG12_IRQHandler               
00003aaf  TIMG7_IRQHandler                
00003aaf  TIMG8_IRQHandler                
00003aaf  UART0_IRQHandler                
00003aaf  UART3_IRQHandler                
00003ab2  C$$EXIT                         
00003ab3  HOSTexit                        
00003acd  Reset_Handler                   
00003ad1  _system_pre_init                
00003ae0  OLED_F8x16                      
000041b4  __TI_Handler_Table_Base         
000041c0  __TI_Handler_Table_Limit        
000041c8  __TI_CINIT_Base                 
000041d8  __TI_CINIT_Limit                
000041d8  __TI_CINIT_Warm                 
20200000  __start___llvm_prf_bits         
20200000  __start___llvm_prf_cnts         
20200000  __stop___llvm_prf_bits          
20200000  __stop___llvm_prf_cnts          
20200400  gBLDCBackup                     
202004bc  gMOTOR_MG310Backup              
20200578  gGET_MPU6050Backup              
2020069c  MM                              
202006cc  gf32cBackup                     
202006fc  wit_data                        
2020072c  pt1_filter_gx                   
20200738  pt1_filter_gy                   
20200744  pt1_filter_gz                   
20200750  pt1_filter_x                    
2020075c  pt1_filter_y                    
20200768  pt1_filter_z                    
2020078a  mpu6050_i2cbus                  
202007ec  __aeabi_errno                   
20207e00  __stack                         
20208000  __STACK_END                     
ffffffff  __TI_pprof_out_hndl             
ffffffff  __TI_prof_data_size             
ffffffff  __TI_prof_data_start            
ffffffff  __binit__                       
ffffffff  binit                           
UNDEFED   __mpu_init                      
UNDEFED   _system_post_cinit              

[184 symbols]
