******************************************************************************
            TI ARM Clang Linker PC v4.0.4                      
******************************************************************************
>> Linked Fri Jul 31 00:51:35 2026

OUTPUT FILE NAME:   <first.out>
ENTRY POINT SYMBOL: "_c_int00_noargs"  address: 00002c91


MEMORY CONFIGURATION

         name            origin    length      used     unused   attr    fill
----------------------  --------  ---------  --------  --------  ----  --------
  FLASH                 00000000   00020000  00003e18  0001c1e8  R  X
  SRAM                  20200000   00008000  00000962  0000769e  RW X
  BCR_CONFIG            41c00000   000000ff  00000000  000000ff  R   
  BSL_CONFIG            41c00100   00000080  00000000  00000080  R   


SEGMENT ALLOCATION MAP

run origin  load origin   length   init length attrs members
----------  ----------- ---------- ----------- ----- -------
00000000    00000000    00003e18   00003e18    r-x
  00000000    00000000    000000c0   000000c0    r-- .intvecs
  000000c0    000000c0    00003468   00003468    r-x .text
  00003528    00003528    000008c0   000008c0    r-- .rodata
  00003de8    00003de8    00000030   00000030    r-- .cinit
20200000    20200000    00000762   00000000    rw-
  20200000    20200000    0000071c   00000000    rw- .bss
  2020071c    2020071c    00000046   00000000    rw- .data
20207e00    20207e00    00000200   00000000    rw-
  20207e00    20207e00    00000200   00000000    rw- .stack


SECTION ALLOCATION MAP

 output                                  attributes/
section   page    origin      length       input sections
--------  ----  ----------  ----------   ----------------
.intvecs   0    00000000    000000c0     
                  00000000    000000c0     startup_mspm0g350x_ticlang.o (.intvecs)

.text      0    000000c0    00003468     
                  000000c0    00000314     app_fishpath_test.o (.text.app_fishpath_test)
                  000003d4    000002e8     mid_xunji.o (.text.xunji_update)
                  000006bc    000001c4     ti_msp_dl_config.o (.text.SYSCFG_DL_GPIO_init)
                  00000880    0000019c     app_fishpath_test.o (.text.print_status)
                  00000a1c    00000108     drv_encoder.o (.text.encoder_update_speed)
                  00000b24    00000108     mid_pid.o (.text.pid_update)
                  00000c2c    00000108     mid_xunji.o (.text.xunji_parse_uart)
                  00000d34    00000104     driverlib.a : dl_timer.o (.text.DL_Timer_initFourCCPWMMode)
                  00000e38    000000fc                 : dl_timer.o (.text.DL_Timer_initTimerMode)
                  00000f34    000000e8     ti_msp_dl_config.o (.text.SYSCFG_DL_initPower)
                  0000101c    000000d8     libclang_rt.builtins.a : addsf3.S.obj (.text)
                  000010f4    000000ce     bsp_OLED.o (.text.OLED_Init)
                  000011c2    000000c2     bsp_button.o (.text.button_update)
                  00001284    000000bc     app_fishpath_test.o (.text.take_start_line_event)
                  00001340    000000b8     ti_msp_dl_config.o (.text.SYSCFG_DL_BLDC_init)
                  000013f8    000000b8     app_fishpath_test.o (.text.oled_update)
                  000014b0    000000b4     bsp_OLED.o (.text.OLED_ShowChar)
                  00001564    000000b4     mid_xunji.o (.text.xunji_init)
                  00001618    000000a8     mid_xunji.o (.text.xunji_calc_error)
                  000016c0    000000a0     bsp_encoder.o (.text.mg310_setDirectionPins)
                  00001760    00000098     drv_uart.o (.text.drv_uart_print_num)
                  000017f8    00000094     bsp_fishpath.o (.text.fishpath_update)
                  0000188c    0000008c     ti_msp_dl_config.o (.text.SYSCFG_DL_MG310_PWM_init)
                  00001918    0000008c     libclang_rt.builtins.a : mulsf3.S.obj (.text.__mulsf3)
                  000019a4    00000084     ti_msp_dl_config.o (.text.__NVIC_SetPriority)
                  00001a28    00000082     libclang_rt.builtins.a : divsf3.S.obj (.text.__divsf3)
                  00001aaa    00000002     bsp_OLED.o (.text.OLED_I2C_Init)
                  00001aac    00000080     mid_xunji.o (.text.xunji_reset_tracking)
                  00001b2c    0000007c     drv_zdt_x35_uart.o (.text.UART2_IRQHandler)
                  00001ba8    0000007c     app_fishpath_test.o (.text.print_float_signed_2dp)
                  00001c24    0000007c     libc.a : copy_decompress_lzss.c.obj (.text:decompress:lzss)
                  00001ca0    0000007a     bsp_OLED.o (.text.OLED_ShowNum)
                  00001d1a    00000070     app_fishpath_test.o (.text.is_start_line)
                  00001d8a    00000002     libclang_rt.builtins.a : aeabi_div0.c.obj (.text.__aeabi_idiv0)
                  00001d8c    00000068     ti_msp_dl_config.o (.text.SYSCFG_DL_ZDT_X35_init)
                  00001df4    00000064     ti_msp_dl_config.o (.text.SYSCFG_DL_init)
                  00001e58    00000064     ti_msp_dl_config.o (.text.SYSCFG_DL_servo_init)
                  00001ebc    00000064     drv_uart.o (.text.UART1_IRQHandler)
                  00001f20    00000062     libclang_rt.builtins.a : aeabi_fcmp.S.obj (.text.__aeabi_fcmp)
                  00001f82    00000002     --HOLE-- [fill = 0]
                  00001f84    00000060     drv_encoder.o (.text.encoder_handle_gpiob)
                  00001fe4    00000058     ti_msp_dl_config.o (.text.SYSCFG_DL_as5600_init)
                  0000203c    00000056     bsp_OLED.o (.text.OLED_Clear)
                  00002092    00000002     --HOLE-- [fill = 0]
                  00002094    00000056     libclang_rt.builtins.a : aeabi_idivmod.S.obj (.text.__aeabi_idivmod)
                  000020ea    00000054     bsp_OLED.o (.text.OLED_I2C_SendByte)
                  0000213e    00000002     --HOLE-- [fill = 0]
                  00002140    00000054     drv_uart.o (.text.drv_uart1_read)
                  00002194    00000054     drv_uart.o (.text.uart0_write_byte)
                  000021e8    00000050     ti_msp_dl_config.o (.text.DL_GPIO_initPeripheralInputFunctionFeatures)
                  00002238    00000050     ti_msp_dl_config.o (.text.SYSCFG_DL_debug_init)
                  00002288    00000050     bsp_encoder.o (.text.mg310_motorSetSpeed)
                  000022d8    0000004c     ti_msp_dl_config.o (.text.DL_GPIO_initDigitalInputFeatures)
                  00002324    0000004c     ti_msp_dl_config.o (.text.DL_UART_setBaudRateDivisor)
                  00002370    0000004c     bsp_button.o (.text.button_init)
                  000023bc    0000004a     bsp_OLED.o (.text.OLED_ShowString)
                  00002406    00000002     --HOLE-- [fill = 0]
                  00002408    00000048     driverlib.a : dl_uart.o (.text.DL_UART_init)
                  00002450    00000048     drv_encoder.o (.text.encoder_count_a_rising)
                  00002498    00000044     app_fishpath_test.o (.text.print_duty_pct)
                  000024dc    00000040     ti_msp_dl_config.o (.text.SYSCFG_DL_f32c_init)
                  0000251c    00000040     ti_msp_dl_config.o (.text.SYSCFG_DL_fishpath_init)
                  0000255c    00000040     libclang_rt.builtins.a : aeabi_uidivmod.S.obj (.text.__aeabi_uidivmod)
                  0000259c    00000040     mid_delay.o (.text.delay_ms)
                  000025dc    00000040     bsp_encoder.o (.text.mg310_motorInit)
                  0000261c    00000040     mid_pid.o (.text.pid_init)
                  0000265c    0000003c     ti_msp_dl_config.o (.text.DL_Timer_setCounterControl)
                  00002698    0000003c     libclang_rt.builtins.a : floatsisf.S.obj (.text.__floatsisf)
                  000026d4    0000003c                            : comparesf2.S.obj (.text.__gtsf2)
                  00002710    0000003c     bsp_button.o (.text.button_sample_raw)
                  0000274c    0000003c     libc.a : autoinit.c.obj (.text:__TI_auto_init_nobinit_nopinit)
                  00002788    0000003a     libclang_rt.builtins.a : comparesf2.S.obj (.text.__eqsf2)
                  000027c2    00000002     --HOLE-- [fill = 0]
                  000027c4    0000003a                            : muldsi3.S.obj (.text.__muldsi3)
                  000027fe    00000002     --HOLE-- [fill = 0]
                  00002800    00000038     bsp_OLED.o (.text.OLED_W_SCL)
                  00002838    00000038     bsp_OLED.o (.text.OLED_W_SDA)
                  00002870    00000038     libclang_rt.builtins.a : fixsfsi.S.obj (.text.__fixsfsi)
                  000028a8    00000038     mid_xunji.o (.text.xunji_get_sensors)
                  000028e0    00000036     bsp_OLED.o (.text.OLED_SetCursor)
                  00002916    00000002     --HOLE-- [fill = 0]
                  00002918    00000034     ti_msp_dl_config.o (.text.SYSCFG_DL_GET_MPU6050_init)
                  0000294c    00000034     ti_msp_dl_config.o (.text.SYSCFG_DL_MOTOR_MG310_init)
                  00002980    00000032     libclang_rt.builtins.a : fixunssfsi.S.obj (.text.__fixunssfsi)
                  000029b2    00000002     --HOLE-- [fill = 0]
                  000029b4    00000030     drv_encoder.o (.text.TIMA1_IRQHandler)
                  000029e4    00000030     drv_tim.o (.text.TIMG6_IRQHandler)
                  00002a14    00000030     bsp_fishpath.o (.text.fishpath_init)
                  00002a44    0000002e     drv_uart.o (.text.drv_uart_send_string)
                  00002a72    00000002     --HOLE-- [fill = 0]
                  00002a74    0000002c     drv_uart.o (.text.__NVIC_EnableIRQ)
                  00002aa0    0000002c     drv_uart.o (.text.drv_uart1_init)
                  00002acc    0000002c     app_fishpath_test.o (.text.print_header)
                  00002af8    0000002a     bsp_OLED.o (.text.OLED_WriteCommand)
                  00002b22    0000002a     bsp_OLED.o (.text.OLED_WriteData)
                  00002b4c    0000002a     ti_msp_dl_config.o (.text.SYSCFG_DL_SYSCTL_init)
                  00002b76    00000028     ti_msp_dl_config.o (.text.DL_Common_updateReg)
                  00002b9e    00000002     --HOLE-- [fill = 0]
                  00002ba0    00000028     ti_msp_dl_config.o (.text.DL_I2C_setControllerRXFIFOThreshold)
                  00002bc8    00000028     ti_msp_dl_config.o (.text.DL_I2C_setControllerTXFIFOThreshold)
                  00002bf0    00000028     ti_msp_dl_config.o (.text.DL_SYSTICK_init)
                  00002c18    00000028     ti_msp_dl_config.o (.text.DL_UART_setRXFIFOThreshold)
                  00002c40    00000028     ti_msp_dl_config.o (.text.DL_UART_setTXFIFOThreshold)
                  00002c68    00000028     bsp_OLED.o (.text.OLED_Pow)
                  00002c90    00000028     libc.a : boot_cortex_m.c.obj (.text:_c_int00_noargs)
                  00002cb8    00000026     ti_msp_dl_config.o (.text.DL_I2C_setAnalogGlitchFilterPulseWidth)
                  00002cde    00000026     driverlib.a : dl_i2c.o (.text.DL_I2C_setClockConfig)
                  00002d04    00000024     bsp_OLED.o (.text.OLED_I2C_Start)
                  00002d28    00000024     bsp_button.o (.text.button_is_clicked)
                  00002d4c    00000024     bsp_button.o (.text.button_is_released)
                  00002d70    00000024     bsp_encoder.o (.text.mg310_motorForward)
                  00002d94    00000024     bsp_encoder.o (.text.mg310_motorStop)
                  00002db8    00000020     ti_msp_dl_config.o (.text.DL_GPIO_initPeripheralInputFunction)
                  00002dd8    00000020     mid_delay.o (.text.tick_poll)
                  00002df8    0000001e     ti_msp_dl_config.o (.text.DL_UART_setOversampling)
                  00002e16    00000002     --HOLE-- [fill = 0]
                  00002e18    0000001c     drv_encoder.o (.text.DL_GPIO_clearInterruptStatus)
                  00002e34    0000001c     ti_msp_dl_config.o (.text.DL_GPIO_enableHiZ)
                  00002e50    0000001c     ti_msp_dl_config.o (.text.DL_GPIO_initPeripheralOutputFunction)
                  00002e6c    0000001c     drv_encoder.o (.text.DL_Interrupt_getPendingGroup)
                  00002e88    0000001c     ti_msp_dl_config.o (.text.DL_SYSCTL_setMCLKDivider)
                  00002ea4    0000001c     ti_msp_dl_config.o (.text.DL_SYSCTL_setSYSOSCFreq)
                  00002ec0    0000001c     ti_msp_dl_config.o (.text.DL_SYSCTL_setULPCLKDivider)
                  00002edc    0000001c     ti_msp_dl_config.o (.text.DL_Timer_enableInterrupt)
                  00002ef8    0000001c     driverlib.a : dl_timer.o (.text.DL_Timer_setCaptCompUpdateMethod)
                  00002f14    0000001c                 : dl_timer.o (.text.DL_Timer_setClockConfig)
                  00002f30    0000001c     drv_uart.o (.text.DL_UART_enableInterrupt)
                  00002f4c    0000001c     ti_msp_dl_config.o (.text.DL_UART_enableInterrupt)
                  00002f68    0000001c     driverlib.a : dl_uart.o (.text.DL_UART_transmitDataCheck)
                  00002f84    0000001c     bsp_OLED.o (.text.OLED_I2C_Stop)
                  00002fa0    0000001c     drv_uart.o (.text.drv_uart1_available)
                  00002fbc    00000018     ti_msp_dl_config.o (.text.DL_GPIO_enableOutput)
                  00002fd4    00000018     ti_msp_dl_config.o (.text.DL_GPIO_enablePower)
                  00002fec    00000018     drv_encoder.o (.text.DL_GPIO_getEnabledInterruptStatus)
                  00003004    00000018     ti_msp_dl_config.o (.text.DL_GPIO_initDigitalOutput)
                  0000301c    00000018     ti_msp_dl_config.o (.text.DL_GPIO_reset)
                  00003034    00000018     bsp_OLED.o (.text.DL_GPIO_setPins)
                  0000304c    00000018     bsp_encoder.o (.text.DL_GPIO_setPins)
                  00003064    00000018     ti_msp_dl_config.o (.text.DL_GPIO_setPins)
                  0000307c    00000018     bsp_led.o (.text.DL_GPIO_togglePins)
                  00003094    00000018     ti_msp_dl_config.o (.text.DL_I2C_enableAnalogGlitchFilter)
                  000030ac    00000018     ti_msp_dl_config.o (.text.DL_I2C_enableController)
                  000030c4    00000018     ti_msp_dl_config.o (.text.DL_I2C_enableControllerClockStretching)
                  000030dc    00000018     ti_msp_dl_config.o (.text.DL_I2C_enablePower)
                  000030f4    00000018     ti_msp_dl_config.o (.text.DL_I2C_reset)
                  0000310c    00000018     ti_msp_dl_config.o (.text.DL_I2C_setTimerPeriod)
                  00003124    00000018     ti_msp_dl_config.o (.text.DL_SYSCTL_setBORThreshold)
                  0000313c    00000018     drv_tim.o (.text.DL_Timer_clearInterruptStatus)
                  00003154    00000018     ti_msp_dl_config.o (.text.DL_Timer_enablePower)
                  0000316c    00000018     ti_msp_dl_config.o (.text.DL_Timer_reset)
                  00003184    00000018     driverlib.a : dl_timer.o (.text.DL_Timer_setCaptureCompareOutCtl)
                  0000319c    00000018     bsp_encoder.o (.text.DL_Timer_startCounter)
                  000031b4    00000018     ti_msp_dl_config.o (.text.DL_UART_enableFIFOs)
                  000031cc    00000018     ti_msp_dl_config.o (.text.DL_UART_enablePower)
                  000031e4    00000018     drv_zdt_x35_uart.o (.text.DL_UART_isRXFIFOEmpty)
                  000031fc    00000018     ti_msp_dl_config.o (.text.DL_UART_reset)
                  00003214    00000018     drv_encoder.o (.text.GROUP1_IRQHandler)
                  0000322c    00000016     bsp_button.o (.text.DL_GPIO_readPins)
                  00003242    00000016     drv_encoder.o (.text.DL_GPIO_readPins)
                  00003258    00000016     ti_msp_dl_config.o (.text.DL_UART_enable)
                  0000326e    00000016     empty.o (.text.main)
                  00003284    00000014     bsp_OLED.o (.text.DL_GPIO_clearPins)
                  00003298    00000014     bsp_encoder.o (.text.DL_GPIO_clearPins)
                  000032ac    00000014     ti_msp_dl_config.o (.text.DL_GPIO_clearPins)
                  000032c0    00000014     ti_msp_dl_config.o (.text.DL_I2C_resetControllerTransfer)
                  000032d4    00000014     ti_msp_dl_config.o (.text.DL_SYSCTL_disableSYSPLL)
                  000032e8    00000014     ti_msp_dl_config.o (.text.DL_Timer_enableClock)
                  000032fc    00000014     ti_msp_dl_config.o (.text.DL_Timer_setCCPDirection)
                  00003310    00000014     drv_uart.o (.text.DL_UART_receiveData)
                  00003324    00000014     drv_zdt_x35_uart.o (.text.DL_UART_receiveData)
                  00003338    00000014     drv_uart.o (.text.drv_uart1_flush)
                  0000334c    00000014     bsp_fishpath.o (.text.fishpath_stop)
                  00003360    00000012     drv_encoder.o (.text.DL_Timer_getPendingInterrupt)
                  00003372    00000012     drv_tim.o (.text.DL_Timer_getPendingInterrupt)
                  00003384    00000012     drv_uart.o (.text.DL_UART_getPendingInterrupt)
                  00003396    00000012     drv_zdt_x35_uart.o (.text.DL_UART_getPendingInterrupt)
                  000033a8    00000012     driverlib.a : dl_uart.o (.text.DL_UART_setClockConfig)
                  000033ba    00000012     mid_delay.o (.text.delay_us)
                  000033cc    00000012     libc.a : memcpy16.S.obj (.text:TI_memcpy_small)
                  000033de    00000012            : copy_decompress_none.c.obj (.text:decompress:none)
                  000033f0    00000010     ti_msp_dl_config.o (.text.DL_SYSCTL_disableHFXT)
                  00003400    00000010     mid_delay.o (.text.DL_SYSTICK_enable)
                  00003410    00000010     driverlib.a : dl_timer.o (.text.DL_Timer_setCaptureCompareValue)
                  00003420    00000010     mid_delay.o (.text.get_system_ms)
                  00003430    00000010     bsp_encoder.o (.text.mg310_motorInitAll)
                  00003440    00000010     bsp_encoder.o (.text.mg310_motorStopAll)
                  00003450    00000010     bsp_led.o (.text.use_led_TOGGLE)
                  00003460    00000010     libc.a : copy_zero_init.c.obj (.text:decompress:ZI)
                  00003470    0000000e            : memset16.S.obj (.text:TI_memset_small)
                  0000347e    0000000c     ti_msp_dl_config.o (.text.SYSCFG_DL_SYSTICK_init)
                  0000348a    00000002     --HOLE-- [fill = 0]
                  0000348c    0000000c     libclang_rt.builtins.a : aeabi_memset.S.obj (.text.__aeabi_memclr)
                  00003498    0000000c     bsp_button.o (.text.button_is_pressed)
                  000034a4    0000000c     bsp_fishpath.o (.text.fishpath_start)
                  000034b0    0000000c     mid_xunji.o (.text.xunji_get_error)
                  000034bc    0000000c     mid_xunji.o (.text.xunji_get_left_duty)
                  000034c8    0000000c     mid_xunji.o (.text.xunji_get_position)
                  000034d4    0000000c     mid_xunji.o (.text.xunji_get_right_duty)
                  000034e0    0000000c     mid_xunji.o (.text.xunji_is_online)
                  000034ec    0000000a     driverlib.a : dl_common.o (.text.DL_Common_delayCycles)
                  000034f6    00000002     --HOLE-- [fill = 0]
                  000034f8    00000008     libclang_rt.builtins.a : aeabi_memcpy.S.obj (.text.__aeabi_memcpy)
                  00003500    00000006     libc.a : exit.c.obj (.text:abort)
                  00003506    00000004     startup_mspm0g350x_ticlang.o (.text.Default_Handler)
                  0000350a    00000004     libsysbm.a : hostexit.c.obj (.text.HOSTexit)
                  0000350e    00000004     startup_mspm0g350x_ticlang.o (.text.Reset_Handler)
                  00003512    00000002     --HOLE-- [fill = 0]
                  00003514    00000010     libc.a : boot_cortex_m.c.obj (.tramp._c_int00_noargs.1)
                  00003524    00000004            : pre_init.c.obj (.text._system_pre_init)

.cinit     0    00003de8    00000030     
                  00003de8    0000000c     (.cinit..data.load) [load image, compression = lzss]
                  00003df4    0000000c     (__TI_handler_table)
                  00003e00    00000008     (.cinit..bss.load) [load image, compression = zero_init]
                  00003e08    00000010     (__TI_cinit_table)

.rodata    0    00003528    000008c0     
                  00003528    000005f0     bsp_OLED.o (.rodata.OLED_F8x16)
                  00003b18    0000002b     app_fishpath_test.o (.rodata.str1.16243905870442126813.1)
                  00003b43    00000029     app_fishpath_test.o (.rodata.str1.1401854684276384821.1)
                  00003b6c    00000028     bsp_encoder.o (.rodata.gMotorCfg)
                  00003b94    00000027     app_fishpath_test.o (.rodata.str1.7628530875438377854.1)
                  00003bbb    00000026     app_fishpath_test.o (.rodata.str1.2510112705163956241.1)
                  00003be1    00000023     app_fishpath_test.o (.rodata.str1.3732868470349181804.1)
                  00003c04    0000001f     app_fishpath_test.o (.rodata.str1.9568068334242571302.1)
                  00003c23    0000001e     app_fishpath_test.o (.rodata.str1.11774003085424960604.1)
                  00003c41    00000001     app_fishpath_test.o (.rodata.str1.728235691970603044.1)
                  00003c42    00000018     mid_xunji.o (.rodata.xunji_weight)
                  00003c5a    00000017     app_fishpath_test.o (.rodata.str1.1360649218210786023.1)
                  00003c71    00000015     app_fishpath_test.o (.rodata.str1.18019188553882018081.1)
                  00003c86    00000002     ti_msp_dl_config.o (.rodata.gZDT_X35ClockConfig)
                  00003c88    00000014     ti_msp_dl_config.o (.rodata.gGET_MPU6050TimerConfig)
                  00003c9c    00000014     ti_msp_dl_config.o (.rodata.gMOTOR_MG310TimerConfig)
                  00003cb0    00000011     app_fishpath_test.o (.rodata.str1.10176734545362541339.1)
                  00003cc1    00000011     app_fishpath_test.o (.rodata.str1.11025614653943858135.1)
                  00003cd2    00000011     app_fishpath_test.o (.rodata.str1.17617842308498000527.1)
                  00003ce3    00000011     app_fishpath_test.o (.rodata.str1.1903662765984064813.1)
                  00003cf4    00000011     app_fishpath_test.o (.rodata.str1.2346663837908292640.1)
                  00003d05    0000000b     app_fishpath_test.o (.rodata.str1.5497823414014453571.1)
                  00003d10    0000000a     ti_msp_dl_config.o (.rodata.gZDT_X35Config)
                  00003d1a    0000000a     ti_msp_dl_config.o (.rodata.gdebugConfig)
                  00003d24    0000000a     ti_msp_dl_config.o (.rodata.gf32cConfig)
                  00003d2e    0000000a     ti_msp_dl_config.o (.rodata.gfishpathConfig)
                  00003d38    00000009     app_fishpath_test.o (.rodata.str1.13276028529708208594.1)
                  00003d41    00000009     app_fishpath_test.o (.rodata.str1.5847889485687104479.1)
                  00003d4a    00000009     app_fishpath_test.o (.rodata.str1.73887625175690915.1)
                  00003d53    00000009     app_fishpath_test.o (.rodata.str1.9275412703813289920.1)
                  00003d5c    00000008     ti_msp_dl_config.o (.rodata.gBLDCConfig)
                  00003d64    00000008     ti_msp_dl_config.o (.rodata.gMG310_PWMConfig)
                  00003d6c    00000008     ti_msp_dl_config.o (.rodata.gservoConfig)
                  00003d74    00000008     app_fishpath_test.o (.rodata.str1.11862211657892922610.1)
                  00003d7c    00000008     app_fishpath_test.o (.rodata.str1.4309609679019413415.1)
                  00003d84    00000007     app_fishpath_test.o (.rodata.str1.4952637637888688229.1)
                  00003d8b    00000007     app_fishpath_test.o (.rodata.str1.7902608179708045832.1)
                  00003d92    00000006     app_fishpath_test.o (.rodata.str1.14736003402055595940.1)
                  00003d98    00000005     app_fishpath_test.o (.rodata.str1.15118972316455021221.1)
                  00003d9d    00000005     app_fishpath_test.o (.rodata.str1.6202394804350918850.1)
                  00003da2    00000005     app_fishpath_test.o (.rodata.str1.6624550271007564235.1)
                  00003da7    00000004     app_fishpath_test.o (.rodata.str1.10312277097225467307.1)
                  00003dab    00000004     app_fishpath_test.o (.rodata.str1.7625704744677255551.1)
                  00003daf    00000003     ti_msp_dl_config.o (.rodata.gBLDCClockConfig)
                  00003db2    00000003     ti_msp_dl_config.o (.rodata.gGET_MPU6050ClockConfig)
                  00003db5    00000003     ti_msp_dl_config.o (.rodata.gMG310_PWMClockConfig)
                  00003db8    00000003     ti_msp_dl_config.o (.rodata.gMOTOR_MG310ClockConfig)
                  00003dbb    00000003     ti_msp_dl_config.o (.rodata.gservoClockConfig)
                  00003dbe    00000003     app_fishpath_test.o (.rodata.str1.14033089546087836813.1)
                  00003dc1    00000003     app_fishpath_test.o (.rodata.str1.16917988195507778064.1)
                  00003dc4    00000003     app_fishpath_test.o (.rodata.str1.17750921184407530249.1)
                  00003dc7    00000003     app_fishpath_test.o (.rodata.str1.8611923216337308918.1)
                  00003dca    00000003     app_fishpath_test.o (.rodata.str1.9336378247190437114.1)
                  00003dcd    00000002     ti_msp_dl_config.o (.rodata.gas5600ClockConfig)
                  00003dcf    00000002     ti_msp_dl_config.o (.rodata.gdebugClockConfig)
                  00003dd1    00000002     ti_msp_dl_config.o (.rodata.gf32cClockConfig)
                  00003dd3    00000002     ti_msp_dl_config.o (.rodata.gfishpathClockConfig)
                  00003dd5    00000002     app_fishpath_test.o (.rodata.str1.11416582424388263510.1)
                  00003dd7    00000002     app_fishpath_test.o (.rodata.str1.2826843677067812269.1)
                  00003dd9    00000002     app_fishpath_test.o (.rodata.str1.3538337836601306508.1)
                  00003ddb    00000002     app_fishpath_test.o (.rodata.str1.6645778433394102293.1)
                  00003ddd    00000002     app_fishpath_test.o (.rodata.str1.894182965224392707.1)
                  00003ddf    00000002     app_fishpath_test.o (.rodata.str1.9449719679918439850.1)
                  00003de1    00000007     --HOLE-- [fill = 0]

.init_array 
*          0    00000000    00000000     UNINITIALIZED

.binit     0    00000000    00000000     

.bss       0    20200000    0000071c     UNINITIALIZED
                  20200000    00000400     drv_uart.o (.bss.uart1_rx_buf)
                  20200400    000000bc     (.common:gBLDCBackup)
                  202004bc    000000bc     (.common:gMOTOR_MG310Backup)
                  20200578    000000a0     (.common:gGET_MPU6050Backup)
                  20200618    00000080     drv_zdt_x35_uart.o (.bss.g_zdt_x35_rx_buffer)
                  20200698    00000030     (.common:gf32cBackup)
                  202006c8    00000014     app_fishpath_test.o (.bss.g_btn_user)
                  202006dc    0000000c     mid_xunji.o (.bss.sensor_pending)
                  202006e8    0000000c     mid_xunji.o (.bss.sensor_raw)
                  202006f4    00000004     mid_xunji.o (.bss.base_speed)
                  202006f8    00000004     mid_xunji.o (.bss.error_raw)
                  202006fc    00000004     drv_zdt_x35_uart.o (.bss.g_zdt_x35_rx_overflow_count)
                  20200700    00000004     mid_xunji.o (.bss.left_duty)
                  20200704    00000004     mid_xunji.o (.bss.position_raw)
                  20200708    00000004     mid_xunji.o (.bss.right_duty)
                  2020070c    00000002     mid_xunji.o (.bss.corner_turn_cycles)
                  2020070e    00000002     drv_zdt_x35_uart.o (.bss.g_zdt_x35_rx_head)
                  20200710    00000002     drv_zdt_x35_uart.o (.bss.g_zdt_x35_rx_tail)
                  20200712    00000001     mid_xunji.o (.bss.active_sensor_count)
                  20200713    00000001     mid_xunji.o (.bss.corner_center_count)
                  20200714    00000001     mid_xunji.o (.bss.corner_event)
                  20200715    00000001     mid_xunji.o (.bss.corner_mark_count)
                  20200716    00000001     mid_xunji.o (.bss.frame_index)
                  20200717    00000001     mid_xunji.o (.bss.frame_receiving)
                  20200718    00000001     mid_xunji.o (.bss.has_seen_line)
                  20200719    00000001     mid_xunji.o (.bss.lost_line_count)
                  2020071a    00000001     mid_xunji.o (.bss.sensor_online)
                  2020071b    00000001     mid_xunji.o (.bss.tracking_state)

.data      0    2020071c    00000046     UNINITIALIZED
                  2020071c    00000020     mid_xunji.o (.data.g_pid_xunji)
                  2020073c    00000008     drv_encoder.o (.data.g_encoder)
                  20200744    00000004     app_fishpath_test.o (.data.g_button_press_tick)
                  20200748    00000004     app_fishpath_test.o (.data.g_last_oled_tick)
                  2020074c    00000004     mid_delay.o (.data.g_system_ms)
                  20200750    00000004     drv_tim.o (.data.g_timebase_ms)
                  20200754    00000002     drv_uart.o (.data.uart1_rx_head)
                  20200756    00000002     drv_uart.o (.data.uart1_rx_tail)
                  20200758    00000001     bsp_fishpath.o (.data.fishpath_running)
                  20200759    00000001     app_fishpath_test.o (.data.g_lap_count)
                  2020075a    00000001     app_fishpath_test.o (.data.g_long_press_handled)
                  2020075b    00000001     app_fishpath_test.o (.data.g_oled_dirty)
                  2020075c    00000001     app_fishpath_test.o (.data.g_run_finished)
                  2020075d    00000001     app_fishpath_test.o (.data.g_run_started)
                  2020075e    00000001     app_fishpath_test.o (.data.g_start_line_active)
                  2020075f    00000001     app_fishpath_test.o (.data.g_start_line_confirm)
                  20200760    00000001     app_fishpath_test.o (.data.g_start_line_release)
                  20200761    00000001     app_fishpath_test.o (.data.g_target_laps)

.stack     0    20207e00    00000200     UNINITIALIZED
                  20207e00    00000004     libc.a : boot_cortex_m.c.obj (.stack)
                  20207e04    000001fc     --HOLE--

__llvm_prf_cnts 
*          0    20200000    00000000     UNINITIALIZED

__llvm_prf_bits 
*          0    20200000    00000000     UNINITIALIZED

MODULE SUMMARY

       Module                         code    ro data   rw data
       ------                         ----    -------   -------
    .\
       ti_msp_dl_config.o             3272    129       584    
       startup_mspm0g350x_ticlang.o   8       192       0      
       empty.o                        22      0         0      
    +--+------------------------------+-------+---------+---------+
       Total:                         3302    321       584    
                                                               
    .\MSPM0G3507\Application\
       app_fishpath_test.o            1920    520       37     
    +--+------------------------------+-------+---------+---------+
       Total:                         1920    520       37     
                                                               
    .\MSPM0G3507\BSP\
       bsp_OLED.o                     1152    1520      0      
       bsp_encoder.o                  476     40        0      
       bsp_button.o                   436     0         0      
       bsp_fishpath.o                 228     0         1      
       bsp_led.o                      40      0         0      
    +--+------------------------------+-------+---------+---------+
       Total:                         2332    1560      1      
                                                               
    .\MSPM0G3507\Driver\
       drv_uart.o                     668     0         1028   
       drv_encoder.o                  624     0         8      
       drv_zdt_x35_uart.o             186     0         136    
       drv_tim.o                      90      0         4      
    +--+------------------------------+-------+---------+---------+
       Total:                         1568    0         1176   
                                                               
    .\MSPM0G3507\Middleware\
       mid_xunji.o                    1600    24        88     
       mid_pid.o                      328     0         0      
       mid_delay.o                    146     0         4      
    +--+------------------------------+-------+---------+---------+
       Total:                         2074    24        92     
                                                               
    C:/TI/mspm0_sdk_2_10_00_04/source/ti/driverlib/lib/ticlang/m0p/mspm0g1x0x_g3x0x/driverlib.a
       dl_timer.o                     608     0         0      
       dl_uart.o                      118     0         0      
       dl_i2c.o                       38      0         0      
       dl_common.o                    10      0         0      
    +--+------------------------------+-------+---------+---------+
       Total:                         774     0         0      
                                                               
    D:\TI2.0\CCS\ccs\tools\compiler\ti-cgt-armllvm_4.0.4.LTS\lib\armv6m-ti-none-eabi/c/libc.a
       copy_decompress_lzss.c.obj     124     0         0      
       autoinit.c.obj                 60      0         0      
       boot_cortex_m.c.obj            56      0         0      
       copy_decompress_none.c.obj     18      0         0      
       memcpy16.S.obj                 18      0         0      
       copy_zero_init.c.obj           16      0         0      
       memset16.S.obj                 14      0         0      
       exit.c.obj                     6       0         0      
       pre_init.c.obj                 4       0         0      
    +--+------------------------------+-------+---------+---------+
       Total:                         316     0         0      
                                                               
    D:\TI2.0\CCS\ccs\tools\compiler\ti-cgt-armllvm_4.0.4.LTS\lib\armv6m-ti-none-eabi/c/libsysbm.a
       hostexit.c.obj                 4       0         0      
    +--+------------------------------+-------+---------+---------+
       Total:                         4       0         0      
                                                               
    D:\TI2.0\CCS\ccs\tools\compiler\ti-cgt-armllvm_4.0.4.LTS\lib\armv6m-ti-none-eabi/libclang_rt.builtins.a
       addsf3.S.obj                   216     0         0      
       mulsf3.S.obj                   140     0         0      
       divsf3.S.obj                   130     0         0      
       comparesf2.S.obj               118     0         0      
       aeabi_fcmp.S.obj               98      0         0      
       aeabi_idivmod.S.obj            86      0         0      
       aeabi_uidivmod.S.obj           64      0         0      
       floatsisf.S.obj                60      0         0      
       muldsi3.S.obj                  58      0         0      
       fixsfsi.S.obj                  56      0         0      
       fixunssfsi.S.obj               50      0         0      
       aeabi_memset.S.obj             12      0         0      
       aeabi_memcpy.S.obj             8       0         0      
       aeabi_div0.c.obj               2       0         0      
    +--+------------------------------+-------+---------+---------+
       Total:                         1098    0         0      
                                                               
       Stack:                         0       0         512    
       Linker Generated:              0       48        0      
    +--+------------------------------+-------+---------+---------+
       Grand Total:                   13388   2473      2402   


LINKER GENERATED COPY TABLES

__TI_cinit_table @ 00003e08 records: 2, size/record: 8, table size: 16
	.data: load addr=00003de8, load size=0000000c bytes, run addr=2020071c, run size=00000046 bytes, compression=lzss
	.bss: load addr=00003e00, load size=00000008 bytes, run addr=20200000, run size=0000071c bytes, compression=zero_init


LINKER GENERATED HANDLER TABLE

__TI_handler_table @ 00003df4 records: 3, size/record: 4, table size: 12
	index: 0, handler: __TI_decompress_lzss
	index: 1, handler: __TI_decompress_none
	index: 2, handler: __TI_zero_init


FAR CALL TRAMPOLINES

callee name               trampoline name
   callee addr  tramp addr   call addr  call info
--------------  -----------  ---------  ----------------
_c_int00_noargs           $Tramp$TT$L$PI$$_c_int00_noargs
   00002c91     00003514     0000350e   startup_mspm0g350x_ticlang.o (.text.Reset_Handler)

[1 trampolines]
[1 trampoline calls]


GLOBAL SYMBOLS: SORTED ALPHABETICALLY BY Name 

address   name                            
-------   ----                            
00003507  ADC0_IRQHandler                 
00003507  ADC1_IRQHandler                 
00003507  AES_IRQHandler                  
0000350a  C$$EXIT                         
00003507  CANFD0_IRQHandler               
00003507  DAC0_IRQHandler                 
000034ed  DL_Common_delayCycles           
00002cdf  DL_I2C_setClockConfig           
00000d35  DL_Timer_initFourCCPWMMode      
00000e39  DL_Timer_initTimerMode          
00002ef9  DL_Timer_setCaptCompUpdateMethod
00003185  DL_Timer_setCaptureCompareOutCtl
00003411  DL_Timer_setCaptureCompareValue 
00002f15  DL_Timer_setClockConfig         
00002409  DL_UART_init                    
000033a9  DL_UART_setClockConfig          
00002f69  DL_UART_transmitDataCheck       
00003507  DMA_IRQHandler                  
00003507  Default_Handler                 
00003507  GROUP0_IRQHandler               
00003215  GROUP1_IRQHandler               
0000350b  HOSTexit                        
00003507  HardFault_Handler               
00003507  I2C0_IRQHandler                 
00003507  I2C1_IRQHandler                 
00003507  NMI_Handler                     
0000203d  OLED_Clear                      
00003528  OLED_F8x16                      
00001aab  OLED_I2C_Init                   
000020eb  OLED_I2C_SendByte               
00002d05  OLED_I2C_Start                  
00002f85  OLED_I2C_Stop                   
000010f5  OLED_Init                       
00002c69  OLED_Pow                        
000028e1  OLED_SetCursor                  
000014b1  OLED_ShowChar                   
00001ca1  OLED_ShowNum                    
000023bd  OLED_ShowString                 
00002801  OLED_W_SCL                      
00002839  OLED_W_SDA                      
00002af9  OLED_WriteCommand               
00002b23  OLED_WriteData                  
00003507  PendSV_Handler                  
00003507  RTC_IRQHandler                  
0000350f  Reset_Handler                   
00003507  SPI0_IRQHandler                 
00003507  SPI1_IRQHandler                 
00003507  SVC_Handler                     
00001341  SYSCFG_DL_BLDC_init             
00002919  SYSCFG_DL_GET_MPU6050_init      
000006bd  SYSCFG_DL_GPIO_init             
0000188d  SYSCFG_DL_MG310_PWM_init        
0000294d  SYSCFG_DL_MOTOR_MG310_init      
00002b4d  SYSCFG_DL_SYSCTL_init           
0000347f  SYSCFG_DL_SYSTICK_init          
00001d8d  SYSCFG_DL_ZDT_X35_init          
00001fe5  SYSCFG_DL_as5600_init           
00002239  SYSCFG_DL_debug_init            
000024dd  SYSCFG_DL_f32c_init             
0000251d  SYSCFG_DL_fishpath_init         
00001df5  SYSCFG_DL_init                  
00000f35  SYSCFG_DL_initPower             
00001e59  SYSCFG_DL_servo_init            
00003507  SysTick_Handler                 
00003507  TIMA0_IRQHandler                
000029b5  TIMA1_IRQHandler                
00003507  TIMG0_IRQHandler                
00003507  TIMG12_IRQHandler               
000029e5  TIMG6_IRQHandler                
00003507  TIMG7_IRQHandler                
00003507  TIMG8_IRQHandler                
000033cd  TI_memcpy_small                 
00003471  TI_memset_small                 
00003507  UART0_IRQHandler                
00001ebd  UART1_IRQHandler                
00001b2d  UART2_IRQHandler                
00003507  UART3_IRQHandler                
20208000  __STACK_END                     
00000200  __STACK_SIZE                    
00000000  __TI_ATRegion0_region_sz        
00000000  __TI_ATRegion0_src_addr         
00000000  __TI_ATRegion0_trg_addr         
00000000  __TI_ATRegion1_region_sz        
00000000  __TI_ATRegion1_src_addr         
00000000  __TI_ATRegion1_trg_addr         
00000000  __TI_ATRegion2_region_sz        
00000000  __TI_ATRegion2_src_addr         
00000000  __TI_ATRegion2_trg_addr         
00003e08  __TI_CINIT_Base                 
00003e18  __TI_CINIT_Limit                
00003e18  __TI_CINIT_Warm                 
00003df4  __TI_Handler_Table_Base         
00003e00  __TI_Handler_Table_Limit        
0000274d  __TI_auto_init_nobinit_nopinit  
00001c25  __TI_decompress_lzss            
000033df  __TI_decompress_none            
ffffffff  __TI_pprof_out_hndl             
ffffffff  __TI_prof_data_size             
ffffffff  __TI_prof_data_start            
00000000  __TI_static_base__              
00003461  __TI_zero_init                  
00001027  __addsf3                        
00002871  __aeabi_f2iz                    
00002981  __aeabi_f2uiz                   
00001027  __aeabi_fadd                    
00001f21  __aeabi_fcmpeq                  
00001f5d  __aeabi_fcmpge                  
00001f71  __aeabi_fcmpgt                  
00001f49  __aeabi_fcmple                  
00001f35  __aeabi_fcmplt                  
00001a29  __aeabi_fdiv                    
00001919  __aeabi_fmul                    
0000101d  __aeabi_fsub                    
00002699  __aeabi_i2f                     
00002095  __aeabi_idiv                    
00001d8b  __aeabi_idiv0                   
00002095  __aeabi_idivmod                 
0000348d  __aeabi_memclr                  
0000348d  __aeabi_memclr4                 
0000348d  __aeabi_memclr8                 
000034f9  __aeabi_memcpy                  
000034f9  __aeabi_memcpy4                 
000034f9  __aeabi_memcpy8                 
0000255d  __aeabi_uidiv                   
0000255d  __aeabi_uidivmod                
ffffffff  __binit__                       
00002789  __cmpsf2                        
00001a29  __divsf3                        
00002789  __eqsf2                         
00002871  __fixsfsi                       
00002981  __fixunssfsi                    
00002699  __floatsisf                     
000026d5  __gesf2                         
000026d5  __gtsf2                         
00002789  __lesf2                         
00002789  __ltsf2                         
UNDEFED   __mpu_init                      
000027c5  __muldsi3                       
00001919  __mulsf3                        
00002789  __nesf2                         
20207e00  __stack                         
20200000  __start___llvm_prf_bits         
20200000  __start___llvm_prf_cnts         
20200000  __stop___llvm_prf_bits          
20200000  __stop___llvm_prf_cnts          
0000101d  __subsf3                        
00002c91  _c_int00_noargs                 
UNDEFED   _system_post_cinit              
00003525  _system_pre_init                
00003501  abort                           
000000c1  app_fishpath_test               
ffffffff  binit                           
00002371  button_init                     
00002d29  button_is_clicked               
00003499  button_is_pressed               
00002d4d  button_is_released              
000011c3  button_update                   
0000259d  delay_ms                        
000033bb  delay_us                        
00002fa1  drv_uart1_available             
00003339  drv_uart1_flush                 
00002aa1  drv_uart1_init                  
00002141  drv_uart1_read                  
00001761  drv_uart_print_num              
00002a45  drv_uart_send_string            
00002a15  fishpath_init                   
000034a5  fishpath_start                  
0000334d  fishpath_stop                   
000017f9  fishpath_update                 
20200400  gBLDCBackup                     
20200578  gGET_MPU6050Backup              
202004bc  gMOTOR_MG310Backup              
2020071c  g_pid_xunji                     
00003421  get_system_ms                   
20200698  gf32cBackup                     
00000000  interruptVectors                
0000326f  main                            
00002d71  mg310_motorForward              
000025dd  mg310_motorInit                 
00003431  mg310_motorInitAll              
00002289  mg310_motorSetSpeed             
00002d95  mg310_motorStop                 
00003441  mg310_motorStopAll              
0000261d  pid_init                        
00000b25  pid_update                      
00003451  use_led_TOGGLE                  
000034b1  xunji_get_error                 
000034bd  xunji_get_left_duty             
000034c9  xunji_get_position              
000034d5  xunji_get_right_duty            
000028a9  xunji_get_sensors               
00001565  xunji_init                      
000034e1  xunji_is_online                 
00001aad  xunji_reset_tracking            
000003d5  xunji_update                    


GLOBAL SYMBOLS: SORTED BY Symbol Address 

address   name                            
-------   ----                            
00000000  __TI_ATRegion0_region_sz        
00000000  __TI_ATRegion0_src_addr         
00000000  __TI_ATRegion0_trg_addr         
00000000  __TI_ATRegion1_region_sz        
00000000  __TI_ATRegion1_src_addr         
00000000  __TI_ATRegion1_trg_addr         
00000000  __TI_ATRegion2_region_sz        
00000000  __TI_ATRegion2_src_addr         
00000000  __TI_ATRegion2_trg_addr         
00000000  __TI_static_base__              
00000000  interruptVectors                
000000c1  app_fishpath_test               
00000200  __STACK_SIZE                    
000003d5  xunji_update                    
000006bd  SYSCFG_DL_GPIO_init             
00000b25  pid_update                      
00000d35  DL_Timer_initFourCCPWMMode      
00000e39  DL_Timer_initTimerMode          
00000f35  SYSCFG_DL_initPower             
0000101d  __aeabi_fsub                    
0000101d  __subsf3                        
00001027  __addsf3                        
00001027  __aeabi_fadd                    
000010f5  OLED_Init                       
000011c3  button_update                   
00001341  SYSCFG_DL_BLDC_init             
000014b1  OLED_ShowChar                   
00001565  xunji_init                      
00001761  drv_uart_print_num              
000017f9  fishpath_update                 
0000188d  SYSCFG_DL_MG310_PWM_init        
00001919  __aeabi_fmul                    
00001919  __mulsf3                        
00001a29  __aeabi_fdiv                    
00001a29  __divsf3                        
00001aab  OLED_I2C_Init                   
00001aad  xunji_reset_tracking            
00001b2d  UART2_IRQHandler                
00001c25  __TI_decompress_lzss            
00001ca1  OLED_ShowNum                    
00001d8b  __aeabi_idiv0                   
00001d8d  SYSCFG_DL_ZDT_X35_init          
00001df5  SYSCFG_DL_init                  
00001e59  SYSCFG_DL_servo_init            
00001ebd  UART1_IRQHandler                
00001f21  __aeabi_fcmpeq                  
00001f35  __aeabi_fcmplt                  
00001f49  __aeabi_fcmple                  
00001f5d  __aeabi_fcmpge                  
00001f71  __aeabi_fcmpgt                  
00001fe5  SYSCFG_DL_as5600_init           
0000203d  OLED_Clear                      
00002095  __aeabi_idiv                    
00002095  __aeabi_idivmod                 
000020eb  OLED_I2C_SendByte               
00002141  drv_uart1_read                  
00002239  SYSCFG_DL_debug_init            
00002289  mg310_motorSetSpeed             
00002371  button_init                     
000023bd  OLED_ShowString                 
00002409  DL_UART_init                    
000024dd  SYSCFG_DL_f32c_init             
0000251d  SYSCFG_DL_fishpath_init         
0000255d  __aeabi_uidiv                   
0000255d  __aeabi_uidivmod                
0000259d  delay_ms                        
000025dd  mg310_motorInit                 
0000261d  pid_init                        
00002699  __aeabi_i2f                     
00002699  __floatsisf                     
000026d5  __gesf2                         
000026d5  __gtsf2                         
0000274d  __TI_auto_init_nobinit_nopinit  
00002789  __cmpsf2                        
00002789  __eqsf2                         
00002789  __lesf2                         
00002789  __ltsf2                         
00002789  __nesf2                         
000027c5  __muldsi3                       
00002801  OLED_W_SCL                      
00002839  OLED_W_SDA                      
00002871  __aeabi_f2iz                    
00002871  __fixsfsi                       
000028a9  xunji_get_sensors               
000028e1  OLED_SetCursor                  
00002919  SYSCFG_DL_GET_MPU6050_init      
0000294d  SYSCFG_DL_MOTOR_MG310_init      
00002981  __aeabi_f2uiz                   
00002981  __fixunssfsi                    
000029b5  TIMA1_IRQHandler                
000029e5  TIMG6_IRQHandler                
00002a15  fishpath_init                   
00002a45  drv_uart_send_string            
00002aa1  drv_uart1_init                  
00002af9  OLED_WriteCommand               
00002b23  OLED_WriteData                  
00002b4d  SYSCFG_DL_SYSCTL_init           
00002c69  OLED_Pow                        
00002c91  _c_int00_noargs                 
00002cdf  DL_I2C_setClockConfig           
00002d05  OLED_I2C_Start                  
00002d29  button_is_clicked               
00002d4d  button_is_released              
00002d71  mg310_motorForward              
00002d95  mg310_motorStop                 
00002ef9  DL_Timer_setCaptCompUpdateMethod
00002f15  DL_Timer_setClockConfig         
00002f69  DL_UART_transmitDataCheck       
00002f85  OLED_I2C_Stop                   
00002fa1  drv_uart1_available             
00003185  DL_Timer_setCaptureCompareOutCtl
00003215  GROUP1_IRQHandler               
0000326f  main                            
00003339  drv_uart1_flush                 
0000334d  fishpath_stop                   
000033a9  DL_UART_setClockConfig          
000033bb  delay_us                        
000033cd  TI_memcpy_small                 
000033df  __TI_decompress_none            
00003411  DL_Timer_setCaptureCompareValue 
00003421  get_system_ms                   
00003431  mg310_motorInitAll              
00003441  mg310_motorStopAll              
00003451  use_led_TOGGLE                  
00003461  __TI_zero_init                  
00003471  TI_memset_small                 
0000347f  SYSCFG_DL_SYSTICK_init          
0000348d  __aeabi_memclr                  
0000348d  __aeabi_memclr4                 
0000348d  __aeabi_memclr8                 
00003499  button_is_pressed               
000034a5  fishpath_start                  
000034b1  xunji_get_error                 
000034bd  xunji_get_left_duty             
000034c9  xunji_get_position              
000034d5  xunji_get_right_duty            
000034e1  xunji_is_online                 
000034ed  DL_Common_delayCycles           
000034f9  __aeabi_memcpy                  
000034f9  __aeabi_memcpy4                 
000034f9  __aeabi_memcpy8                 
00003501  abort                           
00003507  ADC0_IRQHandler                 
00003507  ADC1_IRQHandler                 
00003507  AES_IRQHandler                  
00003507  CANFD0_IRQHandler               
00003507  DAC0_IRQHandler                 
00003507  DMA_IRQHandler                  
00003507  Default_Handler                 
00003507  GROUP0_IRQHandler               
00003507  HardFault_Handler               
00003507  I2C0_IRQHandler                 
00003507  I2C1_IRQHandler                 
00003507  NMI_Handler                     
00003507  PendSV_Handler                  
00003507  RTC_IRQHandler                  
00003507  SPI0_IRQHandler                 
00003507  SPI1_IRQHandler                 
00003507  SVC_Handler                     
00003507  SysTick_Handler                 
00003507  TIMA0_IRQHandler                
00003507  TIMG0_IRQHandler                
00003507  TIMG12_IRQHandler               
00003507  TIMG7_IRQHandler                
00003507  TIMG8_IRQHandler                
00003507  UART0_IRQHandler                
00003507  UART3_IRQHandler                
0000350a  C$$EXIT                         
0000350b  HOSTexit                        
0000350f  Reset_Handler                   
00003525  _system_pre_init                
00003528  OLED_F8x16                      
00003df4  __TI_Handler_Table_Base         
00003e00  __TI_Handler_Table_Limit        
00003e08  __TI_CINIT_Base                 
00003e18  __TI_CINIT_Limit                
00003e18  __TI_CINIT_Warm                 
20200000  __start___llvm_prf_bits         
20200000  __start___llvm_prf_cnts         
20200000  __stop___llvm_prf_bits          
20200000  __stop___llvm_prf_cnts          
20200400  gBLDCBackup                     
202004bc  gMOTOR_MG310Backup              
20200578  gGET_MPU6050Backup              
20200698  gf32cBackup                     
2020071c  g_pid_xunji                     
20207e00  __stack                         
20208000  __STACK_END                     
ffffffff  __TI_pprof_out_hndl             
ffffffff  __TI_prof_data_size             
ffffffff  __TI_prof_data_start            
ffffffff  __binit__                       
ffffffff  binit                           
UNDEFED   __mpu_init                      
UNDEFED   _system_post_cinit              

[195 symbols]
