******************************************************************************
            TI ARM Clang Linker PC v4.0.4                      
******************************************************************************
>> Linked Sun Jul 26 22:56:53 2026

OUTPUT FILE NAME:   <first.out>
ENTRY POINT SYMBOL: "_c_int00_noargs"  address: 00002fdd


MEMORY CONFIGURATION

         name            origin    length      used     unused   attr    fill
----------------------  --------  ---------  --------  --------  ----  --------
  FLASH                 00000000   00020000  00003848  0001c7b8  R  X
  SRAM                  20200000   00008000  00000a0d  000075f3  RW X
  BCR_CONFIG            41c00000   000000ff  00000000  000000ff  R   
  BSL_CONFIG            41c00100   00000080  00000000  00000080  R   


SEGMENT ALLOCATION MAP

run origin  load origin   length   init length attrs members
----------  ----------- ---------- ----------- ----- -------
00000000    00000000    00003848   00003848    r-x
  00000000    00000000    000000c0   000000c0    r-- .intvecs
  000000c0    000000c0    00003690   00003690    r-x .text
  00003750    00003750    000000c0   000000c0    r-- .rodata
  00003810    00003810    00000038   00000038    r-- .cinit
20200000    20200000    0000080d   00000000    rw-
  20200000    20200000    000007c4   00000000    rw- .bss
  202007c4    202007c4    00000049   00000000    rw- .data
20207e00    20207e00    00000200   00000000    rw-
  20207e00    20207e00    00000200   00000000    rw- .stack


SECTION ALLOCATION MAP

 output                                  attributes/
section   page    origin      length       input sections
--------  ----  ----------  ----------   ----------------
.intvecs   0    00000000    000000c0     
                  00000000    000000c0     startup_mspm0g350x_ticlang.o (.intvecs)

.text      0    000000c0    00003690     
                  000000c0    0000086c     MPU6050.o (.text.MPU6050_Get_Angle_Plus)
                  0000092c    000001c8     libc.a : s_atanf.c.obj (.text.atanf)
                  00000af4    000001bc     ti_msp_dl_config.o (.text.SYSCFG_DL_GPIO_init)
                  00000cb0    00000192     libclang_rt.builtins.a : adddf3.S.obj (.text.adddf3_subdf3)
                  00000e42    00000002                            : aeabi_div0.c.obj (.text.__aeabi_idiv0)
                  00000e44    00000170     libc.a : e_sqrt.c.obj (.text.sqrt)
                  00000fb4    00000160            : e_asinf.c.obj (.text.asinf)
                  00001114    0000015c     MPU6050.o (.text.MPU6050_Get_Raw)
                  00001270    00000128     bsp_wit.o (.text.WIT_DecodeFrame)
                  00001398    00000118     libc.a : e_atan2f.c.obj (.text.atan2f)
                  000014b0    00000108     drv_encoder.o (.text.encoder_update_speed)
                  000015b8    00000104     driverlib.a : dl_timer.o (.text.DL_Timer_initFourCCPWMMode)
                  000016bc    00000104     bsp_wit.o (.text.WIT_ParseByte)
                  000017c0    000000fc     driverlib.a : dl_timer.o (.text.DL_Timer_initTimerMode)
                  000018bc    000000e8     ti_msp_dl_config.o (.text.SYSCFG_DL_initPower)
                  000019a4    000000e4     libclang_rt.builtins.a : muldf3.S.obj (.text.__muldf3)
                  00001a88    000000d8                            : addsf3.S.obj (.text)
                  00001b60    000000c8     drv_IIC.o (.text.MYI2C_Read_Reg_Continue)
                  00001c28    000000c0     bsp_wit.o (.text.UART2_IRQHandler)
                  00001ce8    000000b8     ti_msp_dl_config.o (.text.SYSCFG_DL_BLDC_init)
                  00001da0    000000a8     drv_IIC.o (.text._SI2C_WriteByte)
                  00001e48    000000a0     drv_IIC.o (.text._SI2C_ReceiveByte)
                  00001ee8    00000098     drv_IIC.o (.text._SI2C_WriteAck)
                  00001f80    0000008c     ti_msp_dl_config.o (.text.SYSCFG_DL_MG310_PWM_init)
                  0000200c    0000008c     libclang_rt.builtins.a : mulsf3.S.obj (.text.__mulsf3)
                  00002098    00000084     ti_msp_dl_config.o (.text.__NVIC_SetPriority)
                  0000211c    00000082     libclang_rt.builtins.a : divsf3.S.obj (.text.__divsf3)
                  0000219e    00000002     --HOLE-- [fill = 0]
                  000021a0    0000007c     drv_IIC.o (.text._SI2C_Start)
                  0000221c    0000007c     libc.a : copy_decompress_lzss.c.obj (.text:decompress:lzss)
                  00002298    0000007a     app_servo_test.o (.text.app_servo_test)
                  00002312    0000000e     libc.a : memset16.S.obj (.text:TI_memset_small)
                  00002320    00000074     libclang_rt.builtins.a : truncdfsf2.S.obj (.text.__truncdfsf2)
                  00002394    00000070     drv_IIC.o (.text._SI2C_ReceiveAck)
                  00002404    0000006c     ti_msp_dl_config.o (.text.SYSCFG_DL_UART_WIT_init)
                  00002470    00000068     ti_msp_dl_config.o (.text.SYSCFG_DL_init)
                  000024d8    00000068     drv_uart.o (.text.UART1_IRQHandler)
                  00002540    00000064     ti_msp_dl_config.o (.text.SYSCFG_DL_servo_init)
                  000025a4    00000064     drv_IIC.o (.text._SI2C_Stop)
                  00002608    00000062     libclang_rt.builtins.a : aeabi_fcmp.S.obj (.text.__aeabi_fcmp)
                  0000266a    00000002     --HOLE-- [fill = 0]
                  0000266c    00000060     drv_encoder.o (.text.encoder_handle_gpiob)
                  000026cc    00000058     ti_msp_dl_config.o (.text.SYSCFG_DL_as5600_init)
                  00002724    00000058     MPU6050.o (.text.invSqrt)
                  0000277c    00000056     libclang_rt.builtins.a : aeabi_idivmod.S.obj (.text.__aeabi_idivmod)
                  000027d2    00000002     --HOLE-- [fill = 0]
                  000027d4    00000050     ti_msp_dl_config.o (.text.DL_GPIO_initPeripheralInputFunctionFeatures)
                  00002824    00000050     filter.o (.text.PT1Filter_Apply)
                  00002874    00000050     ti_msp_dl_config.o (.text.SYSCFG_DL_debug_init)
                  000028c4    0000004c     driverlib.a : dl_dma.o (.text.DL_DMA_initChannel)
                  00002910    0000004c     ti_msp_dl_config.o (.text.DL_GPIO_initDigitalInputFeatures)
                  0000295c    0000004c     ti_msp_dl_config.o (.text.DL_UART_setBaudRateDivisor)
                  000029a8    00000048     driverlib.a : dl_uart.o (.text.DL_UART_init)
                  000029f0    00000048     bsp_wit.o (.text.WIT_ChecksumIsValid)
                  00002a38    00000048     drv_encoder.o (.text.encoder_count_a_rising)
                  00002a80    00000040     ti_msp_dl_config.o (.text.SYSCFG_DL_f32c_init)
                  00002ac0    00000040     ti_msp_dl_config.o (.text.SYSCFG_DL_fishpath_init)
                  00002b00    00000040     libclang_rt.builtins.a : aeabi_uidivmod.S.obj (.text.__aeabi_uidivmod)
                  00002b40    00000040                            : extendsfdf2.S.obj (.text.__extendsfdf2)
                  00002b80    00000040     mid_delay.o (.text.delay_ms)
                  00002bc0    0000003c     ti_msp_dl_config.o (.text.DL_Timer_setCounterControl)
                  00002bfc    0000003c     libclang_rt.builtins.a : floatsisf.S.obj (.text.__floatsisf)
                  00002c38    0000003c                            : comparesf2.S.obj (.text.__gtsf2)
                  00002c74    0000003c     libc.a : autoinit.c.obj (.text:__TI_auto_init_nobinit_nopinit)
                  00002cb0    0000003a     libclang_rt.builtins.a : comparesf2.S.obj (.text.__eqsf2)
                  00002cea    00000002     --HOLE-- [fill = 0]
                  00002cec    0000003a                            : muldsi3.S.obj (.text.__muldsi3)
                  00002d26    00000002     --HOLE-- [fill = 0]
                  00002d28    00000038                            : fixsfsi.S.obj (.text.__fixsfsi)
                  00002d60    00000036     drv_servo.o (.text.servo_setAngle)
                  00002d96    00000002     --HOLE-- [fill = 0]
                  00002d98    00000034     ti_msp_dl_config.o (.text.SYSCFG_DL_GET_MPU6050_init)
                  00002dcc    00000034     ti_msp_dl_config.o (.text.SYSCFG_DL_MOTOR_MG310_init)
                  00002e00    00000034     drv_servo.o (.text.servo_setCC)
                  00002e34    00000030     bsp_wit.o (.text.DL_DMA_setTransferSize)
                  00002e64    00000030     drv_encoder.o (.text.TIMA1_IRQHandler)
                  00002e94    0000002c     drv_tim.o (.text.TIMG6_IRQHandler)
                  00002ec0    0000002a     ti_msp_dl_config.o (.text.SYSCFG_DL_SYSCTL_init)
                  00002eea    00000028     ti_msp_dl_config.o (.text.DL_Common_updateReg)
                  00002f12    00000002     --HOLE-- [fill = 0]
                  00002f14    00000028     bsp_wit.o (.text.DL_DMA_setDestAddr)
                  00002f3c    00000028     ti_msp_dl_config.o (.text.DL_I2C_setControllerRXFIFOThreshold)
                  00002f64    00000028     ti_msp_dl_config.o (.text.DL_I2C_setControllerTXFIFOThreshold)
                  00002f8c    00000028     ti_msp_dl_config.o (.text.DL_SYSTICK_init)
                  00002fb4    00000028     ti_msp_dl_config.o (.text.DL_UART_setRXFIFOThreshold)
                  00002fdc    00000028     libc.a : boot_cortex_m.c.obj (.text:_c_int00_noargs)
                  00003004    00000026     bsp_wit.o (.text.DL_DMA_enableChannel)
                  0000302a    00000026     ti_msp_dl_config.o (.text.DL_I2C_setAnalogGlitchFilterPulseWidth)
                  00003050    00000026     driverlib.a : dl_i2c.o (.text.DL_I2C_setClockConfig)
                  00003076    00000002     --HOLE-- [fill = 0]
                  00003078    00000024     ti_msp_dl_config.o (.text.DL_UART_setRXInterruptTimeout)
                  0000309c    00000020     ti_msp_dl_config.o (.text.DL_GPIO_initPeripheralInputFunction)
                  000030bc    00000020     drv_servo.o (.text.servo_init)
                  000030dc    0000001e     ti_msp_dl_config.o (.text.DL_UART_setOversampling)
                  000030fa    00000002     --HOLE-- [fill = 0]
                  000030fc    0000001c     drv_encoder.o (.text.DL_GPIO_clearInterruptStatus)
                  00003118    0000001c     ti_msp_dl_config.o (.text.DL_GPIO_enableHiZ)
                  00003134    0000001c     ti_msp_dl_config.o (.text.DL_GPIO_initPeripheralOutputFunction)
                  00003150    0000001c     drv_encoder.o (.text.DL_Interrupt_getPendingGroup)
                  0000316c    0000001c     ti_msp_dl_config.o (.text.DL_SYSCTL_setMCLKDivider)
                  00003188    0000001c     ti_msp_dl_config.o (.text.DL_SYSCTL_setSYSOSCFreq)
                  000031a4    0000001c     ti_msp_dl_config.o (.text.DL_SYSCTL_setULPCLKDivider)
                  000031c0    0000001c     ti_msp_dl_config.o (.text.DL_Timer_enableInterrupt)
                  000031dc    0000001c     driverlib.a : dl_timer.o (.text.DL_Timer_setCaptCompUpdateMethod)
                  000031f8    0000001c                 : dl_timer.o (.text.DL_Timer_setClockConfig)
                  00003214    0000001c     ti_msp_dl_config.o (.text.DL_UART_enableInterrupt)
                  00003230    0000001c     driverlib.a : dl_uart.o (.text.DL_UART_receiveDataCheck)
                  0000324c    00000018     drv_IIC.o (.text.DL_GPIO_enableOutput)
                  00003264    00000018     ti_msp_dl_config.o (.text.DL_GPIO_enableOutput)
                  0000327c    00000018     ti_msp_dl_config.o (.text.DL_GPIO_enablePower)
                  00003294    00000018     drv_encoder.o (.text.DL_GPIO_getEnabledInterruptStatus)
                  000032ac    00000018     ti_msp_dl_config.o (.text.DL_GPIO_initDigitalOutput)
                  000032c4    00000018     ti_msp_dl_config.o (.text.DL_GPIO_reset)
                  000032dc    00000018     drv_IIC.o (.text.DL_GPIO_setPins)
                  000032f4    00000018     ti_msp_dl_config.o (.text.DL_GPIO_setPins)
                  0000330c    00000018     ti_msp_dl_config.o (.text.DL_I2C_enableAnalogGlitchFilter)
                  00003324    00000018     ti_msp_dl_config.o (.text.DL_I2C_enableController)
                  0000333c    00000018     ti_msp_dl_config.o (.text.DL_I2C_enableControllerClockStretching)
                  00003354    00000018     ti_msp_dl_config.o (.text.DL_I2C_enablePower)
                  0000336c    00000018     ti_msp_dl_config.o (.text.DL_I2C_reset)
                  00003384    00000018     ti_msp_dl_config.o (.text.DL_I2C_setTimerPeriod)
                  0000339c    00000018     ti_msp_dl_config.o (.text.DL_SYSCTL_setBORThreshold)
                  000033b4    00000018     drv_tim.o (.text.DL_Timer_clearInterruptStatus)
                  000033cc    00000018     ti_msp_dl_config.o (.text.DL_Timer_enablePower)
                  000033e4    00000018     ti_msp_dl_config.o (.text.DL_Timer_reset)
                  000033fc    00000018     driverlib.a : dl_timer.o (.text.DL_Timer_setCaptureCompareOutCtl)
                  00003414    00000018     drv_servo.o (.text.DL_Timer_startCounter)
                  0000342c    00000018     ti_msp_dl_config.o (.text.DL_UART_enableDMAReceiveEvent)
                  00003444    00000018     ti_msp_dl_config.o (.text.DL_UART_enableFIFOs)
                  0000345c    00000018     ti_msp_dl_config.o (.text.DL_UART_enablePower)
                  00003474    00000018     ti_msp_dl_config.o (.text.DL_UART_reset)
                  0000348c    00000018     drv_encoder.o (.text.GROUP1_IRQHandler)
                  000034a4    00000018     ti_msp_dl_config.o (.text.SYSCFG_DL_DMA_WIT_init)
                  000034bc    00000016     drv_IIC.o (.text.DL_GPIO_readPins)
                  000034d2    00000016     drv_encoder.o (.text.DL_GPIO_readPins)
                  000034e8    00000016     ti_msp_dl_config.o (.text.DL_UART_enable)
                  000034fe    00000016     empty.o (.text.main)
                  00003514    00000014     drv_IIC.o (.text.DL_GPIO_clearPins)
                  00003528    00000014     ti_msp_dl_config.o (.text.DL_GPIO_clearPins)
                  0000353c    00000014     drv_IIC.o (.text.DL_GPIO_disableOutput)
                  00003550    00000014     ti_msp_dl_config.o (.text.DL_I2C_resetControllerTransfer)
                  00003564    00000014     ti_msp_dl_config.o (.text.DL_SYSCTL_disableSYSPLL)
                  00003578    00000014     ti_msp_dl_config.o (.text.DL_Timer_enableClock)
                  0000358c    00000014     ti_msp_dl_config.o (.text.DL_Timer_setCCPDirection)
                  000035a0    00000014     drv_uart.o (.text.DL_UART_receiveData)
                  000035b4    00000014     bsp_wit.o (.text.WIT_ReadS16)
                  000035c8    00000014     bsp_servo.o (.text.bsp_servo_setAngle)
                  000035dc    00000012     drv_encoder.o (.text.DL_Timer_getPendingInterrupt)
                  000035ee    00000012     drv_tim.o (.text.DL_Timer_getPendingInterrupt)
                  00003600    00000012     bsp_wit.o (.text.DL_UART_getPendingInterrupt)
                  00003612    00000012     drv_uart.o (.text.DL_UART_getPendingInterrupt)
                  00003624    00000012     driverlib.a : dl_uart.o (.text.DL_UART_setClockConfig)
                  00003636    00000012     mid_delay.o (.text.delay_us)
                  00003648    00000012     libc.a : memcpy16.S.obj (.text:TI_memcpy_small)
                  0000365a    00000012            : copy_decompress_none.c.obj (.text:decompress:none)
                  0000366c    00000010     ti_msp_dl_config.o (.text.DL_SYSCTL_disableHFXT)
                  0000367c    00000010     mid_delay.o (.text.DL_SYSTICK_enable)
                  0000368c    00000010     driverlib.a : dl_timer.o (.text.DL_Timer_setCaptureCompareValue)
                  0000369c    00000010     libc.a : copy_zero_init.c.obj (.text:decompress:ZI)
                  000036ac    0000000c     ti_msp_dl_config.o (.text.SYSCFG_DL_SYSTICK_init)
                  000036b8    0000000c     libclang_rt.builtins.a : aeabi_memset.S.obj (.text.__aeabi_memclr)
                  000036c4    0000000a     driverlib.a : dl_common.o (.text.DL_Common_delayCycles)
                  000036ce    00000008     ti_msp_dl_config.o (.text.SYSCFG_DL_DMA_init)
                  000036d6    00000002     --HOLE-- [fill = 0]
                  000036d8    00000008     libc.a : aeabi_portable.c.obj (.text.__aeabi_errno_addr)
                  000036e0    00000008     libclang_rt.builtins.a : aeabi_memcpy.S.obj (.text.__aeabi_memcpy)
                  000036e8    00000008     bsp_servo.o (.text.bsp_servo_init)
                  000036f0    00000006     libc.a : e_asinf.c.obj (.text.OUTLINED_FUNCTION_0)
                  000036f6    00000002     --HOLE-- [fill = 0]
                  000036f8    00000010     libclang_rt.builtins.a : mulsf3.S.obj (.tramp.__aeabi_fmul.1)
                  00003708    00000006     libc.a : s_atanf.c.obj (.text.OUTLINED_FUNCTION_0)
                  0000370e    00000002     --HOLE-- [fill = 0]
                  00003710    00000010     libclang_rt.builtins.a : divsf3.S.obj (.tramp.__aeabi_fdiv.1)
                  00003720    00000006     libc.a : exit.c.obj (.text:abort)
                  00003726    00000004     startup_mspm0g350x_ticlang.o (.text.Default_Handler)
                  0000372a    00000004     libsysbm.a : hostexit.c.obj (.text.HOSTexit)
                  0000372e    00000004     libc.a : s_atanf.c.obj (.text.OUTLINED_FUNCTION_1)
                  00003732    00000002     --HOLE-- [fill = 0]
                  00003734    00000010     libclang_rt.builtins.a : addsf3.S.obj (.tramp.__aeabi_fadd.1)
                  00003744    00000004     startup_mspm0g350x_ticlang.o (.text.Reset_Handler)
                  00003748    00000004     libc.a : pre_init.c.obj (.text._system_pre_init)
                  0000374c    00000004     --HOLE-- [fill = 0]

.cinit     0    00003810    00000038     
                  00003810    00000011     (.cinit..data.load) [load image, compression = lzss]
                  00003821    00000003     --HOLE-- [fill = 0]
                  00003824    0000000c     (__TI_handler_table)
                  00003830    00000008     (.cinit..bss.load) [load image, compression = zero_init]
                  00003838    00000010     (__TI_cinit_table)

.rodata    0    00003750    000000c0     
                  00003750    00000020     libc.a : s_atanf.c.obj (.rodata.cst16)
                  00003770    00000018     ti_msp_dl_config.o (.rodata.gDMA_WITConfig)
                  00003788    00000014     ti_msp_dl_config.o (.rodata.gGET_MPU6050TimerConfig)
                  0000379c    00000014     ti_msp_dl_config.o (.rodata.gMOTOR_MG310TimerConfig)
                  000037b0    0000000a     ti_msp_dl_config.o (.rodata.gUART_WITConfig)
                  000037ba    0000000a     ti_msp_dl_config.o (.rodata.gdebugConfig)
                  000037c4    0000000a     ti_msp_dl_config.o (.rodata.gf32cConfig)
                  000037ce    0000000a     ti_msp_dl_config.o (.rodata.gfishpathConfig)
                  000037d8    00000008     ti_msp_dl_config.o (.rodata.gBLDCConfig)
                  000037e0    00000008     ti_msp_dl_config.o (.rodata.gMG310_PWMConfig)
                  000037e8    00000008     ti_msp_dl_config.o (.rodata.gservoConfig)
                  000037f0    00000003     ti_msp_dl_config.o (.rodata.gBLDCClockConfig)
                  000037f3    00000003     ti_msp_dl_config.o (.rodata.gGET_MPU6050ClockConfig)
                  000037f6    00000003     ti_msp_dl_config.o (.rodata.gMG310_PWMClockConfig)
                  000037f9    00000003     ti_msp_dl_config.o (.rodata.gMOTOR_MG310ClockConfig)
                  000037fc    00000003     ti_msp_dl_config.o (.rodata.gservoClockConfig)
                  000037ff    00000002     ti_msp_dl_config.o (.rodata.gUART_WITClockConfig)
                  00003801    00000002     ti_msp_dl_config.o (.rodata.gas5600ClockConfig)
                  00003803    00000002     ti_msp_dl_config.o (.rodata.gdebugClockConfig)
                  00003805    00000002     ti_msp_dl_config.o (.rodata.gf32cClockConfig)
                  00003807    00000002     ti_msp_dl_config.o (.rodata.gfishpathClockConfig)
                  00003809    00000007     --HOLE-- [fill = 0]

.init_array 
*          0    00000000    00000000     UNINITIALIZED

.binit     0    00000000    00000000     

.bss       0    20200000    000007c4     UNINITIALIZED
                  20200000    00000400     drv_uart.o (.bss.uart1_rx_buf)
                  20200400    000000bc     (.common:gBLDCBackup)
                  202004bc    000000bc     (.common:gMOTOR_MG310Backup)
                  20200578    000000a0     (.common:gGET_MPU6050Backup)
                  20200618    00000084     bsp_wit.o (.bss.wit_dma_buffer)
                  2020069c    00000030     (.common:MM)
                  202006cc    00000030     (.common:gf32cBackup)
                  202006fc    00000020     (.common:wit_data)
                  2020071c    0000000e     MPU6050.o (.bss.MPU6050_Get_Raw.temp_buffer)
                  2020072a    00000001     bsp_wit.o (.bss.wit_dma_active_buffer)
                  2020072b    00000001     bsp_wit.o (.bss.wit_frame_pos)
                  2020072c    0000000c     (.common:pt1_filter_gx)
                  20200738    0000000c     (.common:pt1_filter_gy)
                  20200744    0000000c     (.common:pt1_filter_gz)
                  20200750    0000000c     (.common:pt1_filter_x)
                  2020075c    0000000c     (.common:pt1_filter_y)
                  20200768    0000000c     (.common:pt1_filter_z)
                  20200774    0000000b     bsp_wit.o (.bss.wit_frame)
                  2020077f    0000000b     bsp_wit.o (.bss.wit_last_frame)
                  2020078a    00000008     (.common:mpu6050_i2cbus)
                  20200792    00000002     --HOLE--
                  20200794    00000004     MPU6050.o (.bss.MPU6050_Get_Angle_Plus.Ki)
                  20200798    00000004     MPU6050.o (.bss.MPU6050_Get_Angle_Plus.Kp)
                  2020079c    00000004     drv_IIC.o (.bss.P_this)
                  202007a0    00000004     MPU6050.o (.bss.accelScale)
                  202007a4    00000004     MPU6050.o (.bss.gyroScale)
                  202007a8    00000004     MPU6050.o (.bss.mpu6050_dt)
                  202007ac    00000004     bsp_wit.o (.bss.wit_accel_frame_count)
                  202007b0    00000004     bsp_wit.o (.bss.wit_angle_frame_count)
                  202007b4    00000004     bsp_wit.o (.bss.wit_checksum_error_count)
                  202007b8    00000004     bsp_wit.o (.bss.wit_gyro_frame_count)
                  202007bc    00000004     bsp_wit.o (.bss.wit_received_byte_count)
                  202007c0    00000004     bsp_wit.o (.bss.wit_valid_frame_count)

.data      0    202007c4    00000049     UNINITIALIZED
                  202007c4    00000008     drv_encoder.o (.data.g_encoder)
                  202007cc    00000004     MPU6050.o (.data.MPU6050_Get_Angle_Plus.integralX)
                  202007d0    00000004     MPU6050.o (.data.MPU6050_Get_Angle_Plus.integralY)
                  202007d4    00000004     MPU6050.o (.data.MPU6050_Get_Angle_Plus.integralZ)
                  202007d8    00000004     MPU6050.o (.data.MPU6050_Get_Angle_Plus.q0)
                  202007dc    00000004     MPU6050.o (.data.MPU6050_Get_Angle_Plus.q1)
                  202007e0    00000004     MPU6050.o (.data.MPU6050_Get_Angle_Plus.q2)
                  202007e4    00000004     MPU6050.o (.data.MPU6050_Get_Angle_Plus.q3)
                  202007e8    00000004     MPU6050.o (.data.MPU6050_Get_Angle_Plus.unwrapped_yaw)
                  202007ec    00000004     libc.a : aeabi_portable.c.obj (.data.__aeabi_errno)
                  202007f0    00000004     MPU6050.o (.data.angle_pitch)
                  202007f4    00000004     MPU6050.o (.data.angle_roll)
                  202007f8    00000004     MPU6050.o (.data.angle_yaw)
                  202007fc    00000004     mid_delay.o (.data.g_system_ms)
                  20200800    00000002     MPU6050.o (.data.MPU6050_Get_Angle_Plus.times)
                  20200802    00000002     MPU6050.o (.data.gyro_zero_x)
                  20200804    00000002     MPU6050.o (.data.gyro_zero_y)
                  20200806    00000002     MPU6050.o (.data.gyro_zero_z)
                  20200808    00000002     drv_uart.o (.data.uart1_rx_head)
                  2020080a    00000002     drv_uart.o (.data.uart1_rx_tail)
                  2020080c    00000001     MPU6050.o (.data.MPU6050_Get_Angle_Plus.first_run)

.stack     0    20207e00    00000200     UNINITIALIZED
                  20207e00    00000004     libc.a : boot_cortex_m.c.obj (.stack)
                  20207e04    000001fc     --HOLE--

__llvm_prf_cnts 
*          0    20200000    00000000     UNINITIALIZED

__llvm_prf_bits 
*          0    20200000    00000000     UNINITIALIZED

MODULE SUMMARY

       Module                         code    ro data   rw data
       ------                         ----    -------   -------
    .\
       ti_msp_dl_config.o             3324    153       584    
       startup_mspm0g350x_ticlang.o   8       192       0      
       empty.o                        22      0         0      
    +--+------------------------------+-------+---------+---------+
       Total:                         3354    345       584    
                                                               
    .\MSPM0G3507\Application\
       app_servo_test.o               122     0         0      
       app_MPU6050_test.o             0       0         48     
    +--+------------------------------+-------+---------+---------+
       Total:                         122     0         48     
                                                               
    .\MSPM0G3507\BSP\
       MPU6050.o                      2592    0         167    
       bsp_wit.o                      984     0         212    
       bsp_servo.o                    28      0         0      
    +--+------------------------------+-------+---------+---------+
       Total:                         3604    0         379    
                                                               
    .\MSPM0G3507\Driver\
       drv_uart.o                     142     0         1028   
       drv_IIC.o                      1126    0         4      
       drv_encoder.o                  624     0         8      
       drv_servo.o                    162     0         0      
       drv_tim.o                      86      0         0      
    +--+------------------------------+-------+---------+---------+
       Total:                         2140    0         1040   
                                                               
    .\MSPM0G3507\Middleware\
       mid_delay.o                    98      0         4      
       filter.o                       80      0         0      
    +--+------------------------------+-------+---------+---------+
       Total:                         178     0         4      
                                                               
    C:/TI/mspm0_sdk_2_10_00_04/source/ti/driverlib/lib/ticlang/m0p/mspm0g1x0x_g3x0x/driverlib.a
       dl_timer.o                     608     0         0      
       dl_uart.o                      118     0         0      
       dl_dma.o                       76      0         0      
       dl_i2c.o                       38      0         0      
       dl_common.o                    10      0         0      
    +--+------------------------------+-------+---------+---------+
       Total:                         850     0         0      
                                                               
    D:\TI2.0\CCS\ccs\tools\compiler\ti-cgt-armllvm_4.0.4.LTS\lib\armv6m-ti-none-eabi/c/libc.a
       s_atanf.c.obj                  466     32        0      
       e_sqrt.c.obj                   368     0         0      
       e_asinf.c.obj                  358     0         0      
       e_atan2f.c.obj                 280     0         0      
       copy_decompress_lzss.c.obj     124     0         0      
       autoinit.c.obj                 60      0         0      
       boot_cortex_m.c.obj            40      0         0      
       copy_decompress_none.c.obj     18      0         0      
       memcpy16.S.obj                 18      0         0      
       copy_zero_init.c.obj           16      0         0      
       memset16.S.obj                 14      0         0      
       aeabi_portable.c.obj           8       0         4      
       exit.c.obj                     6       0         0      
       pre_init.c.obj                 4       0         0      
    +--+------------------------------+-------+---------+---------+
       Total:                         1780    32        4      
                                                               
    D:\TI2.0\CCS\ccs\tools\compiler\ti-cgt-armllvm_4.0.4.LTS\lib\armv6m-ti-none-eabi/c/libsysbm.a
       hostexit.c.obj                 4       0         0      
    +--+------------------------------+-------+---------+---------+
       Total:                         4       0         0      
                                                               
    D:\TI2.0\CCS\ccs\tools\compiler\ti-cgt-armllvm_4.0.4.LTS\lib\armv6m-ti-none-eabi/libclang_rt.builtins.a
       adddf3.S.obj                   402     0         0      
       addsf3.S.obj                   232     0         0      
       muldf3.S.obj                   228     0         0      
       mulsf3.S.obj                   156     0         0      
       divsf3.S.obj                   146     0         0      
       comparesf2.S.obj               118     0         0      
       truncdfsf2.S.obj               116     0         0      
       aeabi_fcmp.S.obj               98      0         0      
       aeabi_idivmod.S.obj            86      0         0      
       aeabi_uidivmod.S.obj           64      0         0      
       extendsfdf2.S.obj              64      0         0      
       floatsisf.S.obj                60      0         0      
       muldsi3.S.obj                  58      0         0      
       fixsfsi.S.obj                  56      0         0      
       aeabi_memset.S.obj             12      0         0      
       aeabi_memcpy.S.obj             8       0         0      
       aeabi_div0.c.obj               2       0         0      
    +--+------------------------------+-------+---------+---------+
       Total:                         1906    0         0      
                                                               
       Stack:                         0       0         512    
       Linker Generated:              0       53        0      
    +--+------------------------------+-------+---------+---------+
       Grand Total:                   13938   430       2571   


LINKER GENERATED COPY TABLES

__TI_cinit_table @ 00003838 records: 2, size/record: 8, table size: 16
	.data: load addr=00003810, load size=00000011 bytes, run addr=202007c4, run size=00000049 bytes, compression=lzss
	.bss: load addr=00003830, load size=00000008 bytes, run addr=20200000, run size=000007c4 bytes, compression=zero_init


LINKER GENERATED HANDLER TABLE

__TI_handler_table @ 00003824 records: 3, size/record: 4, table size: 12
	index: 0, handler: __TI_decompress_lzss
	index: 1, handler: __TI_decompress_none
	index: 2, handler: __TI_zero_init


FAR CALL TRAMPOLINES

callee name               trampoline name
   callee addr  tramp addr   call addr  call info
--------------  -----------  ---------  ----------------
__aeabi_fmul              $Tramp$TT$L$PI$$__aeabi_fmul
   0000200d     000036f8     000036f4   libc.a : e_asinf.c.obj (.text.OUTLINED_FUNCTION_0)
__aeabi_fdiv              $Tramp$TT$L$PI$$__aeabi_fdiv
   0000211d     00003710     0000370c   libc.a : s_atanf.c.obj (.text.OUTLINED_FUNCTION_0)
__aeabi_fadd              $Tramp$TT$L$PI$$__aeabi_fadd
   00001a93     00003734     00003730   libc.a : s_atanf.c.obj (.text.OUTLINED_FUNCTION_1)

[3 trampolines]
[3 trampoline calls]


GLOBAL SYMBOLS: SORTED ALPHABETICALLY BY Name 

address   name                            
-------   ----                            
00003727  ADC0_IRQHandler                 
00003727  ADC1_IRQHandler                 
00003727  AES_IRQHandler                  
0000372a  C$$EXIT                         
00003727  CANFD0_IRQHandler               
00003727  DAC0_IRQHandler                 
000036c5  DL_Common_delayCycles           
000028c5  DL_DMA_initChannel              
00003051  DL_I2C_setClockConfig           
000015b9  DL_Timer_initFourCCPWMMode      
000017c1  DL_Timer_initTimerMode          
000031dd  DL_Timer_setCaptCompUpdateMethod
000033fd  DL_Timer_setCaptureCompareOutCtl
0000368d  DL_Timer_setCaptureCompareValue 
000031f9  DL_Timer_setClockConfig         
000029a9  DL_UART_init                    
00003231  DL_UART_receiveDataCheck        
00003625  DL_UART_setClockConfig          
00003727  DMA_IRQHandler                  
00003727  Default_Handler                 
00003727  GROUP0_IRQHandler               
0000348d  GROUP1_IRQHandler               
0000372b  HOSTexit                        
00003727  HardFault_Handler               
00003727  I2C0_IRQHandler                 
00003727  I2C1_IRQHandler                 
2020069c  MM                              
000000c1  MPU6050_Get_Angle_Plus          
00001b61  MYI2C_Read_Reg_Continue         
00003727  NMI_Handler                     
00002825  PT1Filter_Apply                 
00003727  PendSV_Handler                  
00003727  RTC_IRQHandler                  
00003745  Reset_Handler                   
00003727  SPI0_IRQHandler                 
00003727  SPI1_IRQHandler                 
00003727  SVC_Handler                     
00001ce9  SYSCFG_DL_BLDC_init             
000034a5  SYSCFG_DL_DMA_WIT_init          
000036cf  SYSCFG_DL_DMA_init              
00002d99  SYSCFG_DL_GET_MPU6050_init      
00000af5  SYSCFG_DL_GPIO_init             
00001f81  SYSCFG_DL_MG310_PWM_init        
00002dcd  SYSCFG_DL_MOTOR_MG310_init      
00002ec1  SYSCFG_DL_SYSCTL_init           
000036ad  SYSCFG_DL_SYSTICK_init          
00002405  SYSCFG_DL_UART_WIT_init         
000026cd  SYSCFG_DL_as5600_init           
00002875  SYSCFG_DL_debug_init            
00002a81  SYSCFG_DL_f32c_init             
00002ac1  SYSCFG_DL_fishpath_init         
00002471  SYSCFG_DL_init                  
000018bd  SYSCFG_DL_initPower             
00002541  SYSCFG_DL_servo_init            
00003727  SysTick_Handler                 
00003727  TIMA0_IRQHandler                
00002e65  TIMA1_IRQHandler                
00003727  TIMG0_IRQHandler                
00003727  TIMG12_IRQHandler               
00002e95  TIMG6_IRQHandler                
00003727  TIMG7_IRQHandler                
00003727  TIMG8_IRQHandler                
00003649  TI_memcpy_small                 
00002313  TI_memset_small                 
00003727  UART0_IRQHandler                
000024d9  UART1_IRQHandler                
00001c29  UART2_IRQHandler                
00003727  UART3_IRQHandler                
20208000  __STACK_END                     
00000200  __STACK_SIZE                    
00000000  __TI_ATRegion0_region_sz        
00000000  __TI_ATRegion0_src_addr         
00000000  __TI_ATRegion0_trg_addr         
00000000  __TI_ATRegion1_region_sz        
00000000  __TI_ATRegion1_src_addr         
00000000  __TI_ATRegion1_trg_addr         
00000000  __TI_ATRegion2_region_sz        
00000000  __TI_ATRegion2_src_addr         
00000000  __TI_ATRegion2_trg_addr         
00003838  __TI_CINIT_Base                 
00003848  __TI_CINIT_Limit                
00003848  __TI_CINIT_Warm                 
00003824  __TI_Handler_Table_Base         
00003830  __TI_Handler_Table_Limit        
00002c75  __TI_auto_init_nobinit_nopinit  
0000221d  __TI_decompress_lzss            
0000365b  __TI_decompress_none            
ffffffff  __TI_pprof_out_hndl             
ffffffff  __TI_prof_data_size             
ffffffff  __TI_prof_data_start            
00000000  __TI_static_base__              
0000369d  __TI_zero_init                  
00000cbb  __adddf3                        
00001a93  __addsf3                        
00002321  __aeabi_d2f                     
00000cbb  __aeabi_dadd                    
000019a5  __aeabi_dmul                    
00000cb1  __aeabi_dsub                    
202007ec  __aeabi_errno                   
000036d9  __aeabi_errno_addr              
00002b41  __aeabi_f2d                     
00002d29  __aeabi_f2iz                    
00001a93  __aeabi_fadd                    
00002609  __aeabi_fcmpeq                  
00002645  __aeabi_fcmpge                  
00002659  __aeabi_fcmpgt                  
00002631  __aeabi_fcmple                  
0000261d  __aeabi_fcmplt                  
0000211d  __aeabi_fdiv                    
0000200d  __aeabi_fmul                    
00001a89  __aeabi_fsub                    
00002bfd  __aeabi_i2f                     
0000277d  __aeabi_idiv                    
00000e43  __aeabi_idiv0                   
0000277d  __aeabi_idivmod                 
000036b9  __aeabi_memclr                  
000036b9  __aeabi_memclr4                 
000036b9  __aeabi_memclr8                 
000036e1  __aeabi_memcpy                  
000036e1  __aeabi_memcpy4                 
000036e1  __aeabi_memcpy8                 
00002b01  __aeabi_uidiv                   
00002b01  __aeabi_uidivmod                
ffffffff  __binit__                       
00002cb1  __cmpsf2                        
0000211d  __divsf3                        
00002cb1  __eqsf2                         
00002b41  __extendsfdf2                   
00002d29  __fixsfsi                       
00002bfd  __floatsisf                     
00002c39  __gesf2                         
00002c39  __gtsf2                         
00002cb1  __lesf2                         
00002cb1  __ltsf2                         
UNDEFED   __mpu_init                      
000019a5  __muldf3                        
00002ced  __muldsi3                       
0000200d  __mulsf3                        
00002cb1  __nesf2                         
20207e00  __stack                         
20200000  __start___llvm_prf_bits         
20200000  __start___llvm_prf_cnts         
20200000  __stop___llvm_prf_bits          
20200000  __stop___llvm_prf_cnts          
00000cb1  __subdf3                        
00001a89  __subsf3                        
00002321  __truncdfsf2                    
00002fdd  _c_int00_noargs                 
UNDEFED   _system_post_cinit              
00003749  _system_pre_init                
00003721  abort                           
00002299  app_servo_test                  
00000fb5  asinf                           
00001399  atan2f                          
0000092d  atanf                           
ffffffff  binit                           
000036e9  bsp_servo_init                  
000035c9  bsp_servo_setAngle              
00002b81  delay_ms                        
00003637  delay_us                        
20200400  gBLDCBackup                     
20200578  gGET_MPU6050Backup              
202004bc  gMOTOR_MG310Backup              
202006cc  gf32cBackup                     
00000000  interruptVectors                
000034ff  main                            
2020078a  mpu6050_i2cbus                  
2020072c  pt1_filter_gx                   
20200738  pt1_filter_gy                   
20200744  pt1_filter_gz                   
20200750  pt1_filter_x                    
2020075c  pt1_filter_y                    
20200768  pt1_filter_z                    
000030bd  servo_init                      
00002d61  servo_setAngle                  
00002e01  servo_setCC                     
00000e45  sqrt                            
00000e45  sqrtl                           
202006fc  wit_data                        


GLOBAL SYMBOLS: SORTED BY Symbol Address 

address   name                            
-------   ----                            
00000000  __TI_ATRegion0_region_sz        
00000000  __TI_ATRegion0_src_addr         
00000000  __TI_ATRegion0_trg_addr         
00000000  __TI_ATRegion1_region_sz        
00000000  __TI_ATRegion1_src_addr         
00000000  __TI_ATRegion1_trg_addr         
00000000  __TI_ATRegion2_region_sz        
00000000  __TI_ATRegion2_src_addr         
00000000  __TI_ATRegion2_trg_addr         
00000000  __TI_static_base__              
00000000  interruptVectors                
000000c1  MPU6050_Get_Angle_Plus          
00000200  __STACK_SIZE                    
0000092d  atanf                           
00000af5  SYSCFG_DL_GPIO_init             
00000cb1  __aeabi_dsub                    
00000cb1  __subdf3                        
00000cbb  __adddf3                        
00000cbb  __aeabi_dadd                    
00000e43  __aeabi_idiv0                   
00000e45  sqrt                            
00000e45  sqrtl                           
00000fb5  asinf                           
00001399  atan2f                          
000015b9  DL_Timer_initFourCCPWMMode      
000017c1  DL_Timer_initTimerMode          
000018bd  SYSCFG_DL_initPower             
000019a5  __aeabi_dmul                    
000019a5  __muldf3                        
00001a89  __aeabi_fsub                    
00001a89  __subsf3                        
00001a93  __addsf3                        
00001a93  __aeabi_fadd                    
00001b61  MYI2C_Read_Reg_Continue         
00001c29  UART2_IRQHandler                
00001ce9  SYSCFG_DL_BLDC_init             
00001f81  SYSCFG_DL_MG310_PWM_init        
0000200d  __aeabi_fmul                    
0000200d  __mulsf3                        
0000211d  __aeabi_fdiv                    
0000211d  __divsf3                        
0000221d  __TI_decompress_lzss            
00002299  app_servo_test                  
00002313  TI_memset_small                 
00002321  __aeabi_d2f                     
00002321  __truncdfsf2                    
00002405  SYSCFG_DL_UART_WIT_init         
00002471  SYSCFG_DL_init                  
000024d9  UART1_IRQHandler                
00002541  SYSCFG_DL_servo_init            
00002609  __aeabi_fcmpeq                  
0000261d  __aeabi_fcmplt                  
00002631  __aeabi_fcmple                  
00002645  __aeabi_fcmpge                  
00002659  __aeabi_fcmpgt                  
000026cd  SYSCFG_DL_as5600_init           
0000277d  __aeabi_idiv                    
0000277d  __aeabi_idivmod                 
00002825  PT1Filter_Apply                 
00002875  SYSCFG_DL_debug_init            
000028c5  DL_DMA_initChannel              
000029a9  DL_UART_init                    
00002a81  SYSCFG_DL_f32c_init             
00002ac1  SYSCFG_DL_fishpath_init         
00002b01  __aeabi_uidiv                   
00002b01  __aeabi_uidivmod                
00002b41  __aeabi_f2d                     
00002b41  __extendsfdf2                   
00002b81  delay_ms                        
00002bfd  __aeabi_i2f                     
00002bfd  __floatsisf                     
00002c39  __gesf2                         
00002c39  __gtsf2                         
00002c75  __TI_auto_init_nobinit_nopinit  
00002cb1  __cmpsf2                        
00002cb1  __eqsf2                         
00002cb1  __lesf2                         
00002cb1  __ltsf2                         
00002cb1  __nesf2                         
00002ced  __muldsi3                       
00002d29  __aeabi_f2iz                    
00002d29  __fixsfsi                       
00002d61  servo_setAngle                  
00002d99  SYSCFG_DL_GET_MPU6050_init      
00002dcd  SYSCFG_DL_MOTOR_MG310_init      
00002e01  servo_setCC                     
00002e65  TIMA1_IRQHandler                
00002e95  TIMG6_IRQHandler                
00002ec1  SYSCFG_DL_SYSCTL_init           
00002fdd  _c_int00_noargs                 
00003051  DL_I2C_setClockConfig           
000030bd  servo_init                      
000031dd  DL_Timer_setCaptCompUpdateMethod
000031f9  DL_Timer_setClockConfig         
00003231  DL_UART_receiveDataCheck        
000033fd  DL_Timer_setCaptureCompareOutCtl
0000348d  GROUP1_IRQHandler               
000034a5  SYSCFG_DL_DMA_WIT_init          
000034ff  main                            
000035c9  bsp_servo_setAngle              
00003625  DL_UART_setClockConfig          
00003637  delay_us                        
00003649  TI_memcpy_small                 
0000365b  __TI_decompress_none            
0000368d  DL_Timer_setCaptureCompareValue 
0000369d  __TI_zero_init                  
000036ad  SYSCFG_DL_SYSTICK_init          
000036b9  __aeabi_memclr                  
000036b9  __aeabi_memclr4                 
000036b9  __aeabi_memclr8                 
000036c5  DL_Common_delayCycles           
000036cf  SYSCFG_DL_DMA_init              
000036d9  __aeabi_errno_addr              
000036e1  __aeabi_memcpy                  
000036e1  __aeabi_memcpy4                 
000036e1  __aeabi_memcpy8                 
000036e9  bsp_servo_init                  
00003721  abort                           
00003727  ADC0_IRQHandler                 
00003727  ADC1_IRQHandler                 
00003727  AES_IRQHandler                  
00003727  CANFD0_IRQHandler               
00003727  DAC0_IRQHandler                 
00003727  DMA_IRQHandler                  
00003727  Default_Handler                 
00003727  GROUP0_IRQHandler               
00003727  HardFault_Handler               
00003727  I2C0_IRQHandler                 
00003727  I2C1_IRQHandler                 
00003727  NMI_Handler                     
00003727  PendSV_Handler                  
00003727  RTC_IRQHandler                  
00003727  SPI0_IRQHandler                 
00003727  SPI1_IRQHandler                 
00003727  SVC_Handler                     
00003727  SysTick_Handler                 
00003727  TIMA0_IRQHandler                
00003727  TIMG0_IRQHandler                
00003727  TIMG12_IRQHandler               
00003727  TIMG7_IRQHandler                
00003727  TIMG8_IRQHandler                
00003727  UART0_IRQHandler                
00003727  UART3_IRQHandler                
0000372a  C$$EXIT                         
0000372b  HOSTexit                        
00003745  Reset_Handler                   
00003749  _system_pre_init                
00003824  __TI_Handler_Table_Base         
00003830  __TI_Handler_Table_Limit        
00003838  __TI_CINIT_Base                 
00003848  __TI_CINIT_Limit                
00003848  __TI_CINIT_Warm                 
20200000  __start___llvm_prf_bits         
20200000  __start___llvm_prf_cnts         
20200000  __stop___llvm_prf_bits          
20200000  __stop___llvm_prf_cnts          
20200400  gBLDCBackup                     
202004bc  gMOTOR_MG310Backup              
20200578  gGET_MPU6050Backup              
2020069c  MM                              
202006cc  gf32cBackup                     
202006fc  wit_data                        
2020072c  pt1_filter_gx                   
20200738  pt1_filter_gy                   
20200744  pt1_filter_gz                   
20200750  pt1_filter_x                    
2020075c  pt1_filter_y                    
20200768  pt1_filter_z                    
2020078a  mpu6050_i2cbus                  
202007ec  __aeabi_errno                   
20207e00  __stack                         
20208000  __STACK_END                     
ffffffff  __TI_pprof_out_hndl             
ffffffff  __TI_prof_data_size             
ffffffff  __TI_prof_data_start            
ffffffff  __binit__                       
ffffffff  binit                           
UNDEFED   __mpu_init                      
UNDEFED   _system_post_cinit              

[179 symbols]
