******************************************************************************
            TI ARM Clang Linker PC v4.0.4                      
******************************************************************************
>> Linked Sat Jul 25 19:28:48 2026

OUTPUT FILE NAME:   <first.out>
ENTRY POINT SYMBOL: "_c_int00_noargs"  address: 000052c1


MEMORY CONFIGURATION

         name            origin    length      used     unused   attr    fill
----------------------  --------  ---------  --------  --------  ----  --------
  FLASH                 00000000   00020000  00006448  00019bb8  R  X
  SRAM                  20200000   00008000  00000a0d  000075f3  RW X
  BCR_CONFIG            41c00000   000000ff  00000000  000000ff  R   
  BSL_CONFIG            41c00100   00000080  00000000  00000080  R   


SEGMENT ALLOCATION MAP

run origin  load origin   length   init length attrs members
----------  ----------- ---------- ----------- ----- -------
00000000    00000000    00006448   00006448    r-x
  00000000    00000000    000000c0   000000c0    r-- .intvecs
  000000c0    000000c0    00005af0   00005af0    r-x .text
  00005bb0    00005bb0    00000860   00000860    r-- .rodata
  00006410    00006410    00000038   00000038    r-- .cinit
20200000    20200000    0000080d   00000000    rw-
  20200000    20200000    000007c4   00000000    rw- .bss
  202007c4    202007c4    00000049   00000000    rw- .data
20207e00    20207e00    00000200   00000000    rw-
  20207e00    20207e00    00000200   00000000    rw- .stack


SECTION ALLOCATION MAP

 output                                  attributes/
section   page    origin      length       input sections
--------  ----  ----------  ----------   ----------------
.intvecs   0    00000000    000000c0     
                  00000000    000000c0     startup_mspm0g350x_ticlang.o (.intvecs)

.text      0    000000c0    00005af0     
                  000000c0    000009d0     libc.a : _printfi.c.obj (.text:__TI_printfi)
                  00000a90    0000086c     MPU6050.o (.text.MPU6050_Get_Angle_Plus)
                  000012fc    0000027c     MPU6050.o (.text.MPU6050_Register_init)
                  00001578    00000220     libc.a : _printfi.c.obj (.text._pconv_a)
                  00001798    000001dc            : _printfi.c.obj (.text._pconv_g)
                  00001974    000001cc     MPU6050.o (.text.MPU6050_SoftCalibrate_Z)
                  00001b40    000001c8     libc.a : s_atanf.c.obj (.text.atanf)
                  00001d08    0000019c     ti_msp_dl_config.o (.text.SYSCFG_DL_GPIO_init)
                  00001ea4    00000192     libclang_rt.builtins.a : adddf3.S.obj (.text.adddf3_subdf3)
                  00002036    00000002     bsp_OLED.o (.text.OLED_I2C_Init)
                  00002038    00000180     app_MPU6050_test.o (.text.MPU6050_test)
                  000021b8    00000170     libc.a : e_sqrt.c.obj (.text.sqrt)
                  00002328    00000160            : e_asinf.c.obj (.text.asinf)
                  00002488    0000015c     MPU6050.o (.text.MPU6050_Get_Raw)
                  000025e4    0000013c     libc.a : _printfi.c.obj (.text.fcvt)
                  00002720    00000128     bsp_wit.o (.text.WIT_DecodeFrame)
                  00002848    00000120     libc.a : _printfi.c.obj (.text._pconv_e)
                  00002968    00000118            : e_atan2f.c.obj (.text.atan2f)
                  00002a80    0000010c     libclang_rt.builtins.a : divdf3.S.obj (.text.__divdf3)
                  00002b8c    00000108     drv_encoder.o (.text.encoder_update_speed)
                  00002c94    00000104     driverlib.a : dl_timer.o (.text.DL_Timer_initFourCCPWMMode)
                  00002d98    00000104     bsp_wit.o (.text.WIT_ParseByte)
                  00002e9c    000000fc     driverlib.a : dl_timer.o (.text.DL_Timer_initTimerMode)
                  00002f98    000000f0     MPU6050.o (.text.MPU6050_init)
                  00003088    000000e4     libclang_rt.builtins.a : muldf3.S.obj (.text.__muldf3)
                  0000316c    000000d8     libc.a : s_scalbn.c.obj (.text.scalbn)
                  00003244    000000d8     libclang_rt.builtins.a : addsf3.S.obj (.text)
                  0000331c    000000d4     ti_msp_dl_config.o (.text.SYSCFG_DL_initPower)
                  000033f0    000000ce     bsp_OLED.o (.text.OLED_Init)
                  000034be    00000002     libclang_rt.builtins.a : aeabi_div0.c.obj (.text.__aeabi_idiv0)
                  000034c0    000000c8     drv_IIC.o (.text.MYI2C_Read_Reg)
                  00003588    000000c8     drv_IIC.o (.text.MYI2C_Read_Reg_Continue)
                  00003650    000000c0     bsp_wit.o (.text.UART2_IRQHandler)
                  00003710    000000b8     ti_msp_dl_config.o (.text.SYSCFG_DL_BLDC_init)
                  000037c8    000000b4     bsp_OLED.o (.text.OLED_ShowChar)
                  0000387c    000000a8     drv_IIC.o (.text._SI2C_WriteByte)
                  00003924    000000a2     libclang_rt.builtins.a : udivmoddi4.S.obj (.text)
                  000039c6    00000002                            : aeabi_div0.c.obj (.text.__aeabi_ldiv0)
                  000039c8    000000a0     drv_IIC.o (.text._SI2C_ReceiveByte)
                  00003a68    00000098     drv_IIC.o (.text._SI2C_WriteAck)
                  00003b00    0000008c     ti_msp_dl_config.o (.text.SYSCFG_DL_MG310_PWM_init)
                  00003b8c    0000008c     libclang_rt.builtins.a : mulsf3.S.obj (.text.__mulsf3)
                  00003c18    00000084     ti_msp_dl_config.o (.text.__NVIC_SetPriority)
                  00003c9c    00000082     libclang_rt.builtins.a : divsf3.S.obj (.text.__divsf3)
                  00003d1e    00000002     --HOLE-- [fill = 0]
                  00003d20    0000007c     drv_IIC.o (.text._SI2C_Start)
                  00003d9c    0000007c     libc.a : copy_decompress_lzss.c.obj (.text:decompress:lzss)
                  00003e18    00000074     libclang_rt.builtins.a : comparedf2.c.obj (.text.__gedf2)
                  00003e8c    00000004     startup_mspm0g350x_ticlang.o (.text.Default_Handler)
                  00003e90    00000074     libclang_rt.builtins.a : truncdfsf2.S.obj (.text.__truncdfsf2)
                  00003f04    00000070     drv_IIC.o (.text.MYI2C_Write_Reg)
                  00003f74    00000070     drv_IIC.o (.text._SI2C_ReceiveAck)
                  00003fe4    0000006c     ti_msp_dl_config.o (.text.SYSCFG_DL_UART_WIT_init)
                  00004050    00000068     drv_uart.o (.text.UART1_IRQHandler)
                  000040b8    00000068     libclang_rt.builtins.a : comparedf2.c.obj (.text.__ledf2)
                  00004120    00000066     libc.a : _printfi.c.obj (.text._mcpy)
                  00004186    00000002     --HOLE-- [fill = 0]
                  00004188    00000064     ti_msp_dl_config.o (.text.SYSCFG_DL_init)
                  000041ec    00000064     drv_IIC.o (.text._SI2C_Stop)
                  00004250    00000062     libclang_rt.builtins.a : aeabi_dcmp.S.obj (.text.__aeabi_dcmp)
                  000042b2    00000002     --HOLE-- [fill = 0]
                  000042b4    00000062                            : aeabi_fcmp.S.obj (.text.__aeabi_fcmp)
                  00004316    00000002     --HOLE-- [fill = 0]
                  00004318    00000060     drv_encoder.o (.text.encoder_handle_gpiob)
                  00004378    0000005c     libc.a : s_frexp.c.obj (.text.frexp)
                  000043d4    00000058     ti_msp_dl_config.o (.text.SYSCFG_DL_as5600_init)
                  0000442c    00000058     libc.a : _ltoa.c.obj (.text.__TI_ltoa)
                  00004484    00000058            : _printfi.c.obj (.text._pconv_f)
                  000044dc    00000058     MPU6050.o (.text.invSqrt)
                  00004534    00000056     bsp_OLED.o (.text.OLED_Clear)
                  0000458a    00000002     --HOLE-- [fill = 0]
                  0000458c    00000056     libclang_rt.builtins.a : aeabi_idivmod.S.obj (.text.__aeabi_idivmod)
                  000045e2    00000002     --HOLE-- [fill = 0]
                  000045e4    00000054     drv_IIC.o (.text.MyI2C_Init)
                  00004638    00000054     bsp_OLED.o (.text.OLED_I2C_SendByte)
                  0000468c    00000052     libc.a : _printfi.c.obj (.text._ecpy)
                  000046de    00000002     --HOLE-- [fill = 0]
                  000046e0    00000050     ti_msp_dl_config.o (.text.DL_GPIO_initPeripheralInputFunctionFeatures)
                  00004730    00000050     filter.o (.text.PT1Filter_Apply)
                  00004780    00000050     ti_msp_dl_config.o (.text.SYSCFG_DL_debug_init)
                  000047d0    0000004c     driverlib.a : dl_dma.o (.text.DL_DMA_initChannel)
                  0000481c    0000004c     drv_IIC.o (.text.DL_GPIO_initDigitalInputFeatures)
                  00004868    0000004c     ti_msp_dl_config.o (.text.DL_GPIO_initDigitalInputFeatures)
                  000048b4    0000004c     ti_msp_dl_config.o (.text.DL_UART_setBaudRateDivisor)
                  00004900    0000004c     MPU6050.o (.text.MPU6050_Set_Angle0)
                  0000494c    0000004c     filter.o (.text.PT1Filter_InitWithFreq)
                  00004998    0000004a     bsp_OLED.o (.text.OLED_ShowString)
                  000049e2    00000002     --HOLE-- [fill = 0]
                  000049e4    0000004a     libclang_rt.builtins.a : fixdfsi.S.obj (.text.__fixdfsi)
                  00004a2e    00000002     --HOLE-- [fill = 0]
                  00004a30    00000048     driverlib.a : dl_uart.o (.text.DL_UART_init)
                  00004a78    00000048     bsp_wit.o (.text.WIT_ChecksumIsValid)
                  00004ac0    00000048     drv_encoder.o (.text.encoder_count_a_rising)
                  00004b08    00000040     MPU6050.o (.text.MPU6050_GetTemp)
                  00004b48    00000040     ti_msp_dl_config.o (.text.SYSCFG_DL_f32c_init)
                  00004b88    00000040     ti_msp_dl_config.o (.text.SYSCFG_DL_fishpath_init)
                  00004bc8    00000040     libclang_rt.builtins.a : aeabi_uidivmod.S.obj (.text.__aeabi_uidivmod)
                  00004c08    00000040                            : extendsfdf2.S.obj (.text.__extendsfdf2)
                  00004c48    00000040     libc.a : atoi.c.obj (.text.atoi)
                  00004c88    00000040     mid_delay.o (.text.delay_ms)
                  00004cc8    0000003c     ti_msp_dl_config.o (.text.DL_Timer_setCounterControl)
                  00004d04    0000003c     libclang_rt.builtins.a : floatsisf.S.obj (.text.__floatsisf)
                  00004d40    0000003c                            : comparesf2.S.obj (.text.__gtsf2)
                  00004d7c    0000003c     libc.a : autoinit.c.obj (.text:__TI_auto_init_nobinit_nopinit)
                  00004db8    0000003a     libclang_rt.builtins.a : comparesf2.S.obj (.text.__eqsf2)
                  00004df2    00000002     --HOLE-- [fill = 0]
                  00004df4    0000003a                            : muldsi3.S.obj (.text.__muldsi3)
                  00004e2e    00000002     --HOLE-- [fill = 0]
                  00004e30    00000038     bsp_OLED.o (.text.OLED_W_SCL)
                  00004e68    00000038     bsp_OLED.o (.text.OLED_W_SDA)
                  00004ea0    00000038     libclang_rt.builtins.a : fixsfsi.S.obj (.text.__fixsfsi)
                  00004ed8    00000038     libc.a : sprintf.c.obj (.text.sprintf)
                  00004f10    00000036     bsp_OLED.o (.text.OLED_SetCursor)
                  00004f46    00000002     --HOLE-- [fill = 0]
                  00004f48    00000034     ti_msp_dl_config.o (.text.SYSCFG_DL_GET_MPU6050_init)
                  00004f7c    00000034     ti_msp_dl_config.o (.text.SYSCFG_DL_MOTOR_MG310_init)
                  00004fb0    00000032     libclang_rt.builtins.a : fixunssfsi.S.obj (.text.__fixunssfsi)
                  00004fe2    00000002     --HOLE-- [fill = 0]
                  00004fe4    00000030     bsp_wit.o (.text.DL_DMA_setTransferSize)
                  00005014    00000030     filter.o (.text.PT1Filter_Init)
                  00005044    00000030     drv_encoder.o (.text.TIMA1_IRQHandler)
                  00005074    00000030     libc.a : _printfi.c.obj (.text._fcpy)
                  000050a4    0000002c     drv_tim.o (.text.TIMG6_IRQHandler)
                  000050d0    0000002c     drv_tim.o (.text.__NVIC_EnableIRQ)
                  000050fc    0000002c     libclang_rt.builtins.a : floatsidf.S.obj (.text.__floatsidf)
                  00005128    0000002a     bsp_OLED.o (.text.OLED_WriteCommand)
                  00005152    0000002a     bsp_OLED.o (.text.OLED_WriteData)
                  0000517c    0000002a     ti_msp_dl_config.o (.text.SYSCFG_DL_SYSCTL_init)
                  000051a6    00000028     ti_msp_dl_config.o (.text.DL_Common_updateReg)
                  000051ce    00000002     --HOLE-- [fill = 0]
                  000051d0    00000028     bsp_wit.o (.text.DL_DMA_setDestAddr)
                  000051f8    00000028     ti_msp_dl_config.o (.text.DL_I2C_setControllerRXFIFOThreshold)
                  00005220    00000028     ti_msp_dl_config.o (.text.DL_I2C_setControllerTXFIFOThreshold)
                  00005248    00000028     ti_msp_dl_config.o (.text.DL_SYSTICK_init)
                  00005270    00000028     ti_msp_dl_config.o (.text.DL_UART_setRXFIFOThreshold)
                  00005298    00000028     libclang_rt.builtins.a : floatunsisf.S.obj (.text.__floatunsisf)
                  000052c0    00000028     libc.a : boot_cortex_m.c.obj (.text:_c_int00_noargs)
                  000052e8    00000026     bsp_wit.o (.text.DL_DMA_enableChannel)
                  0000530e    00000026     ti_msp_dl_config.o (.text.DL_I2C_setAnalogGlitchFilterPulseWidth)
                  00005334    00000026     driverlib.a : dl_i2c.o (.text.DL_I2C_setClockConfig)
                  0000535a    00000002     --HOLE-- [fill = 0]
                  0000535c    00000024     ti_msp_dl_config.o (.text.DL_UART_setRXInterruptTimeout)
                  00005380    00000024     bsp_OLED.o (.text.OLED_I2C_Start)
                  000053a4    00000024     libclang_rt.builtins.a : muldi3.S.obj (.text.__muldi3)
                  000053c8    00000022     libc.a : memccpy.c.obj (.text.memccpy)
                  000053ea    00000002     --HOLE-- [fill = 0]
                  000053ec    00000020     ti_msp_dl_config.o (.text.DL_GPIO_initPeripheralInputFunction)
                  0000540c    0000001e     ti_msp_dl_config.o (.text.DL_UART_setOversampling)
                  0000542a    00000002     --HOLE-- [fill = 0]
                  0000542c    0000001e     libclang_rt.builtins.a : ashldi3.S.obj (.text.__ashldi3)
                  0000544a    00000002     --HOLE-- [fill = 0]
                  0000544c    0000001c     drv_encoder.o (.text.DL_GPIO_clearInterruptStatus)
                  00005468    0000001c     ti_msp_dl_config.o (.text.DL_GPIO_enableHiZ)
                  00005484    0000001c     ti_msp_dl_config.o (.text.DL_GPIO_initPeripheralOutputFunction)
                  000054a0    0000001c     drv_encoder.o (.text.DL_Interrupt_getPendingGroup)
                  000054bc    0000001c     ti_msp_dl_config.o (.text.DL_SYSCTL_setMCLKDivider)
                  000054d8    0000001c     ti_msp_dl_config.o (.text.DL_SYSCTL_setSYSOSCFreq)
                  000054f4    0000001c     ti_msp_dl_config.o (.text.DL_SYSCTL_setULPCLKDivider)
                  00005510    0000001c     ti_msp_dl_config.o (.text.DL_Timer_enableInterrupt)
                  0000552c    0000001c     driverlib.a : dl_timer.o (.text.DL_Timer_setCaptCompUpdateMethod)
                  00005548    0000001c                 : dl_timer.o (.text.DL_Timer_setClockConfig)
                  00005564    0000001c     ti_msp_dl_config.o (.text.DL_UART_enableInterrupt)
                  00005580    0000001c     driverlib.a : dl_uart.o (.text.DL_UART_receiveDataCheck)
                  0000559c    0000001c     bsp_OLED.o (.text.OLED_I2C_Stop)
                  000055b8    00000018     drv_IIC.o (.text.DL_GPIO_enableOutput)
                  000055d0    00000018     ti_msp_dl_config.o (.text.DL_GPIO_enableOutput)
                  000055e8    00000018     ti_msp_dl_config.o (.text.DL_GPIO_enablePower)
                  00005600    00000018     drv_encoder.o (.text.DL_GPIO_getEnabledInterruptStatus)
                  00005618    00000018     ti_msp_dl_config.o (.text.DL_GPIO_initDigitalOutput)
                  00005630    00000018     ti_msp_dl_config.o (.text.DL_GPIO_reset)
                  00005648    00000018     bsp_OLED.o (.text.DL_GPIO_setPins)
                  00005660    00000018     drv_IIC.o (.text.DL_GPIO_setPins)
                  00005678    00000018     ti_msp_dl_config.o (.text.DL_GPIO_setPins)
                  00005690    00000018     ti_msp_dl_config.o (.text.DL_I2C_enableAnalogGlitchFilter)
                  000056a8    00000018     ti_msp_dl_config.o (.text.DL_I2C_enableController)
                  000056c0    00000018     ti_msp_dl_config.o (.text.DL_I2C_enableControllerClockStretching)
                  000056d8    00000018     ti_msp_dl_config.o (.text.DL_I2C_enablePower)
                  000056f0    00000018     ti_msp_dl_config.o (.text.DL_I2C_reset)
                  00005708    00000018     ti_msp_dl_config.o (.text.DL_I2C_setTimerPeriod)
                  00005720    00000018     ti_msp_dl_config.o (.text.DL_SYSCTL_setBORThreshold)
                  00005738    00000018     drv_tim.o (.text.DL_Timer_clearInterruptStatus)
                  00005750    00000018     ti_msp_dl_config.o (.text.DL_Timer_enablePower)
                  00005768    00000018     ti_msp_dl_config.o (.text.DL_Timer_reset)
                  00005780    00000018     driverlib.a : dl_timer.o (.text.DL_Timer_setCaptureCompareOutCtl)
                  00005798    00000018     drv_tim.o (.text.DL_Timer_startCounter)
                  000057b0    00000018     ti_msp_dl_config.o (.text.DL_UART_enableDMAReceiveEvent)
                  000057c8    00000018     ti_msp_dl_config.o (.text.DL_UART_enableFIFOs)
                  000057e0    00000018     ti_msp_dl_config.o (.text.DL_UART_enablePower)
                  000057f8    00000018     ti_msp_dl_config.o (.text.DL_UART_reset)
                  00005810    00000018     drv_encoder.o (.text.GROUP1_IRQHandler)
                  00005828    00000018     ti_msp_dl_config.o (.text.SYSCFG_DL_DMA_WIT_init)
                  00005840    00000018     libc.a : sprintf.c.obj (.text._outs)
                  00005858    00000016     drv_IIC.o (.text.DL_GPIO_readPins)
                  0000586e    00000016     drv_encoder.o (.text.DL_GPIO_readPins)
                  00005884    00000016     ti_msp_dl_config.o (.text.DL_UART_enable)
                  0000589a    00000016     empty.o (.text.main)
                  000058b0    00000014     bsp_OLED.o (.text.DL_GPIO_clearPins)
                  000058c4    00000014     drv_IIC.o (.text.DL_GPIO_clearPins)
                  000058d8    00000014     ti_msp_dl_config.o (.text.DL_GPIO_clearPins)
                  000058ec    00000014     drv_IIC.o (.text.DL_GPIO_disableOutput)
                  00005900    00000014     ti_msp_dl_config.o (.text.DL_I2C_resetControllerTransfer)
                  00005914    00000014     ti_msp_dl_config.o (.text.DL_SYSCTL_disableSYSPLL)
                  00005928    00000014     ti_msp_dl_config.o (.text.DL_Timer_enableClock)
                  0000593c    00000014     ti_msp_dl_config.o (.text.DL_Timer_setCCPDirection)
                  00005950    00000014     drv_uart.o (.text.DL_UART_receiveData)
                  00005964    00000014     MPU6050.o (.text.MPU6050_ID)
                  00005978    00000014     bsp_wit.o (.text.WIT_ReadS16)
                  0000598c    00000014     libclang_rt.builtins.a : aeabi_uldivmod.S.obj (.text.__aeabi_uldivmod)
                  000059a0    00000014     drv_tim.o (.text.drv_mpu6050_timer_start)
                  000059b4    00000014     libc.a : _printfi.c.obj (.text.strchr)
                  000059c8    00000012     drv_encoder.o (.text.DL_Timer_getPendingInterrupt)
                  000059da    00000012     drv_tim.o (.text.DL_Timer_getPendingInterrupt)
                  000059ec    00000012     bsp_wit.o (.text.DL_UART_getPendingInterrupt)
                  000059fe    00000012     drv_uart.o (.text.DL_UART_getPendingInterrupt)
                  00005a10    00000012     driverlib.a : dl_uart.o (.text.DL_UART_setClockConfig)
                  00005a22    00000012     mid_delay.o (.text.delay_us)
                  00005a34    00000012     libc.a : memcpy16.S.obj (.text:TI_memcpy_small)
                  00005a46    00000012            : copy_decompress_none.c.obj (.text:decompress:none)
                  00005a58    00000010     ti_msp_dl_config.o (.text.DL_SYSCTL_disableHFXT)
                  00005a68    00000010     mid_delay.o (.text.DL_SYSTICK_enable)
                  00005a78    00000010     driverlib.a : dl_timer.o (.text.DL_Timer_setCaptureCompareValue)
                  00005a88    00000010     libc.a : wcslen.c.obj (.text.wcslen)
                  00005a98    00000010            : copy_zero_init.c.obj (.text:decompress:ZI)
                  00005aa8    0000000e     libclang_rt.builtins.a : aeabi_memset.S.obj (.text.__aeabi_memset)
                  00005ab6    0000000e     libc.a : _printfi.c.obj (.text.strlen)
                  00005ac4    0000000e            : memset16.S.obj (.text:TI_memset_small)
                  00005ad2    0000000c     ti_msp_dl_config.o (.text.SYSCFG_DL_SYSTICK_init)
                  00005ade    00000002     --HOLE-- [fill = 0]
                  00005ae0    0000000c     libclang_rt.builtins.a : aeabi_memset.S.obj (.text.__aeabi_memclr)
                  00005aec    0000000a     driverlib.a : dl_common.o (.text.DL_Common_delayCycles)
                  00005af6    0000000a     libc.a : _printfi.c.obj (.text.OUTLINED_FUNCTION_0)
                  00005b00    00000010     libclang_rt.builtins.a : adddf3.S.obj (.tramp.__aeabi_dsub.1)
                  00005b10    0000000a     libc.a : _printfi.c.obj (.text.OUTLINED_FUNCTION_1)
                  00005b1a    0000000a            : sprintf.c.obj (.text._outc)
                  00005b24    00000008     ti_msp_dl_config.o (.text.SYSCFG_DL_DMA_init)
                  00005b2c    00000008     libc.a : aeabi_portable.c.obj (.text.__aeabi_errno_addr)
                  00005b34    00000008     libclang_rt.builtins.a : aeabi_memcpy.S.obj (.text.__aeabi_memcpy)
                  00005b3c    00000006     libc.a : e_asinf.c.obj (.text.OUTLINED_FUNCTION_0)
                  00005b42    00000002     --HOLE-- [fill = 0]
                  00005b44    00000010     libclang_rt.builtins.a : mulsf3.S.obj (.tramp.__aeabi_fmul.1)
                  00005b54    00000006     libc.a : s_atanf.c.obj (.text.OUTLINED_FUNCTION_0)
                  00005b5a    00000002     --HOLE-- [fill = 0]
                  00005b5c    00000010     libclang_rt.builtins.a : divsf3.S.obj (.tramp.__aeabi_fdiv.1)
                  00005b6c    00000006     libc.a : exit.c.obj (.text:abort)
                  00005b72    00000004     libsysbm.a : hostexit.c.obj (.text.HOSTexit)
                  00005b76    00000004     libc.a : s_atanf.c.obj (.text.OUTLINED_FUNCTION_1)
                  00005b7a    00000002     --HOLE-- [fill = 0]
                  00005b7c    00000010     libclang_rt.builtins.a : addsf3.S.obj (.tramp.__aeabi_fadd.1)
                  00005b8c    00000004     startup_mspm0g350x_ticlang.o (.text.Reset_Handler)
                  00005b90    00000010     libc.a : boot_cortex_m.c.obj (.tramp._c_int00_noargs.1)
                  00005ba0    00000004            : pre_init.c.obj (.text._system_pre_init)
                  00005ba4    0000000c     --HOLE-- [fill = 0]

.cinit     0    00006410    00000038     
                  00006410    00000011     (.cinit..data.load) [load image, compression = lzss]
                  00006421    00000003     --HOLE-- [fill = 0]
                  00006424    0000000c     (__TI_handler_table)
                  00006430    00000008     (.cinit..bss.load) [load image, compression = zero_init]
                  00006438    00000010     (__TI_cinit_table)

.rodata    0    00005bb0    00000860     
                  00005bb0    000005f0     bsp_OLED.o (.rodata.OLED_F8x16)
                  000061a0    00000101     libc.a : aeabi_ctype.S.obj (.rodata:__aeabi_ctype_table_)
                  000062a1    00000003     ti_msp_dl_config.o (.rodata.gBLDCClockConfig)
                  000062a4    00000020     libc.a : s_atanf.c.obj (.rodata.cst16)
                  000062c4    00000018     ti_msp_dl_config.o (.rodata.gDMA_WITConfig)
                  000062dc    00000014     ti_msp_dl_config.o (.rodata.gGET_MPU6050TimerConfig)
                  000062f0    00000014     ti_msp_dl_config.o (.rodata.gMOTOR_MG310TimerConfig)
                  00006304    00000011     libc.a : _printfi.c.obj (.rodata.str1.10348868589481759720.1)
                  00006315    00000011     app_MPU6050_test.o (.rodata.str1.12625455348018885670.1)
                  00006326    00000011     libc.a : _printfi.c.obj (.rodata.str1.15363888844622738466.1)
                  00006337    00000010     app_MPU6050_test.o (.rodata.str1.612210894928347183.1)
                  00006347    0000000f     app_MPU6050_test.o (.rodata.str1.437353338213945453.1)
                  00006356    0000000f     app_MPU6050_test.o (.rodata.str1.6763556633791146549.1)
                  00006365    0000000d     app_MPU6050_test.o (.rodata.str1.16292036440848708720.1)
                  00006372    0000000c     app_MPU6050_test.o (.rodata.str1.10579641978783156732.1)
                  0000637e    0000000b     app_MPU6050_test.o (.rodata.str1.10411184411805548712.1)
                  00006389    0000000b     app_MPU6050_test.o (.rodata.str1.12339842405467257151.1)
                  00006394    0000000b     app_MPU6050_test.o (.rodata.str1.633280234925801507.1)
                  0000639f    00000001     --HOLE-- [fill = 0]
                  000063a0    0000000a     ti_msp_dl_config.o (.rodata.gUART_WITConfig)
                  000063aa    0000000a     ti_msp_dl_config.o (.rodata.gdebugConfig)
                  000063b4    0000000a     ti_msp_dl_config.o (.rodata.gf32cConfig)
                  000063be    0000000a     ti_msp_dl_config.o (.rodata.gfishpathConfig)
                  000063c8    0000000a     app_MPU6050_test.o (.rodata.str1.15156703893105748175.1)
                  000063d2    0000000a     app_MPU6050_test.o (.rodata.str1.8726599791524590796.1)
                  000063dc    00000009     app_MPU6050_test.o (.rodata.str1.12723637395578103059.1)
                  000063e5    00000003     ti_msp_dl_config.o (.rodata.gGET_MPU6050ClockConfig)
                  000063e8    00000008     ti_msp_dl_config.o (.rodata.gBLDCConfig)
                  000063f0    00000008     ti_msp_dl_config.o (.rodata.gMG310_PWMConfig)
                  000063f8    00000003     ti_msp_dl_config.o (.rodata.gMG310_PWMClockConfig)
                  000063fb    00000003     ti_msp_dl_config.o (.rodata.gMOTOR_MG310ClockConfig)
                  000063fe    00000002     ti_msp_dl_config.o (.rodata.gUART_WITClockConfig)
                  00006400    00000002     ti_msp_dl_config.o (.rodata.gas5600ClockConfig)
                  00006402    00000002     ti_msp_dl_config.o (.rodata.gdebugClockConfig)
                  00006404    00000002     ti_msp_dl_config.o (.rodata.gf32cClockConfig)
                  00006406    00000002     ti_msp_dl_config.o (.rodata.gfishpathClockConfig)
                  00006408    00000008     --HOLE-- [fill = 0]

.init_array 
*          0    00000000    00000000     UNINITIALIZED

.binit     0    00000000    00000000     

.bss       0    20200000    000007c4     UNINITIALIZED
                  20200000    00000400     drv_uart.o (.bss.uart1_rx_buf)
                  20200400    000000bc     (.common:gBLDCBackup)
                  202004bc    000000bc     (.common:gMOTOR_MG310Backup)
                  20200578    000000a0     (.common:gGET_MPU6050Backup)
                  20200618    00000084     bsp_wit.o (.bss.wit_dma_buffer)
                  2020069c    00000030     (.common:MM)
                  202006cc    00000030     (.common:gf32cBackup)
                  202006fc    00000020     (.common:wit_data)
                  2020071c    0000000e     MPU6050.o (.bss.MPU6050_Get_Raw.temp_buffer)
                  2020072a    00000001     bsp_wit.o (.bss.wit_dma_active_buffer)
                  2020072b    00000001     bsp_wit.o (.bss.wit_frame_pos)
                  2020072c    0000000c     (.common:pt1_filter_gx)
                  20200738    0000000c     (.common:pt1_filter_gy)
                  20200744    0000000c     (.common:pt1_filter_gz)
                  20200750    0000000c     (.common:pt1_filter_x)
                  2020075c    0000000c     (.common:pt1_filter_y)
                  20200768    0000000c     (.common:pt1_filter_z)
                  20200774    0000000b     bsp_wit.o (.bss.wit_frame)
                  2020077f    0000000b     bsp_wit.o (.bss.wit_last_frame)
                  2020078a    00000008     (.common:mpu6050_i2cbus)
                  20200792    00000002     --HOLE--
                  20200794    00000004     MPU6050.o (.bss.MPU6050_Get_Angle_Plus.Ki)
                  20200798    00000004     MPU6050.o (.bss.MPU6050_Get_Angle_Plus.Kp)
                  2020079c    00000004     drv_IIC.o (.bss.P_this)
                  202007a0    00000004     MPU6050.o (.bss.accelScale)
                  202007a4    00000004     MPU6050.o (.bss.gyroScale)
                  202007a8    00000004     MPU6050.o (.bss.mpu6050_dt)
                  202007ac    00000004     bsp_wit.o (.bss.wit_accel_frame_count)
                  202007b0    00000004     bsp_wit.o (.bss.wit_angle_frame_count)
                  202007b4    00000004     bsp_wit.o (.bss.wit_checksum_error_count)
                  202007b8    00000004     bsp_wit.o (.bss.wit_gyro_frame_count)
                  202007bc    00000004     bsp_wit.o (.bss.wit_received_byte_count)
                  202007c0    00000004     bsp_wit.o (.bss.wit_valid_frame_count)

.data      0    202007c4    00000049     UNINITIALIZED
                  202007c4    00000008     drv_encoder.o (.data.g_encoder)
                  202007cc    00000004     MPU6050.o (.data.MPU6050_Get_Angle_Plus.integralX)
                  202007d0    00000004     MPU6050.o (.data.MPU6050_Get_Angle_Plus.integralY)
                  202007d4    00000004     MPU6050.o (.data.MPU6050_Get_Angle_Plus.integralZ)
                  202007d8    00000004     MPU6050.o (.data.MPU6050_Get_Angle_Plus.q0)
                  202007dc    00000004     MPU6050.o (.data.MPU6050_Get_Angle_Plus.q1)
                  202007e0    00000004     MPU6050.o (.data.MPU6050_Get_Angle_Plus.q2)
                  202007e4    00000004     MPU6050.o (.data.MPU6050_Get_Angle_Plus.q3)
                  202007e8    00000004     MPU6050.o (.data.MPU6050_Get_Angle_Plus.unwrapped_yaw)
                  202007ec    00000004     libc.a : aeabi_portable.c.obj (.data.__aeabi_errno)
                  202007f0    00000004     MPU6050.o (.data.angle_pitch)
                  202007f4    00000004     MPU6050.o (.data.angle_roll)
                  202007f8    00000004     MPU6050.o (.data.angle_yaw)
                  202007fc    00000004     mid_delay.o (.data.g_system_ms)
                  20200800    00000002     MPU6050.o (.data.MPU6050_Get_Angle_Plus.times)
                  20200802    00000002     MPU6050.o (.data.gyro_zero_x)
                  20200804    00000002     MPU6050.o (.data.gyro_zero_y)
                  20200806    00000002     MPU6050.o (.data.gyro_zero_z)
                  20200808    00000002     drv_uart.o (.data.uart1_rx_head)
                  2020080a    00000002     drv_uart.o (.data.uart1_rx_tail)
                  2020080c    00000001     MPU6050.o (.data.MPU6050_Get_Angle_Plus.first_run)

.stack     0    20207e00    00000200     UNINITIALIZED
                  20207e00    00000004     libc.a : boot_cortex_m.c.obj (.stack)
                  20207e04    000001fc     --HOLE--

__llvm_prf_cnts 
*          0    20200000    00000000     UNINITIALIZED

__llvm_prf_bits 
*          0    20200000    00000000     UNINITIALIZED

MODULE SUMMARY

       Module                         code    ro data   rw data
       ------                         ----    -------   -------
    .\
       ti_msp_dl_config.o             3168    142       584    
       startup_mspm0g350x_ticlang.o   8       192       0      
       empty.o                        22      0         0      
    +--+------------------------------+-------+---------+---------+
       Total:                         3198    334       584    
                                                               
    .\MSPM0G3507\Application\
       app_MPU6050_test.o             384     150       48     
    +--+------------------------------+-------+---------+---------+
       Total:                         384     150       48     
                                                               
    .\MSPM0G3507\BSP\
       MPU6050.o                      4088    0         167    
       bsp_OLED.o                     990     1520      0      
       bsp_wit.o                      984     0         212    
    +--+------------------------------+-------+---------+---------+
       Total:                         6062    1520      379    
                                                               
    .\MSPM0G3507\Driver\
       drv_IIC.o                      1598    0         4      
       drv_uart.o                     142     0         1028   
       drv_encoder.o                  624     0         8      
       drv_tim.o                      174     0         0      
    +--+------------------------------+-------+---------+---------+
       Total:                         2538    0         1040   
                                                               
    .\MSPM0G3507\Middleware\
       filter.o                       204     0         0      
       mid_delay.o                    98      0         4      
    +--+------------------------------+-------+---------+---------+
       Total:                         302     0         4      
                                                               
    C:/TI/mspm0_sdk_2_10_00_04/source/ti/driverlib/lib/ticlang/m0p/mspm0g1x0x_g3x0x/driverlib.a
       dl_timer.o                     608     0         0      
       dl_uart.o                      118     0         0      
       dl_dma.o                       76      0         0      
       dl_i2c.o                       38      0         0      
       dl_common.o                    10      0         0      
    +--+------------------------------+-------+---------+---------+
       Total:                         850     0         0      
                                                               
    E:\ccs\ccs\tools\compiler\ti-cgt-armllvm_4.0.4.LTS\lib\armv6m-ti-none-eabi/c/libc.a
       _printfi.c.obj                 4510    34        0      
       s_atanf.c.obj                  466     32        0      
       e_sqrt.c.obj                   368     0         0      
       e_asinf.c.obj                  358     0         0      
       e_atan2f.c.obj                 280     0         0      
       aeabi_ctype.S.obj              0       257       0      
       s_scalbn.c.obj                 216     0         0      
       copy_decompress_lzss.c.obj     124     0         0      
       s_frexp.c.obj                  92      0         0      
       sprintf.c.obj                  90      0         0      
       _ltoa.c.obj                    88      0         0      
       atoi.c.obj                     64      0         0      
       autoinit.c.obj                 60      0         0      
       boot_cortex_m.c.obj            56      0         0      
       memccpy.c.obj                  34      0         0      
       copy_decompress_none.c.obj     18      0         0      
       memcpy16.S.obj                 18      0         0      
       copy_zero_init.c.obj           16      0         0      
       wcslen.c.obj                   16      0         0      
       memset16.S.obj                 14      0         0      
       aeabi_portable.c.obj           8       0         4      
       exit.c.obj                     6       0         0      
       pre_init.c.obj                 4       0         0      
    +--+------------------------------+-------+---------+---------+
       Total:                         6906    323       4      
                                                               
    E:\ccs\ccs\tools\compiler\ti-cgt-armllvm_4.0.4.LTS\lib\armv6m-ti-none-eabi/c/libsysbm.a
       hostexit.c.obj                 4       0         0      
    +--+------------------------------+-------+---------+---------+
       Total:                         4       0         0      
                                                               
    E:\ccs\ccs\tools\compiler\ti-cgt-armllvm_4.0.4.LTS\lib\armv6m-ti-none-eabi/libclang_rt.builtins.a
       adddf3.S.obj                   418     0         0      
       divdf3.S.obj                   268     0         0      
       addsf3.S.obj                   232     0         0      
       muldf3.S.obj                   228     0         0      
       comparedf2.c.obj               220     0         0      
       udivmoddi4.S.obj               162     0         0      
       mulsf3.S.obj                   156     0         0      
       divsf3.S.obj                   146     0         0      
       comparesf2.S.obj               118     0         0      
       truncdfsf2.S.obj               116     0         0      
       aeabi_dcmp.S.obj               98      0         0      
       aeabi_fcmp.S.obj               98      0         0      
       aeabi_idivmod.S.obj            86      0         0      
       fixdfsi.S.obj                  74      0         0      
       aeabi_uidivmod.S.obj           64      0         0      
       extendsfdf2.S.obj              64      0         0      
       floatsisf.S.obj                60      0         0      
       muldsi3.S.obj                  58      0         0      
       fixsfsi.S.obj                  56      0         0      
       fixunssfsi.S.obj               50      0         0      
       floatsidf.S.obj                44      0         0      
       floatunsisf.S.obj              40      0         0      
       muldi3.S.obj                   36      0         0      
       ashldi3.S.obj                  30      0         0      
       aeabi_memset.S.obj             26      0         0      
       aeabi_uldivmod.S.obj           20      0         0      
       aeabi_memcpy.S.obj             8       0         0      
       aeabi_div0.c.obj               4       0         0      
    +--+------------------------------+-------+---------+---------+
       Total:                         2980    0         0      
                                                               
       Stack:                         0       0         512    
       Linker Generated:              0       53        0      
    +--+------------------------------+-------+---------+---------+
       Grand Total:                   23224   2380      2571   


LINKER GENERATED COPY TABLES

__TI_cinit_table @ 00006438 records: 2, size/record: 8, table size: 16
	.data: load addr=00006410, load size=00000011 bytes, run addr=202007c4, run size=00000049 bytes, compression=lzss
	.bss: load addr=00006430, load size=00000008 bytes, run addr=20200000, run size=000007c4 bytes, compression=zero_init


LINKER GENERATED HANDLER TABLE

__TI_handler_table @ 00006424 records: 3, size/record: 4, table size: 12
	index: 0, handler: __TI_decompress_lzss
	index: 1, handler: __TI_decompress_none
	index: 2, handler: __TI_zero_init


FAR CALL TRAMPOLINES

callee name               trampoline name
   callee addr  tramp addr   call addr  call info
--------------  -----------  ---------  ----------------
__aeabi_dsub              $Tramp$TT$L$PI$$__aeabi_dsub
   00001ea5     00005b00     00005afe   libc.a : _printfi.c.obj (.text.OUTLINED_FUNCTION_0)
__aeabi_fmul              $Tramp$TT$L$PI$$__aeabi_fmul
   00003b8d     00005b44     00005b40   libc.a : e_asinf.c.obj (.text.OUTLINED_FUNCTION_0)
__aeabi_fdiv              $Tramp$TT$L$PI$$__aeabi_fdiv
   00003c9d     00005b5c     00005b58   libc.a : s_atanf.c.obj (.text.OUTLINED_FUNCTION_0)
__aeabi_fadd              $Tramp$TT$L$PI$$__aeabi_fadd
   0000324f     00005b7c     00005b78   libc.a : s_atanf.c.obj (.text.OUTLINED_FUNCTION_1)
_c_int00_noargs           $Tramp$TT$L$PI$$_c_int00_noargs
   000052c1     00005b90     00005b8c   startup_mspm0g350x_ticlang.o (.text.Reset_Handler)

[5 trampolines]
[5 trampoline calls]


GLOBAL SYMBOLS: SORTED ALPHABETICALLY BY Name 

address   name                            
-------   ----                            
00003e8d  ADC0_IRQHandler                 
00003e8d  ADC1_IRQHandler                 
00003e8d  AES_IRQHandler                  
00005b72  C$$EXIT                         
00003e8d  CANFD0_IRQHandler               
00003e8d  DAC0_IRQHandler                 
00005aed  DL_Common_delayCycles           
000047d1  DL_DMA_initChannel              
00005335  DL_I2C_setClockConfig           
00002c95  DL_Timer_initFourCCPWMMode      
00002e9d  DL_Timer_initTimerMode          
0000552d  DL_Timer_setCaptCompUpdateMethod
00005781  DL_Timer_setCaptureCompareOutCtl
00005a79  DL_Timer_setCaptureCompareValue 
00005549  DL_Timer_setClockConfig         
00004a31  DL_UART_init                    
00005581  DL_UART_receiveDataCheck        
00005a11  DL_UART_setClockConfig          
00003e8d  DMA_IRQHandler                  
00003e8d  Default_Handler                 
00003e8d  GROUP0_IRQHandler               
00005811  GROUP1_IRQHandler               
00005b73  HOSTexit                        
00003e8d  HardFault_Handler               
00003e8d  I2C0_IRQHandler                 
00003e8d  I2C1_IRQHandler                 
2020069c  MM                              
00004b09  MPU6050_GetTemp                 
00000a91  MPU6050_Get_Angle_Plus          
00005965  MPU6050_ID                      
00004901  MPU6050_Set_Angle0              
00002f99  MPU6050_init                    
00002039  MPU6050_test                    
000034c1  MYI2C_Read_Reg                  
00003589  MYI2C_Read_Reg_Continue         
00003f05  MYI2C_Write_Reg                 
000045e5  MyI2C_Init                      
00003e8d  NMI_Handler                     
00004535  OLED_Clear                      
00005bb0  OLED_F8x16                      
00002037  OLED_I2C_Init                   
00004639  OLED_I2C_SendByte               
00005381  OLED_I2C_Start                  
0000559d  OLED_I2C_Stop                   
000033f1  OLED_Init                       
00004f11  OLED_SetCursor                  
000037c9  OLED_ShowChar                   
00004999  OLED_ShowString                 
00004e31  OLED_W_SCL                      
00004e69  OLED_W_SDA                      
00005129  OLED_WriteCommand               
00005153  OLED_WriteData                  
00004731  PT1Filter_Apply                 
00005015  PT1Filter_Init                  
0000494d  PT1Filter_InitWithFreq          
00003e8d  PendSV_Handler                  
00003e8d  RTC_IRQHandler                  
00005b8d  Reset_Handler                   
00003e8d  SPI0_IRQHandler                 
00003e8d  SPI1_IRQHandler                 
00003e8d  SVC_Handler                     
00003711  SYSCFG_DL_BLDC_init             
00005829  SYSCFG_DL_DMA_WIT_init          
00005b25  SYSCFG_DL_DMA_init              
00004f49  SYSCFG_DL_GET_MPU6050_init      
00001d09  SYSCFG_DL_GPIO_init             
00003b01  SYSCFG_DL_MG310_PWM_init        
00004f7d  SYSCFG_DL_MOTOR_MG310_init      
0000517d  SYSCFG_DL_SYSCTL_init           
00005ad3  SYSCFG_DL_SYSTICK_init          
00003fe5  SYSCFG_DL_UART_WIT_init         
000043d5  SYSCFG_DL_as5600_init           
00004781  SYSCFG_DL_debug_init            
00004b49  SYSCFG_DL_f32c_init             
00004b89  SYSCFG_DL_fishpath_init         
00004189  SYSCFG_DL_init                  
0000331d  SYSCFG_DL_initPower             
00003e8d  SysTick_Handler                 
00003e8d  TIMA0_IRQHandler                
00005045  TIMA1_IRQHandler                
00003e8d  TIMG0_IRQHandler                
00003e8d  TIMG12_IRQHandler               
000050a5  TIMG6_IRQHandler                
00003e8d  TIMG7_IRQHandler                
00003e8d  TIMG8_IRQHandler                
00005a35  TI_memcpy_small                 
00005ac5  TI_memset_small                 
00003e8d  UART0_IRQHandler                
00004051  UART1_IRQHandler                
00003651  UART2_IRQHandler                
00003e8d  UART3_IRQHandler                
20208000  __STACK_END                     
00000200  __STACK_SIZE                    
00000000  __TI_ATRegion0_region_sz        
00000000  __TI_ATRegion0_src_addr         
00000000  __TI_ATRegion0_trg_addr         
00000000  __TI_ATRegion1_region_sz        
00000000  __TI_ATRegion1_src_addr         
00000000  __TI_ATRegion1_trg_addr         
00000000  __TI_ATRegion2_region_sz        
00000000  __TI_ATRegion2_src_addr         
00000000  __TI_ATRegion2_trg_addr         
00006438  __TI_CINIT_Base                 
00006448  __TI_CINIT_Limit                
00006448  __TI_CINIT_Warm                 
00006424  __TI_Handler_Table_Base         
00006430  __TI_Handler_Table_Limit        
00004d7d  __TI_auto_init_nobinit_nopinit  
00003d9d  __TI_decompress_lzss            
00005a47  __TI_decompress_none            
0000442d  __TI_ltoa                       
ffffffff  __TI_pprof_out_hndl             
000000c1  __TI_printfi                    
ffffffff  __TI_prof_data_size             
ffffffff  __TI_prof_data_start            
00000000  __TI_static_base__              
00005a99  __TI_zero_init                  
00001eaf  __adddf3                        
0000324f  __addsf3                        
000061a0  __aeabi_ctype_table_            
000061a0  __aeabi_ctype_table_C           
00003e91  __aeabi_d2f                     
000049e5  __aeabi_d2iz                    
00001eaf  __aeabi_dadd                    
00004251  __aeabi_dcmpeq                  
0000428d  __aeabi_dcmpge                  
000042a1  __aeabi_dcmpgt                  
00004279  __aeabi_dcmple                  
00004265  __aeabi_dcmplt                  
00002a81  __aeabi_ddiv                    
00003089  __aeabi_dmul                    
00001ea5  __aeabi_dsub                    
202007ec  __aeabi_errno                   
00005b2d  __aeabi_errno_addr              
00004c09  __aeabi_f2d                     
00004ea1  __aeabi_f2iz                    
00004fb1  __aeabi_f2uiz                   
0000324f  __aeabi_fadd                    
000042b5  __aeabi_fcmpeq                  
000042f1  __aeabi_fcmpge                  
00004305  __aeabi_fcmpgt                  
000042dd  __aeabi_fcmple                  
000042c9  __aeabi_fcmplt                  
00003c9d  __aeabi_fdiv                    
00003b8d  __aeabi_fmul                    
00003245  __aeabi_fsub                    
000050fd  __aeabi_i2d                     
00004d05  __aeabi_i2f                     
0000458d  __aeabi_idiv                    
000034bf  __aeabi_idiv0                   
0000458d  __aeabi_idivmod                 
000039c7  __aeabi_ldiv0                   
0000542d  __aeabi_llsl                    
000053a5  __aeabi_lmul                    
00005ae1  __aeabi_memclr                  
00005ae1  __aeabi_memclr4                 
00005ae1  __aeabi_memclr8                 
00005b35  __aeabi_memcpy                  
00005b35  __aeabi_memcpy4                 
00005b35  __aeabi_memcpy8                 
00005aa9  __aeabi_memset                  
00005aa9  __aeabi_memset4                 
00005aa9  __aeabi_memset8                 
00005299  __aeabi_ui2f                    
00004bc9  __aeabi_uidiv                   
00004bc9  __aeabi_uidivmod                
0000598d  __aeabi_uldivmod                
0000542d  __ashldi3                       
ffffffff  __binit__                       
000040b9  __cmpdf2                        
00004db9  __cmpsf2                        
00002a81  __divdf3                        
00003c9d  __divsf3                        
000040b9  __eqdf2                         
00004db9  __eqsf2                         
00004c09  __extendsfdf2                   
000049e5  __fixdfsi                       
00004ea1  __fixsfsi                       
00004fb1  __fixunssfsi                    
000050fd  __floatsidf                     
00004d05  __floatsisf                     
00005299  __floatunsisf                   
00003e19  __gedf2                         
00004d41  __gesf2                         
00003e19  __gtdf2                         
00004d41  __gtsf2                         
000040b9  __ledf2                         
00004db9  __lesf2                         
000040b9  __ltdf2                         
00004db9  __ltsf2                         
UNDEFED   __mpu_init                      
00003089  __muldf3                        
000053a5  __muldi3                        
00004df5  __muldsi3                       
00003b8d  __mulsf3                        
000040b9  __nedf2                         
00004db9  __nesf2                         
20207e00  __stack                         
20200000  __start___llvm_prf_bits         
20200000  __start___llvm_prf_cnts         
20200000  __stop___llvm_prf_bits          
20200000  __stop___llvm_prf_cnts          
00001ea5  __subdf3                        
00003245  __subsf3                        
00003e91  __truncdfsf2                    
00003925  __udivmoddi4                    
000052c1  _c_int00_noargs                 
UNDEFED   _system_post_cinit              
00005ba1  _system_pre_init                
00005b6d  abort                           
00002329  asinf                           
00002969  atan2f                          
00001b41  atanf                           
00004c49  atoi                            
ffffffff  binit                           
00004c89  delay_ms                        
00005a23  delay_us                        
000059a1  drv_mpu6050_timer_start         
00004379  frexp                           
00004379  frexpl                          
20200400  gBLDCBackup                     
20200578  gGET_MPU6050Backup              
202004bc  gMOTOR_MG310Backup              
202006cc  gf32cBackup                     
00000000  interruptVectors                
0000316d  ldexp                           
0000316d  ldexpl                          
0000589b  main                            
000053c9  memccpy                         
2020078a  mpu6050_i2cbus                  
2020072c  pt1_filter_gx                   
20200738  pt1_filter_gy                   
20200744  pt1_filter_gz                   
20200750  pt1_filter_x                    
2020075c  pt1_filter_y                    
20200768  pt1_filter_z                    
0000316d  scalbn                          
0000316d  scalbnl                         
00004ed9  sprintf                         
000021b9  sqrt                            
000021b9  sqrtl                           
00005a89  wcslen                          
202006fc  wit_data                        


GLOBAL SYMBOLS: SORTED BY Symbol Address 

address   name                            
-------   ----                            
00000000  __TI_ATRegion0_region_sz        
00000000  __TI_ATRegion0_src_addr         
00000000  __TI_ATRegion0_trg_addr         
00000000  __TI_ATRegion1_region_sz        
00000000  __TI_ATRegion1_src_addr         
00000000  __TI_ATRegion1_trg_addr         
00000000  __TI_ATRegion2_region_sz        
00000000  __TI_ATRegion2_src_addr         
00000000  __TI_ATRegion2_trg_addr         
00000000  __TI_static_base__              
00000000  interruptVectors                
000000c1  __TI_printfi                    
00000200  __STACK_SIZE                    
00000a91  MPU6050_Get_Angle_Plus          
00001b41  atanf                           
00001d09  SYSCFG_DL_GPIO_init             
00001ea5  __aeabi_dsub                    
00001ea5  __subdf3                        
00001eaf  __adddf3                        
00001eaf  __aeabi_dadd                    
00002037  OLED_I2C_Init                   
00002039  MPU6050_test                    
000021b9  sqrt                            
000021b9  sqrtl                           
00002329  asinf                           
00002969  atan2f                          
00002a81  __aeabi_ddiv                    
00002a81  __divdf3                        
00002c95  DL_Timer_initFourCCPWMMode      
00002e9d  DL_Timer_initTimerMode          
00002f99  MPU6050_init                    
00003089  __aeabi_dmul                    
00003089  __muldf3                        
0000316d  ldexp                           
0000316d  ldexpl                          
0000316d  scalbn                          
0000316d  scalbnl                         
00003245  __aeabi_fsub                    
00003245  __subsf3                        
0000324f  __addsf3                        
0000324f  __aeabi_fadd                    
0000331d  SYSCFG_DL_initPower             
000033f1  OLED_Init                       
000034bf  __aeabi_idiv0                   
000034c1  MYI2C_Read_Reg                  
00003589  MYI2C_Read_Reg_Continue         
00003651  UART2_IRQHandler                
00003711  SYSCFG_DL_BLDC_init             
000037c9  OLED_ShowChar                   
00003925  __udivmoddi4                    
000039c7  __aeabi_ldiv0                   
00003b01  SYSCFG_DL_MG310_PWM_init        
00003b8d  __aeabi_fmul                    
00003b8d  __mulsf3                        
00003c9d  __aeabi_fdiv                    
00003c9d  __divsf3                        
00003d9d  __TI_decompress_lzss            
00003e19  __gedf2                         
00003e19  __gtdf2                         
00003e8d  ADC0_IRQHandler                 
00003e8d  ADC1_IRQHandler                 
00003e8d  AES_IRQHandler                  
00003e8d  CANFD0_IRQHandler               
00003e8d  DAC0_IRQHandler                 
00003e8d  DMA_IRQHandler                  
00003e8d  Default_Handler                 
00003e8d  GROUP0_IRQHandler               
00003e8d  HardFault_Handler               
00003e8d  I2C0_IRQHandler                 
00003e8d  I2C1_IRQHandler                 
00003e8d  NMI_Handler                     
00003e8d  PendSV_Handler                  
00003e8d  RTC_IRQHandler                  
00003e8d  SPI0_IRQHandler                 
00003e8d  SPI1_IRQHandler                 
00003e8d  SVC_Handler                     
00003e8d  SysTick_Handler                 
00003e8d  TIMA0_IRQHandler                
00003e8d  TIMG0_IRQHandler                
00003e8d  TIMG12_IRQHandler               
00003e8d  TIMG7_IRQHandler                
00003e8d  TIMG8_IRQHandler                
00003e8d  UART0_IRQHandler                
00003e8d  UART3_IRQHandler                
00003e91  __aeabi_d2f                     
00003e91  __truncdfsf2                    
00003f05  MYI2C_Write_Reg                 
00003fe5  SYSCFG_DL_UART_WIT_init         
00004051  UART1_IRQHandler                
000040b9  __cmpdf2                        
000040b9  __eqdf2                         
000040b9  __ledf2                         
000040b9  __ltdf2                         
000040b9  __nedf2                         
00004189  SYSCFG_DL_init                  
00004251  __aeabi_dcmpeq                  
00004265  __aeabi_dcmplt                  
00004279  __aeabi_dcmple                  
0000428d  __aeabi_dcmpge                  
000042a1  __aeabi_dcmpgt                  
000042b5  __aeabi_fcmpeq                  
000042c9  __aeabi_fcmplt                  
000042dd  __aeabi_fcmple                  
000042f1  __aeabi_fcmpge                  
00004305  __aeabi_fcmpgt                  
00004379  frexp                           
00004379  frexpl                          
000043d5  SYSCFG_DL_as5600_init           
0000442d  __TI_ltoa                       
00004535  OLED_Clear                      
0000458d  __aeabi_idiv                    
0000458d  __aeabi_idivmod                 
000045e5  MyI2C_Init                      
00004639  OLED_I2C_SendByte               
00004731  PT1Filter_Apply                 
00004781  SYSCFG_DL_debug_init            
000047d1  DL_DMA_initChannel              
00004901  MPU6050_Set_Angle0              
0000494d  PT1Filter_InitWithFreq          
00004999  OLED_ShowString                 
000049e5  __aeabi_d2iz                    
000049e5  __fixdfsi                       
00004a31  DL_UART_init                    
00004b09  MPU6050_GetTemp                 
00004b49  SYSCFG_DL_f32c_init             
00004b89  SYSCFG_DL_fishpath_init         
00004bc9  __aeabi_uidiv                   
00004bc9  __aeabi_uidivmod                
00004c09  __aeabi_f2d                     
00004c09  __extendsfdf2                   
00004c49  atoi                            
00004c89  delay_ms                        
00004d05  __aeabi_i2f                     
00004d05  __floatsisf                     
00004d41  __gesf2                         
00004d41  __gtsf2                         
00004d7d  __TI_auto_init_nobinit_nopinit  
00004db9  __cmpsf2                        
00004db9  __eqsf2                         
00004db9  __lesf2                         
00004db9  __ltsf2                         
00004db9  __nesf2                         
00004df5  __muldsi3                       
00004e31  OLED_W_SCL                      
00004e69  OLED_W_SDA                      
00004ea1  __aeabi_f2iz                    
00004ea1  __fixsfsi                       
00004ed9  sprintf                         
00004f11  OLED_SetCursor                  
00004f49  SYSCFG_DL_GET_MPU6050_init      
00004f7d  SYSCFG_DL_MOTOR_MG310_init      
00004fb1  __aeabi_f2uiz                   
00004fb1  __fixunssfsi                    
00005015  PT1Filter_Init                  
00005045  TIMA1_IRQHandler                
000050a5  TIMG6_IRQHandler                
000050fd  __aeabi_i2d                     
000050fd  __floatsidf                     
00005129  OLED_WriteCommand               
00005153  OLED_WriteData                  
0000517d  SYSCFG_DL_SYSCTL_init           
00005299  __aeabi_ui2f                    
00005299  __floatunsisf                   
000052c1  _c_int00_noargs                 
00005335  DL_I2C_setClockConfig           
00005381  OLED_I2C_Start                  
000053a5  __aeabi_lmul                    
000053a5  __muldi3                        
000053c9  memccpy                         
0000542d  __aeabi_llsl                    
0000542d  __ashldi3                       
0000552d  DL_Timer_setCaptCompUpdateMethod
00005549  DL_Timer_setClockConfig         
00005581  DL_UART_receiveDataCheck        
0000559d  OLED_I2C_Stop                   
00005781  DL_Timer_setCaptureCompareOutCtl
00005811  GROUP1_IRQHandler               
00005829  SYSCFG_DL_DMA_WIT_init          
0000589b  main                            
00005965  MPU6050_ID                      
0000598d  __aeabi_uldivmod                
000059a1  drv_mpu6050_timer_start         
00005a11  DL_UART_setClockConfig          
00005a23  delay_us                        
00005a35  TI_memcpy_small                 
00005a47  __TI_decompress_none            
00005a79  DL_Timer_setCaptureCompareValue 
00005a89  wcslen                          
00005a99  __TI_zero_init                  
00005aa9  __aeabi_memset                  
00005aa9  __aeabi_memset4                 
00005aa9  __aeabi_memset8                 
00005ac5  TI_memset_small                 
00005ad3  SYSCFG_DL_SYSTICK_init          
00005ae1  __aeabi_memclr                  
00005ae1  __aeabi_memclr4                 
00005ae1  __aeabi_memclr8                 
00005aed  DL_Common_delayCycles           
00005b25  SYSCFG_DL_DMA_init              
00005b2d  __aeabi_errno_addr              
00005b35  __aeabi_memcpy                  
00005b35  __aeabi_memcpy4                 
00005b35  __aeabi_memcpy8                 
00005b6d  abort                           
00005b72  C$$EXIT                         
00005b73  HOSTexit                        
00005b8d  Reset_Handler                   
00005ba1  _system_pre_init                
00005bb0  OLED_F8x16                      
000061a0  __aeabi_ctype_table_            
000061a0  __aeabi_ctype_table_C           
00006424  __TI_Handler_Table_Base         
00006430  __TI_Handler_Table_Limit        
00006438  __TI_CINIT_Base                 
00006448  __TI_CINIT_Limit                
00006448  __TI_CINIT_Warm                 
20200000  __start___llvm_prf_bits         
20200000  __start___llvm_prf_cnts         
20200000  __stop___llvm_prf_bits          
20200000  __stop___llvm_prf_cnts          
20200400  gBLDCBackup                     
202004bc  gMOTOR_MG310Backup              
20200578  gGET_MPU6050Backup              
2020069c  MM                              
202006cc  gf32cBackup                     
202006fc  wit_data                        
2020072c  pt1_filter_gx                   
20200738  pt1_filter_gy                   
20200744  pt1_filter_gz                   
20200750  pt1_filter_x                    
2020075c  pt1_filter_y                    
20200768  pt1_filter_z                    
2020078a  mpu6050_i2cbus                  
202007ec  __aeabi_errno                   
20207e00  __stack                         
20208000  __STACK_END                     
ffffffff  __TI_pprof_out_hndl             
ffffffff  __TI_prof_data_size             
ffffffff  __TI_prof_data_start            
ffffffff  __binit__                       
ffffffff  binit                           
UNDEFED   __mpu_init                      
UNDEFED   _system_post_cinit              

[243 symbols]
