<?xml version="1.0" encoding="ISO-8859-1" ?>
<link_info>
   <banner>TI ARM Clang Linker PC v4.0.4.LTS</banner>
   <copyright>Copyright (c) 1996-2018 Texas Instruments Incorporated</copyright>
   <command_line>D:\TI2.0\CCS\ccs\tools\compiler\ti-cgt-armllvm_4.0.4.LTS\bin\tiarmlnk -ID:\TI2.0\CCS\ccs\tools\compiler\ti-cgt-armllvm_4.0.4.LTS\lib -o first.out -mfirst.map -iC:/TI/mspm0_sdk_2_10_00_04/source -iD:/2025e/2025e -iD:/2025e/2025e/Debug/syscfg -iD:/TI2.0/CCS/ccs/tools/compiler/ti-cgt-armllvm_4.0.4.LTS/lib --diag_wrap=off --display_error_number --warn_sections --xml_link_info=first_linkInfo.xml --rom_model ./empty.o ./ti_msp_dl_config.o ./startup_mspm0g350x_ticlang.o ./MSPM0G3507/Application/app.o ./MSPM0G3507/Application/app_BLCD_test.o ./MSPM0G3507/Application/app_MG310_test.o ./MSPM0G3507/Application/app_PWM_test.o ./MSPM0G3507/Application/app_as5600_test.o ./MSPM0G3507/Application/app_button_test.o ./MSPM0G3507/Application/app_debug_test.o ./MSPM0G3507/Application/app_delay_test.o ./MSPM0G3507/Application/app_f32c_gimbal_test.o ./MSPM0G3507/Application/app_fishpath_test.o ./MSPM0G3507/Application/app_motor.o ./MSPM0G3507/Application/app_motor_ctrl_test.o ./MSPM0G3507/Application/app_wit_test.o ./MSPM0G3507/BSP/bsp_AS5600.o ./MSPM0G3507/BSP/bsp_BLCD.o ./MSPM0G3507/BSP/bsp_OLED.o ./MSPM0G3507/BSP/bsp_button.o ./MSPM0G3507/BSP/bsp_encoder.o ./MSPM0G3507/BSP/bsp_f32c_gimbal.o ./MSPM0G3507/BSP/bsp_fishpath.o ./MSPM0G3507/BSP/bsp_led.o ./MSPM0G3507/BSP/bsp_motor.o ./MSPM0G3507/BSP/bsp_motor_ctrl.o ./MSPM0G3507/BSP/bsp_wit.o ./MSPM0G3507/Driver/drv_IIC.o ./MSPM0G3507/Driver/drv_encoder.o ./MSPM0G3507/Driver/drv_tim.o ./MSPM0G3507/Driver/drv_uart.o ./MSPM0G3507/Middleware/mid_delay.o ./MSPM0G3507/Middleware/mid_foc.o ./MSPM0G3507/Middleware/mid_pid.o ./MSPM0G3507/Middleware/mid_xunji.o -l./device_linker.cmd -ldevice.cmd.genlibs -llibc.a --start-group -llibc++.a -llibc++abi.a -llibc.a -llibsys.a -llibsysbm.a -llibclang_rt.builtins.a -llibclang_rt.profile.a --end-group --cg_opt_level=0</command_line>
   <link_time>0x6a6390b7</link_time>
   <link_errors>0x0</link_errors>
   <output_file>D:\2025e\2025e\Debug\first.out</output_file>
   <entry_point>
      <name>_c_int00_noargs</name>
      <address>0x244d</address>
   </entry_point>
   <input_file_list>
      <input_file id="fl-1">
         <path>D:\2025e\2025e\Debug\.\</path>
         <kind>object</kind>
         <file>empty.o</file>
         <name>empty.o</name>
      </input_file>
      <input_file id="fl-2">
         <path>D:\2025e\2025e\Debug\.\</path>
         <kind>object</kind>
         <file>ti_msp_dl_config.o</file>
         <name>ti_msp_dl_config.o</name>
      </input_file>
      <input_file id="fl-3">
         <path>D:\2025e\2025e\Debug\.\</path>
         <kind>object</kind>
         <file>startup_mspm0g350x_ticlang.o</file>
         <name>startup_mspm0g350x_ticlang.o</name>
      </input_file>
      <input_file id="fl-4">
         <path>D:\2025e\2025e\Debug\.\MSPM0G3507\Application\</path>
         <kind>object</kind>
         <file>app.o</file>
         <name>app.o</name>
      </input_file>
      <input_file id="fl-5">
         <path>D:\2025e\2025e\Debug\.\MSPM0G3507\Application\</path>
         <kind>object</kind>
         <file>app_BLCD_test.o</file>
         <name>app_BLCD_test.o</name>
      </input_file>
      <input_file id="fl-6">
         <path>D:\2025e\2025e\Debug\.\MSPM0G3507\Application\</path>
         <kind>object</kind>
         <file>app_MG310_test.o</file>
         <name>app_MG310_test.o</name>
      </input_file>
      <input_file id="fl-7">
         <path>D:\2025e\2025e\Debug\.\MSPM0G3507\Application\</path>
         <kind>object</kind>
         <file>app_PWM_test.o</file>
         <name>app_PWM_test.o</name>
      </input_file>
      <input_file id="fl-8">
         <path>D:\2025e\2025e\Debug\.\MSPM0G3507\Application\</path>
         <kind>object</kind>
         <file>app_as5600_test.o</file>
         <name>app_as5600_test.o</name>
      </input_file>
      <input_file id="fl-9">
         <path>D:\2025e\2025e\Debug\.\MSPM0G3507\Application\</path>
         <kind>object</kind>
         <file>app_button_test.o</file>
         <name>app_button_test.o</name>
      </input_file>
      <input_file id="fl-a">
         <path>D:\2025e\2025e\Debug\.\MSPM0G3507\Application\</path>
         <kind>object</kind>
         <file>app_debug_test.o</file>
         <name>app_debug_test.o</name>
      </input_file>
      <input_file id="fl-b">
         <path>D:\2025e\2025e\Debug\.\MSPM0G3507\Application\</path>
         <kind>object</kind>
         <file>app_delay_test.o</file>
         <name>app_delay_test.o</name>
      </input_file>
      <input_file id="fl-c">
         <path>D:\2025e\2025e\Debug\.\MSPM0G3507\Application\</path>
         <kind>object</kind>
         <file>app_f32c_gimbal_test.o</file>
         <name>app_f32c_gimbal_test.o</name>
      </input_file>
      <input_file id="fl-d">
         <path>D:\2025e\2025e\Debug\.\MSPM0G3507\Application\</path>
         <kind>object</kind>
         <file>app_fishpath_test.o</file>
         <name>app_fishpath_test.o</name>
      </input_file>
      <input_file id="fl-e">
         <path>D:\2025e\2025e\Debug\.\MSPM0G3507\Application\</path>
         <kind>object</kind>
         <file>app_motor.o</file>
         <name>app_motor.o</name>
      </input_file>
      <input_file id="fl-f">
         <path>D:\2025e\2025e\Debug\.\MSPM0G3507\Application\</path>
         <kind>object</kind>
         <file>app_motor_ctrl_test.o</file>
         <name>app_motor_ctrl_test.o</name>
      </input_file>
      <input_file id="fl-10">
         <path>D:\2025e\2025e\Debug\.\MSPM0G3507\Application\</path>
         <kind>object</kind>
         <file>app_wit_test.o</file>
         <name>app_wit_test.o</name>
      </input_file>
      <input_file id="fl-11">
         <path>D:\2025e\2025e\Debug\.\MSPM0G3507\BSP\</path>
         <kind>object</kind>
         <file>bsp_AS5600.o</file>
         <name>bsp_AS5600.o</name>
      </input_file>
      <input_file id="fl-12">
         <path>D:\2025e\2025e\Debug\.\MSPM0G3507\BSP\</path>
         <kind>object</kind>
         <file>bsp_BLCD.o</file>
         <name>bsp_BLCD.o</name>
      </input_file>
      <input_file id="fl-13">
         <path>D:\2025e\2025e\Debug\.\MSPM0G3507\BSP\</path>
         <kind>object</kind>
         <file>bsp_OLED.o</file>
         <name>bsp_OLED.o</name>
      </input_file>
      <input_file id="fl-14">
         <path>D:\2025e\2025e\Debug\.\MSPM0G3507\BSP\</path>
         <kind>object</kind>
         <file>bsp_button.o</file>
         <name>bsp_button.o</name>
      </input_file>
      <input_file id="fl-15">
         <path>D:\2025e\2025e\Debug\.\MSPM0G3507\BSP\</path>
         <kind>object</kind>
         <file>bsp_encoder.o</file>
         <name>bsp_encoder.o</name>
      </input_file>
      <input_file id="fl-16">
         <path>D:\2025e\2025e\Debug\.\MSPM0G3507\BSP\</path>
         <kind>object</kind>
         <file>bsp_f32c_gimbal.o</file>
         <name>bsp_f32c_gimbal.o</name>
      </input_file>
      <input_file id="fl-17">
         <path>D:\2025e\2025e\Debug\.\MSPM0G3507\BSP\</path>
         <kind>object</kind>
         <file>bsp_fishpath.o</file>
         <name>bsp_fishpath.o</name>
      </input_file>
      <input_file id="fl-18">
         <path>D:\2025e\2025e\Debug\.\MSPM0G3507\BSP\</path>
         <kind>object</kind>
         <file>bsp_led.o</file>
         <name>bsp_led.o</name>
      </input_file>
      <input_file id="fl-19">
         <path>D:\2025e\2025e\Debug\.\MSPM0G3507\BSP\</path>
         <kind>object</kind>
         <file>bsp_motor.o</file>
         <name>bsp_motor.o</name>
      </input_file>
      <input_file id="fl-1a">
         <path>D:\2025e\2025e\Debug\.\MSPM0G3507\BSP\</path>
         <kind>object</kind>
         <file>bsp_motor_ctrl.o</file>
         <name>bsp_motor_ctrl.o</name>
      </input_file>
      <input_file id="fl-1b">
         <path>D:\2025e\2025e\Debug\.\MSPM0G3507\BSP\</path>
         <kind>object</kind>
         <file>bsp_wit.o</file>
         <name>bsp_wit.o</name>
      </input_file>
      <input_file id="fl-1c">
         <path>D:\2025e\2025e\Debug\.\MSPM0G3507\Driver\</path>
         <kind>object</kind>
         <file>drv_IIC.o</file>
         <name>drv_IIC.o</name>
      </input_file>
      <input_file id="fl-1d">
         <path>D:\2025e\2025e\Debug\.\MSPM0G3507\Driver\</path>
         <kind>object</kind>
         <file>drv_encoder.o</file>
         <name>drv_encoder.o</name>
      </input_file>
      <input_file id="fl-1e">
         <path>D:\2025e\2025e\Debug\.\MSPM0G3507\Driver\</path>
         <kind>object</kind>
         <file>drv_tim.o</file>
         <name>drv_tim.o</name>
      </input_file>
      <input_file id="fl-1f">
         <path>D:\2025e\2025e\Debug\.\MSPM0G3507\Driver\</path>
         <kind>object</kind>
         <file>drv_uart.o</file>
         <name>drv_uart.o</name>
      </input_file>
      <input_file id="fl-20">
         <path>D:\2025e\2025e\Debug\.\MSPM0G3507\Middleware\</path>
         <kind>object</kind>
         <file>mid_delay.o</file>
         <name>mid_delay.o</name>
      </input_file>
      <input_file id="fl-21">
         <path>D:\2025e\2025e\Debug\.\MSPM0G3507\Middleware\</path>
         <kind>object</kind>
         <file>mid_foc.o</file>
         <name>mid_foc.o</name>
      </input_file>
      <input_file id="fl-22">
         <path>D:\2025e\2025e\Debug\.\MSPM0G3507\Middleware\</path>
         <kind>object</kind>
         <file>mid_pid.o</file>
         <name>mid_pid.o</name>
      </input_file>
      <input_file id="fl-23">
         <path>D:\2025e\2025e\Debug\.\MSPM0G3507\Middleware\</path>
         <kind>object</kind>
         <file>mid_xunji.o</file>
         <name>mid_xunji.o</name>
      </input_file>
      <input_file id="fl-30">
         <path>D:\2025e\2025e\Debug\</path>
         <kind>object</kind>
         <file>&lt;internal&gt;</file>
         <name>&lt;internal&gt;</name>
      </input_file>
      <input_file id="fl-31">
         <path>C:\TI\mspm0_sdk_2_10_00_04\source\ti\driverlib\lib\ticlang\m0p\mspm0g1x0x_g3x0x\</path>
         <kind>archive</kind>
         <file>driverlib.a</file>
         <name>dl_common.o</name>
      </input_file>
      <input_file id="fl-32">
         <path>C:\TI\mspm0_sdk_2_10_00_04\source\ti\driverlib\lib\ticlang\m0p\mspm0g1x0x_g3x0x\</path>
         <kind>archive</kind>
         <file>driverlib.a</file>
         <name>dl_dma.o</name>
      </input_file>
      <input_file id="fl-33">
         <path>C:\TI\mspm0_sdk_2_10_00_04\source\ti\driverlib\lib\ticlang\m0p\mspm0g1x0x_g3x0x\</path>
         <kind>archive</kind>
         <file>driverlib.a</file>
         <name>dl_i2c.o</name>
      </input_file>
      <input_file id="fl-34">
         <path>C:\TI\mspm0_sdk_2_10_00_04\source\ti\driverlib\lib\ticlang\m0p\mspm0g1x0x_g3x0x\</path>
         <kind>archive</kind>
         <file>driverlib.a</file>
         <name>dl_timer.o</name>
      </input_file>
      <input_file id="fl-35">
         <path>C:\TI\mspm0_sdk_2_10_00_04\source\ti\driverlib\lib\ticlang\m0p\mspm0g1x0x_g3x0x\</path>
         <kind>archive</kind>
         <file>driverlib.a</file>
         <name>dl_uart.o</name>
      </input_file>
      <input_file id="fl-4c">
         <path>D:\TI2.0\CCS\ccs\tools\compiler\ti-cgt-armllvm_4.0.4.LTS\lib\armv6m-ti-none-eabi\c\</path>
         <kind>archive</kind>
         <file>libc.a</file>
         <name>e_fmodf.c.obj</name>
      </input_file>
      <input_file id="fl-4d">
         <path>D:\TI2.0\CCS\ccs\tools\compiler\ti-cgt-armllvm_4.0.4.LTS\lib\armv6m-ti-none-eabi\c\</path>
         <kind>archive</kind>
         <file>libc.a</file>
         <name>s_cosf.c.obj</name>
      </input_file>
      <input_file id="fl-4e">
         <path>D:\TI2.0\CCS\ccs\tools\compiler\ti-cgt-armllvm_4.0.4.LTS\lib\armv6m-ti-none-eabi\c\</path>
         <kind>archive</kind>
         <file>libc.a</file>
         <name>s_sinf.c.obj</name>
      </input_file>
      <input_file id="fl-4f">
         <path>D:\TI2.0\CCS\ccs\tools\compiler\ti-cgt-armllvm_4.0.4.LTS\lib\armv6m-ti-none-eabi\c\</path>
         <kind>archive</kind>
         <file>libc.a</file>
         <name>k_rem_pio2.c.obj</name>
      </input_file>
      <input_file id="fl-50">
         <path>D:\TI2.0\CCS\ccs\tools\compiler\ti-cgt-armllvm_4.0.4.LTS\lib\armv6m-ti-none-eabi\c\</path>
         <kind>archive</kind>
         <file>libc.a</file>
         <name>boot_cortex_m.c.obj</name>
      </input_file>
      <input_file id="fl-51">
         <path>D:\TI2.0\CCS\ccs\tools\compiler\ti-cgt-armllvm_4.0.4.LTS\lib\armv6m-ti-none-eabi\c\</path>
         <kind>archive</kind>
         <file>libc.a</file>
         <name>mathacl_init.c.obj</name>
      </input_file>
      <input_file id="fl-52">
         <path>D:\TI2.0\CCS\ccs\tools\compiler\ti-cgt-armllvm_4.0.4.LTS\lib\armv6m-ti-none-eabi\c\</path>
         <kind>archive</kind>
         <file>libc.a</file>
         <name>autoinit.c.obj</name>
      </input_file>
      <input_file id="fl-53">
         <path>D:\TI2.0\CCS\ccs\tools\compiler\ti-cgt-armllvm_4.0.4.LTS\lib\armv6m-ti-none-eabi\c\</path>
         <kind>archive</kind>
         <file>libc.a</file>
         <name>pre_init.c.obj</name>
      </input_file>
      <input_file id="fl-54">
         <path>D:\TI2.0\CCS\ccs\tools\compiler\ti-cgt-armllvm_4.0.4.LTS\lib\armv6m-ti-none-eabi\c\</path>
         <kind>archive</kind>
         <file>libc.a</file>
         <name>cpy_tbl.c.obj</name>
      </input_file>
      <input_file id="fl-55">
         <path>D:\TI2.0\CCS\ccs\tools\compiler\ti-cgt-armllvm_4.0.4.LTS\lib\armv6m-ti-none-eabi\c\</path>
         <kind>archive</kind>
         <file>libc.a</file>
         <name>copy_zero_init.c.obj</name>
      </input_file>
      <input_file id="fl-56">
         <path>D:\TI2.0\CCS\ccs\tools\compiler\ti-cgt-armllvm_4.0.4.LTS\lib\armv6m-ti-none-eabi\c\</path>
         <kind>archive</kind>
         <file>libc.a</file>
         <name>copy_decompress_none.c.obj</name>
      </input_file>
      <input_file id="fl-57">
         <path>D:\TI2.0\CCS\ccs\tools\compiler\ti-cgt-armllvm_4.0.4.LTS\lib\armv6m-ti-none-eabi\c\</path>
         <kind>archive</kind>
         <file>libc.a</file>
         <name>copy_decompress_lzss.c.obj</name>
      </input_file>
      <input_file id="fl-58">
         <path>D:\TI2.0\CCS\ccs\tools\compiler\ti-cgt-armllvm_4.0.4.LTS\lib\armv6m-ti-none-eabi\c\</path>
         <kind>archive</kind>
         <file>libc.a</file>
         <name>s_floor.c.obj</name>
      </input_file>
      <input_file id="fl-59">
         <path>D:\TI2.0\CCS\ccs\tools\compiler\ti-cgt-armllvm_4.0.4.LTS\lib\armv6m-ti-none-eabi\c\</path>
         <kind>archive</kind>
         <file>libc.a</file>
         <name>s_scalbn.c.obj</name>
      </input_file>
      <input_file id="fl-5a">
         <path>D:\TI2.0\CCS\ccs\tools\compiler\ti-cgt-armllvm_4.0.4.LTS\lib\armv6m-ti-none-eabi\c\</path>
         <kind>archive</kind>
         <file>libc.a</file>
         <name>aeabi_portable.c.obj</name>
      </input_file>
      <input_file id="fl-5b">
         <path>D:\TI2.0\CCS\ccs\tools\compiler\ti-cgt-armllvm_4.0.4.LTS\lib\armv6m-ti-none-eabi\c\</path>
         <kind>archive</kind>
         <file>libc.a</file>
         <name>exit.c.obj</name>
      </input_file>
      <input_file id="fl-5c">
         <path>D:\TI2.0\CCS\ccs\tools\compiler\ti-cgt-armllvm_4.0.4.LTS\lib\armv6m-ti-none-eabi\c\</path>
         <kind>archive</kind>
         <file>libc.a</file>
         <name>_lock.c.obj</name>
      </input_file>
      <input_file id="fl-5d">
         <path>D:\TI2.0\CCS\ccs\tools\compiler\ti-cgt-armllvm_4.0.4.LTS\lib\armv6m-ti-none-eabi\c\</path>
         <kind>archive</kind>
         <file>libc.a</file>
         <name>args_main.c.obj</name>
      </input_file>
      <input_file id="fl-5e">
         <path>D:\TI2.0\CCS\ccs\tools\compiler\ti-cgt-armllvm_4.0.4.LTS\lib\armv6m-ti-none-eabi\c\</path>
         <kind>archive</kind>
         <file>libc.a</file>
         <name>assert.c.obj</name>
      </input_file>
      <input_file id="fl-5f">
         <path>D:\TI2.0\CCS\ccs\tools\compiler\ti-cgt-armllvm_4.0.4.LTS\lib\armv6m-ti-none-eabi\c\</path>
         <kind>archive</kind>
         <file>libc.a</file>
         <name>defs.c.obj</name>
      </input_file>
      <input_file id="fl-60">
         <path>D:\TI2.0\CCS\ccs\tools\compiler\ti-cgt-armllvm_4.0.4.LTS\lib\armv6m-ti-none-eabi\c\</path>
         <kind>archive</kind>
         <file>libc.a</file>
         <name>memory.c.obj</name>
      </input_file>
      <input_file id="fl-61">
         <path>D:\TI2.0\CCS\ccs\tools\compiler\ti-cgt-armllvm_4.0.4.LTS\lib\armv6m-ti-none-eabi\c\</path>
         <kind>archive</kind>
         <file>libc.a</file>
         <name>sprintf.c.obj</name>
      </input_file>
      <input_file id="fl-62">
         <path>D:\TI2.0\CCS\ccs\tools\compiler\ti-cgt-armllvm_4.0.4.LTS\lib\armv6m-ti-none-eabi\c\</path>
         <kind>archive</kind>
         <file>libc.a</file>
         <name>fflush.c.obj</name>
      </input_file>
      <input_file id="fl-63">
         <path>D:\TI2.0\CCS\ccs\tools\compiler\ti-cgt-armllvm_4.0.4.LTS\lib\armv6m-ti-none-eabi\c\</path>
         <kind>archive</kind>
         <file>libc.a</file>
         <name>fputs.c.obj</name>
      </input_file>
      <input_file id="fl-64">
         <path>D:\TI2.0\CCS\ccs\tools\compiler\ti-cgt-armllvm_4.0.4.LTS\lib\armv6m-ti-none-eabi\c\</path>
         <kind>archive</kind>
         <file>libc.a</file>
         <name>_io_perm.c.obj</name>
      </input_file>
      <input_file id="fl-65">
         <path>D:\TI2.0\CCS\ccs\tools\compiler\ti-cgt-armllvm_4.0.4.LTS\lib\armv6m-ti-none-eabi\c\</path>
         <kind>archive</kind>
         <file>libc.a</file>
         <name>setvbuf.c.obj</name>
      </input_file>
      <input_file id="fl-66">
         <path>D:\TI2.0\CCS\ccs\tools\compiler\ti-cgt-armllvm_4.0.4.LTS\lib\armv6m-ti-none-eabi\c\</path>
         <kind>archive</kind>
         <file>libc.a</file>
         <name>_printfi.c.obj</name>
      </input_file>
      <input_file id="fl-67">
         <path>D:\TI2.0\CCS\ccs\tools\compiler\ti-cgt-armllvm_4.0.4.LTS\lib\armv6m-ti-none-eabi\c\</path>
         <kind>archive</kind>
         <file>libc.a</file>
         <name>fopen.c.obj</name>
      </input_file>
      <input_file id="fl-68">
         <path>D:\TI2.0\CCS\ccs\tools\compiler\ti-cgt-armllvm_4.0.4.LTS\lib\armv6m-ti-none-eabi\c\</path>
         <kind>archive</kind>
         <file>libc.a</file>
         <name>fseek.c.obj</name>
      </input_file>
      <input_file id="fl-69">
         <path>D:\TI2.0\CCS\ccs\tools\compiler\ti-cgt-armllvm_4.0.4.LTS\lib\armv6m-ti-none-eabi\c\</path>
         <kind>archive</kind>
         <file>libc.a</file>
         <name>_ltoa.c.obj</name>
      </input_file>
      <input_file id="fl-6a">
         <path>D:\TI2.0\CCS\ccs\tools\compiler\ti-cgt-armllvm_4.0.4.LTS\lib\armv6m-ti-none-eabi\c\</path>
         <kind>archive</kind>
         <file>libc.a</file>
         <name>atoi.c.obj</name>
      </input_file>
      <input_file id="fl-6b">
         <path>D:\TI2.0\CCS\ccs\tools\compiler\ti-cgt-armllvm_4.0.4.LTS\lib\armv6m-ti-none-eabi\c\</path>
         <kind>archive</kind>
         <file>libc.a</file>
         <name>memccpy.c.obj</name>
      </input_file>
      <input_file id="fl-6c">
         <path>D:\TI2.0\CCS\ccs\tools\compiler\ti-cgt-armllvm_4.0.4.LTS\lib\armv6m-ti-none-eabi\c\</path>
         <kind>archive</kind>
         <file>libc.a</file>
         <name>s_frexp.c.obj</name>
      </input_file>
      <input_file id="fl-6d">
         <path>D:\TI2.0\CCS\ccs\tools\compiler\ti-cgt-armllvm_4.0.4.LTS\lib\armv6m-ti-none-eabi\c\</path>
         <kind>archive</kind>
         <file>libc.a</file>
         <name>wcslen.c.obj</name>
      </input_file>
      <input_file id="fl-6e">
         <path>D:\TI2.0\CCS\ccs\tools\compiler\ti-cgt-armllvm_4.0.4.LTS\lib\armv6m-ti-none-eabi\c\</path>
         <kind>archive</kind>
         <file>libc.a</file>
         <name>fclose.c.obj</name>
      </input_file>
      <input_file id="fl-6f">
         <path>D:\TI2.0\CCS\ccs\tools\compiler\ti-cgt-armllvm_4.0.4.LTS\lib\armv6m-ti-none-eabi\c\</path>
         <kind>archive</kind>
         <file>libc.a</file>
         <name>aeabi_ctype.S.obj</name>
      </input_file>
      <input_file id="fl-10f">
         <path>D:\TI2.0\CCS\ccs\tools\compiler\ti-cgt-armllvm_4.0.4.LTS\lib\armv6m-ti-none-eabi\c\</path>
         <kind>archive</kind>
         <file>libsysbm.a</file>
         <name>hostexit.c.obj</name>
      </input_file>
      <input_file id="fl-110">
         <path>D:\TI2.0\CCS\ccs\tools\compiler\ti-cgt-armllvm_4.0.4.LTS\lib\armv6m-ti-none-eabi\c\</path>
         <kind>archive</kind>
         <file>libsysbm.a</file>
         <name>write.c.obj</name>
      </input_file>
      <input_file id="fl-111">
         <path>D:\TI2.0\CCS\ccs\tools\compiler\ti-cgt-armllvm_4.0.4.LTS\lib\armv6m-ti-none-eabi\c\</path>
         <kind>archive</kind>
         <file>libsysbm.a</file>
         <name>host_device.c.obj</name>
      </input_file>
      <input_file id="fl-112">
         <path>D:\TI2.0\CCS\ccs\tools\compiler\ti-cgt-armllvm_4.0.4.LTS\lib\armv6m-ti-none-eabi\c\</path>
         <kind>archive</kind>
         <file>libsysbm.a</file>
         <name>remove.c.obj</name>
      </input_file>
      <input_file id="fl-113">
         <path>D:\TI2.0\CCS\ccs\tools\compiler\ti-cgt-armllvm_4.0.4.LTS\lib\armv6m-ti-none-eabi\c\</path>
         <kind>archive</kind>
         <file>libsysbm.a</file>
         <name>open.c.obj</name>
      </input_file>
      <input_file id="fl-114">
         <path>D:\TI2.0\CCS\ccs\tools\compiler\ti-cgt-armllvm_4.0.4.LTS\lib\armv6m-ti-none-eabi\c\</path>
         <kind>archive</kind>
         <file>libsysbm.a</file>
         <name>lseek.c.obj</name>
      </input_file>
      <input_file id="fl-115">
         <path>D:\TI2.0\CCS\ccs\tools\compiler\ti-cgt-armllvm_4.0.4.LTS\lib\armv6m-ti-none-eabi\c\</path>
         <kind>archive</kind>
         <file>libsysbm.a</file>
         <name>close.c.obj</name>
      </input_file>
      <input_file id="fl-116">
         <path>D:\TI2.0\CCS\ccs\tools\compiler\ti-cgt-armllvm_4.0.4.LTS\lib\armv6m-ti-none-eabi\c\</path>
         <kind>archive</kind>
         <file>libsysbm.a</file>
         <name>unlink.c.obj</name>
      </input_file>
      <input_file id="fl-117">
         <path>D:\TI2.0\CCS\ccs\tools\compiler\ti-cgt-armllvm_4.0.4.LTS\lib\armv6m-ti-none-eabi\c\</path>
         <kind>archive</kind>
         <file>libsysbm.a</file>
         <name>hostclose.c.obj</name>
      </input_file>
      <input_file id="fl-118">
         <path>D:\TI2.0\CCS\ccs\tools\compiler\ti-cgt-armllvm_4.0.4.LTS\lib\armv6m-ti-none-eabi\c\</path>
         <kind>archive</kind>
         <file>libsysbm.a</file>
         <name>hostlseek.c.obj</name>
      </input_file>
      <input_file id="fl-119">
         <path>D:\TI2.0\CCS\ccs\tools\compiler\ti-cgt-armllvm_4.0.4.LTS\lib\armv6m-ti-none-eabi\c\</path>
         <kind>archive</kind>
         <file>libsysbm.a</file>
         <name>hostopen.c.obj</name>
      </input_file>
      <input_file id="fl-11a">
         <path>D:\TI2.0\CCS\ccs\tools\compiler\ti-cgt-armllvm_4.0.4.LTS\lib\armv6m-ti-none-eabi\c\</path>
         <kind>archive</kind>
         <file>libsysbm.a</file>
         <name>hostread.c.obj</name>
      </input_file>
      <input_file id="fl-11b">
         <path>D:\TI2.0\CCS\ccs\tools\compiler\ti-cgt-armllvm_4.0.4.LTS\lib\armv6m-ti-none-eabi\c\</path>
         <kind>archive</kind>
         <file>libsysbm.a</file>
         <name>hostrename.c.obj</name>
      </input_file>
      <input_file id="fl-11c">
         <path>D:\TI2.0\CCS\ccs\tools\compiler\ti-cgt-armllvm_4.0.4.LTS\lib\armv6m-ti-none-eabi\c\</path>
         <kind>archive</kind>
         <file>libsysbm.a</file>
         <name>hostunlink.c.obj</name>
      </input_file>
      <input_file id="fl-11d">
         <path>D:\TI2.0\CCS\ccs\tools\compiler\ti-cgt-armllvm_4.0.4.LTS\lib\armv6m-ti-none-eabi\c\</path>
         <kind>archive</kind>
         <file>libsysbm.a</file>
         <name>hostwrite.c.obj</name>
      </input_file>
      <input_file id="fl-11e">
         <path>D:\TI2.0\CCS\ccs\tools\compiler\ti-cgt-armllvm_4.0.4.LTS\lib\armv6m-ti-none-eabi\c\</path>
         <kind>archive</kind>
         <file>libsysbm.a</file>
         <name>trgmsg.c.obj</name>
      </input_file>
      <input_file id="fl-11f">
         <path>D:\TI2.0\CCS\ccs\tools\compiler\ti-cgt-armllvm_4.0.4.LTS\lib\armv6m-ti-none-eabi\</path>
         <kind>archive</kind>
         <file>libclang_rt.builtins.a</file>
         <name>addsf3.S.obj</name>
      </input_file>
      <input_file id="fl-120">
         <path>D:\TI2.0\CCS\ccs\tools\compiler\ti-cgt-armllvm_4.0.4.LTS\lib\armv6m-ti-none-eabi\</path>
         <kind>archive</kind>
         <file>libclang_rt.builtins.a</file>
         <name>adddf3.S.obj</name>
      </input_file>
      <input_file id="fl-121">
         <path>D:\TI2.0\CCS\ccs\tools\compiler\ti-cgt-armllvm_4.0.4.LTS\lib\armv6m-ti-none-eabi\</path>
         <kind>archive</kind>
         <file>libclang_rt.builtins.a</file>
         <name>muldf3.S.obj</name>
      </input_file>
      <input_file id="fl-122">
         <path>D:\TI2.0\CCS\ccs\tools\compiler\ti-cgt-armllvm_4.0.4.LTS\lib\armv6m-ti-none-eabi\</path>
         <kind>archive</kind>
         <file>libclang_rt.builtins.a</file>
         <name>muldsi3.S.obj</name>
      </input_file>
      <input_file id="fl-123">
         <path>D:\TI2.0\CCS\ccs\tools\compiler\ti-cgt-armllvm_4.0.4.LTS\lib\armv6m-ti-none-eabi\</path>
         <kind>archive</kind>
         <file>libclang_rt.builtins.a</file>
         <name>mulsf3.S.obj</name>
      </input_file>
      <input_file id="fl-124">
         <path>D:\TI2.0\CCS\ccs\tools\compiler\ti-cgt-armllvm_4.0.4.LTS\lib\armv6m-ti-none-eabi\</path>
         <kind>archive</kind>
         <file>libclang_rt.builtins.a</file>
         <name>divsf3.S.obj</name>
      </input_file>
      <input_file id="fl-125">
         <path>D:\TI2.0\CCS\ccs\tools\compiler\ti-cgt-armllvm_4.0.4.LTS\lib\armv6m-ti-none-eabi\</path>
         <kind>archive</kind>
         <file>libclang_rt.builtins.a</file>
         <name>divdf3.S.obj</name>
      </input_file>
      <input_file id="fl-126">
         <path>D:\TI2.0\CCS\ccs\tools\compiler\ti-cgt-armllvm_4.0.4.LTS\lib\armv6m-ti-none-eabi\</path>
         <kind>archive</kind>
         <file>libclang_rt.builtins.a</file>
         <name>extendsfdf2.S.obj</name>
      </input_file>
      <input_file id="fl-127">
         <path>D:\TI2.0\CCS\ccs\tools\compiler\ti-cgt-armllvm_4.0.4.LTS\lib\armv6m-ti-none-eabi\</path>
         <kind>archive</kind>
         <file>libclang_rt.builtins.a</file>
         <name>fixdfsi.S.obj</name>
      </input_file>
      <input_file id="fl-128">
         <path>D:\TI2.0\CCS\ccs\tools\compiler\ti-cgt-armllvm_4.0.4.LTS\lib\armv6m-ti-none-eabi\</path>
         <kind>archive</kind>
         <file>libclang_rt.builtins.a</file>
         <name>fixsfsi.S.obj</name>
      </input_file>
      <input_file id="fl-129">
         <path>D:\TI2.0\CCS\ccs\tools\compiler\ti-cgt-armllvm_4.0.4.LTS\lib\armv6m-ti-none-eabi\</path>
         <kind>archive</kind>
         <file>libclang_rt.builtins.a</file>
         <name>fixunssfsi.S.obj</name>
      </input_file>
      <input_file id="fl-12a">
         <path>D:\TI2.0\CCS\ccs\tools\compiler\ti-cgt-armllvm_4.0.4.LTS\lib\armv6m-ti-none-eabi\</path>
         <kind>archive</kind>
         <file>libclang_rt.builtins.a</file>
         <name>floatsidf.S.obj</name>
      </input_file>
      <input_file id="fl-12b">
         <path>D:\TI2.0\CCS\ccs\tools\compiler\ti-cgt-armllvm_4.0.4.LTS\lib\armv6m-ti-none-eabi\</path>
         <kind>archive</kind>
         <file>libclang_rt.builtins.a</file>
         <name>floatsisf.S.obj</name>
      </input_file>
      <input_file id="fl-12c">
         <path>D:\TI2.0\CCS\ccs\tools\compiler\ti-cgt-armllvm_4.0.4.LTS\lib\armv6m-ti-none-eabi\</path>
         <kind>archive</kind>
         <file>libclang_rt.builtins.a</file>
         <name>floatunsisf.S.obj</name>
      </input_file>
      <input_file id="fl-12d">
         <path>D:\TI2.0\CCS\ccs\tools\compiler\ti-cgt-armllvm_4.0.4.LTS\lib\armv6m-ti-none-eabi\</path>
         <kind>archive</kind>
         <file>libclang_rt.builtins.a</file>
         <name>muldi3.S.obj</name>
      </input_file>
      <input_file id="fl-12e">
         <path>D:\TI2.0\CCS\ccs\tools\compiler\ti-cgt-armllvm_4.0.4.LTS\lib\armv6m-ti-none-eabi\</path>
         <kind>archive</kind>
         <file>libclang_rt.builtins.a</file>
         <name>truncdfsf2.S.obj</name>
      </input_file>
      <input_file id="fl-12f">
         <path>D:\TI2.0\CCS\ccs\tools\compiler\ti-cgt-armllvm_4.0.4.LTS\lib\armv6m-ti-none-eabi\</path>
         <kind>archive</kind>
         <file>libclang_rt.builtins.a</file>
         <name>aeabi_dcmp.S.obj</name>
      </input_file>
      <input_file id="fl-130">
         <path>D:\TI2.0\CCS\ccs\tools\compiler\ti-cgt-armllvm_4.0.4.LTS\lib\armv6m-ti-none-eabi\</path>
         <kind>archive</kind>
         <file>libclang_rt.builtins.a</file>
         <name>aeabi_fcmp.S.obj</name>
      </input_file>
      <input_file id="fl-131">
         <path>D:\TI2.0\CCS\ccs\tools\compiler\ti-cgt-armllvm_4.0.4.LTS\lib\armv6m-ti-none-eabi\</path>
         <kind>archive</kind>
         <file>libclang_rt.builtins.a</file>
         <name>aeabi_idivmod.S.obj</name>
      </input_file>
      <input_file id="fl-132">
         <path>D:\TI2.0\CCS\ccs\tools\compiler\ti-cgt-armllvm_4.0.4.LTS\lib\armv6m-ti-none-eabi\</path>
         <kind>archive</kind>
         <file>libclang_rt.builtins.a</file>
         <name>aeabi_memcpy.S.obj</name>
      </input_file>
      <input_file id="fl-133">
         <path>D:\TI2.0\CCS\ccs\tools\compiler\ti-cgt-armllvm_4.0.4.LTS\lib\armv6m-ti-none-eabi\</path>
         <kind>archive</kind>
         <file>libclang_rt.builtins.a</file>
         <name>aeabi_memset.S.obj</name>
      </input_file>
      <input_file id="fl-134">
         <path>D:\TI2.0\CCS\ccs\tools\compiler\ti-cgt-armllvm_4.0.4.LTS\lib\armv6m-ti-none-eabi\</path>
         <kind>archive</kind>
         <file>libclang_rt.builtins.a</file>
         <name>aeabi_uidivmod.S.obj</name>
      </input_file>
      <input_file id="fl-135">
         <path>D:\TI2.0\CCS\ccs\tools\compiler\ti-cgt-armllvm_4.0.4.LTS\lib\armv6m-ti-none-eabi\</path>
         <kind>archive</kind>
         <file>libclang_rt.builtins.a</file>
         <name>aeabi_uldivmod.S.obj</name>
      </input_file>
      <input_file id="fl-136">
         <path>D:\TI2.0\CCS\ccs\tools\compiler\ti-cgt-armllvm_4.0.4.LTS\lib\armv6m-ti-none-eabi\</path>
         <kind>archive</kind>
         <file>libclang_rt.builtins.a</file>
         <name>comparesf2.S.obj</name>
      </input_file>
      <input_file id="fl-137">
         <path>D:\TI2.0\CCS\ccs\tools\compiler\ti-cgt-armllvm_4.0.4.LTS\lib\armv6m-ti-none-eabi\</path>
         <kind>archive</kind>
         <file>libclang_rt.builtins.a</file>
         <name>udivmoddi4.S.obj</name>
      </input_file>
      <input_file id="fl-138">
         <path>D:\TI2.0\CCS\ccs\tools\compiler\ti-cgt-armllvm_4.0.4.LTS\lib\armv6m-ti-none-eabi\</path>
         <kind>archive</kind>
         <file>libclang_rt.builtins.a</file>
         <name>ashldi3.S.obj</name>
      </input_file>
      <input_file id="fl-139">
         <path>D:\TI2.0\CCS\ccs\tools\compiler\ti-cgt-armllvm_4.0.4.LTS\lib\armv6m-ti-none-eabi\</path>
         <kind>archive</kind>
         <file>libclang_rt.builtins.a</file>
         <name>comparedf2.c.obj</name>
      </input_file>
      <input_file id="fl-13a">
         <path>D:\TI2.0\CCS\ccs\tools\compiler\ti-cgt-armllvm_4.0.4.LTS\lib\armv6m-ti-none-eabi\</path>
         <kind>archive</kind>
         <file>libclang_rt.builtins.a</file>
         <name>aeabi_div0.c.obj</name>
      </input_file>
      <input_file id="fl-13b">
         <path>D:\TI2.0\CCS\ccs\tools\compiler\ti-cgt-armllvm_4.0.4.LTS\lib\armv6m-ti-none-eabi\c\</path>
         <kind>archive</kind>
         <file>libc.a</file>
         <name>getdevice.c.obj</name>
      </input_file>
      <input_file id="fl-13c">
         <path>D:\TI2.0\CCS\ccs\tools\compiler\ti-cgt-armllvm_4.0.4.LTS\lib\armv6m-ti-none-eabi\c\</path>
         <kind>archive</kind>
         <file>libc.a</file>
         <name>memcpy16.S.obj</name>
      </input_file>
      <input_file id="fl-13d">
         <path>D:\TI2.0\CCS\ccs\tools\compiler\ti-cgt-armllvm_4.0.4.LTS\lib\armv6m-ti-none-eabi\c\</path>
         <kind>archive</kind>
         <file>libc.a</file>
         <name>memset16.S.obj</name>
      </input_file>
      <input_file id="fl-13e">
         <path>D:\TI2.0\CCS\ccs\tools\compiler\ti-cgt-armllvm_4.0.4.LTS\lib\armv6m-ti-none-eabi\c\</path>
         <kind>archive</kind>
         <file>libc.a</file>
         <name>strcmp-armv6m.S.obj</name>
      </input_file>
   </input_file_list>
   <object_component_list>
      <object_component id="oc-18">
         <name>.intvecs</name>
         <load_address>0x0</load_address>
         <readonly>true</readonly>
         <run_address>0x0</run_address>
         <size>0xc0</size>
         <alignment>0x4</alignment>
         <input_file_ref idref="fl-3"/>
      </object_component>
      <object_component id="oc-11a">
         <name>.text.SYSCFG_DL_GPIO_init</name>
         <load_address>0xc0</load_address>
         <readonly>true</readonly>
         <executable>true</executable>
         <run_address>0xc0</run_address>
         <size>0x18c</size>
         <alignment>0x4</alignment>
         <input_file_ref idref="fl-2"/>
      </object_component>
      <object_component id="oc-13a">
         <name>.text.UART_PrintWITDebug</name>
         <load_address>0x24c</load_address>
         <readonly>true</readonly>
         <executable>true</executable>
         <run_address>0x24c</run_address>
         <size>0x14c</size>
         <alignment>0x4</alignment>
         <input_file_ref idref="fl-10"/>
      </object_component>
      <object_component id="oc-a2">
         <name>.text.WIT_DecodeFrame</name>
         <load_address>0x398</load_address>
         <readonly>true</readonly>
         <executable>true</executable>
         <run_address>0x398</run_address>
         <size>0x128</size>
         <alignment>0x4</alignment>
         <input_file_ref idref="fl-1b"/>
      </object_component>
      <object_component id="oc-132">
         <name>.text.WIT_Init</name>
         <load_address>0x4c0</load_address>
         <readonly>true</readonly>
         <executable>true</executable>
         <run_address>0x4c0</run_address>
         <size>0x108</size>
         <alignment>0x4</alignment>
         <input_file_ref idref="fl-1b"/>
      </object_component>
      <object_component id="oc-81">
         <name>.text.encoder_update_speed</name>
         <load_address>0x5c8</load_address>
         <readonly>true</readonly>
         <executable>true</executable>
         <run_address>0x5c8</run_address>
         <size>0x108</size>
         <alignment>0x4</alignment>
         <input_file_ref idref="fl-1d"/>
      </object_component>
      <object_component id="oc-17b">
         <name>.text.DL_Timer_initFourCCPWMMode</name>
         <load_address>0x6d0</load_address>
         <readonly>true</readonly>
         <executable>true</executable>
         <run_address>0x6d0</run_address>
         <size>0x104</size>
         <alignment>0x4</alignment>
         <input_file_ref idref="fl-34"/>
      </object_component>
      <object_component id="oc-75">
         <name>.text.WIT_ParseByte</name>
         <load_address>0x7d4</load_address>
         <readonly>true</readonly>
         <executable>true</executable>
         <run_address>0x7d4</run_address>
         <size>0x104</size>
         <alignment>0x4</alignment>
         <input_file_ref idref="fl-1b"/>
      </object_component>
      <object_component id="oc-186">
         <name>.text.DL_Timer_initTimerMode</name>
         <load_address>0x8d8</load_address>
         <readonly>true</readonly>
         <executable>true</executable>
         <run_address>0x8d8</run_address>
         <size>0xfc</size>
         <alignment>0x4</alignment>
         <input_file_ref idref="fl-34"/>
      </object_component>
      <object_component id="oc-133">
         <name>.text.OLED_DrawPage</name>
         <load_address>0x9d4</load_address>
         <readonly>true</readonly>
         <executable>true</executable>
         <run_address>0x9d4</run_address>
         <size>0xdc</size>
         <alignment>0x4</alignment>
         <input_file_ref idref="fl-10"/>
      </object_component>
      <object_component id="oc-ba">
         <name>.text</name>
         <load_address>0xab0</load_address>
         <readonly>true</readonly>
         <executable>true</executable>
         <run_address>0xab0</run_address>
         <size>0xd8</size>
         <alignment>0x4</alignment>
         <input_file_ref idref="fl-11f"/>
      </object_component>
      <object_component id="oc-134">
         <name>.text.OLED_UpdatePage</name>
         <load_address>0xb88</load_address>
         <readonly>true</readonly>
         <executable>true</executable>
         <run_address>0xb88</run_address>
         <size>0xd4</size>
         <alignment>0x4</alignment>
         <input_file_ref idref="fl-10"/>
      </object_component>
      <object_component id="oc-d5">
         <name>.text.app_wit_test</name>
         <load_address>0xc5c</load_address>
         <readonly>true</readonly>
         <executable>true</executable>
         <run_address>0xc5c</run_address>
         <size>0xd4</size>
         <alignment>0x4</alignment>
         <input_file_ref idref="fl-10"/>
      </object_component>
      <object_component id="oc-12d">
         <name>.text.OLED_Init</name>
         <load_address>0xd30</load_address>
         <readonly>true</readonly>
         <executable>true</executable>
         <run_address>0xd30</run_address>
         <size>0xce</size>
         <alignment>0x2</alignment>
         <input_file_ref idref="fl-13"/>
      </object_component>
      <object_component id="oc-1b0">
         <name>.text.OLED_I2C_Init</name>
         <load_address>0xdfe</load_address>
         <readonly>true</readonly>
         <executable>true</executable>
         <run_address>0xdfe</run_address>
         <size>0x2</size>
         <alignment>0x2</alignment>
         <input_file_ref idref="fl-13"/>
      </object_component>
      <object_component id="oc-1d2">
         <name>.text.OLED_ShowAngle</name>
         <load_address>0xe00</load_address>
         <readonly>true</readonly>
         <executable>true</executable>
         <run_address>0xe00</run_address>
         <size>0xc8</size>
         <alignment>0x4</alignment>
         <input_file_ref idref="fl-10"/>
      </object_component>
      <object_component id="oc-119">
         <name>.text.SYSCFG_DL_initPower</name>
         <load_address>0xec8</load_address>
         <readonly>true</readonly>
         <executable>true</executable>
         <run_address>0xec8</run_address>
         <size>0xc4</size>
         <alignment>0x4</alignment>
         <input_file_ref idref="fl-2"/>
      </object_component>
      <object_component id="oc-3e">
         <name>.text.UART2_IRQHandler</name>
         <load_address>0xf8c</load_address>
         <readonly>true</readonly>
         <executable>true</executable>
         <run_address>0xf8c</run_address>
         <size>0xc0</size>
         <alignment>0x4</alignment>
         <input_file_ref idref="fl-1b"/>
      </object_component>
      <object_component id="oc-11c">
         <name>.text.SYSCFG_DL_BLDC_init</name>
         <load_address>0x104c</load_address>
         <readonly>true</readonly>
         <executable>true</executable>
         <run_address>0x104c</run_address>
         <size>0xb8</size>
         <alignment>0x4</alignment>
         <input_file_ref idref="fl-2"/>
      </object_component>
      <object_component id="oc-20b">
         <name>.text.OLED_ShowChar</name>
         <load_address>0x1104</load_address>
         <readonly>true</readonly>
         <executable>true</executable>
         <run_address>0x1104</run_address>
         <size>0xb4</size>
         <alignment>0x4</alignment>
         <input_file_ref idref="fl-13"/>
      </object_component>
      <object_component id="oc-1de">
         <name>.text.WIT_GetDebugSnapshot</name>
         <load_address>0x11b8</load_address>
         <readonly>true</readonly>
         <executable>true</executable>
         <run_address>0x11b8</run_address>
         <size>0xb0</size>
         <alignment>0x4</alignment>
         <input_file_ref idref="fl-1b"/>
      </object_component>
      <object_component id="oc-1d9">
         <name>.text.OLED_ShowSignedNum</name>
         <load_address>0x1268</load_address>
         <readonly>true</readonly>
         <executable>true</executable>
         <run_address>0x1268</run_address>
         <size>0xae</size>
         <alignment>0x2</alignment>
         <input_file_ref idref="fl-13"/>
      </object_component>
      <object_component id="oc-1df">
         <name>.text.drv_uart_print_num</name>
         <load_address>0x1316</load_address>
         <readonly>true</readonly>
         <executable>true</executable>
         <run_address>0x1316</run_address>
         <size>0x98</size>
         <alignment>0x2</alignment>
         <input_file_ref idref="fl-1f"/>
      </object_component>
      <object_component id="oc-10c">
         <name>.text.__aeabi_idiv0</name>
         <load_address>0x13ae</load_address>
         <readonly>true</readonly>
         <executable>true</executable>
         <run_address>0x13ae</run_address>
         <size>0x2</size>
         <alignment>0x2</alignment>
         <input_file_ref idref="fl-13a"/>
      </object_component>
      <object_component id="oc-11d">
         <name>.text.SYSCFG_DL_MG310_PWM_init</name>
         <load_address>0x13b0</load_address>
         <readonly>true</readonly>
         <executable>true</executable>
         <run_address>0x13b0</run_address>
         <size>0x8c</size>
         <alignment>0x4</alignment>
         <input_file_ref idref="fl-2"/>
      </object_component>
      <object_component id="oc-ae">
         <name>.text.__mulsf3</name>
         <load_address>0x143c</load_address>
         <readonly>true</readonly>
         <executable>true</executable>
         <run_address>0x143c</run_address>
         <size>0x8c</size>
         <alignment>0x4</alignment>
         <input_file_ref idref="fl-123"/>
      </object_component>
      <object_component id="oc-19e">
         <name>.text.__NVIC_SetPriority</name>
         <load_address>0x14c8</load_address>
         <readonly>true</readonly>
         <executable>true</executable>
         <run_address>0x14c8</run_address>
         <size>0x84</size>
         <alignment>0x4</alignment>
         <input_file_ref idref="fl-2"/>
      </object_component>
      <object_component id="oc-b2">
         <name>.text.__divsf3</name>
         <load_address>0x154c</load_address>
         <readonly>true</readonly>
         <executable>true</executable>
         <run_address>0x154c</run_address>
         <size>0x82</size>
         <alignment>0x4</alignment>
         <input_file_ref idref="fl-124"/>
      </object_component>
      <object_component id="oc-1c">
         <name>.text:decompress:lzss</name>
         <load_address>0x15d0</load_address>
         <readonly>true</readonly>
         <executable>true</executable>
         <run_address>0x15d0</run_address>
         <size>0x7c</size>
         <alignment>0x4</alignment>
         <input_file_ref idref="fl-57"/>
      </object_component>
      <object_component id="oc-1d8">
         <name>.text.OLED_ShowNum</name>
         <load_address>0x164c</load_address>
         <readonly>true</readonly>
         <executable>true</executable>
         <run_address>0x164c</run_address>
         <size>0x7a</size>
         <alignment>0x2</alignment>
         <input_file_ref idref="fl-13"/>
      </object_component>
      <object_component id="oc-210">
         <name>.text.drv_uart_print_hex</name>
         <load_address>0x16c6</load_address>
         <readonly>true</readonly>
         <executable>true</executable>
         <run_address>0x16c6</run_address>
         <size>0x6e</size>
         <alignment>0x2</alignment>
         <input_file_ref idref="fl-1f"/>
      </object_component>
      <object_component id="oc-123">
         <name>.text.SYSCFG_DL_UART_WIT_init</name>
         <load_address>0x1734</load_address>
         <readonly>true</readonly>
         <executable>true</executable>
         <run_address>0x1734</run_address>
         <size>0x6c</size>
         <alignment>0x4</alignment>
         <input_file_ref idref="fl-2"/>
      </object_component>
      <object_component id="oc-39">
         <name>.text.UART1_IRQHandler</name>
         <load_address>0x17a0</load_address>
         <readonly>true</readonly>
         <executable>true</executable>
         <run_address>0x17a0</run_address>
         <size>0x68</size>
         <alignment>0x4</alignment>
         <input_file_ref idref="fl-1f"/>
      </object_component>
      <object_component id="oc-b6">
         <name>.text.__aeabi_fcmp</name>
         <load_address>0x1808</load_address>
         <readonly>true</readonly>
         <executable>true</executable>
         <run_address>0x1808</run_address>
         <size>0x62</size>
         <alignment>0x4</alignment>
         <input_file_ref idref="fl-130"/>
      </object_component>
      <object_component id="oc-67">
         <name>.text.encoder_handle_gpiob</name>
         <load_address>0x186c</load_address>
         <readonly>true</readonly>
         <executable>true</executable>
         <run_address>0x186c</run_address>
         <size>0x60</size>
         <alignment>0x4</alignment>
         <input_file_ref idref="fl-1d"/>
      </object_component>
      <object_component id="oc-11f">
         <name>.text.SYSCFG_DL_as5600_init</name>
         <load_address>0x18cc</load_address>
         <readonly>true</readonly>
         <executable>true</executable>
         <run_address>0x18cc</run_address>
         <size>0x58</size>
         <alignment>0x4</alignment>
         <input_file_ref idref="fl-2"/>
      </object_component>
      <object_component id="oc-d0">
         <name>.text.SYSCFG_DL_init</name>
         <load_address>0x1924</load_address>
         <readonly>true</readonly>
         <executable>true</executable>
         <run_address>0x1924</run_address>
         <size>0x58</size>
         <alignment>0x4</alignment>
         <input_file_ref idref="fl-2"/>
      </object_component>
      <object_component id="oc-1b2">
         <name>.text.OLED_Clear</name>
         <load_address>0x197c</load_address>
         <readonly>true</readonly>
         <executable>true</executable>
         <run_address>0x197c</run_address>
         <size>0x56</size>
         <alignment>0x2</alignment>
         <input_file_ref idref="fl-13"/>
      </object_component>
      <object_component id="oc-c2">
         <name>.text.__aeabi_idivmod</name>
         <load_address>0x19d4</load_address>
         <readonly>true</readonly>
         <executable>true</executable>
         <run_address>0x19d4</run_address>
         <size>0x56</size>
         <alignment>0x4</alignment>
         <input_file_ref idref="fl-131"/>
      </object_component>
      <object_component id="oc-204">
         <name>.text.OLED_I2C_SendByte</name>
         <load_address>0x1a2a</load_address>
         <readonly>true</readonly>
         <executable>true</executable>
         <run_address>0x1a2a</run_address>
         <size>0x54</size>
         <alignment>0x2</alignment>
         <input_file_ref idref="fl-13"/>
      </object_component>
      <object_component id="oc-1af">
         <name>.text.uart0_write_byte</name>
         <load_address>0x1a80</load_address>
         <readonly>true</readonly>
         <executable>true</executable>
         <run_address>0x1a80</run_address>
         <size>0x54</size>
         <alignment>0x4</alignment>
         <input_file_ref idref="fl-1f"/>
      </object_component>
      <object_component id="oc-168">
         <name>.text.DL_GPIO_initPeripheralInputFunctionFeatures</name>
         <load_address>0x1ad4</load_address>
         <readonly>true</readonly>
         <executable>true</executable>
         <run_address>0x1ad4</run_address>
         <size>0x50</size>
         <alignment>0x4</alignment>
         <input_file_ref idref="fl-2"/>
      </object_component>
      <object_component id="oc-120">
         <name>.text.SYSCFG_DL_debug_init</name>
         <load_address>0x1b24</load_address>
         <readonly>true</readonly>
         <executable>true</executable>
         <run_address>0x1b24</run_address>
         <size>0x50</size>
         <alignment>0x4</alignment>
         <input_file_ref idref="fl-2"/>
      </object_component>
      <object_component id="oc-1bc">
         <name>.text.DL_DMA_initChannel</name>
         <load_address>0x1b74</load_address>
         <readonly>true</readonly>
         <executable>true</executable>
         <run_address>0x1b74</run_address>
         <size>0x4c</size>
         <alignment>0x4</alignment>
         <input_file_ref idref="fl-32"/>
      </object_component>
      <object_component id="oc-16c">
         <name>.text.DL_GPIO_initDigitalInputFeatures</name>
         <load_address>0x1bc0</load_address>
         <readonly>true</readonly>
         <executable>true</executable>
         <run_address>0x1bc0</run_address>
         <size>0x4c</size>
         <alignment>0x4</alignment>
         <input_file_ref idref="fl-2"/>
      </object_component>
      <object_component id="oc-19c">
         <name>.text.DL_UART_setBaudRateDivisor</name>
         <load_address>0x1c0c</load_address>
         <readonly>true</readonly>
         <executable>true</executable>
         <run_address>0x1c0c</run_address>
         <size>0x4c</size>
         <alignment>0x4</alignment>
         <input_file_ref idref="fl-2"/>
      </object_component>
      <object_component id="oc-1e1">
         <name>.text.UART_PrintRawFrame</name>
         <load_address>0x1c58</load_address>
         <readonly>true</readonly>
         <executable>true</executable>
         <run_address>0x1c58</run_address>
         <size>0x4c</size>
         <alignment>0x4</alignment>
         <input_file_ref idref="fl-10"/>
      </object_component>
      <object_component id="oc-1c5">
         <name>.text.OLED_ShowString</name>
         <load_address>0x1ca4</load_address>
         <readonly>true</readonly>
         <executable>true</executable>
         <run_address>0x1ca4</run_address>
         <size>0x4a</size>
         <alignment>0x2</alignment>
         <input_file_ref idref="fl-13"/>
      </object_component>
      <object_component id="oc-19a">
         <name>.text.DL_UART_init</name>
         <load_address>0x1cf0</load_address>
         <readonly>true</readonly>
         <executable>true</executable>
         <run_address>0x1cf0</run_address>
         <size>0x48</size>
         <alignment>0x4</alignment>
         <input_file_ref idref="fl-35"/>
      </object_component>
      <object_component id="oc-a1">
         <name>.text.WIT_ChecksumIsValid</name>
         <load_address>0x1d38</load_address>
         <readonly>true</readonly>
         <executable>true</executable>
         <run_address>0x1d38</run_address>
         <size>0x48</size>
         <alignment>0x2</alignment>
         <input_file_ref idref="fl-1b"/>
      </object_component>
      <object_component id="oc-a0">
         <name>.text.encoder_count_a_rising</name>
         <load_address>0x1d80</load_address>
         <readonly>true</readonly>
         <executable>true</executable>
         <run_address>0x1d80</run_address>
         <size>0x48</size>
         <alignment>0x2</alignment>
         <input_file_ref idref="fl-1d"/>
      </object_component>
      <object_component id="oc-122">
         <name>.text.SYSCFG_DL_f32c_init</name>
         <load_address>0x1dc8</load_address>
         <readonly>true</readonly>
         <executable>true</executable>
         <run_address>0x1dc8</run_address>
         <size>0x40</size>
         <alignment>0x4</alignment>
         <input_file_ref idref="fl-2"/>
      </object_component>
      <object_component id="oc-121">
         <name>.text.SYSCFG_DL_fishpath_init</name>
         <load_address>0x1e08</load_address>
         <readonly>true</readonly>
         <executable>true</executable>
         <run_address>0x1e08</run_address>
         <size>0x40</size>
         <alignment>0x4</alignment>
         <input_file_ref idref="fl-2"/>
      </object_component>
      <object_component id="oc-1d4">
         <name>.text.__aeabi_uidivmod</name>
         <load_address>0x1e48</load_address>
         <readonly>true</readonly>
         <executable>true</executable>
         <run_address>0x1e48</run_address>
         <size>0x40</size>
         <alignment>0x4</alignment>
         <input_file_ref idref="fl-134"/>
      </object_component>
      <object_component id="oc-135">
         <name>.text.delay_ms</name>
         <load_address>0x1e88</load_address>
         <readonly>true</readonly>
         <executable>true</executable>
         <run_address>0x1e88</run_address>
         <size>0x40</size>
         <alignment>0x4</alignment>
         <input_file_ref idref="fl-20"/>
      </object_component>
      <object_component id="oc-17c">
         <name>.text.DL_Timer_setCounterControl</name>
         <load_address>0x1ec8</load_address>
         <readonly>true</readonly>
         <executable>true</executable>
         <run_address>0x1ec8</run_address>
         <size>0x3c</size>
         <alignment>0x4</alignment>
         <input_file_ref idref="fl-2"/>
      </object_component>
      <object_component id="oc-aa">
         <name>.text.__floatsisf</name>
         <load_address>0x1f04</load_address>
         <readonly>true</readonly>
         <executable>true</executable>
         <run_address>0x1f04</run_address>
         <size>0x3c</size>
         <alignment>0x4</alignment>
         <input_file_ref idref="fl-12b"/>
      </object_component>
      <object_component id="oc-108">
         <name>.text.__gtsf2</name>
         <load_address>0x1f40</load_address>
         <readonly>true</readonly>
         <executable>true</executable>
         <run_address>0x1f40</run_address>
         <size>0x3c</size>
         <alignment>0x4</alignment>
         <input_file_ref idref="fl-136"/>
      </object_component>
      <object_component id="oc-e3">
         <name>.text:__TI_auto_init_nobinit_nopinit</name>
         <load_address>0x1f7c</load_address>
         <readonly>true</readonly>
         <executable>true</executable>
         <run_address>0x1f7c</run_address>
         <size>0x3c</size>
         <alignment>0x4</alignment>
         <input_file_ref idref="fl-52"/>
      </object_component>
      <object_component id="oc-103">
         <name>.text.__eqsf2</name>
         <load_address>0x1fb8</load_address>
         <readonly>true</readonly>
         <executable>true</executable>
         <run_address>0x1fb8</run_address>
         <size>0x3a</size>
         <alignment>0x4</alignment>
         <input_file_ref idref="fl-136"/>
      </object_component>
      <object_component id="oc-fd">
         <name>.text.__muldsi3</name>
         <load_address>0x1ff4</load_address>
         <readonly>true</readonly>
         <executable>true</executable>
         <run_address>0x1ff4</run_address>
         <size>0x3a</size>
         <alignment>0x4</alignment>
         <input_file_ref idref="fl-122"/>
      </object_component>
      <object_component id="oc-213">
         <name>.text.OLED_W_SCL</name>
         <load_address>0x2030</load_address>
         <readonly>true</readonly>
         <executable>true</executable>
         <run_address>0x2030</run_address>
         <size>0x38</size>
         <alignment>0x4</alignment>
         <input_file_ref idref="fl-13"/>
      </object_component>
      <object_component id="oc-212">
         <name>.text.OLED_W_SDA</name>
         <load_address>0x2068</load_address>
         <readonly>true</readonly>
         <executable>true</executable>
         <run_address>0x2068</run_address>
         <size>0x38</size>
         <alignment>0x4</alignment>
         <input_file_ref idref="fl-13"/>
      </object_component>
      <object_component id="oc-be">
         <name>.text.__fixsfsi</name>
         <load_address>0x20a0</load_address>
         <readonly>true</readonly>
         <executable>true</executable>
         <run_address>0x20a0</run_address>
         <size>0x38</size>
         <alignment>0x4</alignment>
         <input_file_ref idref="fl-128"/>
      </object_component>
      <object_component id="oc-206">
         <name>.text.OLED_SetCursor</name>
         <load_address>0x20d8</load_address>
         <readonly>true</readonly>
         <executable>true</executable>
         <run_address>0x20d8</run_address>
         <size>0x36</size>
         <alignment>0x2</alignment>
         <input_file_ref idref="fl-13"/>
      </object_component>
      <object_component id="oc-11e">
         <name>.text.SYSCFG_DL_MOTOR_MG310_init</name>
         <load_address>0x2110</load_address>
         <readonly>true</readonly>
         <executable>true</executable>
         <run_address>0x2110</run_address>
         <size>0x34</size>
         <alignment>0x4</alignment>
         <input_file_ref idref="fl-2"/>
      </object_component>
      <object_component id="oc-1b5">
         <name>.text.__NVIC_DisableIRQ</name>
         <load_address>0x2144</load_address>
         <readonly>true</readonly>
         <executable>true</executable>
         <run_address>0x2144</run_address>
         <size>0x34</size>
         <alignment>0x4</alignment>
         <input_file_ref idref="fl-1b"/>
      </object_component>
      <object_component id="oc-73">
         <name>.text.DL_DMA_setTransferSize</name>
         <load_address>0x2178</load_address>
         <readonly>true</readonly>
         <executable>true</executable>
         <run_address>0x2178</run_address>
         <size>0x30</size>
         <alignment>0x4</alignment>
         <input_file_ref idref="fl-1b"/>
      </object_component>
      <object_component id="oc-43">
         <name>.text.TIMA1_IRQHandler</name>
         <load_address>0x21a8</load_address>
         <readonly>true</readonly>
         <executable>true</executable>
         <run_address>0x21a8</run_address>
         <size>0x30</size>
         <alignment>0x4</alignment>
         <input_file_ref idref="fl-1d"/>
      </object_component>
      <object_component id="oc-12c">
         <name>.text.drv_uart_send_string</name>
         <load_address>0x21d8</load_address>
         <readonly>true</readonly>
         <executable>true</executable>
         <run_address>0x21d8</run_address>
         <size>0x2e</size>
         <alignment>0x2</alignment>
         <input_file_ref idref="fl-1f"/>
      </object_component>
      <object_component id="oc-1c3">
         <name>.text.__NVIC_ClearPendingIRQ</name>
         <load_address>0x2208</load_address>
         <readonly>true</readonly>
         <executable>true</executable>
         <run_address>0x2208</run_address>
         <size>0x2c</size>
         <alignment>0x4</alignment>
         <input_file_ref idref="fl-1b"/>
      </object_component>
      <object_component id="oc-1c4">
         <name>.text.__NVIC_EnableIRQ</name>
         <load_address>0x2234</load_address>
         <readonly>true</readonly>
         <executable>true</executable>
         <run_address>0x2234</run_address>
         <size>0x2c</size>
         <alignment>0x4</alignment>
         <input_file_ref idref="fl-1b"/>
      </object_component>
      <object_component id="oc-1e0">
         <name>.text.drv_uart_print_signed</name>
         <load_address>0x2260</load_address>
         <readonly>true</readonly>
         <executable>true</executable>
         <run_address>0x2260</run_address>
         <size>0x2c</size>
         <alignment>0x4</alignment>
         <input_file_ref idref="fl-1f"/>
      </object_component>
      <object_component id="oc-1b1">
         <name>.text.OLED_WriteCommand</name>
         <load_address>0x228c</load_address>
         <readonly>true</readonly>
         <executable>true</executable>
         <run_address>0x228c</run_address>
         <size>0x2a</size>
         <alignment>0x2</alignment>
         <input_file_ref idref="fl-13"/>
      </object_component>
      <object_component id="oc-207">
         <name>.text.OLED_WriteData</name>
         <load_address>0x22b6</load_address>
         <readonly>true</readonly>
         <executable>true</executable>
         <run_address>0x22b6</run_address>
         <size>0x2a</size>
         <alignment>0x2</alignment>
         <input_file_ref idref="fl-13"/>
      </object_component>
      <object_component id="oc-11b">
         <name>.text.SYSCFG_DL_SYSCTL_init</name>
         <load_address>0x22e0</load_address>
         <readonly>true</readonly>
         <executable>true</executable>
         <run_address>0x22e0</run_address>
         <size>0x2a</size>
         <alignment>0x2</alignment>
         <input_file_ref idref="fl-2"/>
      </object_component>
      <object_component id="oc-1fc">
         <name>.text.DL_Common_updateReg</name>
         <load_address>0x230a</load_address>
         <readonly>true</readonly>
         <executable>true</executable>
         <run_address>0x230a</run_address>
         <size>0x28</size>
         <alignment>0x2</alignment>
         <input_file_ref idref="fl-2"/>
      </object_component>
      <object_component id="oc-72">
         <name>.text.DL_DMA_setDestAddr</name>
         <load_address>0x2334</load_address>
         <readonly>true</readonly>
         <executable>true</executable>
         <run_address>0x2334</run_address>
         <size>0x28</size>
         <alignment>0x4</alignment>
         <input_file_ref idref="fl-1b"/>
      </object_component>
      <object_component id="oc-1c0">
         <name>.text.DL_DMA_setSrcAddr</name>
         <load_address>0x235c</load_address>
         <readonly>true</readonly>
         <executable>true</executable>
         <run_address>0x235c</run_address>
         <size>0x28</size>
         <alignment>0x4</alignment>
         <input_file_ref idref="fl-1b"/>
      </object_component>
      <object_component id="oc-195">
         <name>.text.DL_I2C_setControllerRXFIFOThreshold</name>
         <load_address>0x2384</load_address>
         <readonly>true</readonly>
         <executable>true</executable>
         <run_address>0x2384</run_address>
         <size>0x28</size>
         <alignment>0x4</alignment>
         <input_file_ref idref="fl-2"/>
      </object_component>
      <object_component id="oc-194">
         <name>.text.DL_I2C_setControllerTXFIFOThreshold</name>
         <load_address>0x23ac</load_address>
         <readonly>true</readonly>
         <executable>true</executable>
         <run_address>0x23ac</run_address>
         <size>0x28</size>
         <alignment>0x4</alignment>
         <input_file_ref idref="fl-2"/>
      </object_component>
      <object_component id="oc-1ad">
         <name>.text.DL_SYSTICK_init</name>
         <load_address>0x23d4</load_address>
         <readonly>true</readonly>
         <executable>true</executable>
         <run_address>0x23d4</run_address>
         <size>0x28</size>
         <alignment>0x4</alignment>
         <input_file_ref idref="fl-2"/>
      </object_component>
      <object_component id="oc-1a8">
         <name>.text.DL_UART_setRXFIFOThreshold</name>
         <load_address>0x23fc</load_address>
         <readonly>true</readonly>
         <executable>true</executable>
         <run_address>0x23fc</run_address>
         <size>0x28</size>
         <alignment>0x4</alignment>
         <input_file_ref idref="fl-2"/>
      </object_component>
      <object_component id="oc-20d">
         <name>.text.OLED_Pow</name>
         <load_address>0x2424</load_address>
         <readonly>true</readonly>
         <executable>true</executable>
         <run_address>0x2424</run_address>
         <size>0x28</size>
         <alignment>0x2</alignment>
         <input_file_ref idref="fl-13"/>
      </object_component>
      <object_component id="oc-5f">
         <name>.text:_c_int00_noargs</name>
         <load_address>0x244c</load_address>
         <readonly>true</readonly>
         <executable>true</executable>
         <run_address>0x244c</run_address>
         <size>0x28</size>
         <alignment>0x4</alignment>
         <input_file_ref idref="fl-50"/>
      </object_component>
      <object_component id="oc-1bb">
         <name>.text.DL_DMA_disableChannel</name>
         <load_address>0x2474</load_address>
         <readonly>true</readonly>
         <executable>true</executable>
         <run_address>0x2474</run_address>
         <size>0x26</size>
         <alignment>0x2</alignment>
         <input_file_ref idref="fl-1b"/>
      </object_component>
      <object_component id="oc-74">
         <name>.text.DL_DMA_enableChannel</name>
         <load_address>0x249a</load_address>
         <readonly>true</readonly>
         <executable>true</executable>
         <run_address>0x249a</run_address>
         <size>0x26</size>
         <alignment>0x2</alignment>
         <input_file_ref idref="fl-1b"/>
      </object_component>
      <object_component id="oc-190">
         <name>.text.DL_I2C_setAnalogGlitchFilterPulseWidth</name>
         <load_address>0x24c0</load_address>
         <readonly>true</readonly>
         <executable>true</executable>
         <run_address>0x24c0</run_address>
         <size>0x26</size>
         <alignment>0x2</alignment>
         <input_file_ref idref="fl-2"/>
      </object_component>
      <object_component id="oc-18a">
         <name>.text.DL_I2C_setClockConfig</name>
         <load_address>0x24e6</load_address>
         <readonly>true</readonly>
         <executable>true</executable>
         <run_address>0x24e6</run_address>
         <size>0x26</size>
         <alignment>0x2</alignment>
         <input_file_ref idref="fl-33"/>
      </object_component>
      <object_component id="oc-1a9">
         <name>.text.DL_UART_setRXInterruptTimeout</name>
         <load_address>0x250c</load_address>
         <readonly>true</readonly>
         <executable>true</executable>
         <run_address>0x250c</run_address>
         <size>0x24</size>
         <alignment>0x4</alignment>
         <input_file_ref idref="fl-2"/>
      </object_component>
      <object_component id="oc-203">
         <name>.text.OLED_I2C_Start</name>
         <load_address>0x2530</load_address>
         <readonly>true</readonly>
         <executable>true</executable>
         <run_address>0x2530</run_address>
         <size>0x24</size>
         <alignment>0x2</alignment>
         <input_file_ref idref="fl-13"/>
      </object_component>
      <object_component id="oc-16a">
         <name>.text.DL_GPIO_initPeripheralInputFunction</name>
         <load_address>0x2554</load_address>
         <readonly>true</readonly>
         <executable>true</executable>
         <run_address>0x2554</run_address>
         <size>0x20</size>
         <alignment>0x4</alignment>
         <input_file_ref idref="fl-2"/>
      </object_component>
      <object_component id="oc-19b">
         <name>.text.DL_UART_setOversampling</name>
         <load_address>0x2574</load_address>
         <readonly>true</readonly>
         <executable>true</executable>
         <run_address>0x2574</run_address>
         <size>0x1e</size>
         <alignment>0x2</alignment>
         <input_file_ref idref="fl-2"/>
      </object_component>
      <object_component id="oc-9f">
         <name>.text.DL_GPIO_clearInterruptStatus</name>
         <load_address>0x2594</load_address>
         <readonly>true</readonly>
         <executable>true</executable>
         <run_address>0x2594</run_address>
         <size>0x1c</size>
         <alignment>0x4</alignment>
         <input_file_ref idref="fl-1d"/>
      </object_component>
      <object_component id="oc-169">
         <name>.text.DL_GPIO_enableHiZ</name>
         <load_address>0x25b0</load_address>
         <readonly>true</readonly>
         <executable>true</executable>
         <run_address>0x25b0</run_address>
         <size>0x1c</size>
         <alignment>0x4</alignment>
         <input_file_ref idref="fl-2"/>
      </object_component>
      <object_component id="oc-166">
         <name>.text.DL_GPIO_initPeripheralOutputFunction</name>
         <load_address>0x25cc</load_address>
         <readonly>true</readonly>
         <executable>true</executable>
         <run_address>0x25cc</run_address>
         <size>0x1c</size>
         <alignment>0x4</alignment>
         <input_file_ref idref="fl-2"/>
      </object_component>
      <object_component id="oc-66">
         <name>.text.DL_Interrupt_getPendingGroup</name>
         <load_address>0x25e8</load_address>
         <readonly>true</readonly>
         <executable>true</executable>
         <run_address>0x25e8</run_address>
         <size>0x1c</size>
         <alignment>0x4</alignment>
         <input_file_ref idref="fl-1d"/>
      </object_component>
      <object_component id="oc-174">
         <name>.text.DL_SYSCTL_setMCLKDivider</name>
         <load_address>0x2604</load_address>
         <readonly>true</readonly>
         <executable>true</executable>
         <run_address>0x2604</run_address>
         <size>0x1c</size>
         <alignment>0x4</alignment>
         <input_file_ref idref="fl-2"/>
      </object_component>
      <object_component id="oc-170">
         <name>.text.DL_SYSCTL_setSYSOSCFreq</name>
         <load_address>0x2620</load_address>
         <readonly>true</readonly>
         <executable>true</executable>
         <run_address>0x2620</run_address>
         <size>0x1c</size>
         <alignment>0x4</alignment>
         <input_file_ref idref="fl-2"/>
      </object_component>
      <object_component id="oc-173">
         <name>.text.DL_SYSCTL_setULPCLKDivider</name>
         <load_address>0x263c</load_address>
         <readonly>true</readonly>
         <executable>true</executable>
         <run_address>0x263c</run_address>
         <size>0x1c</size>
         <alignment>0x4</alignment>
         <input_file_ref idref="fl-2"/>
      </object_component>
      <object_component id="oc-187">
         <name>.text.DL_Timer_enableInterrupt</name>
         <load_address>0x2658</load_address>
         <readonly>true</readonly>
         <executable>true</executable>
         <run_address>0x2658</run_address>
         <size>0x1c</size>
         <alignment>0x4</alignment>
         <input_file_ref idref="fl-2"/>
      </object_component>
      <object_component id="oc-17e">
         <name>.text.DL_Timer_setCaptCompUpdateMethod</name>
         <load_address>0x2674</load_address>
         <readonly>true</readonly>
         <executable>true</executable>
         <run_address>0x2674</run_address>
         <size>0x1c</size>
         <alignment>0x4</alignment>
         <input_file_ref idref="fl-34"/>
      </object_component>
      <object_component id="oc-175">
         <name>.text.DL_Timer_setClockConfig</name>
         <load_address>0x2690</load_address>
         <readonly>true</readonly>
         <executable>true</executable>
         <run_address>0x2690</run_address>
         <size>0x1c</size>
         <alignment>0x4</alignment>
         <input_file_ref idref="fl-34"/>
      </object_component>
      <object_component id="oc-1c1">
         <name>.text.DL_UART_disableInterrupt</name>
         <load_address>0x26ac</load_address>
         <readonly>true</readonly>
         <executable>true</executable>
         <run_address>0x26ac</run_address>
         <size>0x1c</size>
         <alignment>0x4</alignment>
         <input_file_ref idref="fl-1b"/>
      </object_component>
      <object_component id="oc-1c2">
         <name>.text.DL_UART_enableInterrupt</name>
         <load_address>0x26c8</load_address>
         <readonly>true</readonly>
         <executable>true</executable>
         <run_address>0x26c8</run_address>
         <size>0x1c</size>
         <alignment>0x4</alignment>
         <input_file_ref idref="fl-1b"/>
      </object_component>
      <object_component id="oc-19d">
         <name>.text.DL_UART_enableInterrupt</name>
         <load_address>0x26e4</load_address>
         <readonly>true</readonly>
         <executable>true</executable>
         <run_address>0x26e4</run_address>
         <size>0x1c</size>
         <alignment>0x4</alignment>
         <input_file_ref idref="fl-2"/>
      </object_component>
      <object_component id="oc-76">
         <name>.text.DL_UART_receiveDataCheck</name>
         <load_address>0x2700</load_address>
         <readonly>true</readonly>
         <executable>true</executable>
         <run_address>0x2700</run_address>
         <size>0x1c</size>
         <alignment>0x4</alignment>
         <input_file_ref idref="fl-35"/>
      </object_component>
      <object_component id="oc-202">
         <name>.text.DL_UART_transmitDataCheck</name>
         <load_address>0x271c</load_address>
         <readonly>true</readonly>
         <executable>true</executable>
         <run_address>0x271c</run_address>
         <size>0x1c</size>
         <alignment>0x4</alignment>
         <input_file_ref idref="fl-35"/>
      </object_component>
      <object_component id="oc-205">
         <name>.text.OLED_I2C_Stop</name>
         <load_address>0x2738</load_address>
         <readonly>true</readonly>
         <executable>true</executable>
         <run_address>0x2738</run_address>
         <size>0x1c</size>
         <alignment>0x2</alignment>
         <input_file_ref idref="fl-13"/>
      </object_component>
      <object_component id="oc-167">
         <name>.text.DL_GPIO_enableOutput</name>
         <load_address>0x2754</load_address>
         <readonly>true</readonly>
         <executable>true</executable>
         <run_address>0x2754</run_address>
         <size>0x18</size>
         <alignment>0x4</alignment>
         <input_file_ref idref="fl-2"/>
      </object_component>
      <object_component id="oc-15e">
         <name>.text.DL_GPIO_enablePower</name>
         <load_address>0x276c</load_address>
         <readonly>true</readonly>
         <executable>true</executable>
         <run_address>0x276c</run_address>
         <size>0x18</size>
         <alignment>0x4</alignment>
         <input_file_ref idref="fl-2"/>
      </object_component>
      <object_component id="oc-9e">
         <name>.text.DL_GPIO_getEnabledInterruptStatus</name>
         <load_address>0x2784</load_address>
         <readonly>true</readonly>
         <executable>true</executable>
         <run_address>0x2784</run_address>
         <size>0x18</size>
         <alignment>0x4</alignment>
         <input_file_ref idref="fl-1d"/>
      </object_component>
      <object_component id="oc-16b">
         <name>.text.DL_GPIO_initDigitalOutput</name>
         <load_address>0x279c</load_address>
         <readonly>true</readonly>
         <executable>true</executable>
         <run_address>0x279c</run_address>
         <size>0x18</size>
         <alignment>0x4</alignment>
         <input_file_ref idref="fl-2"/>
      </object_component>
      <object_component id="oc-15a">
         <name>.text.DL_GPIO_reset</name>
         <load_address>0x27b4</load_address>
         <readonly>true</readonly>
         <executable>true</executable>
         <run_address>0x27b4</run_address>
         <size>0x18</size>
         <alignment>0x4</alignment>
         <input_file_ref idref="fl-2"/>
      </object_component>
      <object_component id="oc-215">
         <name>.text.DL_GPIO_setPins</name>
         <load_address>0x27cc</load_address>
         <readonly>true</readonly>
         <executable>true</executable>
         <run_address>0x27cc</run_address>
         <size>0x18</size>
         <alignment>0x4</alignment>
         <input_file_ref idref="fl-13"/>
      </object_component>
      <object_component id="oc-16e">
         <name>.text.DL_GPIO_setPins</name>
         <load_address>0x27e4</load_address>
         <readonly>true</readonly>
         <executable>true</executable>
         <run_address>0x27e4</run_address>
         <size>0x18</size>
         <alignment>0x4</alignment>
         <input_file_ref idref="fl-2"/>
      </object_component>
      <object_component id="oc-191">
         <name>.text.DL_I2C_enableAnalogGlitchFilter</name>
         <load_address>0x27fc</load_address>
         <readonly>true</readonly>
         <executable>true</executable>
         <run_address>0x27fc</run_address>
         <size>0x18</size>
         <alignment>0x2</alignment>
         <input_file_ref idref="fl-2"/>
      </object_component>
      <object_component id="oc-197">
         <name>.text.DL_I2C_enableController</name>
         <load_address>0x2814</load_address>
         <readonly>true</readonly>
         <executable>true</executable>
         <run_address>0x2814</run_address>
         <size>0x18</size>
         <alignment>0x4</alignment>
         <input_file_ref idref="fl-2"/>
      </object_component>
      <object_component id="oc-196">
         <name>.text.DL_I2C_enableControllerClockStretching</name>
         <load_address>0x282c</load_address>
         <readonly>true</readonly>
         <executable>true</executable>
         <run_address>0x282c</run_address>
         <size>0x18</size>
         <alignment>0x4</alignment>
         <input_file_ref idref="fl-2"/>
      </object_component>
      <object_component id="oc-160">
         <name>.text.DL_I2C_enablePower</name>
         <load_address>0x2844</load_address>
         <readonly>true</readonly>
         <executable>true</executable>
         <run_address>0x2844</run_address>
         <size>0x18</size>
         <alignment>0x4</alignment>
         <input_file_ref idref="fl-2"/>
      </object_component>
      <object_component id="oc-15c">
         <name>.text.DL_I2C_reset</name>
         <load_address>0x285c</load_address>
         <readonly>true</readonly>
         <executable>true</executable>
         <run_address>0x285c</run_address>
         <size>0x18</size>
         <alignment>0x4</alignment>
         <input_file_ref idref="fl-2"/>
      </object_component>
      <object_component id="oc-193">
         <name>.text.DL_I2C_setTimerPeriod</name>
         <load_address>0x2874</load_address>
         <readonly>true</readonly>
         <executable>true</executable>
         <run_address>0x2874</run_address>
         <size>0x18</size>
         <alignment>0x4</alignment>
         <input_file_ref idref="fl-2"/>
      </object_component>
      <object_component id="oc-16f">
         <name>.text.DL_SYSCTL_setBORThreshold</name>
         <load_address>0x288c</load_address>
         <readonly>true</readonly>
         <executable>true</executable>
         <run_address>0x288c</run_address>
         <size>0x18</size>
         <alignment>0x4</alignment>
         <input_file_ref idref="fl-2"/>
      </object_component>
      <object_component id="oc-15f">
         <name>.text.DL_Timer_enablePower</name>
         <load_address>0x28a4</load_address>
         <readonly>true</readonly>
         <executable>true</executable>
         <run_address>0x28a4</run_address>
         <size>0x18</size>
         <alignment>0x4</alignment>
         <input_file_ref idref="fl-2"/>
      </object_component>
      <object_component id="oc-15b">
         <name>.text.DL_Timer_reset</name>
         <load_address>0x28bc</load_address>
         <readonly>true</readonly>
         <executable>true</executable>
         <run_address>0x28bc</run_address>
         <size>0x18</size>
         <alignment>0x4</alignment>
         <input_file_ref idref="fl-2"/>
[...]
      <symbol id="sm-15c">
         <name>SVC_Handler</name>
         <value>0x2c23</value>
         <object_component_ref idref="oc-33"/>
      </symbol>
      <symbol id="sm-15d">
         <name>PendSV_Handler</name>
         <value>0x2c23</value>
         <object_component_ref idref="oc-33"/>
      </symbol>
      <symbol id="sm-15e">
         <name>SysTick_Handler</name>
         <value>0x2c23</value>
         <object_component_ref idref="oc-33"/>
      </symbol>
      <symbol id="sm-15f">
         <name>GROUP0_IRQHandler</name>
         <value>0x2c23</value>
         <object_component_ref idref="oc-33"/>
      </symbol>
      <symbol id="sm-160">
         <name>TIMG8_IRQHandler</name>
         <value>0x2c23</value>
         <object_component_ref idref="oc-33"/>
      </symbol>
      <symbol id="sm-161">
         <name>UART3_IRQHandler</name>
         <value>0x2c23</value>
         <object_component_ref idref="oc-33"/>
      </symbol>
      <symbol id="sm-162">
         <name>ADC0_IRQHandler</name>
         <value>0x2c23</value>
         <object_component_ref idref="oc-33"/>
      </symbol>
      <symbol id="sm-163">
         <name>ADC1_IRQHandler</name>
         <value>0x2c23</value>
         <object_component_ref idref="oc-33"/>
      </symbol>
      <symbol id="sm-164">
         <name>CANFD0_IRQHandler</name>
         <value>0x2c23</value>
         <object_component_ref idref="oc-33"/>
      </symbol>
      <symbol id="sm-165">
         <name>DAC0_IRQHandler</name>
         <value>0x2c23</value>
         <object_component_ref idref="oc-33"/>
      </symbol>
      <symbol id="sm-166">
         <name>SPI0_IRQHandler</name>
         <value>0x2c23</value>
         <object_component_ref idref="oc-33"/>
      </symbol>
      <symbol id="sm-167">
         <name>SPI1_IRQHandler</name>
         <value>0x2c23</value>
         <object_component_ref idref="oc-33"/>
      </symbol>
      <symbol id="sm-168">
         <name>UART0_IRQHandler</name>
         <value>0x2c23</value>
         <object_component_ref idref="oc-33"/>
      </symbol>
      <symbol id="sm-169">
         <name>TIMG0_IRQHandler</name>
         <value>0x2c23</value>
         <object_component_ref idref="oc-33"/>
      </symbol>
      <symbol id="sm-16a">
         <name>TIMG6_IRQHandler</name>
         <value>0x2c23</value>
         <object_component_ref idref="oc-33"/>
      </symbol>
      <symbol id="sm-16b">
         <name>TIMA0_IRQHandler</name>
         <value>0x2c23</value>
         <object_component_ref idref="oc-33"/>
      </symbol>
      <symbol id="sm-16c">
         <name>TIMG7_IRQHandler</name>
         <value>0x2c23</value>
         <object_component_ref idref="oc-33"/>
      </symbol>
      <symbol id="sm-16d">
         <name>TIMG12_IRQHandler</name>
         <value>0x2c23</value>
         <object_component_ref idref="oc-33"/>
      </symbol>
      <symbol id="sm-16e">
         <name>I2C0_IRQHandler</name>
         <value>0x2c23</value>
         <object_component_ref idref="oc-33"/>
      </symbol>
      <symbol id="sm-16f">
         <name>I2C1_IRQHandler</name>
         <value>0x2c23</value>
         <object_component_ref idref="oc-33"/>
      </symbol>
      <symbol id="sm-170">
         <name>AES_IRQHandler</name>
         <value>0x2c23</value>
         <object_component_ref idref="oc-33"/>
      </symbol>
      <symbol id="sm-171">
         <name>RTC_IRQHandler</name>
         <value>0x2c23</value>
         <object_component_ref idref="oc-33"/>
      </symbol>
      <symbol id="sm-172">
         <name>DMA_IRQHandler</name>
         <value>0x2c23</value>
         <object_component_ref idref="oc-33"/>
      </symbol>
      <symbol id="sm-1bc">
         <name>app_wit_test</name>
         <value>0xc5d</value>
         <object_component_ref idref="oc-d5"/>
      </symbol>
      <symbol id="sm-1ef">
         <name>OLED_W_SCL</name>
         <value>0x2031</value>
         <object_component_ref idref="oc-213"/>
      </symbol>
      <symbol id="sm-1f0">
         <name>OLED_W_SDA</name>
         <value>0x2069</value>
         <object_component_ref idref="oc-212"/>
      </symbol>
      <symbol id="sm-1f1">
         <name>OLED_I2C_Init</name>
         <value>0xdff</value>
         <object_component_ref idref="oc-1b0"/>
      </symbol>
      <symbol id="sm-1f2">
         <name>OLED_I2C_Start</name>
         <value>0x2531</value>
         <object_component_ref idref="oc-203"/>
      </symbol>
      <symbol id="sm-1f3">
         <name>OLED_I2C_Stop</name>
         <value>0x2739</value>
         <object_component_ref idref="oc-205"/>
      </symbol>
      <symbol id="sm-1f4">
         <name>OLED_I2C_SendByte</name>
         <value>0x1a2b</value>
         <object_component_ref idref="oc-204"/>
      </symbol>
      <symbol id="sm-1f5">
         <name>OLED_WriteCommand</name>
         <value>0x228d</value>
         <object_component_ref idref="oc-1b1"/>
      </symbol>
      <symbol id="sm-1f6">
         <name>OLED_WriteData</name>
         <value>0x22b7</value>
         <object_component_ref idref="oc-207"/>
      </symbol>
      <symbol id="sm-1f7">
         <name>OLED_SetCursor</name>
         <value>0x20d9</value>
         <object_component_ref idref="oc-206"/>
      </symbol>
      <symbol id="sm-1f8">
         <name>OLED_Clear</name>
         <value>0x197d</value>
         <object_component_ref idref="oc-1b2"/>
      </symbol>
      <symbol id="sm-1f9">
         <name>OLED_ShowChar</name>
         <value>0x1105</value>
         <object_component_ref idref="oc-20b"/>
      </symbol>
      <symbol id="sm-1fa">
         <name>OLED_F8x16</name>
         <value>0x2c38</value>
         <object_component_ref idref="oc-214"/>
      </symbol>
      <symbol id="sm-1fb">
         <name>OLED_ShowString</name>
         <value>0x1ca5</value>
         <object_component_ref idref="oc-1c5"/>
      </symbol>
      <symbol id="sm-1fc">
         <name>OLED_Pow</name>
         <value>0x2425</value>
         <object_component_ref idref="oc-20d"/>
      </symbol>
      <symbol id="sm-1fd">
         <name>OLED_ShowNum</name>
         <value>0x164d</value>
         <object_component_ref idref="oc-1d8"/>
      </symbol>
      <symbol id="sm-1fe">
         <name>OLED_ShowSignedNum</name>
         <value>0x1269</value>
         <object_component_ref idref="oc-1d9"/>
      </symbol>
      <symbol id="sm-1ff">
         <name>OLED_Init</name>
         <value>0xd31</value>
         <object_component_ref idref="oc-12d"/>
      </symbol>
      <symbol id="sm-27b">
         <name>WIT_Init</name>
         <value>0x4c1</value>
         <object_component_ref idref="oc-132"/>
      </symbol>
      <symbol id="sm-27c">
         <name>WIT_GetValidFrameCount</name>
         <value>0x2be9</value>
         <object_component_ref idref="oc-1d3"/>
      </symbol>
      <symbol id="sm-27d">
         <name>WIT_GetDebugSnapshot</name>
         <value>0x11b9</value>
         <object_component_ref idref="oc-1de"/>
      </symbol>
      <symbol id="sm-27e">
         <name>UART2_IRQHandler</name>
         <value>0xf8d</value>
         <object_component_ref idref="oc-3e"/>
      </symbol>
      <symbol id="sm-27f">
         <name>wit_data</name>
         <value>0x2020062c</value>
      </symbol>
      <symbol id="sm-2ab">
         <name>GROUP1_IRQHandler</name>
         <value>0x297d</value>
         <object_component_ref idref="oc-34"/>
      </symbol>
      <symbol id="sm-2ac">
         <name>TIMA1_IRQHandler</name>
         <value>0x21a9</value>
         <object_component_ref idref="oc-43"/>
      </symbol>
      <symbol id="sm-2d8">
         <name>drv_uart0_init</name>
         <value>0x2bad</value>
         <object_component_ref idref="oc-12b"/>
      </symbol>
      <symbol id="sm-2d9">
         <name>drv_uart_send_string</name>
         <value>0x21d9</value>
         <object_component_ref idref="oc-12c"/>
      </symbol>
      <symbol id="sm-2da">
         <name>drv_uart_print_num</name>
         <value>0x1317</value>
         <object_component_ref idref="oc-1df"/>
      </symbol>
      <symbol id="sm-2db">
         <name>drv_uart_print_signed</name>
         <value>0x2261</value>
         <object_component_ref idref="oc-1e0"/>
      </symbol>
      <symbol id="sm-2dc">
         <name>drv_uart_print_hex</name>
         <value>0x16c7</value>
         <object_component_ref idref="oc-210"/>
      </symbol>
      <symbol id="sm-2dd">
         <name>UART1_IRQHandler</name>
         <value>0x17a1</value>
         <object_component_ref idref="oc-39"/>
      </symbol>
      <symbol id="sm-2ef">
         <name>delay_ms</name>
         <value>0x1e89</value>
         <object_component_ref idref="oc-135"/>
      </symbol>
      <symbol id="sm-2f0">
         <name>delay_us</name>
         <value>0x2b45</value>
         <object_component_ref idref="oc-217"/>
      </symbol>
      <symbol id="sm-2f4">
         <name>__TI_ATRegion0_src_addr</name>
         <value>0x0</value>
      </symbol>
      <symbol id="sm-2f5">
         <name>__TI_ATRegion0_trg_addr</name>
         <value>0x0</value>
      </symbol>
      <symbol id="sm-2f6">
         <name>__TI_ATRegion0_region_sz</name>
         <value>0x0</value>
      </symbol>
      <symbol id="sm-2f7">
         <name>__TI_ATRegion1_src_addr</name>
         <value>0x0</value>
      </symbol>
      <symbol id="sm-2f8">
         <name>__TI_ATRegion1_trg_addr</name>
         <value>0x0</value>
      </symbol>
      <symbol id="sm-2f9">
         <name>__TI_ATRegion1_region_sz</name>
         <value>0x0</value>
      </symbol>
      <symbol id="sm-2fa">
         <name>__TI_ATRegion2_src_addr</name>
         <value>0x0</value>
      </symbol>
      <symbol id="sm-2fb">
         <name>__TI_ATRegion2_trg_addr</name>
         <value>0x0</value>
      </symbol>
      <symbol id="sm-2fc">
         <name>__TI_ATRegion2_region_sz</name>
         <value>0x0</value>
      </symbol>
      <symbol id="sm-305">
         <name>DL_Common_delayCycles</name>
         <value>0x2c01</value>
         <object_component_ref idref="oc-162"/>
      </symbol>
      <symbol id="sm-30f">
         <name>DL_DMA_initChannel</name>
         <value>0x1b75</value>
         <object_component_ref idref="oc-1bc"/>
      </symbol>
      <symbol id="sm-319">
         <name>DL_I2C_setClockConfig</name>
         <value>0x24e7</value>
         <object_component_ref idref="oc-18a"/>
      </symbol>
      <symbol id="sm-335">
         <name>DL_Timer_setClockConfig</name>
         <value>0x2691</value>
         <object_component_ref idref="oc-175"/>
      </symbol>
      <symbol id="sm-336">
         <name>DL_Timer_initTimerMode</name>
         <value>0x8d9</value>
         <object_component_ref idref="oc-186"/>
      </symbol>
      <symbol id="sm-337">
         <name>DL_Timer_setCaptureCompareValue</name>
         <value>0x2b9d</value>
         <object_component_ref idref="oc-17f"/>
      </symbol>
      <symbol id="sm-338">
         <name>DL_Timer_setCaptCompUpdateMethod</name>
         <value>0x2675</value>
         <object_component_ref idref="oc-17e"/>
      </symbol>
      <symbol id="sm-339">
         <name>DL_Timer_setCaptureCompareOutCtl</name>
         <value>0x28d5</value>
         <object_component_ref idref="oc-17d"/>
      </symbol>
      <symbol id="sm-33a">
         <name>DL_Timer_initFourCCPWMMode</name>
         <value>0x6d1</value>
         <object_component_ref idref="oc-17b"/>
      </symbol>
      <symbol id="sm-34d">
         <name>DL_UART_init</name>
         <value>0x1cf1</value>
         <object_component_ref idref="oc-19a"/>
      </symbol>
      <symbol id="sm-34e">
         <name>DL_UART_setClockConfig</name>
         <value>0x2b33</value>
         <object_component_ref idref="oc-199"/>
      </symbol>
      <symbol id="sm-34f">
         <name>DL_UART_receiveDataCheck</name>
         <value>0x2701</value>
         <object_component_ref idref="oc-76"/>
      </symbol>
      <symbol id="sm-350">
         <name>DL_UART_transmitDataCheck</name>
         <value>0x271d</value>
         <object_component_ref idref="oc-202"/>
      </symbol>
      <symbol id="sm-35f">
         <name>_c_int00_noargs</name>
         <value>0x244d</value>
         <object_component_ref idref="oc-5f"/>
      </symbol>
      <symbol id="sm-360">
         <name>__stack</name>
         <value>0x20207e00</value>
         <object_component_ref idref="oc-1a"/>
      </symbol>
      <symbol id="sm-36c">
         <name>__TI_auto_init_nobinit_nopinit</name>
         <value>0x1f7d</value>
         <object_component_ref idref="oc-e3"/>
      </symbol>
      <symbol id="sm-374">
         <name>_system_pre_init</name>
         <value>0x2c2f</value>
         <object_component_ref idref="oc-8c"/>
      </symbol>
      <symbol id="sm-37f">
         <name>__TI_zero_init</name>
         <value>0x2bbd</value>
         <object_component_ref idref="oc-5c"/>
      </symbol>
      <symbol id="sm-388">
         <name>__TI_decompress_none</name>
         <value>0x2b69</value>
         <object_component_ref idref="oc-20"/>
      </symbol>
      <symbol id="sm-393">
         <name>__TI_decompress_lzss</name>
         <value>0x15d1</value>
         <object_component_ref idref="oc-1c"/>
      </symbol>
      <symbol id="sm-3a0">
         <name>abort</name>
         <value>0x2c1d</value>
         <object_component_ref idref="oc-dc"/>
      </symbol>
      <symbol id="sm-3bb">
         <name>HOSTexit</name>
         <value>0x2c27</value>
         <object_component_ref idref="oc-144"/>
      </symbol>
      <symbol id="sm-3bc">
         <name>C$$EXIT</name>
         <value>0x2c26</value>
         <object_component_ref idref="oc-144"/>
      </symbol>
      <symbol id="sm-3d1">
         <name>__aeabi_fadd</name>
         <value>0xabb</value>
         <object_component_ref idref="oc-ba"/>
      </symbol>
      <symbol id="sm-3d2">
         <name>__addsf3</name>
         <value>0xabb</value>
         <object_component_ref idref="oc-ba"/>
      </symbol>
      <symbol id="sm-3d3">
         <name>__aeabi_fsub</name>
         <value>0xab1</value>
         <object_component_ref idref="oc-ba"/>
      </symbol>
      <symbol id="sm-3d4">
         <name>__subsf3</name>
         <value>0xab1</value>
         <object_component_ref idref="oc-ba"/>
      </symbol>
      <symbol id="sm-3da">
         <name>__muldsi3</name>
         <value>0x1ff5</value>
         <object_component_ref idref="oc-fd"/>
      </symbol>
      <symbol id="sm-3e0">
         <name>__aeabi_fmul</name>
         <value>0x143d</value>
         <object_component_ref idref="oc-ae"/>
      </symbol>
      <symbol id="sm-3e1">
         <name>__mulsf3</name>
         <value>0x143d</value>
         <object_component_ref idref="oc-ae"/>
      </symbol>
      <symbol id="sm-3e7">
         <name>__aeabi_fdiv</name>
         <value>0x154d</value>
         <object_component_ref idref="oc-b2"/>
      </symbol>
      <symbol id="sm-3e8">
         <name>__divsf3</name>
         <value>0x154d</value>
         <object_component_ref idref="oc-b2"/>
      </symbol>
      <symbol id="sm-3ee">
         <name>__aeabi_f2iz</name>
         <value>0x20a1</value>
         <object_component_ref idref="oc-be"/>
      </symbol>
      <symbol id="sm-3ef">
         <name>__fixsfsi</name>
         <value>0x20a1</value>
         <object_component_ref idref="oc-be"/>
      </symbol>
      <symbol id="sm-3f5">
         <name>__aeabi_i2f</name>
         <value>0x1f05</value>
         <object_component_ref idref="oc-aa"/>
      </symbol>
      <symbol id="sm-3f6">
         <name>__floatsisf</name>
         <value>0x1f05</value>
         <object_component_ref idref="oc-aa"/>
      </symbol>
      <symbol id="sm-3fc">
         <name>__aeabi_fcmpeq</name>
         <value>0x1809</value>
         <object_component_ref idref="oc-b6"/>
      </symbol>
      <symbol id="sm-3fd">
         <name>__aeabi_fcmplt</name>
         <value>0x181d</value>
         <object_component_ref idref="oc-b6"/>
      </symbol>
      <symbol id="sm-3fe">
         <name>__aeabi_fcmple</name>
         <value>0x1831</value>
         <object_component_ref idref="oc-b6"/>
      </symbol>
      <symbol id="sm-3ff">
         <name>__aeabi_fcmpge</name>
         <value>0x1845</value>
         <object_component_ref idref="oc-b6"/>
      </symbol>
      <symbol id="sm-400">
         <name>__aeabi_fcmpgt</name>
         <value>0x1859</value>
         <object_component_ref idref="oc-b6"/>
      </symbol>
      <symbol id="sm-406">
         <name>__aeabi_idiv</name>
         <value>0x19d5</value>
         <object_component_ref idref="oc-c2"/>
      </symbol>
      <symbol id="sm-407">
         <name>__aeabi_idivmod</name>
         <value>0x19d5</value>
         <object_component_ref idref="oc-c2"/>
      </symbol>
      <symbol id="sm-40d">
         <name>__aeabi_memcpy</name>
         <value>0x2c15</value>
         <object_component_ref idref="oc-4f"/>
      </symbol>
      <symbol id="sm-40e">
         <name>__aeabi_memcpy4</name>
         <value>0x2c15</value>
         <object_component_ref idref="oc-4f"/>
      </symbol>
      <symbol id="sm-40f">
         <name>__aeabi_memcpy8</name>
         <value>0x2c15</value>
         <object_component_ref idref="oc-4f"/>
      </symbol>
      <symbol id="sm-416">
         <name>__aeabi_memclr</name>
         <value>0x2bf5</value>
         <object_component_ref idref="oc-87"/>
      </symbol>
      <symbol id="sm-417">
         <name>__aeabi_memclr4</name>
         <value>0x2bf5</value>
         <object_component_ref idref="oc-87"/>
      </symbol>
      <symbol id="sm-418">
         <name>__aeabi_memclr8</name>
         <value>0x2bf5</value>
         <object_component_ref idref="oc-87"/>
      </symbol>
      <symbol id="sm-41e">
         <name>__aeabi_uidiv</name>
         <value>0x1e49</value>
         <object_component_ref idref="oc-1d4"/>
      </symbol>
      <symbol id="sm-41f">
         <name>__aeabi_uidivmod</name>
         <value>0x1e49</value>
         <object_component_ref idref="oc-1d4"/>
      </symbol>
      <symbol id="sm-428">
         <name>__eqsf2</name>
         <value>0x1fb9</value>
         <object_component_ref idref="oc-103"/>
      </symbol>
      <symbol id="sm-429">
         <name>__lesf2</name>
         <value>0x1fb9</value>
         <object_component_ref idref="oc-103"/>
      </symbol>
      <symbol id="sm-42a">
         <name>__ltsf2</name>
         <value>0x1fb9</value>
         <object_component_ref idref="oc-103"/>
      </symbol>
      <symbol id="sm-42b">
         <name>__nesf2</name>
         <value>0x1fb9</value>
         <object_component_ref idref="oc-103"/>
      </symbol>
      <symbol id="sm-42c">
         <name>__cmpsf2</name>
         <value>0x1fb9</value>
         <object_component_ref idref="oc-103"/>
      </symbol>
      <symbol id="sm-42d">
         <name>__gtsf2</name>
         <value>0x1f41</value>
         <object_component_ref idref="oc-108"/>
      </symbol>
      <symbol id="sm-42e">
         <name>__gesf2</name>
         <value>0x1f41</value>
         <object_component_ref idref="oc-108"/>
      </symbol>
      <symbol id="sm-439">
         <name>__aeabi_idiv0</name>
         <value>0x13af</value>
         <object_component_ref idref="oc-10c"/>
      </symbol>
      <symbol id="sm-443">
         <name>TI_memcpy_small</name>
         <value>0x2b57</value>
         <object_component_ref idref="oc-c6"/>
      </symbol>
      <symbol id="sm-44c">
         <name>TI_memset_small</name>
         <value>0x2bcd</value>
         <object_component_ref idref="oc-113"/>
      </symbol>
      <symbol id="sm-44d">
         <name>__TI_static_base__</name>
         <value>0x0</value>
      </symbol>
      <symbol id="sm-450">
         <name>__mpu_init</name>
         <value>0x0</value>
      </symbol>
      <symbol id="sm-451">
         <name>_system_post_cinit</name>
         <value>0x0</value>
      </symbol>
   </symbol_table>
   <title>Link successful</title>
</link_info>
