******************************************************************************
            TI ARM Clang Linker PC v4.0.4                      
******************************************************************************
>> Linked Mon Jul 27 15:05:42 2026

OUTPUT FILE NAME:   <first.out>
ENTRY POINT SYMBOL: "_c_int00_noargs"  address: 000046d9


MEMORY CONFIGURATION

         name            origin    length      used     unused   attr    fill
----------------------  --------  ---------  --------  --------  ----  --------
  FLASH                 00000000   00020000  000059d0  0001a630  R  X
  SRAM                  20200000   00008000  00000a21  000075df  RW X
  BCR_CONFIG            41c00000   000000ff  00000000  000000ff  R   
  BSL_CONFIG            41c00100   00000080  00000000  00000080  R   


SEGMENT ALLOCATION MAP

run origin  load origin   length   init length attrs members
----------  ----------- ---------- ----------- ----- -------
00000000    00000000    000059d0   000059d0    r-x
  00000000    00000000    000000c0   000000c0    r-- .intvecs
  000000c0    000000c0    00005010   00005010    r-x .text
  000050d0    000050d0    000008c8   000008c8    r-- .rodata
  00005998    00005998    00000038   00000038    r-- .cinit
20200000    20200000    00000821   00000000    rw-
  20200000    20200000    000007d8   00000000    rw- .bss
  202007d8    202007d8    00000049   00000000    rw- .data
20207e00    20207e00    00000200   00000000    rw-
  20207e00    20207e00    00000200   00000000    rw- .stack


SECTION ALLOCATION MAP

 output                                  attributes/
section   page    origin      length       input sections
--------  ----  ----------  ----------   ----------------
.intvecs   0    00000000    000000c0     
                  00000000    000000c0     startup_mspm0g350x_ticlang.o (.intvecs)

.text      0    000000c0    00005010     
                  000000c0    0000086c     MPU6050.o (.text.MPU6050_Get_Angle_Plus)
                  0000092c    00000420     app_MPU6050_test.o (.text.MPU6050_straight_test)
                  00000d4c    0000027c     MPU6050.o (.text.MPU6050_Register_init)
                  00000fc8    000001cc     MPU6050.o (.text.MPU6050_SoftCalibrate_Z)
                  00001194    000001c8     libc.a : s_atanf.c.obj (.text.atanf)
                  0000135c    000001bc     ti_msp_dl_config.o (.text.SYSCFG_DL_GPIO_init)
                  00001518    00000192     libclang_rt.builtins.a : adddf3.S.obj (.text.adddf3_subdf3)
                  000016aa    00000002     bsp_OLED.o (.text.OLED_I2C_Init)
                  000016ac    00000170     libc.a : e_sqrt.c.obj (.text.sqrt)
                  0000181c    00000160            : e_asinf.c.obj (.text.asinf)
                  0000197c    0000015c     MPU6050.o (.text.MPU6050_Get_Raw)
                  00001ad8    00000128     bsp_wit.o (.text.WIT_DecodeFrame)
                  00001c00    00000118     libc.a : e_atan2f.c.obj (.text.atan2f)
                  00001d18    0000010c     libclang_rt.builtins.a : divdf3.S.obj (.text.__divdf3)
                  00001e24    00000108     drv_encoder.o (.text.encoder_update_speed)
                  00001f2c    00000108     mid_pid.o (.text.pid_update)
                  00002034    00000104     driverlib.a : dl_timer.o (.text.DL_Timer_initFourCCPWMMode)
                  00002138    00000104     bsp_wit.o (.text.WIT_ParseByte)
                  0000223c    000000fc     driverlib.a : dl_timer.o (.text.DL_Timer_initTimerMode)
                  00002338    000000f0     MPU6050.o (.text.MPU6050_init)
                  00002428    000000e8     ti_msp_dl_config.o (.text.SYSCFG_DL_initPower)
                  00002510    000000e4     libclang_rt.builtins.a : muldf3.S.obj (.text.__muldf3)
                  000025f4    000000d8                            : addsf3.S.obj (.text)
                  000026cc    000000ce     bsp_OLED.o (.text.OLED_Init)
                  0000279a    00000002     libclang_rt.builtins.a : aeabi_div0.c.obj (.text.__aeabi_idiv0)
                  0000279c    000000c8     drv_IIC.o (.text.MYI2C_Read_Reg)
                  00002864    000000c8     drv_IIC.o (.text.MYI2C_Read_Reg_Continue)
                  0000292c    000000c2     bsp_button.o (.text.button_update)
                  000029ee    00000002     --HOLE-- [fill = 0]
                  000029f0    000000c0     bsp_wit.o (.text.UART2_IRQHandler)
                  00002ab0    000000b8     ti_msp_dl_config.o (.text.SYSCFG_DL_BLDC_init)
                  00002b68    000000b4     bsp_OLED.o (.text.OLED_ShowChar)
                  00002c1c    000000a8     drv_IIC.o (.text._SI2C_WriteByte)
                  00002cc4    000000a0     drv_IIC.o (.text._SI2C_ReceiveByte)
                  00002d64    000000a0     bsp_encoder.o (.text.mg310_setDirectionPins)
                  00002e04    00000098     drv_IIC.o (.text._SI2C_WriteAck)
                  00002e9c    00000098     drv_uart.o (.text.drv_uart_print_num)
                  00002f34    0000008c     ti_msp_dl_config.o (.text.SYSCFG_DL_MG310_PWM_init)
                  00002fc0    0000008c     libclang_rt.builtins.a : mulsf3.S.obj (.text.__mulsf3)
                  0000304c    00000084     ti_msp_dl_config.o (.text.__NVIC_SetPriority)
                  000030d0    00000082     libclang_rt.builtins.a : divsf3.S.obj (.text.__divsf3)
                  00003152    00000002     --HOLE-- [fill = 0]
                  00003154    0000007c     drv_IIC.o (.text._SI2C_Start)
                  000031d0    0000007c     libc.a : copy_decompress_lzss.c.obj (.text:decompress:lzss)
                  0000324c    0000007a     bsp_OLED.o (.text.OLED_ShowNum)
                  000032c6    0000007a     app_MPU6050_test.o (.text.mpus_drive)
                  00003340    00000074     libclang_rt.builtins.a : truncdfsf2.S.obj (.text.__truncdfsf2)
                  000033b4    00000070     drv_IIC.o (.text.MYI2C_Write_Reg)
                  00003424    00000070     drv_IIC.o (.text._SI2C_ReceiveAck)
                  00003494    0000006e     drv_uart.o (.text.drv_uart_print_hex)
                  00003502    00000002     --HOLE-- [fill = 0]
                  00003504    0000006c     ti_msp_dl_config.o (.text.SYSCFG_DL_UART_WIT_init)
                  00003570    00000068     ti_msp_dl_config.o (.text.SYSCFG_DL_init)
                  000035d8    00000068     drv_uart.o (.text.UART1_IRQHandler)
                  00003640    00000064     ti_msp_dl_config.o (.text.SYSCFG_DL_servo_init)
                  000036a4    00000064     drv_IIC.o (.text._SI2C_Stop)
                  00003708    00000062     libclang_rt.builtins.a : aeabi_fcmp.S.obj (.text.__aeabi_fcmp)
                  0000376a    00000002     --HOLE-- [fill = 0]
                  0000376c    00000060     drv_encoder.o (.text.encoder_handle_gpiob)
                  000037cc    00000058     ti_msp_dl_config.o (.text.SYSCFG_DL_as5600_init)
                  00003824    00000058     MPU6050.o (.text.invSqrt)
                  0000387c    00000056     bsp_OLED.o (.text.OLED_Clear)
                  000038d2    00000002     --HOLE-- [fill = 0]
                  000038d4    00000056     libclang_rt.builtins.a : aeabi_idivmod.S.obj (.text.__aeabi_idivmod)
                  0000392a    00000002     --HOLE-- [fill = 0]
                  0000392c    00000054     drv_IIC.o (.text.MyI2C_Init)
                  00003980    00000054     bsp_OLED.o (.text.OLED_I2C_SendByte)
                  000039d4    00000054     app_MPU6050_test.o (.text.mpus_norm)
                  00003a28    00000054     drv_uart.o (.text.uart0_write_byte)
                  00003a7c    00000050     ti_msp_dl_config.o (.text.DL_GPIO_initPeripheralInputFunctionFeatures)
                  00003acc    00000050     filter.o (.text.PT1Filter_Apply)
                  00003b1c    00000050     ti_msp_dl_config.o (.text.SYSCFG_DL_debug_init)
                  00003b6c    00000050     bsp_encoder.o (.text.mg310_motorSetSpeed)
                  00003bbc    0000004c     driverlib.a : dl_dma.o (.text.DL_DMA_initChannel)
                  00003c08    0000004c     drv_IIC.o (.text.DL_GPIO_initDigitalInputFeatures)
                  00003c54    0000004c     ti_msp_dl_config.o (.text.DL_GPIO_initDigitalInputFeatures)
                  00003ca0    0000004c     ti_msp_dl_config.o (.text.DL_UART_setBaudRateDivisor)
                  00003cec    0000004c     MPU6050.o (.text.MPU6050_Set_Angle0)
                  00003d38    0000004c     filter.o (.text.PT1Filter_InitWithFreq)
                  00003d84    0000004c     bsp_button.o (.text.button_init)
                  00003dd0    0000004a     bsp_OLED.o (.text.OLED_ShowString)
                  00003e1a    00000002     --HOLE-- [fill = 0]
                  00003e1c    00000048     driverlib.a : dl_uart.o (.text.DL_UART_init)
                  00003e64    00000048     bsp_wit.o (.text.WIT_ChecksumIsValid)
                  00003eac    00000048     drv_encoder.o (.text.encoder_count_a_rising)
                  00003ef4    00000040     ti_msp_dl_config.o (.text.SYSCFG_DL_f32c_init)
                  00003f34    00000040     ti_msp_dl_config.o (.text.SYSCFG_DL_fishpath_init)
                  00003f74    00000040     libclang_rt.builtins.a : aeabi_uidivmod.S.obj (.text.__aeabi_uidivmod)
                  00003fb4    00000040                            : extendsfdf2.S.obj (.text.__extendsfdf2)
                  00003ff4    00000040     mid_delay.o (.text.delay_ms)
                  00004034    00000040     bsp_encoder.o (.text.mg310_motorInit)
                  00004074    00000040     mid_pid.o (.text.pid_init)
                  000040b4    0000003c     ti_msp_dl_config.o (.text.DL_Timer_setCounterControl)
                  000040f0    0000003c     libclang_rt.builtins.a : floatsisf.S.obj (.text.__floatsisf)
                  0000412c    0000003c                            : comparesf2.S.obj (.text.__gtsf2)
                  00004168    0000003c     bsp_button.o (.text.button_sample_raw)
                  000041a4    0000003c     libc.a : autoinit.c.obj (.text:__TI_auto_init_nobinit_nopinit)
                  000041e0    0000003a     libclang_rt.builtins.a : comparesf2.S.obj (.text.__eqsf2)
                  0000421a    00000002     --HOLE-- [fill = 0]
                  0000421c    0000003a                            : muldsi3.S.obj (.text.__muldsi3)
                  00004256    00000002     --HOLE-- [fill = 0]
                  00004258    00000038     bsp_OLED.o (.text.OLED_W_SCL)
                  00004290    00000038     bsp_OLED.o (.text.OLED_W_SDA)
                  000042c8    00000038     libclang_rt.builtins.a : fixsfsi.S.obj (.text.__fixsfsi)
                  00004300    00000036     bsp_OLED.o (.text.OLED_SetCursor)
                  00004336    00000002     --HOLE-- [fill = 0]
                  00004338    00000034     ti_msp_dl_config.o (.text.SYSCFG_DL_GET_MPU6050_init)
                  0000436c    00000034     ti_msp_dl_config.o (.text.SYSCFG_DL_MOTOR_MG310_init)
                  000043a0    00000032     libclang_rt.builtins.a : fixunssfsi.S.obj (.text.__fixunssfsi)
                  000043d2    00000002     --HOLE-- [fill = 0]
                  000043d4    00000030     bsp_wit.o (.text.DL_DMA_setTransferSize)
                  00004404    00000030     filter.o (.text.PT1Filter_Init)
                  00004434    00000030     drv_encoder.o (.text.TIMA1_IRQHandler)
                  00004464    0000002e     drv_uart.o (.text.drv_uart_send_string)
                  00004492    00000002     --HOLE-- [fill = 0]
                  00004494    0000002c     drv_tim.o (.text.TIMG6_IRQHandler)
                  000044c0    0000002c     drv_tim.o (.text.__NVIC_EnableIRQ)
                  000044ec    0000002c     drv_uart.o (.text.drv_uart_print_signed)
                  00004518    0000002a     bsp_OLED.o (.text.OLED_WriteCommand)
                  00004542    0000002a     bsp_OLED.o (.text.OLED_WriteData)
                  0000456c    0000002a     ti_msp_dl_config.o (.text.SYSCFG_DL_SYSCTL_init)
                  00004596    00000028     ti_msp_dl_config.o (.text.DL_Common_updateReg)
                  000045be    00000002     --HOLE-- [fill = 0]
                  000045c0    00000028     bsp_wit.o (.text.DL_DMA_setDestAddr)
                  000045e8    00000028     ti_msp_dl_config.o (.text.DL_I2C_setControllerRXFIFOThreshold)
                  00004610    00000028     ti_msp_dl_config.o (.text.DL_I2C_setControllerTXFIFOThreshold)
                  00004638    00000028     ti_msp_dl_config.o (.text.DL_SYSTICK_init)
                  00004660    00000028     ti_msp_dl_config.o (.text.DL_UART_setRXFIFOThreshold)
                  00004688    00000028     bsp_OLED.o (.text.OLED_Pow)
                  000046b0    00000028     libclang_rt.builtins.a : floatunsisf.S.obj (.text.__floatunsisf)
                  000046d8    00000028     libc.a : boot_cortex_m.c.obj (.text:_c_int00_noargs)
                  00004700    00000026     bsp_wit.o (.text.DL_DMA_enableChannel)
                  00004726    00000026     ti_msp_dl_config.o (.text.DL_I2C_setAnalogGlitchFilterPulseWidth)
                  0000474c    00000026     driverlib.a : dl_i2c.o (.text.DL_I2C_setClockConfig)
                  00004772    00000002     --HOLE-- [fill = 0]
                  00004774    00000024     ti_msp_dl_config.o (.text.DL_UART_setRXInterruptTimeout)
                  00004798    00000024     bsp_OLED.o (.text.OLED_I2C_Start)
                  000047bc    00000024     bsp_button.o (.text.button_is_clicked)
                  000047e0    00000024     bsp_encoder.o (.text.mg310_motorForward)
                  00004804    00000024     bsp_encoder.o (.text.mg310_motorReverse)
                  00004828    00000024     bsp_encoder.o (.text.mg310_motorStop)
                  0000484c    00000020     ti_msp_dl_config.o (.text.DL_GPIO_initPeripheralInputFunction)
                  0000486c    00000020     app_MPU6050_test.o (.text.MPU6050_start)
                  0000488c    00000020     mid_delay.o (.text.tick_poll)
                  000048ac    0000001e     ti_msp_dl_config.o (.text.DL_UART_setOversampling)
                  000048ca    00000002     --HOLE-- [fill = 0]
                  000048cc    0000001c     drv_encoder.o (.text.DL_GPIO_clearInterruptStatus)
                  000048e8    0000001c     ti_msp_dl_config.o (.text.DL_GPIO_enableHiZ)
                  00004904    0000001c     ti_msp_dl_config.o (.text.DL_GPIO_initPeripheralOutputFunction)
                  00004920    0000001c     drv_encoder.o (.text.DL_Interrupt_getPendingGroup)
                  0000493c    0000001c     ti_msp_dl_config.o (.text.DL_SYSCTL_setMCLKDivider)
                  00004958    0000001c     ti_msp_dl_config.o (.text.DL_SYSCTL_setSYSOSCFreq)
                  00004974    0000001c     ti_msp_dl_config.o (.text.DL_SYSCTL_setULPCLKDivider)
                  00004990    0000001c     ti_msp_dl_config.o (.text.DL_Timer_enableInterrupt)
                  000049ac    0000001c     driverlib.a : dl_timer.o (.text.DL_Timer_setCaptCompUpdateMethod)
                  000049c8    0000001c                 : dl_timer.o (.text.DL_Timer_setClockConfig)
                  000049e4    0000001c     ti_msp_dl_config.o (.text.DL_UART_enableInterrupt)
                  00004a00    0000001c     driverlib.a : dl_uart.o (.text.DL_UART_receiveDataCheck)
                  00004a1c    0000001c                 : dl_uart.o (.text.DL_UART_transmitDataCheck)
                  00004a38    0000001c     bsp_OLED.o (.text.OLED_I2C_Stop)
                  00004a54    00000018     drv_IIC.o (.text.DL_GPIO_enableOutput)
                  00004a6c    00000018     ti_msp_dl_config.o (.text.DL_GPIO_enableOutput)
                  00004a84    00000018     ti_msp_dl_config.o (.text.DL_GPIO_enablePower)
                  00004a9c    00000018     drv_encoder.o (.text.DL_GPIO_getEnabledInterruptStatus)
                  00004ab4    00000018     ti_msp_dl_config.o (.text.DL_GPIO_initDigitalOutput)
                  00004acc    00000018     ti_msp_dl_config.o (.text.DL_GPIO_reset)
                  00004ae4    00000018     bsp_OLED.o (.text.DL_GPIO_setPins)
                  00004afc    00000018     bsp_encoder.o (.text.DL_GPIO_setPins)
                  00004b14    00000018     bsp_led.o (.text.DL_GPIO_setPins)
                  00004b2c    00000018     drv_IIC.o (.text.DL_GPIO_setPins)
                  00004b44    00000018     ti_msp_dl_config.o (.text.DL_GPIO_setPins)
                  00004b5c    00000018     bsp_led.o (.text.DL_GPIO_togglePins)
                  00004b74    00000018     ti_msp_dl_config.o (.text.DL_I2C_enableAnalogGlitchFilter)
                  00004b8c    00000018     ti_msp_dl_config.o (.text.DL_I2C_enableController)
                  00004ba4    00000018     ti_msp_dl_config.o (.text.DL_I2C_enableControllerClockStretching)
                  00004bbc    00000018     ti_msp_dl_config.o (.text.DL_I2C_enablePower)
                  00004bd4    00000018     ti_msp_dl_config.o (.text.DL_I2C_reset)
                  00004bec    00000018     ti_msp_dl_config.o (.text.DL_I2C_setTimerPeriod)
                  00004c04    00000018     ti_msp_dl_config.o (.text.DL_SYSCTL_setBORThreshold)
                  00004c1c    00000018     drv_tim.o (.text.DL_Timer_clearInterruptStatus)
                  00004c34    00000018     ti_msp_dl_config.o (.text.DL_Timer_enablePower)
                  00004c4c    00000018     ti_msp_dl_config.o (.text.DL_Timer_reset)
                  00004c64    00000018     driverlib.a : dl_timer.o (.text.DL_Timer_setCaptureCompareOutCtl)
                  00004c7c    00000018     bsp_encoder.o (.text.DL_Timer_startCounter)
                  00004c94    00000018     drv_tim.o (.text.DL_Timer_startCounter)
                  00004cac    00000018     ti_msp_dl_config.o (.text.DL_UART_enableDMAReceiveEvent)
                  00004cc4    00000018     ti_msp_dl_config.o (.text.DL_UART_enableFIFOs)
                  00004cdc    00000018     ti_msp_dl_config.o (.text.DL_UART_enablePower)
                  00004cf4    00000018     ti_msp_dl_config.o (.text.DL_UART_reset)
                  00004d0c    00000018     drv_encoder.o (.text.GROUP1_IRQHandler)
                  00004d24    00000018     ti_msp_dl_config.o (.text.SYSCFG_DL_DMA_WIT_init)
                  00004d3c    00000016     bsp_button.o (.text.DL_GPIO_readPins)
                  00004d52    00000016     drv_IIC.o (.text.DL_GPIO_readPins)
                  00004d68    00000016     drv_encoder.o (.text.DL_GPIO_readPins)
                  00004d7e    00000016     drv_uart.o (.text.DL_UART_enable)
                  00004d94    00000016     ti_msp_dl_config.o (.text.DL_UART_enable)
                  00004daa    00000016     empty.o (.text.main)
                  00004dc0    00000014     bsp_OLED.o (.text.DL_GPIO_clearPins)
                  00004dd4    00000014     bsp_encoder.o (.text.DL_GPIO_clearPins)
                  00004de8    00000014     bsp_led.o (.text.DL_GPIO_clearPins)
                  00004dfc    00000014     drv_IIC.o (.text.DL_GPIO_clearPins)
                  00004e10    00000014     ti_msp_dl_config.o (.text.DL_GPIO_clearPins)
                  00004e24    00000014     drv_IIC.o (.text.DL_GPIO_disableOutput)
                  00004e38    00000014     ti_msp_dl_config.o (.text.DL_I2C_resetControllerTransfer)
                  00004e4c    00000014     ti_msp_dl_config.o (.text.DL_SYSCTL_disableSYSPLL)
                  00004e60    00000014     ti_msp_dl_config.o (.text.DL_Timer_enableClock)
                  00004e74    00000014     ti_msp_dl_config.o (.text.DL_Timer_setCCPDirection)
                  00004e88    00000014     drv_uart.o (.text.DL_UART_receiveData)
                  00004e9c    00000014     MPU6050.o (.text.MPU6050_ID)
                  00004eb0    00000014     bsp_wit.o (.text.WIT_ReadS16)
                  00004ec4    00000014     drv_tim.o (.text.drv_mpu6050_timer_start)
                  00004ed8    00000012     drv_encoder.o (.text.DL_Timer_getPendingInterrupt)
                  00004eea    00000012     drv_tim.o (.text.DL_Timer_getPendingInterrupt)
                  00004efc    00000012     bsp_wit.o (.text.DL_UART_getPendingInterrupt)
                  00004f0e    00000012     drv_uart.o (.text.DL_UART_getPendingInterrupt)
                  00004f20    00000012     driverlib.a : dl_uart.o (.text.DL_UART_setClockConfig)
                  00004f32    00000012     mid_delay.o (.text.delay_us)
                  00004f44    00000012     libc.a : memcpy16.S.obj (.text:TI_memcpy_small)
                  00004f56    00000012            : copy_decompress_none.c.obj (.text:decompress:none)
                  00004f68    00000010     ti_msp_dl_config.o (.text.DL_SYSCTL_disableHFXT)
                  00004f78    00000010     mid_delay.o (.text.DL_SYSTICK_enable)
                  00004f88    00000010     driverlib.a : dl_timer.o (.text.DL_Timer_setCaptureCompareValue)
                  00004f98    00000010     drv_uart.o (.text.drv_uart0_init)
                  00004fa8    00000010     mid_delay.o (.text.get_system_ms)
                  00004fb8    00000010     bsp_encoder.o (.text.mg310_motorInitAll)
                  00004fc8    00000010     bsp_encoder.o (.text.mg310_motorStopAll)
                  00004fd8    00000010     bsp_led.o (.text.use_led_OFF)
                  00004fe8    00000010     bsp_led.o (.text.use_led_ON)
                  00004ff8    00000010     bsp_led.o (.text.use_led_TOGGLE)
                  00005008    00000010     libc.a : copy_zero_init.c.obj (.text:decompress:ZI)
                  00005018    0000000e            : memset16.S.obj (.text:TI_memset_small)
                  00005026    0000000c     ti_msp_dl_config.o (.text.SYSCFG_DL_SYSTICK_init)
                  00005032    00000002     --HOLE-- [fill = 0]
                  00005034    0000000c     libclang_rt.builtins.a : aeabi_memset.S.obj (.text.__aeabi_memclr)
                  00005040    0000000a     driverlib.a : dl_common.o (.text.DL_Common_delayCycles)
                  0000504a    00000008     ti_msp_dl_config.o (.text.SYSCFG_DL_DMA_init)
                  00005052    00000002     --HOLE-- [fill = 0]
                  00005054    00000008     libc.a : aeabi_portable.c.obj (.text.__aeabi_errno_addr)
                  0000505c    00000008     libclang_rt.builtins.a : aeabi_memcpy.S.obj (.text.__aeabi_memcpy)
                  00005064    00000006     libc.a : e_asinf.c.obj (.text.OUTLINED_FUNCTION_0)
                  0000506a    00000002     --HOLE-- [fill = 0]
                  0000506c    00000010     libclang_rt.builtins.a : mulsf3.S.obj (.tramp.__aeabi_fmul.1)
                  0000507c    00000006     libc.a : s_atanf.c.obj (.text.OUTLINED_FUNCTION_0)
                  00005082    00000002     --HOLE-- [fill = 0]
                  00005084    00000010     libclang_rt.builtins.a : divsf3.S.obj (.tramp.__aeabi_fdiv.1)
                  00005094    00000006     libc.a : exit.c.obj (.text:abort)
                  0000509a    00000004     startup_mspm0g350x_ticlang.o (.text.Default_Handler)
                  0000509e    00000004     libsysbm.a : hostexit.c.obj (.text.HOSTexit)
                  000050a2    00000004     libc.a : s_atanf.c.obj (.text.OUTLINED_FUNCTION_1)
                  000050a6    00000002     --HOLE-- [fill = 0]
                  000050a8    00000010     libclang_rt.builtins.a : addsf3.S.obj (.tramp.__aeabi_fadd.1)
                  000050b8    00000004     startup_mspm0g350x_ticlang.o (.text.Reset_Handler)
                  000050bc    00000010     libc.a : boot_cortex_m.c.obj (.tramp._c_int00_noargs.1)
                  000050cc    00000004            : pre_init.c.obj (.text._system_pre_init)

.cinit     0    00005998    00000038     
                  00005998    00000011     (.cinit..data.load) [load image, compression = lzss]
                  000059a9    00000003     --HOLE-- [fill = 0]
                  000059ac    0000000c     (__TI_handler_table)
                  000059b8    00000008     (.cinit..bss.load) [load image, compression = zero_init]
                  000059c0    00000010     (__TI_cinit_table)

.rodata    0    000050d0    000008c8     
                  000050d0    000005f0     bsp_OLED.o (.rodata.OLED_F8x16)
                  000056c0    00000031     app_MPU6050_test.o (.rodata.str1.9850041792675267138.1)
                  000056f1    0000002d     app_MPU6050_test.o (.rodata.str1.9981012948544488227.1)
                  0000571e    0000002b     app_MPU6050_test.o (.rodata.str1.2981916509406237400.1)
                  00005749    00000003     ti_msp_dl_config.o (.rodata.gBLDCClockConfig)
                  0000574c    00000028     bsp_encoder.o (.rodata.gMotorCfg)
                  00005774    00000027     app_MPU6050_test.o (.rodata.str1.3987511090900445407.1)
                  0000579b    00000021     app_MPU6050_test.o (.rodata.str1.9683541816542954242.1)
                  000057bc    00000020     libc.a : s_atanf.c.obj (.rodata.cst16)
                  000057dc    0000001e     app_MPU6050_test.o (.rodata.str1.18381747608982418443.1)
                  000057fa    0000001e     app_MPU6050_test.o (.rodata.str1.4611984000507228969.1)
                  00005818    00000019     app_MPU6050_test.o (.rodata.str1.15173229047827745555.1)
                  00005831    00000003     ti_msp_dl_config.o (.rodata.gGET_MPU6050ClockConfig)
                  00005834    00000018     ti_msp_dl_config.o (.rodata.gDMA_WITConfig)
                  0000584c    00000014     ti_msp_dl_config.o (.rodata.gGET_MPU6050TimerConfig)
                  00005860    00000014     ti_msp_dl_config.o (.rodata.gMOTOR_MG310TimerConfig)
                  00005874    00000014     app_MPU6050_test.o (.rodata.str1.1128533898456433451.1)
                  00005888    00000014     app_MPU6050_test.o (.rodata.str1.14153329378277119385.1)
                  0000589c    00000011     app_MPU6050_test.o (.rodata.str1.4710830820160500971.1)
                  000058ad    0000000f     app_MPU6050_test.o (.rodata.str1.14462289933164083072.1)
                  000058bc    0000000f     app_MPU6050_test.o (.rodata.str1.6315361260415803020.1)
                  000058cb    0000000f     app_MPU6050_test.o (.rodata.str1.6859805423105543617.1)
                  000058da    0000000f     app_MPU6050_test.o (.rodata.str1.7709557104120480451.1)
                  000058e9    0000000e     app_MPU6050_test.o (.rodata.str1.4844590209698311363.1)
                  000058f7    0000000d     app_MPU6050_test.o (.rodata.str1.13113268094291216209.1)
                  00005904    0000000c     app_MPU6050_test.o (.rodata.str1.7585058122624297221.1)
                  00005910    0000000a     ti_msp_dl_config.o (.rodata.gUART_WITConfig)
                  0000591a    0000000a     ti_msp_dl_config.o (.rodata.gdebugConfig)
                  00005924    0000000a     ti_msp_dl_config.o (.rodata.gf32cConfig)
                  0000592e    0000000a     ti_msp_dl_config.o (.rodata.gfishpathConfig)
                  00005938    00000009     app_MPU6050_test.o (.rodata.str1.12511318665279701491.1)
                  00005941    00000003     ti_msp_dl_config.o (.rodata.gMG310_PWMClockConfig)
                  00005944    00000008     ti_msp_dl_config.o (.rodata.gBLDCConfig)
                  0000594c    00000008     ti_msp_dl_config.o (.rodata.gMG310_PWMConfig)
                  00005954    00000008     ti_msp_dl_config.o (.rodata.gservoConfig)
                  0000595c    00000007     app_MPU6050_test.o (.rodata.str1.2034556209858548899.1)
                  00005963    00000006     app_MPU6050_test.o (.rodata.str1.13640728480226050234.1)
                  00005969    00000006     app_MPU6050_test.o (.rodata.str1.17148584441826317930.1)
                  0000596f    00000006     app_MPU6050_test.o (.rodata.str1.4775786656004184278.1)
                  00005975    00000004     app_MPU6050_test.o (.rodata.str1.2586367527525812270.1)
                  00005979    00000004     app_MPU6050_test.o (.rodata.str1.4884441084615427720.1)
                  0000597d    00000003     ti_msp_dl_config.o (.rodata.gMOTOR_MG310ClockConfig)
                  00005980    00000003     ti_msp_dl_config.o (.rodata.gservoClockConfig)
                  00005983    00000003     app_MPU6050_test.o (.rodata.str1.3904797388482565031.1)
                  00005986    00000002     ti_msp_dl_config.o (.rodata.gUART_WITClockConfig)
                  00005988    00000002     ti_msp_dl_config.o (.rodata.gas5600ClockConfig)
                  0000598a    00000002     ti_msp_dl_config.o (.rodata.gdebugClockConfig)
                  0000598c    00000002     ti_msp_dl_config.o (.rodata.gf32cClockConfig)
                  0000598e    00000002     ti_msp_dl_config.o (.rodata.gfishpathClockConfig)
                  00005990    00000002     drv_uart.o (.rodata.str1.12400643115201681846.1)
                  00005992    00000006     --HOLE-- [fill = 0]

.init_array 
*          0    00000000    00000000     UNINITIALIZED

.binit     0    00000000    00000000     

.bss       0    20200000    000007d8     UNINITIALIZED
                  20200000    00000400     drv_uart.o (.bss.uart1_rx_buf)
                  20200400    000000bc     (.common:gBLDCBackup)
                  202004bc    000000bc     (.common:gMOTOR_MG310Backup)
                  20200578    000000a0     (.common:gGET_MPU6050Backup)
                  20200618    00000084     bsp_wit.o (.bss.wit_dma_buffer)
                  2020069c    00000030     (.common:MM)
                  202006cc    00000030     (.common:gf32cBackup)
                  202006fc    00000020     (.common:wit_data)
                  2020071c    00000014     app_MPU6050_test.o (.bss.g_mpus_btn)
                  20200730    0000000e     MPU6050.o (.bss.MPU6050_Get_Raw.temp_buffer)
                  2020073e    00000001     bsp_wit.o (.bss.wit_dma_active_buffer)
                  2020073f    00000001     bsp_wit.o (.bss.wit_frame_pos)
                  20200740    0000000c     (.common:pt1_filter_gx)
                  2020074c    0000000c     (.common:pt1_filter_gy)
                  20200758    0000000c     (.common:pt1_filter_gz)
                  20200764    0000000c     (.common:pt1_filter_x)
                  20200770    0000000c     (.common:pt1_filter_y)
                  2020077c    0000000c     (.common:pt1_filter_z)
                  20200788    0000000b     bsp_wit.o (.bss.wit_frame)
                  20200793    0000000b     bsp_wit.o (.bss.wit_last_frame)
                  2020079e    00000008     (.common:mpu6050_i2cbus)
                  202007a6    00000002     --HOLE--
                  202007a8    00000004     MPU6050.o (.bss.MPU6050_Get_Angle_Plus.Ki)
                  202007ac    00000004     MPU6050.o (.bss.MPU6050_Get_Angle_Plus.Kp)
                  202007b0    00000004     drv_IIC.o (.bss.P_this)
                  202007b4    00000004     MPU6050.o (.bss.accelScale)
                  202007b8    00000004     MPU6050.o (.bss.gyroScale)
                  202007bc    00000004     MPU6050.o (.bss.mpu6050_dt)
                  202007c0    00000004     bsp_wit.o (.bss.wit_accel_frame_count)
                  202007c4    00000004     bsp_wit.o (.bss.wit_angle_frame_count)
                  202007c8    00000004     bsp_wit.o (.bss.wit_checksum_error_count)
                  202007cc    00000004     bsp_wit.o (.bss.wit_gyro_frame_count)
                  202007d0    00000004     bsp_wit.o (.bss.wit_received_byte_count)
                  202007d4    00000004     bsp_wit.o (.bss.wit_valid_frame_count)

.data      0    202007d8    00000049     UNINITIALIZED
                  202007d8    00000008     drv_encoder.o (.data.g_encoder)
                  202007e0    00000004     MPU6050.o (.data.MPU6050_Get_Angle_Plus.integralX)
                  202007e4    00000004     MPU6050.o (.data.MPU6050_Get_Angle_Plus.integralY)
                  202007e8    00000004     MPU6050.o (.data.MPU6050_Get_Angle_Plus.integralZ)
                  202007ec    00000004     MPU6050.o (.data.MPU6050_Get_Angle_Plus.q0)
                  202007f0    00000004     MPU6050.o (.data.MPU6050_Get_Angle_Plus.q1)
                  202007f4    00000004     MPU6050.o (.data.MPU6050_Get_Angle_Plus.q2)
                  202007f8    00000004     MPU6050.o (.data.MPU6050_Get_Angle_Plus.q3)
                  202007fc    00000004     MPU6050.o (.data.MPU6050_Get_Angle_Plus.unwrapped_yaw)
                  20200800    00000004     libc.a : aeabi_portable.c.obj (.data.__aeabi_errno)
                  20200804    00000004     MPU6050.o (.data.angle_pitch)
                  20200808    00000004     MPU6050.o (.data.angle_roll)
                  2020080c    00000004     MPU6050.o (.data.angle_yaw)
                  20200810    00000004     mid_delay.o (.data.g_system_ms)
                  20200814    00000002     MPU6050.o (.data.MPU6050_Get_Angle_Plus.times)
                  20200816    00000002     MPU6050.o (.data.gyro_zero_x)
                  20200818    00000002     MPU6050.o (.data.gyro_zero_y)
                  2020081a    00000002     MPU6050.o (.data.gyro_zero_z)
                  2020081c    00000002     drv_uart.o (.data.uart1_rx_head)
                  2020081e    00000002     drv_uart.o (.data.uart1_rx_tail)
                  20200820    00000001     MPU6050.o (.data.MPU6050_Get_Angle_Plus.first_run)

.stack     0    20207e00    00000200     UNINITIALIZED
                  20207e00    00000004     libc.a : boot_cortex_m.c.obj (.stack)
                  20207e04    000001fc     --HOLE--

__llvm_prf_cnts 
*          0    20200000    00000000     UNINITIALIZED

__llvm_prf_bits 
*          0    20200000    00000000     UNINITIALIZED

MODULE SUMMARY

       Module                         code    ro data   rw data
       ------                         ----    -------   -------
    .\
       ti_msp_dl_config.o             3324    153       584    
       startup_mspm0g350x_ticlang.o   8       192       0      
       empty.o                        22      0         0      
    +--+------------------------------+-------+---------+---------+
       Total:                         3354    345       584    
                                                               
    .\MSPM0G3507\Application\
       app_MPU6050_test.o             1294    495       68     
    +--+------------------------------+-------+---------+---------+
       Total:                         1294    495       68     
                                                               
    .\MSPM0G3507\BSP\
       MPU6050.o                      4024    0         167    
       bsp_OLED.o                     1152    1520      0      
       bsp_wit.o                      984     0         212    
       bsp_encoder.o                  512     40        0      
       bsp_button.o                   388     0         0      
       bsp_led.o                      116     0         0      
    +--+------------------------------+-------+---------+---------+
       Total:                         7176    1560      379    
                                                               
    .\MSPM0G3507\Driver\
       drv_uart.o                     616     2         1028   
       drv_IIC.o                      1598    0         4      
       drv_encoder.o                  624     0         8      
       drv_tim.o                      174     0         0      
    +--+------------------------------+-------+---------+---------+
       Total:                         3012    2         1040   
                                                               
    .\MSPM0G3507\Middleware\
       mid_pid.o                      328     0         0      
       filter.o                       204     0         0      
       mid_delay.o                    146     0         4      
    +--+------------------------------+-------+---------+---------+
       Total:                         678     0         4      
                                                               
    C:/ti/mspm0_sdk_2_10_00_04/source/ti/driverlib/lib/ticlang/m0p/mspm0g1x0x_g3x0x/driverlib.a
       dl_timer.o                     608     0         0      
       dl_uart.o                      146     0         0      
       dl_dma.o                       76      0         0      
       dl_i2c.o                       38      0         0      
       dl_common.o                    10      0         0      
    +--+------------------------------+-------+---------+---------+
       Total:                         878     0         0      
                                                               
    D:\TI\ccs2050\ccs\tools\compiler\ti-cgt-armllvm_4.0.4.LTS\lib\armv6m-ti-none-eabi/c/libc.a
       s_atanf.c.obj                  466     32        0      
       e_sqrt.c.obj                   368     0         0      
       e_asinf.c.obj                  358     0         0      
       e_atan2f.c.obj                 280     0         0      
       copy_decompress_lzss.c.obj     124     0         0      
       autoinit.c.obj                 60      0         0      
       boot_cortex_m.c.obj            56      0         0      
       copy_decompress_none.c.obj     18      0         0      
       memcpy16.S.obj                 18      0         0      
       copy_zero_init.c.obj           16      0         0      
       memset16.S.obj                 14      0         0      
       aeabi_portable.c.obj           8       0         4      
       exit.c.obj                     6       0         0      
       pre_init.c.obj                 4       0         0      
    +--+------------------------------+-------+---------+---------+
       Total:                         1796    32        4      
                                                               
    D:\TI\ccs2050\ccs\tools\compiler\ti-cgt-armllvm_4.0.4.LTS\lib\armv6m-ti-none-eabi/c/libsysbm.a
       hostexit.c.obj                 4       0         0      
    +--+------------------------------+-------+---------+---------+
       Total:                         4       0         0      
                                                               
    D:\TI\ccs2050\ccs\tools\compiler\ti-cgt-armllvm_4.0.4.LTS\lib\armv6m-ti-none-eabi/libclang_rt.builtins.a
       adddf3.S.obj                   402     0         0      
       divdf3.S.obj                   268     0         0      
       addsf3.S.obj                   232     0         0      
       muldf3.S.obj                   228     0         0      
       mulsf3.S.obj                   156     0         0      
       divsf3.S.obj                   146     0         0      
       comparesf2.S.obj               118     0         0      
       truncdfsf2.S.obj               116     0         0      
       aeabi_fcmp.S.obj               98      0         0      
       aeabi_idivmod.S.obj            86      0         0      
       aeabi_uidivmod.S.obj           64      0         0      
       extendsfdf2.S.obj              64      0         0      
       floatsisf.S.obj                60      0         0      
       muldsi3.S.obj                  58      0         0      
       fixsfsi.S.obj                  56      0         0      
       fixunssfsi.S.obj               50      0         0      
       floatunsisf.S.obj              40      0         0      
       aeabi_memset.S.obj             12      0         0      
       aeabi_memcpy.S.obj             8       0         0      
       aeabi_div0.c.obj               2       0         0      
    +--+------------------------------+-------+---------+---------+
       Total:                         2264    0         0      
                                                               
       Stack:                         0       0         512    
       Linker Generated:              0       53        0      
    +--+------------------------------+-------+---------+---------+
       Grand Total:                   20456   2487      2591   


LINKER GENERATED COPY TABLES

__TI_cinit_table @ 000059c0 records: 2, size/record: 8, table size: 16
	.data: load addr=00005998, load size=00000011 bytes, run addr=202007d8, run size=00000049 bytes, compression=lzss
	.bss: load addr=000059b8, load size=00000008 bytes, run addr=20200000, run size=000007d8 bytes, compression=zero_init


LINKER GENERATED HANDLER TABLE

__TI_handler_table @ 000059ac records: 3, size/record: 4, table size: 12
	index: 0, handler: __TI_decompress_lzss
	index: 1, handler: __TI_decompress_none
	index: 2, handler: __TI_zero_init


FAR CALL TRAMPOLINES

callee name               trampoline name
   callee addr  tramp addr   call addr  call info
--------------  -----------  ---------  ----------------
__aeabi_fmul              $Tramp$TT$L$PI$$__aeabi_fmul
   00002fc1     0000506c     00005068   libc.a : e_asinf.c.obj (.text.OUTLINED_FUNCTION_0)
__aeabi_fdiv              $Tramp$TT$L$PI$$__aeabi_fdiv
   000030d1     00005084     00005080   libc.a : s_atanf.c.obj (.text.OUTLINED_FUNCTION_0)
__aeabi_fadd              $Tramp$TT$L$PI$$__aeabi_fadd
   000025ff     000050a8     000050a4   libc.a : s_atanf.c.obj (.text.OUTLINED_FUNCTION_1)
_c_int00_noargs           $Tramp$TT$L$PI$$_c_int00_noargs
   000046d9     000050bc     000050b8   startup_mspm0g350x_ticlang.o (.text.Reset_Handler)

[4 trampolines]
[4 trampoline calls]


GLOBAL SYMBOLS: SORTED ALPHABETICALLY BY Name 

address   name                            
-------   ----                            
0000509b  ADC0_IRQHandler                 
0000509b  ADC1_IRQHandler                 
0000509b  AES_IRQHandler                  
0000509e  C$$EXIT                         
0000509b  CANFD0_IRQHandler               
0000509b  DAC0_IRQHandler                 
00005041  DL_Common_delayCycles           
00003bbd  DL_DMA_initChannel              
0000474d  DL_I2C_setClockConfig           
00002035  DL_Timer_initFourCCPWMMode      
0000223d  DL_Timer_initTimerMode          
000049ad  DL_Timer_setCaptCompUpdateMethod
00004c65  DL_Timer_setCaptureCompareOutCtl
00004f89  DL_Timer_setCaptureCompareValue 
000049c9  DL_Timer_setClockConfig         
00003e1d  DL_UART_init                    
00004a01  DL_UART_receiveDataCheck        
00004f21  DL_UART_setClockConfig          
00004a1d  DL_UART_transmitDataCheck       
0000509b  DMA_IRQHandler                  
0000509b  Default_Handler                 
0000509b  GROUP0_IRQHandler               
00004d0d  GROUP1_IRQHandler               
0000509f  HOSTexit                        
0000509b  HardFault_Handler               
0000509b  I2C0_IRQHandler                 
0000509b  I2C1_IRQHandler                 
2020069c  MM                              
000000c1  MPU6050_Get_Angle_Plus          
00004e9d  MPU6050_ID                      
00003ced  MPU6050_Set_Angle0              
00002339  MPU6050_init                    
0000486d  MPU6050_start                   
0000092d  MPU6050_straight_test           
0000279d  MYI2C_Read_Reg                  
00002865  MYI2C_Read_Reg_Continue         
000033b5  MYI2C_Write_Reg                 
0000392d  MyI2C_Init                      
0000509b  NMI_Handler                     
0000387d  OLED_Clear                      
000050d0  OLED_F8x16                      
000016ab  OLED_I2C_Init                   
00003981  OLED_I2C_SendByte               
00004799  OLED_I2C_Start                  
00004a39  OLED_I2C_Stop                   
000026cd  OLED_Init                       
00004689  OLED_Pow                        
00004301  OLED_SetCursor                  
00002b69  OLED_ShowChar                   
0000324d  OLED_ShowNum                    
00003dd1  OLED_ShowString                 
00004259  OLED_W_SCL                      
00004291  OLED_W_SDA                      
00004519  OLED_WriteCommand               
00004543  OLED_WriteData                  
00003acd  PT1Filter_Apply                 
00004405  PT1Filter_Init                  
00003d39  PT1Filter_InitWithFreq          
0000509b  PendSV_Handler                  
0000509b  RTC_IRQHandler                  
000050b9  Reset_Handler                   
0000509b  SPI0_IRQHandler                 
0000509b  SPI1_IRQHandler                 
0000509b  SVC_Handler                     
00002ab1  SYSCFG_DL_BLDC_init             
00004d25  SYSCFG_DL_DMA_WIT_init          
0000504b  SYSCFG_DL_DMA_init              
00004339  SYSCFG_DL_GET_MPU6050_init      
0000135d  SYSCFG_DL_GPIO_init             
00002f35  SYSCFG_DL_MG310_PWM_init        
0000436d  SYSCFG_DL_MOTOR_MG310_init      
0000456d  SYSCFG_DL_SYSCTL_init           
00005027  SYSCFG_DL_SYSTICK_init          
00003505  SYSCFG_DL_UART_WIT_init         
000037cd  SYSCFG_DL_as5600_init           
00003b1d  SYSCFG_DL_debug_init            
00003ef5  SYSCFG_DL_f32c_init             
00003f35  SYSCFG_DL_fishpath_init         
00003571  SYSCFG_DL_init                  
00002429  SYSCFG_DL_initPower             
00003641  SYSCFG_DL_servo_init            
0000509b  SysTick_Handler                 
0000509b  TIMA0_IRQHandler                
00004435  TIMA1_IRQHandler                
0000509b  TIMG0_IRQHandler                
0000509b  TIMG12_IRQHandler               
00004495  TIMG6_IRQHandler                
0000509b  TIMG7_IRQHandler                
0000509b  TIMG8_IRQHandler                
00004f45  TI_memcpy_small                 
00005019  TI_memset_small                 
0000509b  UART0_IRQHandler                
000035d9  UART1_IRQHandler                
000029f1  UART2_IRQHandler                
0000509b  UART3_IRQHandler                
20208000  __STACK_END                     
00000200  __STACK_SIZE                    
00000000  __TI_ATRegion0_region_sz        
00000000  __TI_ATRegion0_src_addr         
00000000  __TI_ATRegion0_trg_addr         
00000000  __TI_ATRegion1_region_sz        
00000000  __TI_ATRegion1_src_addr         
00000000  __TI_ATRegion1_trg_addr         
00000000  __TI_ATRegion2_region_sz        
00000000  __TI_ATRegion2_src_addr         
00000000  __TI_ATRegion2_trg_addr         
000059c0  __TI_CINIT_Base                 
000059d0  __TI_CINIT_Limit                
000059d0  __TI_CINIT_Warm                 
000059ac  __TI_Handler_Table_Base         
000059b8  __TI_Handler_Table_Limit        
000041a5  __TI_auto_init_nobinit_nopinit  
000031d1  __TI_decompress_lzss            
00004f57  __TI_decompress_none            
ffffffff  __TI_pprof_out_hndl             
ffffffff  __TI_prof_data_size             
ffffffff  __TI_prof_data_start            
00000000  __TI_static_base__              
00005009  __TI_zero_init                  
00001523  __adddf3                        
000025ff  __addsf3                        
00003341  __aeabi_d2f                     
00001523  __aeabi_dadd                    
00001d19  __aeabi_ddiv                    
00002511  __aeabi_dmul                    
00001519  __aeabi_dsub                    
20200800  __aeabi_errno                   
00005055  __aeabi_errno_addr              
00003fb5  __aeabi_f2d                     
000042c9  __aeabi_f2iz                    
000043a1  __aeabi_f2uiz                   
000025ff  __aeabi_fadd                    
00003709  __aeabi_fcmpeq                  
00003745  __aeabi_fcmpge                  
00003759  __aeabi_fcmpgt                  
00003731  __aeabi_fcmple                  
0000371d  __aeabi_fcmplt                  
000030d1  __aeabi_fdiv                    
00002fc1  __aeabi_fmul                    
000025f5  __aeabi_fsub                    
000040f1  __aeabi_i2f                     
000038d5  __aeabi_idiv                    
0000279b  __aeabi_idiv0                   
000038d5  __aeabi_idivmod                 
00005035  __aeabi_memclr                  
00005035  __aeabi_memclr4                 
00005035  __aeabi_memclr8                 
0000505d  __aeabi_memcpy                  
0000505d  __aeabi_memcpy4                 
0000505d  __aeabi_memcpy8                 
000046b1  __aeabi_ui2f                    
00003f75  __aeabi_uidiv                   
00003f75  __aeabi_uidivmod                
ffffffff  __binit__                       
000041e1  __cmpsf2                        
00001d19  __divdf3                        
000030d1  __divsf3                        
000041e1  __eqsf2                         
00003fb5  __extendsfdf2                   
000042c9  __fixsfsi                       
000043a1  __fixunssfsi                    
000040f1  __floatsisf                     
000046b1  __floatunsisf                   
0000412d  __gesf2                         
0000412d  __gtsf2                         
000041e1  __lesf2                         
000041e1  __ltsf2                         
UNDEFED   __mpu_init                      
00002511  __muldf3                        
0000421d  __muldsi3                       
00002fc1  __mulsf3                        
000041e1  __nesf2                         
20207e00  __stack                         
20200000  __start___llvm_prf_bits         
20200000  __start___llvm_prf_cnts         
20200000  __stop___llvm_prf_bits          
20200000  __stop___llvm_prf_cnts          
00001519  __subdf3                        
000025f5  __subsf3                        
00003341  __truncdfsf2                    
000046d9  _c_int00_noargs                 
UNDEFED   _system_post_cinit              
000050cd  _system_pre_init                
00005095  abort                           
0000181d  asinf                           
00001c01  atan2f                          
00001195  atanf                           
ffffffff  binit                           
00003d85  button_init                     
000047bd  button_is_clicked               
0000292d  button_update                   
00003ff5  delay_ms                        
00004f33  delay_us                        
00004ec5  drv_mpu6050_timer_start         
00004f99  drv_uart0_init                  
00003495  drv_uart_print_hex              
00002e9d  drv_uart_print_num              
000044ed  drv_uart_print_signed           
00004465  drv_uart_send_string            
20200400  gBLDCBackup                     
20200578  gGET_MPU6050Backup              
202004bc  gMOTOR_MG310Backup              
00004fa9  get_system_ms                   
202006cc  gf32cBackup                     
00000000  interruptVectors                
00004dab  main                            
000047e1  mg310_motorForward              
00004035  mg310_motorInit                 
00004fb9  mg310_motorInitAll              
00004805  mg310_motorReverse              
00003b6d  mg310_motorSetSpeed             
00004829  mg310_motorStop                 
00004fc9  mg310_motorStopAll              
2020079e  mpu6050_i2cbus                  
00004075  pid_init                        
00001f2d  pid_update                      
20200740  pt1_filter_gx                   
2020074c  pt1_filter_gy                   
20200758  pt1_filter_gz                   
20200764  pt1_filter_x                    
20200770  pt1_filter_y                    
2020077c  pt1_filter_z                    
000016ad  sqrt                            
000016ad  sqrtl                           
00004fd9  use_led_OFF                     
00004fe9  use_led_ON                      
00004ff9  use_led_TOGGLE                  
202006fc  wit_data                        


GLOBAL SYMBOLS: SORTED BY Symbol Address 

address   name                            
-------   ----                            
00000000  __TI_ATRegion0_region_sz        
00000000  __TI_ATRegion0_src_addr         
00000000  __TI_ATRegion0_trg_addr         
00000000  __TI_ATRegion1_region_sz        
00000000  __TI_ATRegion1_src_addr         
00000000  __TI_ATRegion1_trg_addr         
00000000  __TI_ATRegion2_region_sz        
00000000  __TI_ATRegion2_src_addr         
00000000  __TI_ATRegion2_trg_addr         
00000000  __TI_static_base__              
00000000  interruptVectors                
000000c1  MPU6050_Get_Angle_Plus          
00000200  __STACK_SIZE                    
0000092d  MPU6050_straight_test           
00001195  atanf                           
0000135d  SYSCFG_DL_GPIO_init             
00001519  __aeabi_dsub                    
00001519  __subdf3                        
00001523  __adddf3                        
00001523  __aeabi_dadd                    
000016ab  OLED_I2C_Init                   
000016ad  sqrt                            
000016ad  sqrtl                           
0000181d  asinf                           
00001c01  atan2f                          
00001d19  __aeabi_ddiv                    
00001d19  __divdf3                        
00001f2d  pid_update                      
00002035  DL_Timer_initFourCCPWMMode      
0000223d  DL_Timer_initTimerMode          
00002339  MPU6050_init                    
00002429  SYSCFG_DL_initPower             
00002511  __aeabi_dmul                    
00002511  __muldf3                        
000025f5  __aeabi_fsub                    
000025f5  __subsf3                        
000025ff  __addsf3                        
000025ff  __aeabi_fadd                    
000026cd  OLED_Init                       
0000279b  __aeabi_idiv0                   
0000279d  MYI2C_Read_Reg                  
00002865  MYI2C_Read_Reg_Continue         
0000292d  button_update                   
000029f1  UART2_IRQHandler                
00002ab1  SYSCFG_DL_BLDC_init             
00002b69  OLED_ShowChar                   
00002e9d  drv_uart_print_num              
00002f35  SYSCFG_DL_MG310_PWM_init        
00002fc1  __aeabi_fmul                    
00002fc1  __mulsf3                        
000030d1  __aeabi_fdiv                    
000030d1  __divsf3                        
000031d1  __TI_decompress_lzss            
0000324d  OLED_ShowNum                    
00003341  __aeabi_d2f                     
00003341  __truncdfsf2                    
000033b5  MYI2C_Write_Reg                 
00003495  drv_uart_print_hex              
00003505  SYSCFG_DL_UART_WIT_init         
00003571  SYSCFG_DL_init                  
000035d9  UART1_IRQHandler                
00003641  SYSCFG_DL_servo_init            
00003709  __aeabi_fcmpeq                  
0000371d  __aeabi_fcmplt                  
00003731  __aeabi_fcmple                  
00003745  __aeabi_fcmpge                  
00003759  __aeabi_fcmpgt                  
000037cd  SYSCFG_DL_as5600_init           
0000387d  OLED_Clear                      
000038d5  __aeabi_idiv                    
000038d5  __aeabi_idivmod                 
0000392d  MyI2C_Init                      
00003981  OLED_I2C_SendByte               
00003acd  PT1Filter_Apply                 
00003b1d  SYSCFG_DL_debug_init            
00003b6d  mg310_motorSetSpeed             
00003bbd  DL_DMA_initChannel              
00003ced  MPU6050_Set_Angle0              
00003d39  PT1Filter_InitWithFreq          
00003d85  button_init                     
00003dd1  OLED_ShowString                 
00003e1d  DL_UART_init                    
00003ef5  SYSCFG_DL_f32c_init             
00003f35  SYSCFG_DL_fishpath_init         
00003f75  __aeabi_uidiv                   
00003f75  __aeabi_uidivmod                
00003fb5  __aeabi_f2d                     
00003fb5  __extendsfdf2                   
00003ff5  delay_ms                        
00004035  mg310_motorInit                 
00004075  pid_init                        
000040f1  __aeabi_i2f                     
000040f1  __floatsisf                     
0000412d  __gesf2                         
0000412d  __gtsf2                         
000041a5  __TI_auto_init_nobinit_nopinit  
000041e1  __cmpsf2                        
000041e1  __eqsf2                         
000041e1  __lesf2                         
000041e1  __ltsf2                         
000041e1  __nesf2                         
0000421d  __muldsi3                       
00004259  OLED_W_SCL                      
00004291  OLED_W_SDA                      
000042c9  __aeabi_f2iz                    
000042c9  __fixsfsi                       
00004301  OLED_SetCursor                  
00004339  SYSCFG_DL_GET_MPU6050_init      
0000436d  SYSCFG_DL_MOTOR_MG310_init      
000043a1  __aeabi_f2uiz                   
000043a1  __fixunssfsi                    
00004405  PT1Filter_Init                  
00004435  TIMA1_IRQHandler                
00004465  drv_uart_send_string            
00004495  TIMG6_IRQHandler                
000044ed  drv_uart_print_signed           
00004519  OLED_WriteCommand               
00004543  OLED_WriteData                  
0000456d  SYSCFG_DL_SYSCTL_init           
00004689  OLED_Pow                        
000046b1  __aeabi_ui2f                    
000046b1  __floatunsisf                   
000046d9  _c_int00_noargs                 
0000474d  DL_I2C_setClockConfig           
00004799  OLED_I2C_Start                  
000047bd  button_is_clicked               
000047e1  mg310_motorForward              
00004805  mg310_motorReverse              
00004829  mg310_motorStop                 
0000486d  MPU6050_start                   
000049ad  DL_Timer_setCaptCompUpdateMethod
000049c9  DL_Timer_setClockConfig         
00004a01  DL_UART_receiveDataCheck        
00004a1d  DL_UART_transmitDataCheck       
00004a39  OLED_I2C_Stop                   
00004c65  DL_Timer_setCaptureCompareOutCtl
00004d0d  GROUP1_IRQHandler               
00004d25  SYSCFG_DL_DMA_WIT_init          
00004dab  main                            
00004e9d  MPU6050_ID                      
00004ec5  drv_mpu6050_timer_start         
00004f21  DL_UART_setClockConfig          
00004f33  delay_us                        
00004f45  TI_memcpy_small                 
00004f57  __TI_decompress_none            
00004f89  DL_Timer_setCaptureCompareValue 
00004f99  drv_uart0_init                  
00004fa9  get_system_ms                   
00004fb9  mg310_motorInitAll              
00004fc9  mg310_motorStopAll              
00004fd9  use_led_OFF                     
00004fe9  use_led_ON                      
00004ff9  use_led_TOGGLE                  
00005009  __TI_zero_init                  
00005019  TI_memset_small                 
00005027  SYSCFG_DL_SYSTICK_init          
00005035  __aeabi_memclr                  
00005035  __aeabi_memclr4                 
00005035  __aeabi_memclr8                 
00005041  DL_Common_delayCycles           
0000504b  SYSCFG_DL_DMA_init              
00005055  __aeabi_errno_addr              
0000505d  __aeabi_memcpy                  
0000505d  __aeabi_memcpy4                 
0000505d  __aeabi_memcpy8                 
00005095  abort                           
0000509b  ADC0_IRQHandler                 
0000509b  ADC1_IRQHandler                 
0000509b  AES_IRQHandler                  
0000509b  CANFD0_IRQHandler               
0000509b  DAC0_IRQHandler                 
0000509b  DMA_IRQHandler                  
0000509b  Default_Handler                 
0000509b  GROUP0_IRQHandler               
0000509b  HardFault_Handler               
0000509b  I2C0_IRQHandler                 
0000509b  I2C1_IRQHandler                 
0000509b  NMI_Handler                     
0000509b  PendSV_Handler                  
0000509b  RTC_IRQHandler                  
0000509b  SPI0_IRQHandler                 
0000509b  SPI1_IRQHandler                 
0000509b  SVC_Handler                     
0000509b  SysTick_Handler                 
0000509b  TIMA0_IRQHandler                
0000509b  TIMG0_IRQHandler                
0000509b  TIMG12_IRQHandler               
0000509b  TIMG7_IRQHandler                
0000509b  TIMG8_IRQHandler                
0000509b  UART0_IRQHandler                
0000509b  UART3_IRQHandler                
0000509e  C$$EXIT                         
0000509f  HOSTexit                        
000050b9  Reset_Handler                   
000050cd  _system_pre_init                
000050d0  OLED_F8x16                      
000059ac  __TI_Handler_Table_Base         
000059b8  __TI_Handler_Table_Limit        
000059c0  __TI_CINIT_Base                 
000059d0  __TI_CINIT_Limit                
000059d0  __TI_CINIT_Warm                 
20200000  __start___llvm_prf_bits         
20200000  __start___llvm_prf_cnts         
20200000  __stop___llvm_prf_bits          
20200000  __stop___llvm_prf_cnts          
20200400  gBLDCBackup                     
202004bc  gMOTOR_MG310Backup              
20200578  gGET_MPU6050Backup              
2020069c  MM                              
202006cc  gf32cBackup                     
202006fc  wit_data                        
20200740  pt1_filter_gx                   
2020074c  pt1_filter_gy                   
20200758  pt1_filter_gz                   
20200764  pt1_filter_x                    
20200770  pt1_filter_y                    
2020077c  pt1_filter_z                    
2020079e  mpu6050_i2cbus                  
20200800  __aeabi_errno                   
20207e00  __stack                         
20208000  __STACK_END                     
ffffffff  __TI_pprof_out_hndl             
ffffffff  __TI_prof_data_size             
ffffffff  __TI_prof_data_start            
ffffffff  __binit__                       
ffffffff  binit                           
UNDEFED   __mpu_init                      
UNDEFED   _system_post_cinit              

[228 symbols]
