******************************************************************************
            TI ARM Clang Linker PC v4.0.4                      
******************************************************************************
>> Linked Thu Jul  9 05:03:27 2026

OUTPUT FILE NAME:   <first.out>
ENTRY POINT SYMBOL: "_c_int00_noargs"  address: 000003e1


MEMORY CONFIGURATION

         name            origin    length      used     unused   attr    fill
----------------------  --------  ---------  --------  --------  ----  --------
  FLASH                 00000000   00020000  00000508  0001faf8  R  X
  SRAM                  20200000   00008000  000002bc  00007d44  RW X
  BCR_CONFIG            41c00000   000000ff  00000000  000000ff  R   
  BSL_CONFIG            41c00100   00000080  00000000  00000080  R   


SEGMENT ALLOCATION MAP

run origin  load origin   length   init length attrs members
----------  ----------- ---------- ----------- ----- -------
00000000    00000000    00000508   00000508    r-x
  00000000    00000000    000000c0   000000c0    r-- .intvecs
  000000c0    000000c0    00000418   00000418    r-x .text
  000004d8    000004d8    00000018   00000018    r-- .rodata
  000004f0    000004f0    00000018   00000018    r-- .cinit
20200000    20200000    000000bc   00000000    rw-
  20200000    20200000    000000bc   00000000    rw- .bss
20207e00    20207e00    00000200   00000000    rw-
  20207e00    20207e00    00000200   00000000    rw- .stack


SECTION ALLOCATION MAP

 output                                  attributes/
section   page    origin      length       input sections
--------  ----  ----------  ----------   ----------------
.intvecs   0    00000000    000000c0     
                  00000000    000000c0     startup_mspm0g350x_ticlang.o (.intvecs)

.text      0    000000c0    00000418     
                  000000c0    00000104     driverlib.a : dl_timer.o (.text.DL_Timer_initFourCCPWMMode)
                  000001c4    00000090     ti_msp_dl_config.o (.text.SYSCFG_DL_BLDC_init)
                  00000254    00000060     ti_msp_dl_config.o (.text.SYSCFG_DL_step_init)
                  000002b4    00000048     driverlib.a : dl_uart.o (.text.DL_UART_init)
                  000002fc    00000040     ti_msp_dl_config.o (.text.SYSCFG_DL_SYSCTL_init)
                  0000033c    00000040     ti_msp_dl_config.o (.text.SYSCFG_DL_initPower)
                  0000037c    0000003c     libc.a : autoinit.c.obj (.text:__TI_auto_init_nobinit_nopinit)
                  000003b8    00000028     ti_msp_dl_config.o (.text.SYSCFG_DL_GPIO_init)
                  000003e0    00000028     libc.a : boot_cortex_m.c.obj (.text:_c_int00_noargs)
                  00000408    00000024     ti_msp_dl_config.o (.text.SYSCFG_DL_init)
                  0000042c    0000001c     driverlib.a : dl_timer.o (.text.DL_Timer_setCaptCompUpdateMethod)
                  00000448    0000001c                 : dl_timer.o (.text.DL_Timer_setClockConfig)
                  00000464    00000018                 : dl_timer.o (.text.DL_Timer_setCaptureCompareOutCtl)
                  0000047c    00000016     libc.a : copy_zero_init.c.obj (.text:decompress:ZI:__TI_zero_init_nomemset)
                  00000492    00000012     driverlib.a : dl_uart.o (.text.DL_UART_setClockConfig)
                  000004a4    00000010                 : dl_timer.o (.text.DL_Timer_setCaptureCompareValue)
                  000004b4    0000000a                 : dl_common.o (.text.DL_Common_delayCycles)
                  000004be    00000006     empty.o (.text.main)
                  000004c4    00000006     libc.a : exit.c.obj (.text:abort)
                  000004ca    00000004     libsysbm.a : hostexit.c.obj (.text.HOSTexit)
                  000004ce    00000004     startup_mspm0g350x_ticlang.o (.text.Reset_Handler)
                  000004d2    00000004     libc.a : pre_init.c.obj (.text._system_pre_init)
                  000004d6    00000002     startup_mspm0g350x_ticlang.o (.text.Default_Handler)

.cinit     0    000004f0    00000018     
                  000004f0    00000008     (.cinit..bss.load) [load image, compression = zero_init]
                  000004f8    00000004     (__TI_handler_table)
                  000004fc    00000008     (__TI_cinit_table)
                  00000504    00000004     --HOLE-- [fill = 0]

.rodata    0    000004d8    00000018     
                  000004d8    0000000a     ti_msp_dl_config.o (.rodata.gstepConfig)
                  000004e2    00000002     ti_msp_dl_config.o (.rodata.gstepClockConfig)
                  000004e4    00000008     ti_msp_dl_config.o (.rodata.gBLDCConfig)
                  000004ec    00000003     ti_msp_dl_config.o (.rodata.gBLDCClockConfig)
                  000004ef    00000001     --HOLE-- [fill = 0]

.init_array 
*          0    00000000    00000000     UNINITIALIZED

.binit     0    00000000    00000000     

.bss       0    20200000    000000bc     UNINITIALIZED
                  20200000    000000bc     (.common:gBLDCBackup)

.stack     0    20207e00    00000200     UNINITIALIZED
                  20207e00    00000004     libc.a : boot_cortex_m.c.obj (.stack)
                  20207e04    000001fc     --HOLE--

__llvm_prf_cnts 
*          0    20200000    00000000     UNINITIALIZED

__llvm_prf_bits 
*          0    20200000    00000000     UNINITIALIZED

MODULE SUMMARY

       Module                         code   ro data   rw data
       ------                         ----   -------   -------
    .\
       ti_msp_dl_config.o             444    23        188    
       startup_mspm0g350x_ticlang.o   6      192       0      
       empty.o                        6      0         0      
    +--+------------------------------+------+---------+---------+
       Total:                         456    215       188    
                                                              
    C:/TI/mspm0_sdk_2_10_00_04/source/ti/driverlib/lib/ticlang/m0p/mspm0g1x0x_g3x0x/driverlib.a
       dl_timer.o                     356    0         0      
       dl_uart.o                      90     0         0      
       dl_common.o                    10     0         0      
    +--+------------------------------+------+---------+---------+
       Total:                         456    0         0      
                                                              
    E:\ccs\ccs\tools\compiler\ti-cgt-armllvm_4.0.4.LTS\lib\armv6m-ti-none-eabi/c/libc.a
       autoinit.c.obj                 60     0         0      
       boot_cortex_m.c.obj            40     0         0      
       copy_zero_init.c.obj           22     0         0      
       exit.c.obj                     6      0         0      
       pre_init.c.obj                 4      0         0      
    +--+------------------------------+------+---------+---------+
       Total:                         132    0         0      
                                                              
    E:\ccs\ccs\tools\compiler\ti-cgt-armllvm_4.0.4.LTS\lib\armv6m-ti-none-eabi/c/libsysbm.a
       hostexit.c.obj                 4      0         0      
    +--+------------------------------+------+---------+---------+
       Total:                         4      0         0      
                                                              
       Stack:                         0      0         512    
       Linker Generated:              0      20        0      
    +--+------------------------------+------+---------+---------+
       Grand Total:                   1048   235       700    


LINKER GENERATED COPY TABLES

__TI_cinit_table @ 000004fc records: 1, size/record: 8, table size: 8
	.bss: load addr=000004f0, load size=00000008 bytes, run addr=20200000, run size=000000bc bytes, compression=zero_init


LINKER GENERATED HANDLER TABLE

__TI_handler_table @ 000004f8 records: 1, size/record: 4, table size: 4
	index: 0, handler: __TI_zero_init


GLOBAL SYMBOLS: SORTED ALPHABETICALLY BY Name 

address   name                            
-------   ----                            
000004d7  ADC0_IRQHandler                 
000004d7  ADC1_IRQHandler                 
000004d7  AES_IRQHandler                  
000004ca  C$$EXIT                         
000004d7  CANFD0_IRQHandler               
000004d7  DAC0_IRQHandler                 
000004b5  DL_Common_delayCycles           
000000c1  DL_Timer_initFourCCPWMMode      
0000042d  DL_Timer_setCaptCompUpdateMethod
00000465  DL_Timer_setCaptureCompareOutCtl
000004a5  DL_Timer_setCaptureCompareValue 
00000449  DL_Timer_setClockConfig         
000002b5  DL_UART_init                    
00000493  DL_UART_setClockConfig          
000004d7  DMA_IRQHandler                  
000004d7  Default_Handler                 
000004d7  GROUP0_IRQHandler               
000004d7  GROUP1_IRQHandler               
000004cb  HOSTexit                        
000004d7  HardFault_Handler               
000004d7  I2C0_IRQHandler                 
000004d7  I2C1_IRQHandler                 
000004d7  NMI_Handler                     
000004d7  PendSV_Handler                  
000004d7  RTC_IRQHandler                  
000004cf  Reset_Handler                   
000004d7  SPI0_IRQHandler                 
000004d7  SPI1_IRQHandler                 
000004d7  SVC_Handler                     
000001c5  SYSCFG_DL_BLDC_init             
000003b9  SYSCFG_DL_GPIO_init             
000002fd  SYSCFG_DL_SYSCTL_init           
00000409  SYSCFG_DL_init                  
0000033d  SYSCFG_DL_initPower             
00000255  SYSCFG_DL_step_init             
000004d7  SysTick_Handler                 
000004d7  TIMA0_IRQHandler                
000004d7  TIMA1_IRQHandler                
000004d7  TIMG0_IRQHandler                
000004d7  TIMG12_IRQHandler               
000004d7  TIMG6_IRQHandler                
000004d7  TIMG7_IRQHandler                
000004d7  TIMG8_IRQHandler                
000004d7  UART0_IRQHandler                
000004d7  UART1_IRQHandler                
000004d7  UART2_IRQHandler                
000004d7  UART3_IRQHandler                
20208000  __STACK_END                     
00000200  __STACK_SIZE                    
00000000  __TI_ATRegion0_region_sz        
00000000  __TI_ATRegion0_src_addr         
00000000  __TI_ATRegion0_trg_addr         
00000000  __TI_ATRegion1_region_sz        
00000000  __TI_ATRegion1_src_addr         
00000000  __TI_ATRegion1_trg_addr         
00000000  __TI_ATRegion2_region_sz        
00000000  __TI_ATRegion2_src_addr         
00000000  __TI_ATRegion2_trg_addr         
000004fc  __TI_CINIT_Base                 
00000504  __TI_CINIT_Limit                
00000504  __TI_CINIT_Warm                 
000004f8  __TI_Handler_Table_Base         
000004fc  __TI_Handler_Table_Limit        
0000037d  __TI_auto_init_nobinit_nopinit  
ffffffff  __TI_pprof_out_hndl             
ffffffff  __TI_prof_data_size             
ffffffff  __TI_prof_data_start            
00000000  __TI_static_base__              
0000047d  __TI_zero_init_nomemset         
ffffffff  __binit__                       
UNDEFED   __mpu_init                      
20207e00  __stack                         
20200000  __start___llvm_prf_bits         
20200000  __start___llvm_prf_cnts         
20200000  __stop___llvm_prf_bits          
20200000  __stop___llvm_prf_cnts          
000003e1  _c_int00_noargs                 
UNDEFED   _system_post_cinit              
000004d3  _system_pre_init                
000004c5  abort                           
ffffffff  binit                           
20200000  gBLDCBackup                     
00000000  interruptVectors                
000004bf  main                            


GLOBAL SYMBOLS: SORTED BY Symbol Address 

address   name                            
-------   ----                            
00000000  __TI_ATRegion0_region_sz        
00000000  __TI_ATRegion0_src_addr         
00000000  __TI_ATRegion0_trg_addr         
00000000  __TI_ATRegion1_region_sz        
00000000  __TI_ATRegion1_src_addr         
00000000  __TI_ATRegion1_trg_addr         
00000000  __TI_ATRegion2_region_sz        
00000000  __TI_ATRegion2_src_addr         
00000000  __TI_ATRegion2_trg_addr         
00000000  __TI_static_base__              
00000000  interruptVectors                
000000c1  DL_Timer_initFourCCPWMMode      
000001c5  SYSCFG_DL_BLDC_init             
00000200  __STACK_SIZE                    
00000255  SYSCFG_DL_step_init             
000002b5  DL_UART_init                    
000002fd  SYSCFG_DL_SYSCTL_init           
0000033d  SYSCFG_DL_initPower             
0000037d  __TI_auto_init_nobinit_nopinit  
000003b9  SYSCFG_DL_GPIO_init             
000003e1  _c_int00_noargs                 
00000409  SYSCFG_DL_init                  
0000042d  DL_Timer_setCaptCompUpdateMethod
00000449  DL_Timer_setClockConfig         
00000465  DL_Timer_setCaptureCompareOutCtl
0000047d  __TI_zero_init_nomemset         
00000493  DL_UART_setClockConfig          
000004a5  DL_Timer_setCaptureCompareValue 
000004b5  DL_Common_delayCycles           
000004bf  main                            
000004c5  abort                           
000004ca  C$$EXIT                         
000004cb  HOSTexit                        
000004cf  Reset_Handler                   
000004d3  _system_pre_init                
000004d7  ADC0_IRQHandler                 
000004d7  ADC1_IRQHandler                 
000004d7  AES_IRQHandler                  
000004d7  CANFD0_IRQHandler               
000004d7  DAC0_IRQHandler                 
000004d7  DMA_IRQHandler                  
000004d7  Default_Handler                 
000004d7  GROUP0_IRQHandler               
000004d7  GROUP1_IRQHandler               
000004d7  HardFault_Handler               
000004d7  I2C0_IRQHandler                 
000004d7  I2C1_IRQHandler                 
000004d7  NMI_Handler                     
000004d7  PendSV_Handler                  
000004d7  RTC_IRQHandler                  
000004d7  SPI0_IRQHandler                 
000004d7  SPI1_IRQHandler                 
000004d7  SVC_Handler                     
000004d7  SysTick_Handler                 
000004d7  TIMA0_IRQHandler                
000004d7  TIMA1_IRQHandler                
000004d7  TIMG0_IRQHandler                
000004d7  TIMG12_IRQHandler               
000004d7  TIMG6_IRQHandler                
000004d7  TIMG7_IRQHandler                
000004d7  TIMG8_IRQHandler                
000004d7  UART0_IRQHandler                
000004d7  UART1_IRQHandler                
000004d7  UART2_IRQHandler                
000004d7  UART3_IRQHandler                
000004f8  __TI_Handler_Table_Base         
000004fc  __TI_CINIT_Base                 
000004fc  __TI_Handler_Table_Limit        
00000504  __TI_CINIT_Limit                
00000504  __TI_CINIT_Warm                 
20200000  __start___llvm_prf_bits         
20200000  __start___llvm_prf_cnts         
20200000  __stop___llvm_prf_bits          
20200000  __stop___llvm_prf_cnts          
20200000  gBLDCBackup                     
20207e00  __stack                         
20208000  __STACK_END                     
ffffffff  __TI_pprof_out_hndl             
ffffffff  __TI_prof_data_size             
ffffffff  __TI_prof_data_start            
ffffffff  __binit__                       
ffffffff  binit                           
UNDEFED   __mpu_init                      
UNDEFED   _system_post_cinit              

[84 symbols]
