******************************************************************************
            TI ARM Clang Linker PC v4.0.4                      
******************************************************************************
>> Linked Sat Aug  1 04:30:50 2026

OUTPUT FILE NAME:   <first.out>
ENTRY POINT SYMBOL: "_c_int00_noargs"  address: 000049b5


MEMORY CONFIGURATION

         name            origin    length      used     unused   attr    fill
----------------------  --------  ---------  --------  --------  ----  --------
  FLASH                 00000000   00020000  00005d20  0001a2e0  R  X
  SRAM                  20200000   00008000  00000a32  000075ce  RW X
  BCR_CONFIG            41c00000   000000ff  00000000  000000ff  R   
  BSL_CONFIG            41c00100   00000080  00000000  00000080  R   


SEGMENT ALLOCATION MAP

run origin  load origin   length   init length attrs members
----------  ----------- ---------- ----------- ----- -------
00000000    00000000    00005d20   00005d20    r-x
  00000000    00000000    000000c0   000000c0    r-- .intvecs
  000000c0    000000c0    000052a0   000052a0    r-x .text
  00005360    00005360    00000990   00000990    r-- .rodata
  00005cf0    00005cf0    00000030   00000030    r-- .cinit
20200000    20200000    00000834   00000000    rw-
  20200000    20200000    000007ea   00000000    rw- .bss
  202007ec    202007ec    00000048   00000000    rw- .data
20207e00    20207e00    00000200   00000000    rw-
  20207e00    20207e00    00000200   00000000    rw- .stack


SECTION ALLOCATION MAP

 output                                  attributes/
section   page    origin      length       input sections
--------  ----  ----------  ----------   ----------------
.intvecs   0    00000000    000000c0     
                  00000000    000000c0     startup_mspm0g350x_ticlang.o (.intvecs)

.text      0    000000c0    000052a0     
                  000000c0    000005dc     app_topic3.o (.text.controller_update)
                  0000069c    000003d0     app_topic3.o (.text.topic3)
                  00000a6c    000002ec     app_topic4.o (.text.topic45_run)
                  00000d58    000002e8     mid_xunji.o (.text.xunji_update)
                  00001040    000002a0     app_topic2.o (.text.topic2)
                  000012e0    00000290     app_topic4.o (.text.cascade_update)
                  00001570    0000027e     app_topic3.o (.text.settle_update)
                  000017ee    00000002     bsp_OLED.o (.text.OLED_I2C_Init)
                  000017f0    000001c4     ti_msp_dl_config.o (.text.SYSCFG_DL_GPIO_init)
                  000019b4    00000130     drv_uart.o (.text.UART3_IRQHandler)
                  00001ae4    00000108     drv_encoder.o (.text.encoder_update_speed)
                  00001bec    00000108     mid_pid.o (.text.pid_update)
                  00001cf4    00000108     mid_xunji.o (.text.xunji_parse_uart)
                  00001dfc    00000104     driverlib.a : dl_timer.o (.text.DL_Timer_initFourCCPWMMode)
                  00001f00    000000fc                 : dl_timer.o (.text.DL_Timer_initTimerMode)
                  00001ffc    000000e8     ti_msp_dl_config.o (.text.SYSCFG_DL_initPower)
                  000020e4    000000dc     app_topic.o (.text.topic)
                  000021c0    000000d8     libclang_rt.builtins.a : addsf3.S.obj (.text)
                  00002298    000000d0     app_topic3.o (.text.oled_show_status)
                  00002368    000000ce     bsp_OLED.o (.text.OLED_Init)
                  00002436    000000c2     bsp_button.o (.text.button_update)
                  000024f8    000000bc     app_topic4.o (.text.take_start_line_event)
                  000025b4    000000bc     app_topic2.o (.text.topic2_take_start_line_event)
                  00002670    000000b8     ti_msp_dl_config.o (.text.SYSCFG_DL_BLDC_init)
                  00002728    000000b8     app_topic2.o (.text.topic2_oled_update)
                  000027e0    000000b4     bsp_OLED.o (.text.OLED_ShowChar)
                  00002894    000000b4     mid_xunji.o (.text.xunji_init)
                  00002948    000000ae     bsp_OLED.o (.text.OLED_ShowSignedNum)
                  000029f6    00000002     libclang_rt.builtins.a : aeabi_div0.c.obj (.text.__aeabi_idiv0)
                  000029f8    000000a8     mid_xunji.o (.text.xunji_calc_error)
                  00002aa0    000000a4     drv_zdt_x35_uart.o (.text.drv_zdt_x35_uart_write)
                  00002b44    000000a4     app_topic3.o (.text.motor_send_absolute)
                  00002be8    000000a0     bsp_encoder.o (.text.mg310_setDirectionPins)
                  00002c88    00000098     drv_tim.o (.text.drv_timebase_get_ms)
                  00002d20    00000098     drv_uart.o (.text.drv_uart_print_num)
                  00002db8    00000094     bsp_fishpath.o (.text.fishpath_update)
                  00002e4c    0000008c     ti_msp_dl_config.o (.text.SYSCFG_DL_MG310_PWM_init)
                  00002ed8    0000008c     libclang_rt.builtins.a : mulsf3.S.obj (.text.__mulsf3)
                  00002f64    00000084     bsp_42step.o (.text.Step42_MovePosition)
                  00002fe8    00000084     ti_msp_dl_config.o (.text.__NVIC_SetPriority)
                  0000306c    00000084     app_topic3.o (.text.controller_prime)
                  000030f0    00000082     libclang_rt.builtins.a : divsf3.S.obj (.text.__divsf3)
                  00003172    00000002     app_topic.o (.text.topic1)
                  00003174    00000080     mid_xunji.o (.text.xunji_reset_tracking)
                  000031f4    0000007c     drv_uart.o (.text.UART0_IRQHandler)
                  00003270    0000007c     drv_zdt_x35_uart.o (.text.UART2_IRQHandler)
                  000032ec    0000007c     drv_uart.o (.text.drv_vision_uart3_init)
                  00003368    0000007c     libc.a : copy_decompress_lzss.c.obj (.text:decompress:lzss)
                  000033e4    0000007a     bsp_OLED.o (.text.OLED_ShowNum)
                  0000345e    00000070     app_topic4.o (.text.is_start_line)
                  000034ce    00000070     app_topic2.o (.text.topic2_is_start_line)
                  0000353e    00000070     app_topic2.o (.text.topic2_oled_show_time)
                  000035ae    00000002     app_topic.o (.text.topic6)
                  000035b0    0000006c     drv_zdt_x35_uart.o (.text.drv_zdt_x35_uart_init)
                  0000361c    00000068     ti_msp_dl_config.o (.text.SYSCFG_DL_ZDT_X35_init)
                  00003684    00000064     ti_msp_dl_config.o (.text.SYSCFG_DL_init)
                  000036e8    00000064     ti_msp_dl_config.o (.text.SYSCFG_DL_servo_init)
                  0000374c    00000064     drv_uart.o (.text.UART1_IRQHandler)
                  000037b0    00000062     libclang_rt.builtins.a : aeabi_fcmp.S.obj (.text.__aeabi_fcmp)
                  00003812    00000002     --HOLE-- [fill = 0]
                  00003814    00000060     drv_encoder.o (.text.encoder_handle_gpiob)
                  00003874    0000005c     drv_uart.o (.text.drv_uart0_init)
                  000038d0    00000058     ti_msp_dl_config.o (.text.SYSCFG_DL_as5600_init)
                  00003928    00000056     bsp_OLED.o (.text.OLED_Clear)
                  0000397e    00000002     --HOLE-- [fill = 0]
                  00003980    00000056     libclang_rt.builtins.a : aeabi_idivmod.S.obj (.text.__aeabi_idivmod)
                  000039d6    00000054     bsp_OLED.o (.text.OLED_I2C_SendByte)
                  00003a2a    00000002     --HOLE-- [fill = 0]
                  00003a2c    00000054     drv_uart.o (.text.drv_uart1_read)
                  00003a80    00000054     app_topic4.o (.text.oled_show_elapsed)
                  00003ad4    00000054     drv_uart.o (.text.uart0_write_byte)
                  00003b28    00000050     ti_msp_dl_config.o (.text.DL_GPIO_initPeripheralInputFunctionFeatures)
                  00003b78    00000050     ti_msp_dl_config.o (.text.SYSCFG_DL_debug_init)
                  00003bc8    00000050     bsp_encoder.o (.text.mg310_motorSetSpeed)
                  00003c18    0000004c     ti_msp_dl_config.o (.text.DL_GPIO_initDigitalInputFeatures)
                  00003c64    0000004c     ti_msp_dl_config.o (.text.DL_UART_setBaudRateDivisor)
                  00003cb0    0000004c     bsp_button.o (.text.button_init)
                  00003cfc    0000004a     bsp_OLED.o (.text.OLED_ShowString)
                  00003d46    00000002     --HOLE-- [fill = 0]
                  00003d48    00000048     driverlib.a : dl_uart.o (.text.DL_UART_init)
                  00003d90    00000048     ti_msp_dl_config.o (.text.SYSCFG_DL_maixcam_init)
                  00003dd8    00000048     drv_tim.o (.text.drv_timebase_start)
                  00003e20    00000048     drv_encoder.o (.text.encoder_count_a_rising)
                  00003e68    00000040     ti_msp_dl_config.o (.text.SYSCFG_DL_fishpath_init)
                  00003ea8    00000040     libclang_rt.builtins.a : aeabi_uidivmod.S.obj (.text.__aeabi_uidivmod)
                  00003ee8    00000040     mid_delay.o (.text.delay_ms)
                  00003f28    00000040     bsp_encoder.o (.text.mg310_motorInit)
                  00003f68    00000040     app_topic4.o (.text.move_stepper_absolute)
                  00003fa8    00000040     mid_pid.o (.text.pid_init)
                  00003fe8    0000003e     app_topic3.o (.text.clamp_f32)
                  00004026    0000003e     app_topic4.o (.text.clamp_f32)
                  00004064    0000003c     ti_msp_dl_config.o (.text.DL_Timer_setCounterControl)
                  000040a0    0000003c     libclang_rt.builtins.a : floatsisf.S.obj (.text.__floatsisf)
                  000040dc    0000003c                            : comparesf2.S.obj (.text.__gtsf2)
                  00004118    0000003c     bsp_button.o (.text.button_sample_raw)
                  00004154    0000003c     app_topic.o (.text.topic_show_menu)
                  00004190    0000003c     libc.a : autoinit.c.obj (.text:__TI_auto_init_nobinit_nopinit)
                  000041cc    0000003a     libclang_rt.builtins.a : comparesf2.S.obj (.text.__eqsf2)
                  00004206    00000002     --HOLE-- [fill = 0]
                  00004208    0000003a                            : muldsi3.S.obj (.text.__muldsi3)
                  00004242    00000002     --HOLE-- [fill = 0]
                  00004244    00000038     bsp_OLED.o (.text.OLED_W_SCL)
                  0000427c    00000038     bsp_OLED.o (.text.OLED_W_SDA)
                  000042b4    00000038     libclang_rt.builtins.a : fixsfsi.S.obj (.text.__fixsfsi)
                  000042ec    00000038     mid_xunji.o (.text.xunji_get_sensors)
                  00004324    00000036     bsp_OLED.o (.text.OLED_SetCursor)
                  0000435a    00000036     app_topic4.o (.text.cascade_reset)
                  00004390    00000036     app_topic4.o (.text.round_f32_to_i32)
                  000043c6    00000002     --HOLE-- [fill = 0]
                  000043c8    00000034     ti_msp_dl_config.o (.text.SYSCFG_DL_GET_MPU6050_init)
                  000043fc    00000034     ti_msp_dl_config.o (.text.SYSCFG_DL_MOTOR_MG310_init)
                  00004430    00000034     drv_tim.o (.text.__NVIC_DisableIRQ)
                  00004464    00000034     app_topic3.o (.text.clamp_i32)
                  00004498    00000030     drv_encoder.o (.text.TIMA1_IRQHandler)
                  000044c8    00000030     drv_tim.o (.text.TIMG6_IRQHandler)
                  000044f8    00000030     bsp_fishpath.o (.text.fishpath_init)
                  00004528    00000030     mid_delay.o (.text.mid_stopwatch_stop)
                  00004558    00000030     bsp_42step.o (.text.send_frame)
                  00004588    0000002e     bsp_42step.o (.text.Step42_Enable)
                  000045b6    0000002e     drv_uart.o (.text.drv_uart_send_string)
                  000045e4    0000002c     drv_tim.o (.text.__NVIC_ClearPendingIRQ)
                  00004610    0000002c     drv_uart.o (.text.__NVIC_ClearPendingIRQ)
                  0000463c    0000002c     drv_zdt_x35_uart.o (.text.__NVIC_ClearPendingIRQ)
                  00004668    0000002c     drv_tim.o (.text.__NVIC_EnableIRQ)
                  00004694    0000002c     drv_uart.o (.text.__NVIC_EnableIRQ)
                  000046c0    0000002c     drv_zdt_x35_uart.o (.text.__NVIC_EnableIRQ)
                  000046ec    0000002c     app_topic3.o (.text.abs_f32)
                  00004718    0000002c     app_topic4.o (.text.abs_f32)
                  00004744    0000002c     drv_tim.o (.text.drv_timebase_stop)
                  00004770    0000002c     drv_uart.o (.text.drv_uart1_init)
                  0000479c    0000002c     mid_delay.o (.text.mid_stopwatch_get_elapsed_ms)
                  000047c8    0000002c     app_topic3.o (.text.print_stage)
                  000047f4    0000002a     bsp_OLED.o (.text.OLED_WriteCommand)
                  0000481e    0000002a     bsp_OLED.o (.text.OLED_WriteData)
                  00004848    0000002a     ti_msp_dl_config.o (.text.SYSCFG_DL_SYSCTL_init)
                  00004872    00000028     ti_msp_dl_config.o (.text.DL_Common_updateReg)
                  0000489a    00000002     --HOLE-- [fill = 0]
                  0000489c    00000028     ti_msp_dl_config.o (.text.DL_I2C_setControllerRXFIFOThreshold)
                  000048c4    00000028     ti_msp_dl_config.o (.text.DL_I2C_setControllerTXFIFOThreshold)
                  000048ec    00000028     ti_msp_dl_config.o (.text.DL_SYSTICK_init)
                  00004914    00000028     ti_msp_dl_config.o (.text.DL_UART_setRXFIFOThreshold)
                  0000493c    00000028     ti_msp_dl_config.o (.text.DL_UART_setTXFIFOThreshold)
                  00004964    00000028     bsp_OLED.o (.text.OLED_Pow)
                  0000498c    00000028     libclang_rt.builtins.a : floatunsisf.S.obj (.text.__floatunsisf)
                  000049b4    00000028     libc.a : boot_cortex_m.c.obj (.text:_c_int00_noargs)
                  000049dc    00000026     ti_msp_dl_config.o (.text.DL_I2C_setAnalogGlitchFilterPulseWidth)
                  00004a02    00000026     driverlib.a : dl_i2c.o (.text.DL_I2C_setClockConfig)
                  00004a28    00000024     bsp_OLED.o (.text.OLED_I2C_Start)
                  00004a4c    00000024     bsp_button.o (.text.button_is_clicked)
                  00004a70    00000024     bsp_button.o (.text.button_is_released)
                  00004a94    00000024     bsp_encoder.o (.text.mg310_motorForward)
                  00004ab8    00000024     bsp_encoder.o (.text.mg310_motorStop)
                  00004adc    00000020     ti_msp_dl_config.o (.text.DL_GPIO_initPeripheralInputFunction)
                  00004afc    00000020     app_topic3.o (.text.abs_i32)
                  00004b1c    00000020     mid_delay.o (.text.tick_poll)
                  00004b3c    0000001e     ti_msp_dl_config.o (.text.DL_UART_setOversampling)
                  00004b5a    00000002     --HOLE-- [fill = 0]
                  00004b5c    0000001c     drv_encoder.o (.text.DL_GPIO_clearInterruptStatus)
                  00004b78    0000001c     ti_msp_dl_config.o (.text.DL_GPIO_enableHiZ)
                  00004b94    0000001c     ti_msp_dl_config.o (.text.DL_GPIO_initPeripheralOutputFunction)
                  00004bb0    0000001c     drv_encoder.o (.text.DL_Interrupt_getPendingGroup)
                  00004bcc    0000001c     ti_msp_dl_config.o (.text.DL_SYSCTL_setMCLKDivider)
                  00004be8    0000001c     ti_msp_dl_config.o (.text.DL_SYSCTL_setSYSOSCFreq)
                  00004c04    0000001c     ti_msp_dl_config.o (.text.DL_SYSCTL_setULPCLKDivider)
                  00004c20    0000001c     ti_msp_dl_config.o (.text.DL_Timer_enableInterrupt)
                  00004c3c    0000001c     driverlib.a : dl_timer.o (.text.DL_Timer_setCaptCompUpdateMethod)
                  00004c58    0000001c                 : dl_timer.o (.text.DL_Timer_setClockConfig)
                  00004c74    0000001c     drv_uart.o (.text.DL_UART_enableInterrupt)
                  00004c90    0000001c     drv_zdt_x35_uart.o (.text.DL_UART_enableInterrupt)
                  00004cac    0000001c     ti_msp_dl_config.o (.text.DL_UART_enableInterrupt)
                  00004cc8    0000001c     driverlib.a : dl_uart.o (.text.DL_UART_transmitDataCheck)
                  00004ce4    0000001c     bsp_OLED.o (.text.OLED_I2C_Stop)
                  00004d00    0000001c     drv_uart.o (.text.drv_uart1_available)
                  00004d1c    0000001c     mid_delay.o (.text.mid_stopwatch_start)
                  00004d38    00000018     ti_msp_dl_config.o (.text.DL_GPIO_enableOutput)
                  00004d50    00000018     ti_msp_dl_config.o (.text.DL_GPIO_enablePower)
                  00004d68    00000018     drv_encoder.o (.text.DL_GPIO_getEnabledInterruptStatus)
                  00004d80    00000018     ti_msp_dl_config.o (.text.DL_GPIO_initDigitalOutput)
                  00004d98    00000018     ti_msp_dl_config.o (.text.DL_GPIO_reset)
                  00004db0    00000018     bsp_OLED.o (.text.DL_GPIO_setPins)
                  00004dc8    00000018     bsp_encoder.o (.text.DL_GPIO_setPins)
                  00004de0    00000018     ti_msp_dl_config.o (.text.DL_GPIO_setPins)
                  00004df8    00000018     ti_msp_dl_config.o (.text.DL_I2C_enableAnalogGlitchFilter)
                  00004e10    00000018     ti_msp_dl_config.o (.text.DL_I2C_enableController)
                  00004e28    00000018     ti_msp_dl_config.o (.text.DL_I2C_enableControllerClockStretching)
                  00004e40    00000018     ti_msp_dl_config.o (.text.DL_I2C_enablePower)
                  00004e58    00000018     ti_msp_dl_config.o (.text.DL_I2C_reset)
                  00004e70    00000018     ti_msp_dl_config.o (.text.DL_I2C_setTimerPeriod)
                  00004e88    00000018     ti_msp_dl_config.o (.text.DL_SYSCTL_setBORThreshold)
                  00004ea0    00000018     drv_tim.o (.text.DL_Timer_clearInterruptStatus)
                  00004eb8    00000018     ti_msp_dl_config.o (.text.DL_Timer_enablePower)
                  00004ed0    00000018     drv_tim.o (.text.DL_Timer_getRawInterruptStatus)
                  00004ee8    00000018     ti_msp_dl_config.o (.text.DL_Timer_reset)
                  00004f00    00000018     driverlib.a : dl_timer.o (.text.DL_Timer_setCaptureCompareOutCtl)
                  00004f18    00000018     bsp_encoder.o (.text.DL_Timer_startCounter)
                  00004f30    00000018     drv_tim.o (.text.DL_Timer_startCounter)
                  00004f48    00000018     drv_tim.o (.text.DL_Timer_stopCounter)
                  00004f60    00000018     ti_msp_dl_config.o (.text.DL_UART_enableFIFOs)
                  00004f78    00000018     ti_msp_dl_config.o (.text.DL_UART_enablePower)
                  00004f90    00000018     drv_uart.o (.text.DL_UART_isRXFIFOEmpty)
                  00004fa8    00000018     drv_zdt_x35_uart.o (.text.DL_UART_isRXFIFOEmpty)
                  00004fc0    00000018     ti_msp_dl_config.o (.text.DL_UART_reset)
                  00004fd8    00000018     drv_encoder.o (.text.GROUP1_IRQHandler)
                  00004ff0    00000016     bsp_button.o (.text.DL_GPIO_readPins)
                  00005006    00000016     drv_encoder.o (.text.DL_GPIO_readPins)
                  0000501c    00000016     drv_uart.o (.text.DL_UART_disable)
                  00005032    00000016     drv_uart.o (.text.DL_UART_enable)
                  00005048    00000016     ti_msp_dl_config.o (.text.DL_UART_enable)
                  0000505e    00000016     empty.o (.text.main)
                  00005074    00000014     bsp_OLED.o (.text.DL_GPIO_clearPins)
                  00005088    00000014     bsp_encoder.o (.text.DL_GPIO_clearPins)
                  0000509c    00000014     ti_msp_dl_config.o (.text.DL_GPIO_clearPins)
                  000050b0    00000014     ti_msp_dl_config.o (.text.DL_I2C_resetControllerTransfer)
                  000050c4    00000014     ti_msp_dl_config.o (.text.DL_SYSCTL_disableSYSPLL)
                  000050d8    00000014     ti_msp_dl_config.o (.text.DL_Timer_enableClock)
                  000050ec    00000014     ti_msp_dl_config.o (.text.DL_Timer_setCCPDirection)
                  00005100    00000014     drv_tim.o (.text.DL_Timer_setTimerCount)
                  00005114    00000014     drv_uart.o (.text.DL_UART_receiveData)
                  00005128    00000014     drv_zdt_x35_uart.o (.text.DL_UART_receiveData)
                  0000513c    00000014     drv_uart.o (.text.drv_uart1_flush)
                  00005150    00000014     bsp_fishpath.o (.text.fishpath_stop)
                  00005164    00000014     app_topic3.o (.text.time_reached)
                  00005178    00000012     drv_encoder.o (.text.DL_Timer_getPendingInterrupt)
                  0000518a    00000012     drv_tim.o (.text.DL_Timer_getPendingInterrupt)
                  0000519c    00000012     drv_uart.o (.text.DL_UART_getPendingInterrupt)
                  000051ae    00000012     drv_zdt_x35_uart.o (.text.DL_UART_getPendingInterrupt)
                  000051c0    00000012     driverlib.a : dl_uart.o (.text.DL_UART_setClockConfig)
                  000051d2    00000012     mid_delay.o (.text.delay_us)
                  000051e4    00000012     libc.a : memcpy16.S.obj (.text:TI_memcpy_small)
                  000051f6    00000012            : copy_decompress_none.c.obj (.text:decompress:none)
                  00005208    00000010     ti_msp_dl_config.o (.text.DL_SYSCTL_disableHFXT)
                  00005218    00000010     mid_delay.o (.text.DL_SYSTICK_enable)
                  00005228    00000010     drv_tim.o (.text.DL_Timer_getTimerCount)
                  00005238    00000010     driverlib.a : dl_timer.o (.text.DL_Timer_setCaptureCompareValue)
                  00005248    00000010     mid_delay.o (.text.get_system_ms)
                  00005258    00000010     bsp_encoder.o (.text.mg310_motorInitAll)
                  00005268    00000010     bsp_encoder.o (.text.mg310_motorStopAll)
                  00005278    00000010     app_topic3.o (.text.settle_reset)
                  00005288    00000010     libc.a : copy_zero_init.c.obj (.text:decompress:ZI)
                  00005298    0000000e            : memset16.S.obj (.text:TI_memset_small)
                  000052a6    0000000c     ti_msp_dl_config.o (.text.SYSCFG_DL_SYSTICK_init)
                  000052b2    00000002     --HOLE-- [fill = 0]
                  000052b4    0000000c     libclang_rt.builtins.a : aeabi_memset.S.obj (.text.__aeabi_memclr)
                  000052c0    0000000c     bsp_button.o (.text.button_is_pressed)
                  000052cc    0000000c     drv_uart.o (.text.drv_vision_get_frame_count)
                  000052d8    0000000c     drv_uart.o (.text.drv_vision_get_x)
                  000052e4    0000000c     bsp_fishpath.o (.text.fishpath_start)
                  000052f0    0000000c     mid_xunji.o (.text.xunji_get_left_duty)
                  000052fc    0000000c     mid_xunji.o (.text.xunji_get_right_duty)
                  00005308    0000000a     driverlib.a : dl_common.o (.text.DL_Common_delayCycles)
                  00005312    0000000a     app_topic4.o (.text.topic4)
                  0000531c    0000000a     app_topic4.o (.text.topic5)
                  00005326    00000008     bsp_42step.o (.text.Step42_Init)
                  0000532e    00000002     --HOLE-- [fill = 0]
                  00005330    00000008     libclang_rt.builtins.a : aeabi_memcpy.S.obj (.text.__aeabi_memcpy)
                  00005338    00000006     libc.a : exit.c.obj (.text:abort)
                  0000533e    00000004     startup_mspm0g350x_ticlang.o (.text.Default_Handler)
                  00005342    00000004     libsysbm.a : hostexit.c.obj (.text.HOSTexit)
                  00005346    00000004     startup_mspm0g350x_ticlang.o (.text.Reset_Handler)
                  0000534a    00000002     --HOLE-- [fill = 0]
                  0000534c    00000010     libc.a : boot_cortex_m.c.obj (.tramp._c_int00_noargs.1)
                  0000535c    00000004            : pre_init.c.obj (.text._system_pre_init)

.cinit     0    00005cf0    00000030     
                  00005cf0    0000000c     (__TI_handler_table)
                  00005cfc    00000009     (.cinit..data.load) [load image, compression = lzss]
                  00005d05    00000003     --HOLE-- [fill = 0]
                  00005d08    00000008     (.cinit..bss.load) [load image, compression = zero_init]
                  00005d10    00000010     (__TI_cinit_table)

.rodata    0    00005360    00000990     
                  00005360    000005f0     bsp_OLED.o (.rodata.OLED_F8x16)
                  00005950    0000003b     app_topic3.o (.rodata.str1.7587052213865509020.1)
                  0000598b    00000035     app_topic3.o (.rodata.str1.730431014016184905.1)
                  000059c0    0000002a     app_topic4.o (.rodata.str1.7146676912331880577.1)
                  000059ea    00000029     app_topic4.o (.rodata.str1.1874507292210292988.1)
                  00005a13    00000001     --HOLE-- [fill = 0]
                  00005a14    00000028     bsp_encoder.o (.rodata.gMotorCfg)
                  00005a3c    00000027     app_topic3.o (.rodata.str1.1783043308194328961.1)
                  00005a63    00000018     app_topic4.o (.rodata.str1.2409863144051057090.1)
                  00005a7b    00000001     --HOLE-- [fill = 0]
                  00005a7c    00000018     mid_xunji.o (.rodata.xunji_weight)
                  00005a94    00000014     ti_msp_dl_config.o (.rodata.gGET_MPU6050TimerConfig)
                  00005aa8    00000014     ti_msp_dl_config.o (.rodata.gMOTOR_MG310TimerConfig)
                  00005abc    00000012     app_topic4.o (.rodata.str1.11323529944423733554.1)
                  00005ace    00000012     app_topic.o (.rodata.str1.9486663581079043650.1)
                  00005ae0    00000011     app_topic2.o (.rodata.str1.11637907035764662841.1)
                  00005af1    00000011     app_topic2.o (.rodata.str1.12171569171194842568.1)
                  00005b02    00000011     app_topic4.o (.rodata.str1.12894998307700891659.1)
                  00005b13    00000011     app_topic3.o (.rodata.str1.12915638109569732825.1)
                  00005b24    00000011     app_topic4.o (.rodata.str1.14216420613920114299.1)
                  00005b35    00000011     app_topic4.o (.rodata.str1.1434511355826133430.1)
                  00005b46    00000011     app_topic2.o (.rodata.str1.16349647114421652513.1)
                  00005b57    00000011     app_topic4.o (.rodata.str1.17619275543223892291.1)
                  00005b68    00000011     app_topic2.o (.rodata.str1.8207448318112207736.1)
                  00005b79    00000011     app_topic2.o (.rodata.str1.8624329247525542652.1)
                  00005b8a    00000010     app_topic3.o (.rodata.str1.12184367520043723014.1)
                  00005b9a    00000010     app_topic3.o (.rodata.str1.14227117031689192026.1)
                  00005baa    00000010     app_topic3.o (.rodata.str1.5434686213499701954.1)
                  00005bba    00000010     app_topic3.o (.rodata.str1.5935666629318438942.1)
                  00005bca    00000010     app_topic2.o (.rodata.str1.6988687412150752997.1)
                  00005bda    00000010     app_topic3.o (.rodata.str1.8038721709510175987.1)
                  00005bea    0000000f     app_topic4.o (.rodata.str1.800636566444429303.1)
                  00005bf9    0000000e     app_topic.o (.rodata.str1.4335825486226380647.1)
                  00005c07    0000000d     app_topic3.o (.rodata.str1.12323762882057433340.1)
                  00005c14    0000000d     app_topic3.o (.rodata.str1.6125421687025578798.1)
                  00005c21    0000000c     app_topic4.o (.rodata.str1.1288983306377878914.1)
                  00005c2d    0000000c     app_topic3.o (.rodata.str1.15625021260772753779.1)
                  00005c39    0000000c     app_topic4.o (.rodata.str1.17403204383005889862.1)
                  00005c45    0000000c     app_topic3.o (.rodata.str1.5410451204312960226.1)
                  00005c51    0000000b     app_topic3.o (.rodata.str1.8888247101535141369.1)
                  00005c5c    0000000a     ti_msp_dl_config.o (.rodata.gZDT_X35Config)
                  00005c66    0000000a     ti_msp_dl_config.o (.rodata.gdebugConfig)
                  00005c70    0000000a     ti_msp_dl_config.o (.rodata.gfishpathConfig)
                  00005c7a    0000000a     ti_msp_dl_config.o (.rodata.gmaixcamConfig)
                  00005c84    0000000a     app_topic3.o (.rodata.str1.18377136975265618720.1)
                  00005c8e    00000009     app_topic2.o (.rodata.str1.12499783107339344236.1)
                  00005c97    00000009     app_topic2.o (.rodata.str1.17651129339865841899.1)
                  00005ca0    00000009     app_topic4.o (.rodata.str1.38619051565592770.1)
                  00005ca9    00000003     ti_msp_dl_config.o (.rodata.gBLDCClockConfig)
                  00005cac    00000008     ti_msp_dl_config.o (.rodata.gBLDCConfig)
                  00005cb4    00000008     ti_msp_dl_config.o (.rodata.gMG310_PWMConfig)
                  00005cbc    00000008     ti_msp_dl_config.o (.rodata.gservoConfig)
                  00005cc4    00000006     app_topic3.o (.rodata.str1.1211874042319542594.1)
                  00005cca    00000006     app_topic3.o (.rodata.str1.7089721598747603520.1)
                  00005cd0    00000003     ti_msp_dl_config.o (.rodata.gGET_MPU6050ClockConfig)
                  00005cd3    00000003     ti_msp_dl_config.o (.rodata.gMG310_PWMClockConfig)
                  00005cd6    00000003     ti_msp_dl_config.o (.rodata.gMOTOR_MG310ClockConfig)
                  00005cd9    00000003     ti_msp_dl_config.o (.rodata.gservoClockConfig)
                  00005cdc    00000003     app_topic3.o (.rodata.str1.1238509774206116888.1)
                  00005cdf    00000003     app_topic3.o (.rodata.str1.14733247285861733932.1)
                  00005ce2    00000003     app_topic4.o (.rodata.str1.3324336608729804269.1)
                  00005ce5    00000002     ti_msp_dl_config.o (.rodata.gZDT_X35ClockConfig)
                  00005ce7    00000002     ti_msp_dl_config.o (.rodata.gas5600ClockConfig)
                  00005ce9    00000002     ti_msp_dl_config.o (.rodata.gdebugClockConfig)
                  00005ceb    00000002     ti_msp_dl_config.o (.rodata.gfishpathClockConfig)
                  00005ced    00000002     ti_msp_dl_config.o (.rodata.gmaixcamClockConfig)
                  00005cef    00000001     --HOLE-- [fill = 0]

.init_array 
*          0    00000000    00000000     UNINITIALIZED

.binit     0    00000000    00000000     

.bss       0    20200000    000007ea     UNINITIALIZED
                  20200000    00000400     drv_uart.o (.bss.uart1_rx_buf)
                  20200400    000000bc     (.common:gBLDCBackup)
                  202004bc    000000bc     (.common:gMOTOR_MG310Backup)
                  20200578    000000a0     (.common:gGET_MPU6050Backup)
                  20200618    00000080     drv_zdt_x35_uart.o (.bss.g_zdt_x35_rx_buffer)
                  20200698    00000080     drv_uart.o (.bss.uart0_rx_buf)
                  20200718    00000030     (.common:gmaixcamBackup)
                  20200748    00000014     app_topic.o (.bss.btn_enter)
                  2020075c    00000014     app_topic.o (.bss.btn_next)
                  20200770    00000014     app_topic2.o (.bss.topic2_button)
                  20200784    0000000c     mid_xunji.o (.bss.sensor_pending)
                  20200790    0000000c     mid_xunji.o (.bss.sensor_raw)
                  2020079c    00000004     mid_xunji.o (.bss.base_speed)
                  202007a0    00000004     mid_xunji.o (.bss.error_raw)
                  202007a4    00000004     app_topic3.o (.bss.g_last_motor_position)
                  202007a8    00000004     app_topic3.o (.bss.g_last_motor_send_ms)
                  202007ac    00000004     drv_zdt_x35_uart.o (.bss.g_zdt_x35_rx_overflow_count)
                  202007b0    00000004     mid_xunji.o (.bss.left_duty)
                  202007b4    00000004     mid_xunji.o (.bss.position_raw)
                  202007b8    00000004     mid_xunji.o (.bss.right_duty)
                  202007bc    00000004     app_topic2.o (.bss.topic2_button_press_tick)
                  202007c0    00000004     app_topic2.o (.bss.topic2_last_oled_tick)
                  202007c4    00000004     app_topic2.o (.bss.topic2_last_time_display_ms)
                  202007c8    00000004     drv_uart.o (.bss.uart0_rx_overflow_count)
                  202007cc    00000002     mid_xunji.o (.bss.corner_turn_cycles)
                  202007ce    00000002     drv_zdt_x35_uart.o (.bss.g_zdt_x35_rx_head)
                  202007d0    00000002     drv_zdt_x35_uart.o (.bss.g_zdt_x35_rx_tail)
                  202007d2    00000002     drv_uart.o (.bss.uart0_rx_head)
                  202007d4    00000002     drv_uart.o (.bss.uart0_rx_tail)
                  202007d6    00000001     mid_xunji.o (.bss.active_sensor_count)
                  202007d7    00000001     mid_xunji.o (.bss.corner_center_count)
                  202007d8    00000001     mid_xunji.o (.bss.corner_event)
                  202007d9    00000001     mid_xunji.o (.bss.corner_mark_count)
                  202007da    00000001     mid_xunji.o (.bss.frame_index)
                  202007db    00000001     mid_xunji.o (.bss.frame_receiving)
                  202007dc    00000001     app_topic3.o (.bss.g_last_motor_position_valid)
                  202007dd    00000001     mid_xunji.o (.bss.has_seen_line)
                  202007de    00000001     mid_xunji.o (.bss.lost_line_count)
                  202007df    00000001     mid_xunji.o (.bss.sensor_online)
                  202007e0    00000001     app_topic2.o (.bss.topic2_lap_count)
                  202007e1    00000001     app_topic2.o (.bss.topic2_long_press_handled)
                  202007e2    00000001     app_topic2.o (.bss.topic2_oled_dirty)
                  202007e3    00000001     app_topic2.o (.bss.topic2_run_finished)
                  202007e4    00000001     app_topic2.o (.bss.topic2_run_started)
                  202007e5    00000001     app_topic2.o (.bss.topic2_start_line_active)
                  202007e6    00000001     app_topic2.o (.bss.topic2_start_line_confirm)
                  202007e7    00000001     app_topic2.o (.bss.topic2_start_line_release)
                  202007e8    00000001     app_topic2.o (.bss.topic2_target_laps)
                  202007e9    00000001     mid_xunji.o (.bss.tracking_state)

.data      0    202007ec    00000048     UNINITIALIZED
                  202007ec    00000020     mid_xunji.o (.data.g_pid_xunji)
                  2020080c    00000008     drv_encoder.o (.data.g_encoder)
                  20200814    00000004     mid_delay.o (.data.g_stopwatch_elapsed_ms)
                  20200818    00000004     mid_delay.o (.data.g_system_ms)
                  2020081c    00000004     drv_tim.o (.data.g_timebase_ms)
                  20200820    00000004     drv_uart.o (.data.vision_frame_count)
                  20200824    00000002     drv_uart.o (.data.parse_x)
                  20200826    00000002     drv_uart.o (.data.parse_y)
                  20200828    00000002     drv_uart.o (.data.uart1_rx_head)
                  2020082a    00000002     drv_uart.o (.data.uart1_rx_tail)
                  2020082c    00000002     drv_uart.o (.data.vision_x)
                  2020082e    00000002     drv_uart.o (.data.vision_y)
                  20200830    00000001     bsp_fishpath.o (.data.fishpath_running)
                  20200831    00000001     mid_delay.o (.data.g_stopwatch_running)
                  20200832    00000001     drv_uart.o (.data.parse_state)
                  20200833    00000001     app_topic.o (.data.topicselect)

.stack     0    20207e00    00000200     UNINITIALIZED
                  20207e00    00000004     libc.a : boot_cortex_m.c.obj (.stack)
                  20207e04    000001fc     --HOLE--

__llvm_prf_cnts 
*          0    20200000    00000000     UNINITIALIZED

__llvm_prf_bits 
*          0    20200000    00000000     UNINITIALIZED

MODULE SUMMARY

       Module                         code    ro data   rw data
       ------                         ----    -------   -------
    .\
       ti_msp_dl_config.o             3280    129       584    
       startup_mspm0g350x_ticlang.o   8       192       0      
       empty.o                        22      0         0      
    +--+------------------------------+-------+---------+---------+
       Total:                         3310    321       584    
                                                               
    .\MSPM0G3507\Application\
       app_topic3.o                   3888    337       9      
       app_topic4.o                   2086    244       0      
       app_topic2.o                   1268    119       41     
       app_topic.o                    284     32        41     
    +--+------------------------------+-------+---------+---------+
       Total:                         7526    732       91     
                                                               
    .\MSPM0G3507\BSP\
       bsp_OLED.o                     1326    1520      0      
       bsp_encoder.o                  476     40        0      
       bsp_button.o                   436     0         0      
       bsp_42step.o                   234     0         0      
       bsp_fishpath.o                 228     0         1      
    +--+------------------------------+-------+---------+---------+
       Total:                         2700    1560      1      
                                                               
    .\MSPM0G3507\Driver\
       drv_uart.o                     1448    0         1177   
       drv_zdt_x35_uart.o             574     0         136    
       drv_encoder.o                  624     0         8      
       drv_tim.o                      606     0         4      
    +--+------------------------------+-------+---------+---------+
       Total:                         3252    0         1325   
                                                               
    .\MSPM0G3507\Middleware\
       mid_xunji.o                    1564    24        88     
       mid_pid.o                      328     0         0      
       mid_delay.o                    266     0         9      
    +--+------------------------------+-------+---------+---------+
       Total:                         2158    24        97     
                                                               
    C:/ti/mspm0_sdk_2_10_00_04/source/ti/driverlib/lib/ticlang/m0p/mspm0g1x0x_g3x0x/driverlib.a
       dl_timer.o                     608     0         0      
       dl_uart.o                      118     0         0      
       dl_i2c.o                       38      0         0      
       dl_common.o                    10      0         0      
    +--+------------------------------+-------+---------+---------+
       Total:                         774     0         0      
                                                               
    D:\TI\ccs2050\ccs\tools\compiler\ti-cgt-armllvm_4.0.4.LTS\lib\armv6m-ti-none-eabi/c/libc.a
       copy_decompress_lzss.c.obj     124     0         0      
       autoinit.c.obj                 60      0         0      
       boot_cortex_m.c.obj            56      0         0      
       copy_decompress_none.c.obj     18      0         0      
       memcpy16.S.obj                 18      0         0      
       copy_zero_init.c.obj           16      0         0      
       memset16.S.obj                 14      0         0      
       exit.c.obj                     6       0         0      
       pre_init.c.obj                 4       0         0      
    +--+------------------------------+-------+---------+---------+
       Total:                         316     0         0      
                                                               
    D:\TI\ccs2050\ccs\tools\compiler\ti-cgt-armllvm_4.0.4.LTS\lib\armv6m-ti-none-eabi/c/libsysbm.a
       hostexit.c.obj                 4       0         0      
    +--+------------------------------+-------+---------+---------+
       Total:                         4       0         0      
                                                               
    D:\TI\ccs2050\ccs\tools\compiler\ti-cgt-armllvm_4.0.4.LTS\lib\armv6m-ti-none-eabi/libclang_rt.builtins.a
       addsf3.S.obj                   216     0         0      
       mulsf3.S.obj                   140     0         0      
       divsf3.S.obj                   130     0         0      
       comparesf2.S.obj               118     0         0      
       aeabi_fcmp.S.obj               98      0         0      
       aeabi_idivmod.S.obj            86      0         0      
       aeabi_uidivmod.S.obj           64      0         0      
       floatsisf.S.obj                60      0         0      
       muldsi3.S.obj                  58      0         0      
       fixsfsi.S.obj                  56      0         0      
       floatunsisf.S.obj              40      0         0      
       aeabi_memset.S.obj             12      0         0      
       aeabi_memcpy.S.obj             8       0         0      
       aeabi_div0.c.obj               2       0         0      
    +--+------------------------------+-------+---------+---------+
       Total:                         1088    0         0      
                                                               
       Stack:                         0       0         512    
       Linker Generated:              0       45        0      
    +--+------------------------------+-------+---------+---------+
       Grand Total:                   21128   2682      2610   


LINKER GENERATED COPY TABLES

__TI_cinit_table @ 00005d10 records: 2, size/record: 8, table size: 16
	.data: load addr=00005cfc, load size=00000009 bytes, run addr=202007ec, run size=00000048 bytes, compression=lzss
	.bss: load addr=00005d08, load size=00000008 bytes, run addr=20200000, run size=000007ea bytes, compression=zero_init


LINKER GENERATED HANDLER TABLE

__TI_handler_table @ 00005cf0 records: 3, size/record: 4, table size: 12
	index: 0, handler: __TI_decompress_lzss
	index: 1, handler: __TI_decompress_none
	index: 2, handler: __TI_zero_init


FAR CALL TRAMPOLINES

callee name               trampoline name
   callee addr  tramp addr   call addr  call info
--------------  -----------  ---------  ----------------
_c_int00_noargs           $Tramp$TT$L$PI$$_c_int00_noargs
   000049b5     0000534c     00005346   startup_mspm0g350x_ticlang.o (.text.Reset_Handler)

[1 trampolines]
[1 trampoline calls]


GLOBAL SYMBOLS: SORTED ALPHABETICALLY BY Name 

address   name                            
-------   ----                            
0000533f  ADC0_IRQHandler                 
0000533f  ADC1_IRQHandler                 
0000533f  AES_IRQHandler                  
00005342  C$$EXIT                         
0000533f  CANFD0_IRQHandler               
0000533f  DAC0_IRQHandler                 
00005309  DL_Common_delayCycles           
00004a03  DL_I2C_setClockConfig           
00001dfd  DL_Timer_initFourCCPWMMode      
00001f01  DL_Timer_initTimerMode          
00004c3d  DL_Timer_setCaptCompUpdateMethod
00004f01  DL_Timer_setCaptureCompareOutCtl
00005239  DL_Timer_setCaptureCompareValue 
00004c59  DL_Timer_setClockConfig         
00003d49  DL_UART_init                    
000051c1  DL_UART_setClockConfig          
00004cc9  DL_UART_transmitDataCheck       
0000533f  DMA_IRQHandler                  
0000533f  Default_Handler                 
0000533f  GROUP0_IRQHandler               
00004fd9  GROUP1_IRQHandler               
00005343  HOSTexit                        
0000533f  HardFault_Handler               
0000533f  I2C0_IRQHandler                 
0000533f  I2C1_IRQHandler                 
0000533f  NMI_Handler                     
00003929  OLED_Clear                      
00005360  OLED_F8x16                      
000017ef  OLED_I2C_Init                   
000039d7  OLED_I2C_SendByte               
00004a29  OLED_I2C_Start                  
00004ce5  OLED_I2C_Stop                   
00002369  OLED_Init                       
00004965  OLED_Pow                        
00004325  OLED_SetCursor                  
000027e1  OLED_ShowChar                   
000033e5  OLED_ShowNum                    
00002949  OLED_ShowSignedNum              
00003cfd  OLED_ShowString                 
00004245  OLED_W_SCL                      
0000427d  OLED_W_SDA                      
000047f5  OLED_WriteCommand               
0000481f  OLED_WriteData                  
0000533f  PendSV_Handler                  
0000533f  RTC_IRQHandler                  
00005347  Reset_Handler                   
0000533f  SPI0_IRQHandler                 
0000533f  SPI1_IRQHandler                 
0000533f  SVC_Handler                     
00002671  SYSCFG_DL_BLDC_init             
000043c9  SYSCFG_DL_GET_MPU6050_init      
000017f1  SYSCFG_DL_GPIO_init             
00002e4d  SYSCFG_DL_MG310_PWM_init        
000043fd  SYSCFG_DL_MOTOR_MG310_init      
00004849  SYSCFG_DL_SYSCTL_init           
000052a7  SYSCFG_DL_SYSTICK_init          
0000361d  SYSCFG_DL_ZDT_X35_init          
000038d1  SYSCFG_DL_as5600_init           
00003b79  SYSCFG_DL_debug_init            
00003e69  SYSCFG_DL_fishpath_init         
00003685  SYSCFG_DL_init                  
00001ffd  SYSCFG_DL_initPower             
00003d91  SYSCFG_DL_maixcam_init          
000036e9  SYSCFG_DL_servo_init            
00004589  Step42_Enable                   
00005327  Step42_Init                     
00002f65  Step42_MovePosition             
0000533f  SysTick_Handler                 
0000533f  TIMA0_IRQHandler                
00004499  TIMA1_IRQHandler                
0000533f  TIMG0_IRQHandler                
0000533f  TIMG12_IRQHandler               
000044c9  TIMG6_IRQHandler                
0000533f  TIMG7_IRQHandler                
0000533f  TIMG8_IRQHandler                
000051e5  TI_memcpy_small                 
00005299  TI_memset_small                 
000031f5  UART0_IRQHandler                
0000374d  UART1_IRQHandler                
00003271  UART2_IRQHandler                
000019b5  UART3_IRQHandler                
20208000  __STACK_END                     
00000200  __STACK_SIZE                    
00000000  __TI_ATRegion0_region_sz        
00000000  __TI_ATRegion0_src_addr         
00000000  __TI_ATRegion0_trg_addr         
00000000  __TI_ATRegion1_region_sz        
00000000  __TI_ATRegion1_src_addr         
00000000  __TI_ATRegion1_trg_addr         
00000000  __TI_ATRegion2_region_sz        
00000000  __TI_ATRegion2_src_addr         
00000000  __TI_ATRegion2_trg_addr         
00005d10  __TI_CINIT_Base                 
00005d20  __TI_CINIT_Limit                
00005d20  __TI_CINIT_Warm                 
00005cf0  __TI_Handler_Table_Base         
00005cfc  __TI_Handler_Table_Limit        
00004191  __TI_auto_init_nobinit_nopinit  
00003369  __TI_decompress_lzss            
000051f7  __TI_decompress_none            
ffffffff  __TI_pprof_out_hndl             
ffffffff  __TI_prof_data_size             
ffffffff  __TI_prof_data_start            
00000000  __TI_static_base__              
00005289  __TI_zero_init                  
000021cb  __addsf3                        
000042b5  __aeabi_f2iz                    
000021cb  __aeabi_fadd                    
000037b1  __aeabi_fcmpeq                  
000037ed  __aeabi_fcmpge                  
00003801  __aeabi_fcmpgt                  
000037d9  __aeabi_fcmple                  
000037c5  __aeabi_fcmplt                  
000030f1  __aeabi_fdiv                    
00002ed9  __aeabi_fmul                    
000021c1  __aeabi_fsub                    
000040a1  __aeabi_i2f                     
00003981  __aeabi_idiv                    
000029f7  __aeabi_idiv0                   
00003981  __aeabi_idivmod                 
000052b5  __aeabi_memclr                  
000052b5  __aeabi_memclr4                 
000052b5  __aeabi_memclr8                 
00005331  __aeabi_memcpy                  
00005331  __aeabi_memcpy4                 
00005331  __aeabi_memcpy8                 
0000498d  __aeabi_ui2f                    
00003ea9  __aeabi_uidiv                   
00003ea9  __aeabi_uidivmod                
ffffffff  __binit__                       
000041cd  __cmpsf2                        
000030f1  __divsf3                        
000041cd  __eqsf2                         
000042b5  __fixsfsi                       
000040a1  __floatsisf                     
0000498d  __floatunsisf                   
000040dd  __gesf2                         
000040dd  __gtsf2                         
000041cd  __lesf2                         
000041cd  __ltsf2                         
UNDEFED   __mpu_init                      
00004209  __muldsi3                       
00002ed9  __mulsf3                        
000041cd  __nesf2                         
20207e00  __stack                         
20200000  __start___llvm_prf_bits         
20200000  __start___llvm_prf_cnts         
20200000  __stop___llvm_prf_bits          
20200000  __stop___llvm_prf_cnts          
000021c1  __subsf3                        
000049b5  _c_int00_noargs                 
UNDEFED   _system_post_cinit              
0000535d  _system_pre_init                
00005339  abort                           
ffffffff  binit                           
00003cb1  button_init                     
00004a4d  button_is_clicked               
000052c1  button_is_pressed               
00004a71  button_is_released              
00002437  button_update                   
00003ee9  delay_ms                        
000051d3  delay_us                        
00002c89  drv_timebase_get_ms             
00003dd9  drv_timebase_start              
00004745  drv_timebase_stop               
00003875  drv_uart0_init                  
00004d01  drv_uart1_available             
0000513d  drv_uart1_flush                 
00004771  drv_uart1_init                  
00003a2d  drv_uart1_read                  
00002d21  drv_uart_print_num              
000045b7  drv_uart_send_string            
000052cd  drv_vision_get_frame_count      
000052d9  drv_vision_get_x                
000032ed  drv_vision_uart3_init           
000035b1  drv_zdt_x35_uart_init           
00002aa1  drv_zdt_x35_uart_write          
000044f9  fishpath_init                   
000052e5  fishpath_start                  
00005151  fishpath_stop                   
00002db9  fishpath_update                 
20200400  gBLDCBackup                     
20200578  gGET_MPU6050Backup              
202004bc  gMOTOR_MG310Backup              
202007ec  g_pid_xunji                     
00005249  get_system_ms                   
20200718  gmaixcamBackup                  
00000000  interruptVectors                
0000505f  main                            
00004a95  mg310_motorForward              
00003f29  mg310_motorInit                 
00005259  mg310_motorInitAll              
00003bc9  mg310_motorSetSpeed             
00004ab9  mg310_motorStop                 
00005269  mg310_motorStopAll              
0000479d  mid_stopwatch_get_elapsed_ms    
00004d1d  mid_stopwatch_start             
00004529  mid_stopwatch_stop              
00003fa9  pid_init                        
00001bed  pid_update                      
000020e5  topic                           
00003173  topic1                          
00001041  topic2                          
0000069d  topic3                          
00005313  topic4                          
0000531d  topic5                          
000035af  topic6                          
20200833  topicselect                     
2020082c  vision_x                        
2020082e  vision_y                        
000052f1  xunji_get_left_duty             
000052fd  xunji_get_right_duty            
000042ed  xunji_get_sensors               
00002895  xunji_init                      
00003175  xunji_reset_tracking            
00000d59  xunji_update                    


GLOBAL SYMBOLS: SORTED BY Symbol Address 

address   name                            
-------   ----                            
00000000  __TI_ATRegion0_region_sz        
00000000  __TI_ATRegion0_src_addr         
00000000  __TI_ATRegion0_trg_addr         
00000000  __TI_ATRegion1_region_sz        
00000000  __TI_ATRegion1_src_addr         
00000000  __TI_ATRegion1_trg_addr         
00000000  __TI_ATRegion2_region_sz        
00000000  __TI_ATRegion2_src_addr         
00000000  __TI_ATRegion2_trg_addr         
00000000  __TI_static_base__              
00000000  interruptVectors                
00000200  __STACK_SIZE                    
0000069d  topic3                          
00000d59  xunji_update                    
00001041  topic2                          
000017ef  OLED_I2C_Init                   
000017f1  SYSCFG_DL_GPIO_init             
000019b5  UART3_IRQHandler                
00001bed  pid_update                      
00001dfd  DL_Timer_initFourCCPWMMode      
00001f01  DL_Timer_initTimerMode          
00001ffd  SYSCFG_DL_initPower             
000020e5  topic                           
000021c1  __aeabi_fsub                    
000021c1  __subsf3                        
000021cb  __addsf3                        
000021cb  __aeabi_fadd                    
00002369  OLED_Init                       
00002437  button_update                   
00002671  SYSCFG_DL_BLDC_init             
000027e1  OLED_ShowChar                   
00002895  xunji_init                      
00002949  OLED_ShowSignedNum              
000029f7  __aeabi_idiv0                   
00002aa1  drv_zdt_x35_uart_write          
00002c89  drv_timebase_get_ms             
00002d21  drv_uart_print_num              
00002db9  fishpath_update                 
00002e4d  SYSCFG_DL_MG310_PWM_init        
00002ed9  __aeabi_fmul                    
00002ed9  __mulsf3                        
00002f65  Step42_MovePosition             
000030f1  __aeabi_fdiv                    
000030f1  __divsf3                        
00003173  topic1                          
00003175  xunji_reset_tracking            
000031f5  UART0_IRQHandler                
00003271  UART2_IRQHandler                
000032ed  drv_vision_uart3_init           
00003369  __TI_decompress_lzss            
000033e5  OLED_ShowNum                    
000035af  topic6                          
000035b1  drv_zdt_x35_uart_init           
0000361d  SYSCFG_DL_ZDT_X35_init          
00003685  SYSCFG_DL_init                  
000036e9  SYSCFG_DL_servo_init            
0000374d  UART1_IRQHandler                
000037b1  __aeabi_fcmpeq                  
000037c5  __aeabi_fcmplt                  
000037d9  __aeabi_fcmple                  
000037ed  __aeabi_fcmpge                  
00003801  __aeabi_fcmpgt                  
00003875  drv_uart0_init                  
000038d1  SYSCFG_DL_as5600_init           
00003929  OLED_Clear                      
00003981  __aeabi_idiv                    
00003981  __aeabi_idivmod                 
000039d7  OLED_I2C_SendByte               
00003a2d  drv_uart1_read                  
00003b79  SYSCFG_DL_debug_init            
00003bc9  mg310_motorSetSpeed             
00003cb1  button_init                     
00003cfd  OLED_ShowString                 
00003d49  DL_UART_init                    
00003d91  SYSCFG_DL_maixcam_init          
00003dd9  drv_timebase_start              
00003e69  SYSCFG_DL_fishpath_init         
00003ea9  __aeabi_uidiv                   
00003ea9  __aeabi_uidivmod                
00003ee9  delay_ms                        
00003f29  mg310_motorInit                 
00003fa9  pid_init                        
000040a1  __aeabi_i2f                     
000040a1  __floatsisf                     
000040dd  __gesf2                         
000040dd  __gtsf2                         
00004191  __TI_auto_init_nobinit_nopinit  
000041cd  __cmpsf2                        
000041cd  __eqsf2                         
000041cd  __lesf2                         
000041cd  __ltsf2                         
000041cd  __nesf2                         
00004209  __muldsi3                       
00004245  OLED_W_SCL                      
0000427d  OLED_W_SDA                      
000042b5  __aeabi_f2iz                    
000042b5  __fixsfsi                       
000042ed  xunji_get_sensors               
00004325  OLED_SetCursor                  
000043c9  SYSCFG_DL_GET_MPU6050_init      
000043fd  SYSCFG_DL_MOTOR_MG310_init      
00004499  TIMA1_IRQHandler                
000044c9  TIMG6_IRQHandler                
000044f9  fishpath_init                   
00004529  mid_stopwatch_stop              
00004589  Step42_Enable                   
000045b7  drv_uart_send_string            
00004745  drv_timebase_stop               
00004771  drv_uart1_init                  
0000479d  mid_stopwatch_get_elapsed_ms    
000047f5  OLED_WriteCommand               
0000481f  OLED_WriteData                  
00004849  SYSCFG_DL_SYSCTL_init           
00004965  OLED_Pow                        
0000498d  __aeabi_ui2f                    
0000498d  __floatunsisf                   
000049b5  _c_int00_noargs                 
00004a03  DL_I2C_setClockConfig           
00004a29  OLED_I2C_Start                  
00004a4d  button_is_clicked               
00004a71  button_is_released              
00004a95  mg310_motorForward              
00004ab9  mg310_motorStop                 
00004c3d  DL_Timer_setCaptCompUpdateMethod
00004c59  DL_Timer_setClockConfig         
00004cc9  DL_UART_transmitDataCheck       
00004ce5  OLED_I2C_Stop                   
00004d01  drv_uart1_available             
00004d1d  mid_stopwatch_start             
00004f01  DL_Timer_setCaptureCompareOutCtl
00004fd9  GROUP1_IRQHandler               
0000505f  main                            
0000513d  drv_uart1_flush                 
00005151  fishpath_stop                   
000051c1  DL_UART_setClockConfig          
000051d3  delay_us                        
000051e5  TI_memcpy_small                 
000051f7  __TI_decompress_none            
00005239  DL_Timer_setCaptureCompareValue 
00005249  get_system_ms                   
00005259  mg310_motorInitAll              
00005269  mg310_motorStopAll              
00005289  __TI_zero_init                  
00005299  TI_memset_small                 
000052a7  SYSCFG_DL_SYSTICK_init          
000052b5  __aeabi_memclr                  
000052b5  __aeabi_memclr4                 
000052b5  __aeabi_memclr8                 
000052c1  button_is_pressed               
000052cd  drv_vision_get_frame_count      
000052d9  drv_vision_get_x                
000052e5  fishpath_start                  
000052f1  xunji_get_left_duty             
000052fd  xunji_get_right_duty            
00005309  DL_Common_delayCycles           
00005313  topic4                          
0000531d  topic5                          
00005327  Step42_Init                     
00005331  __aeabi_memcpy                  
00005331  __aeabi_memcpy4                 
00005331  __aeabi_memcpy8                 
00005339  abort                           
0000533f  ADC0_IRQHandler                 
0000533f  ADC1_IRQHandler                 
0000533f  AES_IRQHandler                  
0000533f  CANFD0_IRQHandler               
0000533f  DAC0_IRQHandler                 
0000533f  DMA_IRQHandler                  
0000533f  Default_Handler                 
0000533f  GROUP0_IRQHandler               
0000533f  HardFault_Handler               
0000533f  I2C0_IRQHandler                 
0000533f  I2C1_IRQHandler                 
0000533f  NMI_Handler                     
0000533f  PendSV_Handler                  
0000533f  RTC_IRQHandler                  
0000533f  SPI0_IRQHandler                 
0000533f  SPI1_IRQHandler                 
0000533f  SVC_Handler                     
0000533f  SysTick_Handler                 
0000533f  TIMA0_IRQHandler                
0000533f  TIMG0_IRQHandler                
0000533f  TIMG12_IRQHandler               
0000533f  TIMG7_IRQHandler                
0000533f  TIMG8_IRQHandler                
00005342  C$$EXIT                         
00005343  HOSTexit                        
00005347  Reset_Handler                   
0000535d  _system_pre_init                
00005360  OLED_F8x16                      
00005cf0  __TI_Handler_Table_Base         
00005cfc  __TI_Handler_Table_Limit        
00005d10  __TI_CINIT_Base                 
00005d20  __TI_CINIT_Limit                
00005d20  __TI_CINIT_Warm                 
20200000  __start___llvm_prf_bits         
20200000  __start___llvm_prf_cnts         
20200000  __stop___llvm_prf_bits          
20200000  __stop___llvm_prf_cnts          
20200400  gBLDCBackup                     
202004bc  gMOTOR_MG310Backup              
20200578  gGET_MPU6050Backup              
20200718  gmaixcamBackup                  
202007ec  g_pid_xunji                     
2020082c  vision_x                        
2020082e  vision_y                        
20200833  topicselect                     
20207e00  __stack                         
20208000  __STACK_END                     
ffffffff  __TI_pprof_out_hndl             
ffffffff  __TI_prof_data_size             
ffffffff  __TI_prof_data_start            
ffffffff  __binit__                       
ffffffff  binit                           
UNDEFED   __mpu_init                      
UNDEFED   _system_post_cinit              

[216 symbols]
