******************************************************************************
            TI ARM Clang Linker PC v4.0.4                      
******************************************************************************
>> Linked Fri Jul 24 19:25:26 2026

OUTPUT FILE NAME:   <first.out>
ENTRY POINT SYMBOL: "_c_int00_noargs"  address: 00002149


MEMORY CONFIGURATION

         name            origin    length      used     unused   attr    fill
----------------------  --------  ---------  --------  --------  ----  --------
  FLASH                 00000000   00020000  00002c48  0001d3b8  R  X
  SRAM                  20200000   00008000  000008f1  0000770f  RW X
  BCR_CONFIG            41c00000   000000ff  00000000  000000ff  R   
  BSL_CONFIG            41c00100   00000080  00000000  00000080  R   


SEGMENT ALLOCATION MAP

run origin  load origin   length   init length attrs members
----------  ----------- ---------- ----------- ----- -------
00000000    00000000    00002c48   00002c48    r-x
  00000000    00000000    000000c0   000000c0    r-- .intvecs
  000000c0    000000c0    000028c0   000028c0    r-x .text
  00002980    00002980    00000298   00000298    r-- .rodata
  00002c18    00002c18    00000030   00000030    r-- .cinit
20200000    20200000    000006f1   00000000    rw-
  20200000    20200000    000006e0   00000000    rw- .bss
  202006e0    202006e0    00000011   00000000    rw- .data
20207e00    20207e00    00000200   00000000    rw-
  20207e00    20207e00    00000200   00000000    rw- .stack


SECTION ALLOCATION MAP

 output                                  attributes/
section   page    origin      length       input sections
--------  ----  ----------  ----------   ----------------
.intvecs   0    00000000    000000c0     
                  00000000    000000c0     startup_mspm0g350x_ticlang.o (.intvecs)

.text      0    000000c0    000028c0     
                  000000c0    000001ca     bsp_motor_ctrl.o (.text.motor_ctrl_update)
                  0000028a    00000002     libclang_rt.builtins.a : aeabi_div0.c.obj (.text.__aeabi_idiv0)
                  0000028c    000001a8     app_motor_ctrl_test.o (.text.app_motor_position_test)
                  00000434    00000184     ti_msp_dl_config.o (.text.SYSCFG_DL_GPIO_init)
                  000005b8    00000160     bsp_motor_ctrl.o (.text.check_motor_feedback)
                  00000718    00000118     drv_encoder.o (.text.encoder_init)
                  00000830    00000108     drv_encoder.o (.text.encoder_update_speed)
                  00000938    00000108     mid_pid.o (.text.pid_update)
                  00000a40    00000104     driverlib.a : dl_timer.o (.text.DL_Timer_initFourCCPWMMode)
                  00000b44    000000fc                 : dl_timer.o (.text.DL_Timer_initTimerMode)
                  00000c40    000000d8     libclang_rt.builtins.a : addsf3.S.obj (.text)
                  00000d18    000000d4     bsp_motor_ctrl.o (.text.motor_ctrl_init)
                  00000dec    000000d4     app_motor_ctrl_test.o (.text.print_status)
                  00000ec0    000000b8     ti_msp_dl_config.o (.text.SYSCFG_DL_BLDC_init)
                  00000f78    000000b0     ti_msp_dl_config.o (.text.SYSCFG_DL_initPower)
                  00001028    000000aa     mid_pid.o (.text.pid_update_incremental_pi)
                  000010d2    00000002     --HOLE-- [fill = 0]
                  000010d4    000000a0     bsp_encoder.o (.text.mg310_setDirectionPins)
                  00001174    00000098     drv_uart.o (.text.drv_uart_print_num)
                  0000120c    0000008c     ti_msp_dl_config.o (.text.SYSCFG_DL_MG310_PWM_init)
                  00001298    0000008c     libclang_rt.builtins.a : mulsf3.S.obj (.text.__mulsf3)
                  00001324    00000084     ti_msp_dl_config.o (.text.__NVIC_SetPriority)
                  000013a8    00000082     libclang_rt.builtins.a : divsf3.S.obj (.text.__divsf3)
                  0000142a    00000002     --HOLE-- [fill = 0]
                  0000142c    0000007c     libc.a : copy_decompress_lzss.c.obj (.text:decompress:lzss)
                  000014a8    00000070     bsp_motor_ctrl.o (.text.apply_duty)
                  00001518    0000006a     drv_encoder.o (.text.encoder_lower_pin_rising_polarity)
                  00001582    00000002     --HOLE-- [fill = 0]
                  00001584    00000068     drv_uart.o (.text.UART1_IRQHandler)
                  000015ec    00000062     libclang_rt.builtins.a : aeabi_fcmp.S.obj (.text.__aeabi_fcmp)
                  0000164e    00000002     --HOLE-- [fill = 0]
                  00001650    00000060     drv_encoder.o (.text.encoder_handle_gpiob)
                  000016b0    00000060     drv_encoder.o (.text.encoder_reset_count)
                  00001710    00000058     ti_msp_dl_config.o (.text.SYSCFG_DL_as5600_init)
                  00001768    00000056     libclang_rt.builtins.a : aeabi_idivmod.S.obj (.text.__aeabi_idivmod)
                  000017be    00000002     --HOLE-- [fill = 0]
                  000017c0    00000054     drv_uart.o (.text.uart0_write_byte)
                  00001814    00000050     ti_msp_dl_config.o (.text.DL_GPIO_initPeripheralInputFunctionFeatures)
                  00001864    00000050     ti_msp_dl_config.o (.text.SYSCFG_DL_debug_init)
                  000018b4    00000050     ti_msp_dl_config.o (.text.SYSCFG_DL_init)
                  00001904    00000050     bsp_encoder.o (.text.mg310_motorSetSpeed)
                  00001954    0000004c     ti_msp_dl_config.o (.text.DL_GPIO_initDigitalInputFeatures)
                  000019a0    0000004c     ti_msp_dl_config.o (.text.DL_UART_setBaudRateDivisor)
                  000019ec    0000004a     bsp_motor_ctrl.o (.text.motor_ctrl_set_position)
                  00001a36    00000002     --HOLE-- [fill = 0]
                  00001a38    00000048     driverlib.a : dl_uart.o (.text.DL_UART_init)
                  00001a80    00000048     drv_encoder.o (.text.encoder_count_a_rising)
                  00001ac8    00000044     app_motor_ctrl_test.o (.text.update_both_motors)
                  00001b0c    00000042     bsp_motor_ctrl.o (.text.motor_ctrl_stop)
                  00001b4e    00000002     --HOLE-- [fill = 0]
                  00001b50    00000040     ti_msp_dl_config.o (.text.SYSCFG_DL_f32c_init)
                  00001b90    00000040     ti_msp_dl_config.o (.text.SYSCFG_DL_fishpath_init)
                  00001bd0    00000040     libclang_rt.builtins.a : aeabi_uidivmod.S.obj (.text.__aeabi_uidivmod)
                  00001c10    00000040     mid_delay.o (.text.delay_ms)
                  00001c50    00000040     bsp_encoder.o (.text.mg310_motorInit)
                  00001c90    00000040     mid_pid.o (.text.pid_init)
                  00001cd0    0000003e     bsp_motor_ctrl.o (.text.enter_fault)
                  00001d0e    00000002     --HOLE-- [fill = 0]
                  00001d10    0000003c     ti_msp_dl_config.o (.text.DL_Timer_setCounterControl)
                  00001d4c    0000003c     libclang_rt.builtins.a : floatsisf.S.obj (.text.__floatsisf)
                  00001d88    0000003c                            : comparesf2.S.obj (.text.__gtsf2)
                  00001dc4    0000003c     libc.a : autoinit.c.obj (.text:__TI_auto_init_nobinit_nopinit)
                  00001e00    0000003a     libclang_rt.builtins.a : comparesf2.S.obj (.text.__eqsf2)
                  00001e3a    00000002     --HOLE-- [fill = 0]
                  00001e3c    0000003a                            : muldsi3.S.obj (.text.__muldsi3)
                  00001e76    00000002     --HOLE-- [fill = 0]
                  00001e78    00000038                            : fixsfsi.S.obj (.text.__fixsfsi)
                  00001eb0    00000038     drv_encoder.o (.text.encoder_enable_motor_a_gpio_irq)
                  00001ee8    00000038     drv_encoder.o (.text.encoder_enable_motor_b_gpio_irq)
                  00001f20    00000038     app_motor_ctrl_test.o (.text.print_sign)
                  00001f58    00000038     app_motor_ctrl_test.o (.text.speed_timer_is_running)
                  00001f90    00000034     ti_msp_dl_config.o (.text.SYSCFG_DL_MOTOR_MG310_init)
                  00001fc4    00000030     drv_encoder.o (.text.TIMA1_IRQHandler)
                  00001ff4    0000002e     drv_uart.o (.text.drv_uart_send_string)
                  00002022    00000002     --HOLE-- [fill = 0]
                  00002024    0000002c     drv_encoder.o (.text.__NVIC_ClearPendingIRQ)
                  00002050    0000002c     drv_encoder.o (.text.__NVIC_EnableIRQ)
                  0000207c    0000002a     ti_msp_dl_config.o (.text.SYSCFG_DL_SYSCTL_init)
                  000020a6    00000028     ti_msp_dl_config.o (.text.DL_Common_updateReg)
                  000020ce    00000002     --HOLE-- [fill = 0]
                  000020d0    00000028     ti_msp_dl_config.o (.text.DL_I2C_setControllerRXFIFOThreshold)
                  000020f8    00000028     ti_msp_dl_config.o (.text.DL_I2C_setControllerTXFIFOThreshold)
                  00002120    00000028     ti_msp_dl_config.o (.text.DL_SYSTICK_init)
                  00002148    00000028     libc.a : boot_cortex_m.c.obj (.text:_c_int00_noargs)
                  00002170    00000026     ti_msp_dl_config.o (.text.DL_I2C_setAnalogGlitchFilterPulseWidth)
                  00002196    00000026     driverlib.a : dl_i2c.o (.text.DL_I2C_setClockConfig)
                  000021bc    00000024     bsp_encoder.o (.text.mg310_motorForward)
                  000021e0    00000024     bsp_encoder.o (.text.mg310_motorReverse)
                  00002204    00000024     bsp_encoder.o (.text.mg310_motorStop)
                  00002228    00000024     app_motor_ctrl_test.o (.text.set_both_position)
                  0000224c    00000020     ti_msp_dl_config.o (.text.DL_GPIO_initPeripheralInputFunction)
                  0000226c    00000020     mid_delay.o (.text.tick_poll)
                  0000228c    0000001e     ti_msp_dl_config.o (.text.DL_UART_setOversampling)
                  000022aa    00000002     --HOLE-- [fill = 0]
                  000022ac    0000001c     drv_encoder.o (.text.DL_GPIO_clearInterruptStatus)
                  000022c8    0000001c     drv_encoder.o (.text.DL_GPIO_disableInterrupt)
                  000022e4    0000001c     ti_msp_dl_config.o (.text.DL_GPIO_enableHiZ)
                  00002300    0000001c     drv_encoder.o (.text.DL_GPIO_enableInterrupt)
                  0000231c    0000001c     ti_msp_dl_config.o (.text.DL_GPIO_initPeripheralOutputFunction)
                  00002338    0000001c     drv_encoder.o (.text.DL_GPIO_setLowerPinsPolarity)
                  00002354    0000001c     drv_encoder.o (.text.DL_Interrupt_getPendingGroup)
                  00002370    0000001c     ti_msp_dl_config.o (.text.DL_SYSCTL_setMCLKDivider)
                  0000238c    0000001c     ti_msp_dl_config.o (.text.DL_SYSCTL_setSYSOSCFreq)
                  000023a8    0000001c     ti_msp_dl_config.o (.text.DL_SYSCTL_setULPCLKDivider)
                  000023c4    0000001c     ti_msp_dl_config.o (.text.DL_Timer_enableInterrupt)
                  000023e0    0000001c     driverlib.a : dl_timer.o (.text.DL_Timer_setCaptCompUpdateMethod)
                  000023fc    0000001c                 : dl_timer.o (.text.DL_Timer_setClockConfig)
                  00002418    0000001c     ti_msp_dl_config.o (.text.DL_UART_enableInterrupt)
                  00002434    0000001c     driverlib.a : dl_uart.o (.text.DL_UART_transmitDataCheck)
                  00002450    00000018     ti_msp_dl_config.o (.text.DL_GPIO_enableOutput)
                  00002468    00000018     ti_msp_dl_config.o (.text.DL_GPIO_enablePower)
                  00002480    00000018     drv_encoder.o (.text.DL_GPIO_getEnabledInterruptStatus)
                  00002498    00000018     ti_msp_dl_config.o (.text.DL_GPIO_initDigitalOutput)
                  000024b0    00000018     ti_msp_dl_config.o (.text.DL_GPIO_reset)
                  000024c8    00000018     bsp_encoder.o (.text.DL_GPIO_setPins)
                  000024e0    00000018     bsp_led.o (.text.DL_GPIO_setPins)
                  000024f8    00000018     ti_msp_dl_config.o (.text.DL_GPIO_setPins)
                  00002510    00000018     bsp_led.o (.text.DL_GPIO_togglePins)
                  00002528    00000018     ti_msp_dl_config.o (.text.DL_I2C_enableAnalogGlitchFilter)
                  00002540    00000018     ti_msp_dl_config.o (.text.DL_I2C_enableController)
                  00002558    00000018     ti_msp_dl_config.o (.text.DL_I2C_enableControllerClockStretching)
                  00002570    00000018     ti_msp_dl_config.o (.text.DL_I2C_enablePower)
                  00002588    00000018     ti_msp_dl_config.o (.text.DL_I2C_reset)
                  000025a0    00000018     ti_msp_dl_config.o (.text.DL_I2C_setTimerPeriod)
                  000025b8    00000018     ti_msp_dl_config.o (.text.DL_SYSCTL_setBORThreshold)
                  000025d0    00000018     ti_msp_dl_config.o (.text.DL_Timer_enablePower)
                  000025e8    00000018     ti_msp_dl_config.o (.text.DL_Timer_reset)
                  00002600    00000018     driverlib.a : dl_timer.o (.text.DL_Timer_setCaptureCompareOutCtl)
                  00002618    00000018     bsp_encoder.o (.text.DL_Timer_startCounter)
                  00002630    00000018     drv_encoder.o (.text.DL_Timer_startCounter)
                  00002648    00000018     ti_msp_dl_config.o (.text.DL_UART_enablePower)
                  00002660    00000018     ti_msp_dl_config.o (.text.DL_UART_reset)
                  00002678    00000018     drv_encoder.o (.text.GROUP1_IRQHandler)
                  00002690    00000018     app_motor_ctrl_test.o (.text.stop_both_motors)
                  000026a8    00000016     drv_encoder.o (.text.DL_GPIO_readPins)
                  000026be    00000016     drv_uart.o (.text.DL_UART_enable)
                  000026d4    00000016     ti_msp_dl_config.o (.text.DL_UART_enable)
                  000026ea    00000016     empty.o (.text.main)
                  00002700    00000016     bsp_motor_ctrl.o (.text.reset_pid_state)
                  00002716    00000014     bsp_encoder.o (.text.DL_GPIO_clearPins)
                  0000272a    00000014     bsp_led.o (.text.DL_GPIO_clearPins)
                  0000273e    00000014     ti_msp_dl_config.o (.text.DL_GPIO_clearPins)
                  00002752    00000002     --HOLE-- [fill = 0]
                  00002754    00000014     ti_msp_dl_config.o (.text.DL_I2C_resetControllerTransfer)
                  00002768    00000014     ti_msp_dl_config.o (.text.DL_SYSCTL_disableSYSPLL)
                  0000277c    00000014     ti_msp_dl_config.o (.text.DL_Timer_enableClock)
                  00002790    00000014     ti_msp_dl_config.o (.text.DL_Timer_setCCPDirection)
                  000027a4    00000014     drv_uart.o (.text.DL_UART_receiveData)
                  000027b8    00000014     bsp_led.o (.text.use_led_OFF)
                  000027cc    00000014     bsp_led.o (.text.use_led_ON)
                  000027e0    00000014     bsp_led.o (.text.use_led_TOGGLE)
                  000027f4    00000012     drv_encoder.o (.text.DL_Timer_getPendingInterrupt)
                  00002806    00000012     drv_uart.o (.text.DL_UART_getPendingInterrupt)
                  00002818    00000012     driverlib.a : dl_uart.o (.text.DL_UART_setClockConfig)
                  0000282a    00000012     mid_delay.o (.text.delay_us)
                  0000283c    00000012     libc.a : memcpy16.S.obj (.text:TI_memcpy_small)
                  0000284e    00000012            : copy_decompress_none.c.obj (.text:decompress:none)
                  00002860    00000010     ti_msp_dl_config.o (.text.DL_SYSCTL_disableHFXT)
                  00002870    00000010     mid_delay.o (.text.DL_SYSTICK_enable)
                  00002880    00000010     driverlib.a : dl_timer.o (.text.DL_Timer_setCaptureCompareValue)
                  00002890    00000010     drv_uart.o (.text.drv_uart0_init)
                  000028a0    00000010     mid_delay.o (.text.get_system_ms)
                  000028b0    00000010     libc.a : copy_zero_init.c.obj (.text:decompress:ZI)
                  000028c0    0000000e     bsp_motor_ctrl.o (.text.motor_ctrl_get_duty)
                  000028ce    0000000e     bsp_motor_ctrl.o (.text.motor_ctrl_get_fault)
                  000028dc    0000000e     bsp_motor_ctrl.o (.text.motor_ctrl_get_position)
                  000028ea    0000000e     bsp_motor_ctrl.o (.text.motor_ctrl_get_speed)
                  000028f8    0000000e     libc.a : memset16.S.obj (.text:TI_memset_small)
                  00002906    0000000c     ti_msp_dl_config.o (.text.SYSCFG_DL_SYSTICK_init)
                  00002912    00000002     --HOLE-- [fill = 0]
                  00002914    0000000c     libclang_rt.builtins.a : aeabi_memset.S.obj (.text.__aeabi_memclr)
                  00002920    0000000c     drv_encoder.o (.text.encoder_get_count)
                  0000292c    0000000c     drv_encoder.o (.text.encoder_get_speed)
                  00002938    0000000c     drv_encoder.o (.text.encoder_get_speed_sample_sequence)
                  00002944    0000000a     driverlib.a : dl_common.o (.text.DL_Common_delayCycles)
                  0000294e    00000002     --HOLE-- [fill = 0]
                  00002950    00000008     libclang_rt.builtins.a : aeabi_memcpy.S.obj (.text.__aeabi_memcpy)
                  00002958    00000006     libc.a : exit.c.obj (.text:abort)
                  0000295e    00000004     startup_mspm0g350x_ticlang.o (.text.Default_Handler)
                  00002962    00000004     libsysbm.a : hostexit.c.obj (.text.HOSTexit)
                  00002966    00000004     startup_mspm0g350x_ticlang.o (.text.Reset_Handler)
                  0000296a    00000002     --HOLE-- [fill = 0]
                  0000296c    00000010     libc.a : boot_cortex_m.c.obj (.tramp._c_int00_noargs.1)
                  0000297c    00000004            : pre_init.c.obj (.text._system_pre_init)

.cinit     0    00002c18    00000030     
                  00002c18    0000000c     (__TI_handler_table)
                  00002c24    00000008     (.cinit..bss.load) [load image, compression = zero_init]
                  00002c2c    00000007     (.cinit..data.load) [load image, compression = lzss]
                  00002c33    00000001     --HOLE-- [fill = 0]
                  00002c34    00000010     (__TI_cinit_table)
                  00002c44    00000004     --HOLE-- [fill = 0]

.rodata    0    00002980    00000298     
                  00002980    00000038     app_motor_ctrl_test.o (.rodata.str1.17832946328077030672.1)
                  000029b8    00000035     app_motor_ctrl_test.o (.rodata.str1.17502355188942182258.1)
                  000029ed    00000033     app_motor_ctrl_test.o (.rodata.str1.7312474932961916631.1)
                  00002a20    0000002d     app_motor_ctrl_test.o (.rodata.str1.12116298404827076951.1)
                  00002a4d    0000002c     app_motor_ctrl_test.o (.rodata.str1.15191560466975228626.1)
                  00002a79    0000002b     app_motor_ctrl_test.o (.rodata.str1.6199884976749641844.1)
                  00002aa4    0000002a     app_motor_ctrl_test.o (.rodata.str1.1657592255248072627.1)
                  00002ace    00000002     ti_msp_dl_config.o (.rodata.gas5600ClockConfig)
                  00002ad0    00000028     bsp_encoder.o (.rodata.gMotorCfg)
                  00002af8    00000021     app_motor_ctrl_test.o (.rodata.str1.10183941353181660037.1)
                  00002b19    00000021     app_motor_ctrl_test.o (.rodata.str1.4307058153471069289.1)
                  00002b3a    0000001e     app_motor_ctrl_test.o (.rodata.str1.12498545488605240788.1)
                  00002b58    00000014     ti_msp_dl_config.o (.rodata.gMOTOR_MG310TimerConfig)
                  00002b6c    00000012     app_motor_ctrl_test.o (.rodata.str1.18405500302017339441.1)
                  00002b7e    00000002     ti_msp_dl_config.o (.rodata.gdebugClockConfig)
                  00002b80    00000010     app_motor_ctrl_test.o (.rodata.app_motor_position_test.position_targets)
                  00002b90    0000000a     ti_msp_dl_config.o (.rodata.gdebugConfig)
                  00002b9a    0000000a     ti_msp_dl_config.o (.rodata.gf32cConfig)
                  00002ba4    0000000a     ti_msp_dl_config.o (.rodata.gfishpathConfig)
                  00002bae    0000000a     app_motor_ctrl_test.o (.rodata.str1.16660018524273672509.1)
                  00002bb8    0000000a     app_motor_ctrl_test.o (.rodata.str1.7276604178352407125.1)
                  00002bc2    00000009     app_motor_ctrl_test.o (.rodata.str1.9867602164371211858.1)
                  00002bcb    00000001     --HOLE-- [fill = 0]
                  00002bcc    00000008     ti_msp_dl_config.o (.rodata.gBLDCConfig)
                  00002bd4    00000008     ti_msp_dl_config.o (.rodata.gMG310_PWMConfig)
                  00002bdc    00000008     app_motor_ctrl_test.o (.rodata.str1.5025255284176520133.1)
                  00002be4    00000007     app_motor_ctrl_test.o (.rodata.str1.9748686243579302897.1)
                  00002beb    00000006     app_motor_ctrl_test.o (.rodata.str1.14413715756261154883.1)
                  00002bf1    00000005     app_motor_ctrl_test.o (.rodata.str1.17448506674311038659.1)
                  00002bf6    00000004     bsp_motor_ctrl.o (.rodata.g_enc_pins)
                  00002bfa    00000004     app_motor_ctrl_test.o (.rodata.str1.7160327092551749505.1)
                  00002bfe    00000003     ti_msp_dl_config.o (.rodata.gBLDCClockConfig)
                  00002c01    00000003     ti_msp_dl_config.o (.rodata.gMG310_PWMClockConfig)
                  00002c04    00000003     ti_msp_dl_config.o (.rodata.gMOTOR_MG310ClockConfig)
                  00002c07    00000003     app_motor_ctrl_test.o (.rodata.str1.1755958429345902625.1)
                  00002c0a    00000002     ti_msp_dl_config.o (.rodata.gf32cClockConfig)
                  00002c0c    00000002     ti_msp_dl_config.o (.rodata.gfishpathClockConfig)
                  00002c0e    00000002     app_motor_ctrl_test.o (.rodata.str1.11650265009223047789.1)
                  00002c10    00000002     app_motor_ctrl_test.o (.rodata.str1.2986020502926606830.1)
                  00002c12    00000006     --HOLE-- [fill = 0]

.init_array 
*          0    00000000    00000000     UNINITIALIZED

.binit     0    00000000    00000000     

.bss       0    20200000    000006e0     UNINITIALIZED
                  20200000    00000400     drv_uart.o (.bss.uart1_rx_buf)
                  20200400    000000bc     (.common:gBLDCBackup)
                  202004bc    000000bc     (.common:gMOTOR_MG310Backup)
                  20200578    0000009c     app_motor_ctrl_test.o (.bss.g_mc_a)
                  20200614    0000009c     app_motor_ctrl_test.o (.bss.g_mc_b)
                  202006b0    00000030     (.common:gf32cBackup)

.data      0    202006e0    00000011     UNINITIALIZED
                  202006e0    00000008     drv_encoder.o (.data.g_encoder)
                  202006e8    00000004     mid_delay.o (.data.g_system_ms)
                  202006ec    00000002     drv_uart.o (.data.uart1_rx_head)
                  202006ee    00000002     drv_uart.o (.data.uart1_rx_tail)
                  202006f0    00000001     drv_encoder.o (.data.g_timer_started)

.stack     0    20207e00    00000200     UNINITIALIZED
                  20207e00    00000004     libc.a : boot_cortex_m.c.obj (.stack)
                  20207e04    000001fc     --HOLE--

__llvm_prf_cnts 
*          0    20200000    00000000     UNINITIALIZED

__llvm_prf_bits 
*          0    20200000    00000000     UNINITIALIZED

MODULE SUMMARY

       Module                         code    ro data   rw data
       ------                         ----    -------   -------
    .\
       ti_msp_dl_config.o             2772    83        424    
       startup_mspm0g350x_ticlang.o   8       192       0      
       empty.o                        22      0         0      
    +--+------------------------------+-------+---------+---------+
       Total:                         2802    275       424    
                                                               
    .\MSPM0G3507\Application\
       app_motor_ctrl_test.o          876     530       312    
    +--+------------------------------+-------+---------+---------+
       Total:                         876     530       312    
                                                               
    .\MSPM0G3507\BSP\
       bsp_motor_ctrl.o               1414    4         0      
       bsp_encoder.o                  480     40        0      
       bsp_led.o                      128     0         0      
    +--+------------------------------+-------+---------+---------+
       Total:                         2022    44        0      
                                                               
    .\MSPM0G3507\Driver\
       drv_uart.o                     462     0         1028   
       drv_encoder.o                  1450    0         9      
    +--+------------------------------+-------+---------+---------+
       Total:                         1912    0         1037   
                                                               
    .\MSPM0G3507\Middleware\
       mid_pid.o                      498     0         0      
       mid_delay.o                    146     0         4      
    +--+------------------------------+-------+---------+---------+
       Total:                         644     0         4      
                                                               
    C:/TI/mspm0_sdk_2_10_00_04/source/ti/driverlib/lib/ticlang/m0p/mspm0g1x0x_g3x0x/driverlib.a
       dl_timer.o                     608     0         0      
       dl_uart.o                      118     0         0      
       dl_i2c.o                       38      0         0      
       dl_common.o                    10      0         0      
    +--+------------------------------+-------+---------+---------+
       Total:                         774     0         0      
                                                               
    E:\ccs\ccs\tools\compiler\ti-cgt-armllvm_4.0.4.LTS\lib\armv6m-ti-none-eabi/c/libc.a
       copy_decompress_lzss.c.obj     124     0         0      
       autoinit.c.obj                 60      0         0      
       boot_cortex_m.c.obj            56      0         0      
       copy_decompress_none.c.obj     18      0         0      
       memcpy16.S.obj                 18      0         0      
       copy_zero_init.c.obj           16      0         0      
       memset16.S.obj                 14      0         0      
       exit.c.obj                     6       0         0      
       pre_init.c.obj                 4       0         0      
    +--+------------------------------+-------+---------+---------+
       Total:                         316     0         0      
                                                               
    E:\ccs\ccs\tools\compiler\ti-cgt-armllvm_4.0.4.LTS\lib\armv6m-ti-none-eabi/c/libsysbm.a
       hostexit.c.obj                 4       0         0      
    +--+------------------------------+-------+---------+---------+
       Total:                         4       0         0      
                                                               
    E:\ccs\ccs\tools\compiler\ti-cgt-armllvm_4.0.4.LTS\lib\armv6m-ti-none-eabi/libclang_rt.builtins.a
       addsf3.S.obj                   216     0         0      
       mulsf3.S.obj                   140     0         0      
       divsf3.S.obj                   130     0         0      
       comparesf2.S.obj               118     0         0      
       aeabi_fcmp.S.obj               98      0         0      
       aeabi_idivmod.S.obj            86      0         0      
       aeabi_uidivmod.S.obj           64      0         0      
       floatsisf.S.obj                60      0         0      
       muldsi3.S.obj                  58      0         0      
       fixsfsi.S.obj                  56      0         0      
       aeabi_memset.S.obj             12      0         0      
       aeabi_memcpy.S.obj             8       0         0      
       aeabi_div0.c.obj               2       0         0      
    +--+------------------------------+-------+---------+---------+
       Total:                         1048    0         0      
                                                               
       Stack:                         0       0         512    
       Linker Generated:              0       43        0      
    +--+------------------------------+-------+---------+---------+
       Grand Total:                   10398   892       2289   


LINKER GENERATED COPY TABLES

__TI_cinit_table @ 00002c34 records: 2, size/record: 8, table size: 16
	.bss: load addr=00002c24, load size=00000008 bytes, run addr=20200000, run size=000006e0 bytes, compression=zero_init
	.data: load addr=00002c2c, load size=00000007 bytes, run addr=202006e0, run size=00000011 bytes, compression=lzss


LINKER GENERATED HANDLER TABLE

__TI_handler_table @ 00002c18 records: 3, size/record: 4, table size: 12
	index: 0, handler: __TI_decompress_lzss
	index: 1, handler: __TI_decompress_none
	index: 2, handler: __TI_zero_init


FAR CALL TRAMPOLINES

callee name               trampoline name
   callee addr  tramp addr   call addr  call info
--------------  -----------  ---------  ----------------
_c_int00_noargs           $Tramp$TT$L$PI$$_c_int00_noargs
   00002149     0000296c     00002966   startup_mspm0g350x_ticlang.o (.text.Reset_Handler)

[1 trampolines]
[1 trampoline calls]


GLOBAL SYMBOLS: SORTED ALPHABETICALLY BY Name 

address   name                             
-------   ----                             
0000295f  ADC0_IRQHandler                  
0000295f  ADC1_IRQHandler                  
0000295f  AES_IRQHandler                   
00002962  C$$EXIT                          
0000295f  CANFD0_IRQHandler                
0000295f  DAC0_IRQHandler                  
00002945  DL_Common_delayCycles            
00002197  DL_I2C_setClockConfig            
00000a41  DL_Timer_initFourCCPWMMode       
00000b45  DL_Timer_initTimerMode           
000023e1  DL_Timer_setCaptCompUpdateMethod 
00002601  DL_Timer_setCaptureCompareOutCtl 
00002881  DL_Timer_setCaptureCompareValue  
000023fd  DL_Timer_setClockConfig          
00001a39  DL_UART_init                     
00002819  DL_UART_setClockConfig           
00002435  DL_UART_transmitDataCheck        
0000295f  DMA_IRQHandler                   
0000295f  Default_Handler                  
0000295f  GROUP0_IRQHandler                
00002679  GROUP1_IRQHandler                
00002963  HOSTexit                         
0000295f  HardFault_Handler                
0000295f  I2C0_IRQHandler                  
0000295f  I2C1_IRQHandler                  
0000295f  NMI_Handler                      
0000295f  PendSV_Handler                   
0000295f  RTC_IRQHandler                   
00002967  Reset_Handler                    
0000295f  SPI0_IRQHandler                  
0000295f  SPI1_IRQHandler                  
0000295f  SVC_Handler                      
00000ec1  SYSCFG_DL_BLDC_init              
00000435  SYSCFG_DL_GPIO_init              
0000120d  SYSCFG_DL_MG310_PWM_init         
00001f91  SYSCFG_DL_MOTOR_MG310_init       
0000207d  SYSCFG_DL_SYSCTL_init            
00002907  SYSCFG_DL_SYSTICK_init           
00001711  SYSCFG_DL_as5600_init            
00001865  SYSCFG_DL_debug_init             
00001b51  SYSCFG_DL_f32c_init              
00001b91  SYSCFG_DL_fishpath_init          
000018b5  SYSCFG_DL_init                   
00000f79  SYSCFG_DL_initPower              
0000295f  SysTick_Handler                  
0000295f  TIMA0_IRQHandler                 
00001fc5  TIMA1_IRQHandler                 
0000295f  TIMG0_IRQHandler                 
0000295f  TIMG12_IRQHandler                
0000295f  TIMG6_IRQHandler                 
0000295f  TIMG7_IRQHandler                 
0000295f  TIMG8_IRQHandler                 
0000283d  TI_memcpy_small                  
000028f9  TI_memset_small                  
0000295f  UART0_IRQHandler                 
00001585  UART1_IRQHandler                 
0000295f  UART2_IRQHandler                 
0000295f  UART3_IRQHandler                 
20208000  __STACK_END                      
00000200  __STACK_SIZE                     
00000000  __TI_ATRegion0_region_sz         
00000000  __TI_ATRegion0_src_addr          
00000000  __TI_ATRegion0_trg_addr          
00000000  __TI_ATRegion1_region_sz         
00000000  __TI_ATRegion1_src_addr          
00000000  __TI_ATRegion1_trg_addr          
00000000  __TI_ATRegion2_region_sz         
00000000  __TI_ATRegion2_src_addr          
00000000  __TI_ATRegion2_trg_addr          
00002c34  __TI_CINIT_Base                  
00002c44  __TI_CINIT_Limit                 
00002c44  __TI_CINIT_Warm                  
00002c18  __TI_Handler_Table_Base          
00002c24  __TI_Handler_Table_Limit         
00001dc5  __TI_auto_init_nobinit_nopinit   
0000142d  __TI_decompress_lzss             
0000284f  __TI_decompress_none             
ffffffff  __TI_pprof_out_hndl              
ffffffff  __TI_prof_data_size              
ffffffff  __TI_prof_data_start             
00000000  __TI_static_base__               
000028b1  __TI_zero_init                   
00000c4b  __addsf3                         
00001e79  __aeabi_f2iz                     
00000c4b  __aeabi_fadd                     
000015ed  __aeabi_fcmpeq                   
00001629  __aeabi_fcmpge                   
0000163d  __aeabi_fcmpgt                   
00001615  __aeabi_fcmple                   
00001601  __aeabi_fcmplt                   
000013a9  __aeabi_fdiv                     
00001299  __aeabi_fmul                     
00000c41  __aeabi_fsub                     
00001d4d  __aeabi_i2f                      
00001769  __aeabi_idiv                     
0000028b  __aeabi_idiv0                    
00001769  __aeabi_idivmod                  
00002915  __aeabi_memclr                   
00002915  __aeabi_memclr4                  
00002915  __aeabi_memclr8                  
00002951  __aeabi_memcpy                   
00002951  __aeabi_memcpy4                  
00002951  __aeabi_memcpy8                  
00001bd1  __aeabi_uidiv                    
00001bd1  __aeabi_uidivmod                 
ffffffff  __binit__                        
00001e01  __cmpsf2                         
000013a9  __divsf3                         
00001e01  __eqsf2                          
00001e79  __fixsfsi                        
00001d4d  __floatsisf                      
00001d89  __gesf2                          
00001d89  __gtsf2                          
00001e01  __lesf2                          
00001e01  __ltsf2                          
UNDEFED   __mpu_init                       
00001e3d  __muldsi3                        
00001299  __mulsf3                         
00001e01  __nesf2                          
20207e00  __stack                          
20200000  __start___llvm_prf_bits          
20200000  __start___llvm_prf_cnts          
20200000  __stop___llvm_prf_bits           
20200000  __stop___llvm_prf_cnts           
00000c41  __subsf3                         
00002149  _c_int00_noargs                  
UNDEFED   _system_post_cinit               
0000297d  _system_pre_init                 
00002959  abort                            
0000028d  app_motor_position_test          
ffffffff  binit                            
00001c11  delay_ms                         
0000282b  delay_us                         
00002891  drv_uart0_init                   
00001175  drv_uart_print_num               
00001ff5  drv_uart_send_string             
00002921  encoder_get_count                
0000292d  encoder_get_speed                
00002939  encoder_get_speed_sample_sequence
00000719  encoder_init                     
000016b1  encoder_reset_count              
20200400  gBLDCBackup                      
202004bc  gMOTOR_MG310Backup               
000028a1  get_system_ms                    
202006b0  gf32cBackup                      
00000000  interruptVectors                 
000026eb  main                             
000021bd  mg310_motorForward               
00001c51  mg310_motorInit                  
000021e1  mg310_motorReverse               
00001905  mg310_motorSetSpeed              
00002205  mg310_motorStop                  
000028c1  motor_ctrl_get_duty              
000028cf  motor_ctrl_get_fault             
000028dd  motor_ctrl_get_position          
000028eb  motor_ctrl_get_speed             
00000d19  motor_ctrl_init                  
000019ed  motor_ctrl_set_position          
00001b0d  motor_ctrl_stop                  
000000c1  motor_ctrl_update                
00001c91  pid_init                         
00000939  pid_update                       
00001029  pid_update_incremental_pi        
000027b9  use_led_OFF                      
000027cd  use_led_ON                       
000027e1  use_led_TOGGLE                   


GLOBAL SYMBOLS: SORTED BY Symbol Address 

address   name                             
-------   ----                             
00000000  __TI_ATRegion0_region_sz         
00000000  __TI_ATRegion0_src_addr          
00000000  __TI_ATRegion0_trg_addr          
00000000  __TI_ATRegion1_region_sz         
00000000  __TI_ATRegion1_src_addr          
00000000  __TI_ATRegion1_trg_addr          
00000000  __TI_ATRegion2_region_sz         
00000000  __TI_ATRegion2_src_addr          
00000000  __TI_ATRegion2_trg_addr          
00000000  __TI_static_base__               
00000000  interruptVectors                 
000000c1  motor_ctrl_update                
00000200  __STACK_SIZE                     
0000028b  __aeabi_idiv0                    
0000028d  app_motor_position_test          
00000435  SYSCFG_DL_GPIO_init              
00000719  encoder_init                     
00000939  pid_update                       
00000a41  DL_Timer_initFourCCPWMMode       
00000b45  DL_Timer_initTimerMode           
00000c41  __aeabi_fsub                     
00000c41  __subsf3                         
00000c4b  __addsf3                         
00000c4b  __aeabi_fadd                     
00000d19  motor_ctrl_init                  
00000ec1  SYSCFG_DL_BLDC_init              
00000f79  SYSCFG_DL_initPower              
00001029  pid_update_incremental_pi        
00001175  drv_uart_print_num               
0000120d  SYSCFG_DL_MG310_PWM_init         
00001299  __aeabi_fmul                     
00001299  __mulsf3                         
000013a9  __aeabi_fdiv                     
000013a9  __divsf3                         
0000142d  __TI_decompress_lzss             
00001585  UART1_IRQHandler                 
000015ed  __aeabi_fcmpeq                   
00001601  __aeabi_fcmplt                   
00001615  __aeabi_fcmple                   
00001629  __aeabi_fcmpge                   
0000163d  __aeabi_fcmpgt                   
000016b1  encoder_reset_count              
00001711  SYSCFG_DL_as5600_init            
00001769  __aeabi_idiv                     
00001769  __aeabi_idivmod                  
00001865  SYSCFG_DL_debug_init             
000018b5  SYSCFG_DL_init                   
00001905  mg310_motorSetSpeed              
000019ed  motor_ctrl_set_position          
00001a39  DL_UART_init                     
00001b0d  motor_ctrl_stop                  
00001b51  SYSCFG_DL_f32c_init              
00001b91  SYSCFG_DL_fishpath_init          
00001bd1  __aeabi_uidiv                    
00001bd1  __aeabi_uidivmod                 
00001c11  delay_ms                         
00001c51  mg310_motorInit                  
00001c91  pid_init                         
00001d4d  __aeabi_i2f                      
00001d4d  __floatsisf                      
00001d89  __gesf2                          
00001d89  __gtsf2                          
00001dc5  __TI_auto_init_nobinit_nopinit   
00001e01  __cmpsf2                         
00001e01  __eqsf2                          
00001e01  __lesf2                          
00001e01  __ltsf2                          
00001e01  __nesf2                          
00001e3d  __muldsi3                        
00001e79  __aeabi_f2iz                     
00001e79  __fixsfsi                        
00001f91  SYSCFG_DL_MOTOR_MG310_init       
00001fc5  TIMA1_IRQHandler                 
00001ff5  drv_uart_send_string             
0000207d  SYSCFG_DL_SYSCTL_init            
00002149  _c_int00_noargs                  
00002197  DL_I2C_setClockConfig            
000021bd  mg310_motorForward               
000021e1  mg310_motorReverse               
00002205  mg310_motorStop                  
000023e1  DL_Timer_setCaptCompUpdateMethod 
000023fd  DL_Timer_setClockConfig          
00002435  DL_UART_transmitDataCheck        
00002601  DL_Timer_setCaptureCompareOutCtl 
00002679  GROUP1_IRQHandler                
000026eb  main                             
000027b9  use_led_OFF                      
000027cd  use_led_ON                       
000027e1  use_led_TOGGLE                   
00002819  DL_UART_setClockConfig           
0000282b  delay_us                         
0000283d  TI_memcpy_small                  
0000284f  __TI_decompress_none             
00002881  DL_Timer_setCaptureCompareValue  
00002891  drv_uart0_init                   
000028a1  get_system_ms                    
000028b1  __TI_zero_init                   
000028c1  motor_ctrl_get_duty              
000028cf  motor_ctrl_get_fault             
000028dd  motor_ctrl_get_position          
000028eb  motor_ctrl_get_speed             
000028f9  TI_memset_small                  
00002907  SYSCFG_DL_SYSTICK_init           
00002915  __aeabi_memclr                   
00002915  __aeabi_memclr4                  
00002915  __aeabi_memclr8                  
00002921  encoder_get_count                
0000292d  encoder_get_speed                
00002939  encoder_get_speed_sample_sequence
00002945  DL_Common_delayCycles            
00002951  __aeabi_memcpy                   
00002951  __aeabi_memcpy4                  
00002951  __aeabi_memcpy8                  
00002959  abort                            
0000295f  ADC0_IRQHandler                  
0000295f  ADC1_IRQHandler                  
0000295f  AES_IRQHandler                   
0000295f  CANFD0_IRQHandler                
0000295f  DAC0_IRQHandler                  
0000295f  DMA_IRQHandler                   
0000295f  Default_Handler                  
0000295f  GROUP0_IRQHandler                
0000295f  HardFault_Handler                
0000295f  I2C0_IRQHandler                  
0000295f  I2C1_IRQHandler                  
0000295f  NMI_Handler                      
0000295f  PendSV_Handler                   
0000295f  RTC_IRQHandler                   
0000295f  SPI0_IRQHandler                  
0000295f  SPI1_IRQHandler                  
0000295f  SVC_Handler                      
0000295f  SysTick_Handler                  
0000295f  TIMA0_IRQHandler                 
0000295f  TIMG0_IRQHandler                 
0000295f  TIMG12_IRQHandler                
0000295f  TIMG6_IRQHandler                 
0000295f  TIMG7_IRQHandler                 
0000295f  TIMG8_IRQHandler                 
0000295f  UART0_IRQHandler                 
0000295f  UART2_IRQHandler                 
0000295f  UART3_IRQHandler                 
00002962  C$$EXIT                          
00002963  HOSTexit                         
00002967  Reset_Handler                    
0000297d  _system_pre_init                 
00002c18  __TI_Handler_Table_Base          
00002c24  __TI_Handler_Table_Limit         
00002c34  __TI_CINIT_Base                  
00002c44  __TI_CINIT_Limit                 
00002c44  __TI_CINIT_Warm                  
20200000  __start___llvm_prf_bits          
20200000  __start___llvm_prf_cnts          
20200000  __stop___llvm_prf_bits           
20200000  __stop___llvm_prf_cnts           
20200400  gBLDCBackup                      
202004bc  gMOTOR_MG310Backup               
202006b0  gf32cBackup                      
20207e00  __stack                          
20208000  __STACK_END                      
ffffffff  __TI_pprof_out_hndl              
ffffffff  __TI_prof_data_size              
ffffffff  __TI_prof_data_start             
ffffffff  __binit__                        
ffffffff  binit                            
UNDEFED   __mpu_init                       
UNDEFED   _system_post_cinit               

[166 symbols]
