******************************************************************************
            TI ARM Clang Linker PC v4.0.4                      
******************************************************************************
>> Linked Sun Jul 12 03:45:37 2026

OUTPUT FILE NAME:   <first.out>
ENTRY POINT SYMBOL: "_c_int00_noargs"  address: 00000695


MEMORY CONFIGURATION

         name            origin    length      used     unused   attr    fill
----------------------  --------  ---------  --------  --------  ----  --------
  FLASH                 00000000   00020000  00000a38  0001f5c8  R  X
  SRAM                  20200000   00008000  000002bc  00007d44  RW X
  BCR_CONFIG            41c00000   000000ff  00000000  000000ff  R   
  BSL_CONFIG            41c00100   00000080  00000000  00000080  R   


SEGMENT ALLOCATION MAP

run origin  load origin   length   init length attrs members
----------  ----------- ---------- ----------- ----- -------
00000000    00000000    00000a38   00000a38    r-x
  00000000    00000000    000000c0   000000c0    r-- .intvecs
  000000c0    000000c0    00000948   00000948    r-x .text
  00000a08    00000a08    00000018   00000018    r-- .rodata
  00000a20    00000a20    00000018   00000018    r-- .cinit
20200000    20200000    000000bc   00000000    rw-
  20200000    20200000    000000bc   00000000    rw- .bss
20207e00    20207e00    00000200   00000000    rw-
  20207e00    20207e00    00000200   00000000    rw- .stack


SECTION ALLOCATION MAP

 output                                  attributes/
section   page    origin      length       input sections
--------  ----  ----------  ----------   ----------------
.intvecs   0    00000000    000000c0     
                  00000000    000000c0     startup_mspm0g350x_ticlang.o (.intvecs)

.text      0    000000c0    00000948     
                  000000c0    00000104     driverlib.a : dl_timer.o (.text.DL_Timer_initFourCCPWMMode)
                  000001c4    000000b8     ti_msp_dl_config.o (.text.SYSCFG_DL_BLDC_init)
                  0000027c    00000084     ti_msp_dl_config.o (.text.__NVIC_SetPriority)
                  00000300    00000074     ti_msp_dl_config.o (.text.SYSCFG_DL_GPIO_init)
                  00000374    00000058     ti_msp_dl_config.o (.text.SYSCFG_DL_initPower)
                  000003cc    00000050     ti_msp_dl_config.o (.text.SYSCFG_DL_debug_init)
                  0000041c    0000004c     ti_msp_dl_config.o (.text.DL_UART_setBaudRateDivisor)
                  00000468    00000048     driverlib.a : dl_uart.o (.text.DL_UART_init)
                  000004b0    00000048     drv_tim.o (.text.pwm_setDuty)
                  000004f8    00000040     libclang_rt.builtins.a : aeabi_uidivmod.S.obj (.text.__aeabi_uidivmod)
                  00000538    00000040     drv_tim.o (.text.pwm_Init)
                  00000578    0000003c     ti_msp_dl_config.o (.text.DL_Timer_setCounterControl)
                  000005b4    0000003c     libc.a : autoinit.c.obj (.text:__TI_auto_init_nobinit_nopinit)
                  000005f0    0000002a     ti_msp_dl_config.o (.text.SYSCFG_DL_SYSCTL_init)
                  0000061a    00000028     ti_msp_dl_config.o (.text.DL_Common_updateReg)
                  00000642    00000002     libclang_rt.builtins.a : aeabi_div0.c.obj (.text.__aeabi_idiv0)
                  00000644    00000028     ti_msp_dl_config.o (.text.DL_SYSTICK_init)
                  0000066c    00000028     ti_msp_dl_config.o (.text.SYSCFG_DL_init)
                  00000694    00000028     libc.a : boot_cortex_m.c.obj (.text:_c_int00_noargs)
                  000006bc    00000022     app_PWM_test.o (.text.app_pwm_test)
                  000006de    00000002     --HOLE-- [fill = 0]
                  000006e0    00000020     ti_msp_dl_config.o (.text.DL_GPIO_initPeripheralInputFunction)
                  00000700    0000001e     ti_msp_dl_config.o (.text.DL_UART_setOversampling)
                  0000071e    00000002     --HOLE-- [fill = 0]
                  00000720    0000001c     ti_msp_dl_config.o (.text.DL_GPIO_initPeripheralOutputFunction)
                  0000073c    0000001c     ti_msp_dl_config.o (.text.DL_SYSCTL_setMCLKDivider)
                  00000758    0000001c     ti_msp_dl_config.o (.text.DL_SYSCTL_setSYSOSCFreq)
                  00000774    0000001c     ti_msp_dl_config.o (.text.DL_SYSCTL_setULPCLKDivider)
                  00000790    0000001c     driverlib.a : dl_timer.o (.text.DL_Timer_setCaptCompUpdateMethod)
                  000007ac    0000001c                 : dl_timer.o (.text.DL_Timer_setClockConfig)
                  000007c8    0000001c     ti_msp_dl_config.o (.text.DL_UART_enableInterrupt)
                  000007e4    00000018     ti_msp_dl_config.o (.text.DL_GPIO_enableOutput)
                  000007fc    00000018     ti_msp_dl_config.o (.text.DL_GPIO_enablePower)
                  00000814    00000018     ti_msp_dl_config.o (.text.DL_GPIO_initDigitalOutput)
                  0000082c    00000018     ti_msp_dl_config.o (.text.DL_GPIO_reset)
                  00000844    00000018     ti_msp_dl_config.o (.text.DL_SYSCTL_setBORThreshold)
                  0000085c    00000018     ti_msp_dl_config.o (.text.DL_Timer_enablePower)
                  00000874    00000018     ti_msp_dl_config.o (.text.DL_Timer_reset)
                  0000088c    00000018     driverlib.a : dl_timer.o (.text.DL_Timer_setCaptureCompareOutCtl)
                  000008a4    00000018     drv_tim.o (.text.DL_Timer_startCounter)
                  000008bc    00000018     ti_msp_dl_config.o (.text.DL_UART_enablePower)
                  000008d4    00000018     ti_msp_dl_config.o (.text.DL_UART_reset)
                  000008ec    00000016     ti_msp_dl_config.o (.text.DL_UART_enable)
                  00000902    00000016     empty.o (.text.main)
                  00000918    00000016     libc.a : copy_zero_init.c.obj (.text:decompress:ZI:__TI_zero_init_nomemset)
                  0000092e    00000014     ti_msp_dl_config.o (.text.DL_GPIO_clearPins)
                  00000942    00000002     --HOLE-- [fill = 0]
                  00000944    00000014     ti_msp_dl_config.o (.text.DL_SYSCTL_disableSYSPLL)
                  00000958    00000014     drv_tim.o (.text.DL_Timer_enableClock)
                  0000096c    00000014     ti_msp_dl_config.o (.text.DL_Timer_enableClock)
                  00000980    00000014     ti_msp_dl_config.o (.text.DL_Timer_setCCPDirection)
                  00000994    00000012     driverlib.a : dl_uart.o (.text.DL_UART_setClockConfig)
                  000009a6    00000002     --HOLE-- [fill = 0]
                  000009a8    00000010     ti_msp_dl_config.o (.text.DL_SYSCTL_disableHFXT)
                  000009b8    00000010     driverlib.a : dl_timer.o (.text.DL_Timer_setCaptureCompareValue)
                  000009c8    00000010     drv_tim.o (.text.pwm_start)
                  000009d8    0000000c     ti_msp_dl_config.o (.text.SYSCFG_DL_SYSTICK_init)
                  000009e4    0000000a     driverlib.a : dl_common.o (.text.DL_Common_delayCycles)
                  000009ee    00000006     libc.a : exit.c.obj (.text:abort)
                  000009f4    00000004     startup_mspm0g350x_ticlang.o (.text.Default_Handler)
                  000009f8    00000004     libsysbm.a : hostexit.c.obj (.text.HOSTexit)
                  000009fc    00000004     startup_mspm0g350x_ticlang.o (.text.Reset_Handler)
                  00000a00    00000004     libc.a : pre_init.c.obj (.text._system_pre_init)
                  00000a04    00000004     --HOLE-- [fill = 0]

.cinit     0    00000a20    00000018     
                  00000a20    00000008     (.cinit..bss.load) [load image, compression = zero_init]
                  00000a28    00000004     (__TI_handler_table)
                  00000a2c    00000008     (__TI_cinit_table)
                  00000a34    00000004     --HOLE-- [fill = 0]

.rodata    0    00000a08    00000018     
                  00000a08    0000000a     ti_msp_dl_config.o (.rodata.gdebugConfig)
                  00000a12    00000002     ti_msp_dl_config.o (.rodata.gdebugClockConfig)
                  00000a14    00000008     ti_msp_dl_config.o (.rodata.gBLDCConfig)
                  00000a1c    00000003     ti_msp_dl_config.o (.rodata.gBLDCClockConfig)
                  00000a1f    00000001     --HOLE-- [fill = 0]

.init_array 
*          0    00000000    00000000     UNINITIALIZED

.binit     0    00000000    00000000     

.bss       0    20200000    000000bc     UNINITIALIZED
                  20200000    000000bc     (.common:gBLDCBackup)

.stack     0    20207e00    00000200     UNINITIALIZED
                  20207e00    00000004     libc.a : boot_cortex_m.c.obj (.stack)
                  20207e04    000001fc     --HOLE--

__llvm_prf_cnts 
*          0    20200000    00000000     UNINITIALIZED

__llvm_prf_bits 
*          0    20200000    00000000     UNINITIALIZED

MODULE SUMMARY

       Module                         code   ro data   rw data
       ------                         ----   -------   -------
    .\
       ti_msp_dl_config.o             1446   23        188    
       startup_mspm0g350x_ticlang.o   8      192       0      
       empty.o                        22     0         0      
    +--+------------------------------+------+---------+---------+
       Total:                         1476   215       188    
                                                              
    .\MSPM0G3507\Application\
       app_PWM_test.o                 34     0         0      
    +--+------------------------------+------+---------+---------+
       Total:                         34     0         0      
                                                              
    .\MSPM0G3507\Driver\
       drv_tim.o                      196    0         0      
    +--+------------------------------+------+---------+---------+
       Total:                         196    0         0      
                                                              
    C:/TI/mspm0_sdk_2_10_00_04/source/ti/driverlib/lib/ticlang/m0p/mspm0g1x0x_g3x0x/driverlib.a
       dl_timer.o                     356    0         0      
       dl_uart.o                      90     0         0      
       dl_common.o                    10     0         0      
    +--+------------------------------+------+---------+---------+
       Total:                         456    0         0      
                                                              
    E:\ccs\ccs\tools\compiler\ti-cgt-armllvm_4.0.4.LTS\lib\armv6m-ti-none-eabi/c/libc.a
       autoinit.c.obj                 60     0         0      
       boot_cortex_m.c.obj            40     0         0      
       copy_zero_init.c.obj           22     0         0      
       exit.c.obj                     6      0         0      
       pre_init.c.obj                 4      0         0      
    +--+------------------------------+------+---------+---------+
       Total:                         132    0         0      
                                                              
    E:\ccs\ccs\tools\compiler\ti-cgt-armllvm_4.0.4.LTS\lib\armv6m-ti-none-eabi/c/libsysbm.a
       hostexit.c.obj                 4      0         0      
    +--+------------------------------+------+---------+---------+
       Total:                         4      0         0      
                                                              
    E:\ccs\ccs\tools\compiler\ti-cgt-armllvm_4.0.4.LTS\lib\armv6m-ti-none-eabi/libclang_rt.builtins.a
       aeabi_uidivmod.S.obj           64     0         0      
       aeabi_div0.c.obj               2      0         0      
    +--+------------------------------+------+---------+---------+
       Total:                         66     0         0      
                                                              
       Stack:                         0      0         512    
       Linker Generated:              0      20        0      
    +--+------------------------------+------+---------+---------+
       Grand Total:                   2364   235       700    


LINKER GENERATED COPY TABLES

__TI_cinit_table @ 00000a2c records: 1, size/record: 8, table size: 8
	.bss: load addr=00000a20, load size=00000008 bytes, run addr=20200000, run size=000000bc bytes, compression=zero_init


LINKER GENERATED HANDLER TABLE

__TI_handler_table @ 00000a28 records: 1, size/record: 4, table size: 4
	index: 0, handler: __TI_zero_init


GLOBAL SYMBOLS: SORTED ALPHABETICALLY BY Name 

address   name                            
-------   ----                            
000009f5  ADC0_IRQHandler                 
000009f5  ADC1_IRQHandler                 
000009f5  AES_IRQHandler                  
000009f8  C$$EXIT                         
000009f5  CANFD0_IRQHandler               
000009f5  DAC0_IRQHandler                 
000009e5  DL_Common_delayCycles           
000000c1  DL_Timer_initFourCCPWMMode      
00000791  DL_Timer_setCaptCompUpdateMethod
0000088d  DL_Timer_setCaptureCompareOutCtl
000009b9  DL_Timer_setCaptureCompareValue 
000007ad  DL_Timer_setClockConfig         
00000469  DL_UART_init                    
00000995  DL_UART_setClockConfig          
000009f5  DMA_IRQHandler                  
000009f5  Default_Handler                 
000009f5  GROUP0_IRQHandler               
000009f5  GROUP1_IRQHandler               
000009f9  HOSTexit                        
000009f5  HardFault_Handler               
000009f5  I2C0_IRQHandler                 
000009f5  I2C1_IRQHandler                 
000009f5  NMI_Handler                     
000009f5  PendSV_Handler                  
000009f5  RTC_IRQHandler                  
000009fd  Reset_Handler                   
000009f5  SPI0_IRQHandler                 
000009f5  SPI1_IRQHandler                 
000009f5  SVC_Handler                     
000001c5  SYSCFG_DL_BLDC_init             
00000301  SYSCFG_DL_GPIO_init             
000005f1  SYSCFG_DL_SYSCTL_init           
000009d9  SYSCFG_DL_SYSTICK_init          
000003cd  SYSCFG_DL_debug_init            
0000066d  SYSCFG_DL_init                  
00000375  SYSCFG_DL_initPower             
000009f5  SysTick_Handler                 
000009f5  TIMA0_IRQHandler                
000009f5  TIMA1_IRQHandler                
000009f5  TIMG0_IRQHandler                
000009f5  TIMG12_IRQHandler               
000009f5  TIMG6_IRQHandler                
000009f5  TIMG7_IRQHandler                
000009f5  TIMG8_IRQHandler                
000009f5  UART0_IRQHandler                
000009f5  UART1_IRQHandler                
000009f5  UART2_IRQHandler                
000009f5  UART3_IRQHandler                
20208000  __STACK_END                     
00000200  __STACK_SIZE                    
00000000  __TI_ATRegion0_region_sz        
00000000  __TI_ATRegion0_src_addr         
00000000  __TI_ATRegion0_trg_addr         
00000000  __TI_ATRegion1_region_sz        
00000000  __TI_ATRegion1_src_addr         
00000000  __TI_ATRegion1_trg_addr         
00000000  __TI_ATRegion2_region_sz        
00000000  __TI_ATRegion2_src_addr         
00000000  __TI_ATRegion2_trg_addr         
00000a2c  __TI_CINIT_Base                 
00000a34  __TI_CINIT_Limit                
00000a34  __TI_CINIT_Warm                 
00000a28  __TI_Handler_Table_Base         
00000a2c  __TI_Handler_Table_Limit        
000005b5  __TI_auto_init_nobinit_nopinit  
ffffffff  __TI_pprof_out_hndl             
ffffffff  __TI_prof_data_size             
ffffffff  __TI_prof_data_start            
00000000  __TI_static_base__              
00000919  __TI_zero_init_nomemset         
00000643  __aeabi_idiv0                   
000004f9  __aeabi_uidiv                   
000004f9  __aeabi_uidivmod                
ffffffff  __binit__                       
UNDEFED   __mpu_init                      
20207e00  __stack                         
20200000  __start___llvm_prf_bits         
20200000  __start___llvm_prf_cnts         
20200000  __stop___llvm_prf_bits          
20200000  __stop___llvm_prf_cnts          
00000695  _c_int00_noargs                 
UNDEFED   _system_post_cinit              
00000a01  _system_pre_init                
000009ef  abort                           
000006bd  app_pwm_test                    
ffffffff  binit                           
20200000  gBLDCBackup                     
00000000  interruptVectors                
00000903  main                            
00000539  pwm_Init                        
000004b1  pwm_setDuty                     
000009c9  pwm_start                       


GLOBAL SYMBOLS: SORTED BY Symbol Address 

address   name                            
-------   ----                            
00000000  __TI_ATRegion0_region_sz        
00000000  __TI_ATRegion0_src_addr         
00000000  __TI_ATRegion0_trg_addr         
00000000  __TI_ATRegion1_region_sz        
00000000  __TI_ATRegion1_src_addr         
00000000  __TI_ATRegion1_trg_addr         
00000000  __TI_ATRegion2_region_sz        
00000000  __TI_ATRegion2_src_addr         
00000000  __TI_ATRegion2_trg_addr         
00000000  __TI_static_base__              
00000000  interruptVectors                
000000c1  DL_Timer_initFourCCPWMMode      
000001c5  SYSCFG_DL_BLDC_init             
00000200  __STACK_SIZE                    
00000301  SYSCFG_DL_GPIO_init             
00000375  SYSCFG_DL_initPower             
000003cd  SYSCFG_DL_debug_init            
00000469  DL_UART_init                    
000004b1  pwm_setDuty                     
000004f9  __aeabi_uidiv                   
000004f9  __aeabi_uidivmod                
00000539  pwm_Init                        
000005b5  __TI_auto_init_nobinit_nopinit  
000005f1  SYSCFG_DL_SYSCTL_init           
00000643  __aeabi_idiv0                   
0000066d  SYSCFG_DL_init                  
00000695  _c_int00_noargs                 
000006bd  app_pwm_test                    
00000791  DL_Timer_setCaptCompUpdateMethod
000007ad  DL_Timer_setClockConfig         
0000088d  DL_Timer_setCaptureCompareOutCtl
00000903  main                            
00000919  __TI_zero_init_nomemset         
00000995  DL_UART_setClockConfig          
000009b9  DL_Timer_setCaptureCompareValue 
000009c9  pwm_start                       
000009d9  SYSCFG_DL_SYSTICK_init          
000009e5  DL_Common_delayCycles           
000009ef  abort                           
000009f5  ADC0_IRQHandler                 
000009f5  ADC1_IRQHandler                 
000009f5  AES_IRQHandler                  
000009f5  CANFD0_IRQHandler               
000009f5  DAC0_IRQHandler                 
000009f5  DMA_IRQHandler                  
000009f5  Default_Handler                 
000009f5  GROUP0_IRQHandler               
000009f5  GROUP1_IRQHandler               
000009f5  HardFault_Handler               
000009f5  I2C0_IRQHandler                 
000009f5  I2C1_IRQHandler                 
000009f5  NMI_Handler                     
000009f5  PendSV_Handler                  
000009f5  RTC_IRQHandler                  
000009f5  SPI0_IRQHandler                 
000009f5  SPI1_IRQHandler                 
000009f5  SVC_Handler                     
000009f5  SysTick_Handler                 
000009f5  TIMA0_IRQHandler                
000009f5  TIMA1_IRQHandler                
000009f5  TIMG0_IRQHandler                
000009f5  TIMG12_IRQHandler               
000009f5  TIMG6_IRQHandler                
000009f5  TIMG7_IRQHandler                
000009f5  TIMG8_IRQHandler                
000009f5  UART0_IRQHandler                
000009f5  UART1_IRQHandler                
000009f5  UART2_IRQHandler                
000009f5  UART3_IRQHandler                
000009f8  C$$EXIT                         
000009f9  HOSTexit                        
000009fd  Reset_Handler                   
00000a01  _system_pre_init                
00000a28  __TI_Handler_Table_Base         
00000a2c  __TI_CINIT_Base                 
00000a2c  __TI_Handler_Table_Limit        
00000a34  __TI_CINIT_Limit                
00000a34  __TI_CINIT_Warm                 
20200000  __start___llvm_prf_bits         
20200000  __start___llvm_prf_cnts         
20200000  __stop___llvm_prf_bits          
20200000  __stop___llvm_prf_cnts          
20200000  gBLDCBackup                     
20207e00  __stack                         
20208000  __STACK_END                     
ffffffff  __TI_pprof_out_hndl             
ffffffff  __TI_prof_data_size             
ffffffff  __TI_prof_data_start            
ffffffff  __binit__                       
ffffffff  binit                           
UNDEFED   __mpu_init                      
UNDEFED   _system_post_cinit              

[92 symbols]
