******************************************************************************
            TI ARM Clang Linker PC v4.0.4                      
******************************************************************************
>> Linked Sat Jul 11 17:08:51 2026

OUTPUT FILE NAME:   <first.out>
ENTRY POINT SYMBOL: "_c_int00_noargs"  address: 00000491


MEMORY CONFIGURATION

         name            origin    length      used     unused   attr    fill
----------------------  --------  ---------  --------  --------  ----  --------
  FLASH                 00000000   00020000  00000798  0001f868  R  X
  SRAM                  20200000   00008000  000002bc  00007d44  RW X
  BCR_CONFIG            41c00000   000000ff  00000000  000000ff  R   
  BSL_CONFIG            41c00100   00000080  00000000  00000080  R   


SEGMENT ALLOCATION MAP

run origin  load origin   length   init length attrs members
----------  ----------- ---------- ----------- ----- -------
00000000    00000000    00000798   00000798    r-x
  00000000    00000000    000000c0   000000c0    r-- .intvecs
  000000c0    000000c0    000006a8   000006a8    r-x .text
  00000768    00000768    00000018   00000018    r-- .rodata
  00000780    00000780    00000018   00000018    r-- .cinit
20200000    20200000    000000bc   00000000    rw-
  20200000    20200000    000000bc   00000000    rw- .bss
20207e00    20207e00    00000200   00000000    rw-
  20207e00    20207e00    00000200   00000000    rw- .stack


SECTION ALLOCATION MAP

 output                                  attributes/
section   page    origin      length       input sections
--------  ----  ----------  ----------   ----------------
.intvecs   0    00000000    000000c0     
                  00000000    000000c0     startup_mspm0g350x_ticlang.o (.intvecs)

.text      0    000000c0    000006a8     
                  000000c0    00000104     driverlib.a : dl_timer.o (.text.DL_Timer_initFourCCPWMMode)
                  000001c4    00000090     ti_msp_dl_config.o (.text.SYSCFG_DL_BLDC_init)
                  00000254    00000058     ti_msp_dl_config.o (.text.SYSCFG_DL_initPower)
                  000002ac    0000004c     ti_msp_dl_config.o (.text.DL_UART_setBaudRateDivisor)
                  000002f8    00000048     driverlib.a : dl_uart.o (.text.DL_UART_init)
                  00000340    00000044     ti_msp_dl_config.o (.text.SYSCFG_DL_GPIO_init)
                  00000384    00000040     ti_msp_dl_config.o (.text.SYSCFG_DL_step_init)
                  000003c4    0000003c     ti_msp_dl_config.o (.text.DL_Timer_setCounterControl)
                  00000400    0000003c     libc.a : autoinit.c.obj (.text:__TI_auto_init_nobinit_nopinit)
                  0000043c    0000002a     ti_msp_dl_config.o (.text.SYSCFG_DL_SYSCTL_init)
                  00000466    00000028     ti_msp_dl_config.o (.text.DL_Common_updateReg)
                  0000048e    00000002     --HOLE-- [fill = 0]
                  00000490    00000028     libc.a : boot_cortex_m.c.obj (.text:_c_int00_noargs)
                  000004b8    00000024     ti_msp_dl_config.o (.text.SYSCFG_DL_init)
                  000004dc    00000020     ti_msp_dl_config.o (.text.DL_GPIO_initPeripheralInputFunction)
                  000004fc    0000001e     ti_msp_dl_config.o (.text.DL_UART_setOversampling)
                  0000051a    00000002     --HOLE-- [fill = 0]
                  0000051c    0000001c     ti_msp_dl_config.o (.text.DL_GPIO_initPeripheralOutputFunction)
                  00000538    0000001c     ti_msp_dl_config.o (.text.DL_SYSCTL_setMCLKDivider)
                  00000554    0000001c     ti_msp_dl_config.o (.text.DL_SYSCTL_setSYSOSCFreq)
                  00000570    0000001c     ti_msp_dl_config.o (.text.DL_SYSCTL_setULPCLKDivider)
                  0000058c    0000001c     driverlib.a : dl_timer.o (.text.DL_Timer_setCaptCompUpdateMethod)
                  000005a8    0000001c                 : dl_timer.o (.text.DL_Timer_setClockConfig)
                  000005c4    00000018     ti_msp_dl_config.o (.text.DL_GPIO_enableOutput)
                  000005dc    00000018     ti_msp_dl_config.o (.text.DL_GPIO_enablePower)
                  000005f4    00000018     ti_msp_dl_config.o (.text.DL_GPIO_reset)
                  0000060c    00000018     ti_msp_dl_config.o (.text.DL_SYSCTL_setBORThreshold)
                  00000624    00000018     ti_msp_dl_config.o (.text.DL_Timer_enablePower)
                  0000063c    00000018     ti_msp_dl_config.o (.text.DL_Timer_reset)
                  00000654    00000018     driverlib.a : dl_timer.o (.text.DL_Timer_setCaptureCompareOutCtl)
                  0000066c    00000018     ti_msp_dl_config.o (.text.DL_UART_enablePower)
                  00000684    00000018     ti_msp_dl_config.o (.text.DL_UART_reset)
                  0000069c    00000016     ti_msp_dl_config.o (.text.DL_UART_enable)
                  000006b2    00000016     libc.a : copy_zero_init.c.obj (.text:decompress:ZI:__TI_zero_init_nomemset)
                  000006c8    00000014     ti_msp_dl_config.o (.text.DL_SYSCTL_disableSYSPLL)
                  000006dc    00000014     ti_msp_dl_config.o (.text.DL_Timer_enableClock)
                  000006f0    00000014     ti_msp_dl_config.o (.text.DL_Timer_setCCPDirection)
                  00000704    00000012     driverlib.a : dl_uart.o (.text.DL_UART_setClockConfig)
                  00000716    00000002     --HOLE-- [fill = 0]
                  00000718    00000010     ti_msp_dl_config.o (.text.DL_SYSCTL_disableHFXT)
                  00000728    00000010     driverlib.a : dl_timer.o (.text.DL_Timer_setCaptureCompareValue)
                  00000738    00000010     empty.o (.text.main)
                  00000748    0000000a     driverlib.a : dl_common.o (.text.DL_Common_delayCycles)
                  00000752    00000006     libc.a : exit.c.obj (.text:abort)
                  00000758    00000004     startup_mspm0g350x_ticlang.o (.text.Default_Handler)
                  0000075c    00000004     libsysbm.a : hostexit.c.obj (.text.HOSTexit)
                  00000760    00000004     startup_mspm0g350x_ticlang.o (.text.Reset_Handler)
                  00000764    00000004     libc.a : pre_init.c.obj (.text._system_pre_init)

.cinit     0    00000780    00000018     
                  00000780    00000008     (.cinit..bss.load) [load image, compression = zero_init]
                  00000788    00000004     (__TI_handler_table)
                  0000078c    00000008     (__TI_cinit_table)
                  00000794    00000004     --HOLE-- [fill = 0]

.rodata    0    00000768    00000018     
                  00000768    0000000a     ti_msp_dl_config.o (.rodata.gstepConfig)
                  00000772    00000002     ti_msp_dl_config.o (.rodata.gstepClockConfig)
                  00000774    00000008     ti_msp_dl_config.o (.rodata.gBLDCConfig)
                  0000077c    00000003     ti_msp_dl_config.o (.rodata.gBLDCClockConfig)
                  0000077f    00000001     --HOLE-- [fill = 0]

.init_array 
*          0    00000000    00000000     UNINITIALIZED

.binit     0    00000000    00000000     

.bss       0    20200000    000000bc     UNINITIALIZED
                  20200000    000000bc     (.common:gBLDCBackup)

.stack     0    20207e00    00000200     UNINITIALIZED
                  20207e00    00000004     libc.a : boot_cortex_m.c.obj (.stack)
                  20207e04    000001fc     --HOLE--

__llvm_prf_cnts 
*          0    20200000    00000000     UNINITIALIZED

__llvm_prf_bits 
*          0    20200000    00000000     UNINITIALIZED

MODULE SUMMARY

       Module                         code   ro data   rw data
       ------                         ----   -------   -------
    .\
       ti_msp_dl_config.o             1082   23        188    
       startup_mspm0g350x_ticlang.o   8      192       0      
       empty.o                        16     0         0      
    +--+------------------------------+------+---------+---------+
       Total:                         1106   215       188    
                                                              
    C:/TI/mspm0_sdk_2_10_00_04/source/ti/driverlib/lib/ticlang/m0p/mspm0g1x0x_g3x0x/driverlib.a
       dl_timer.o                     356    0         0      
       dl_uart.o                      90     0         0      
       dl_common.o                    10     0         0      
    +--+------------------------------+------+---------+---------+
       Total:                         456    0         0      
                                                              
    D:\TI2.0\CCS\ccs\tools\compiler\ti-cgt-armllvm_4.0.4.LTS\lib\armv6m-ti-none-eabi/c/libc.a
       autoinit.c.obj                 60     0         0      
       boot_cortex_m.c.obj            40     0         0      
       copy_zero_init.c.obj           22     0         0      
       exit.c.obj                     6      0         0      
       pre_init.c.obj                 4      0         0      
    +--+------------------------------+------+---------+---------+
       Total:                         132    0         0      
                                                              
    D:\TI2.0\CCS\ccs\tools\compiler\ti-cgt-armllvm_4.0.4.LTS\lib\armv6m-ti-none-eabi/c/libsysbm.a
       hostexit.c.obj                 4      0         0      
    +--+------------------------------+------+---------+---------+
       Total:                         4      0         0      
                                                              
       Stack:                         0      0         512    
       Linker Generated:              0      20        0      
    +--+------------------------------+------+---------+---------+
       Grand Total:                   1698   235       700    


LINKER GENERATED COPY TABLES

__TI_cinit_table @ 0000078c records: 1, size/record: 8, table size: 8
	.bss: load addr=00000780, load size=00000008 bytes, run addr=20200000, run size=000000bc bytes, compression=zero_init


LINKER GENERATED HANDLER TABLE

__TI_handler_table @ 00000788 records: 1, size/record: 4, table size: 4
	index: 0, handler: __TI_zero_init


GLOBAL SYMBOLS: SORTED ALPHABETICALLY BY Name 

address   name                            
-------   ----                            
00000759  ADC0_IRQHandler                 
00000759  ADC1_IRQHandler                 
00000759  AES_IRQHandler                  
0000075c  C$$EXIT                         
00000759  CANFD0_IRQHandler               
00000759  DAC0_IRQHandler                 
00000749  DL_Common_delayCycles           
000000c1  DL_Timer_initFourCCPWMMode      
0000058d  DL_Timer_setCaptCompUpdateMethod
00000655  DL_Timer_setCaptureCompareOutCtl
00000729  DL_Timer_setCaptureCompareValue 
000005a9  DL_Timer_setClockConfig         
000002f9  DL_UART_init                    
00000705  DL_UART_setClockConfig          
00000759  DMA_IRQHandler                  
00000759  Default_Handler                 
00000759  GROUP0_IRQHandler               
00000759  GROUP1_IRQHandler               
0000075d  HOSTexit                        
00000759  HardFault_Handler               
00000759  I2C0_IRQHandler                 
00000759  I2C1_IRQHandler                 
00000759  NMI_Handler                     
00000759  PendSV_Handler                  
00000759  RTC_IRQHandler                  
00000761  Reset_Handler                   
00000759  SPI0_IRQHandler                 
00000759  SPI1_IRQHandler                 
00000759  SVC_Handler                     
000001c5  SYSCFG_DL_BLDC_init             
00000341  SYSCFG_DL_GPIO_init             
0000043d  SYSCFG_DL_SYSCTL_init           
000004b9  SYSCFG_DL_init                  
00000255  SYSCFG_DL_initPower             
00000385  SYSCFG_DL_step_init             
00000759  SysTick_Handler                 
00000759  TIMA0_IRQHandler                
00000759  TIMA1_IRQHandler                
00000759  TIMG0_IRQHandler                
00000759  TIMG12_IRQHandler               
00000759  TIMG6_IRQHandler                
00000759  TIMG7_IRQHandler                
00000759  TIMG8_IRQHandler                
00000759  UART0_IRQHandler                
00000759  UART1_IRQHandler                
00000759  UART2_IRQHandler                
00000759  UART3_IRQHandler                
20208000  __STACK_END                     
00000200  __STACK_SIZE                    
00000000  __TI_ATRegion0_region_sz        
00000000  __TI_ATRegion0_src_addr         
00000000  __TI_ATRegion0_trg_addr         
00000000  __TI_ATRegion1_region_sz        
00000000  __TI_ATRegion1_src_addr         
00000000  __TI_ATRegion1_trg_addr         
00000000  __TI_ATRegion2_region_sz        
00000000  __TI_ATRegion2_src_addr         
00000000  __TI_ATRegion2_trg_addr         
0000078c  __TI_CINIT_Base                 
00000794  __TI_CINIT_Limit                
00000794  __TI_CINIT_Warm                 
00000788  __TI_Handler_Table_Base         
0000078c  __TI_Handler_Table_Limit        
00000401  __TI_auto_init_nobinit_nopinit  
ffffffff  __TI_pprof_out_hndl             
ffffffff  __TI_prof_data_size             
ffffffff  __TI_prof_data_start            
00000000  __TI_static_base__              
000006b3  __TI_zero_init_nomemset         
ffffffff  __binit__                       
UNDEFED   __mpu_init                      
20207e00  __stack                         
20200000  __start___llvm_prf_bits         
20200000  __start___llvm_prf_cnts         
20200000  __stop___llvm_prf_bits          
20200000  __stop___llvm_prf_cnts          
00000491  _c_int00_noargs                 
UNDEFED   _system_post_cinit              
00000765  _system_pre_init                
00000753  abort                           
ffffffff  binit                           
20200000  gBLDCBackup                     
00000000  interruptVectors                
00000739  main                            


GLOBAL SYMBOLS: SORTED BY Symbol Address 

address   name                            
-------   ----                            
00000000  __TI_ATRegion0_region_sz        
00000000  __TI_ATRegion0_src_addr         
00000000  __TI_ATRegion0_trg_addr         
00000000  __TI_ATRegion1_region_sz        
00000000  __TI_ATRegion1_src_addr         
00000000  __TI_ATRegion1_trg_addr         
00000000  __TI_ATRegion2_region_sz        
00000000  __TI_ATRegion2_src_addr         
00000000  __TI_ATRegion2_trg_addr         
00000000  __TI_static_base__              
00000000  interruptVectors                
000000c1  DL_Timer_initFourCCPWMMode      
000001c5  SYSCFG_DL_BLDC_init             
00000200  __STACK_SIZE                    
00000255  SYSCFG_DL_initPower             
000002f9  DL_UART_init                    
00000341  SYSCFG_DL_GPIO_init             
00000385  SYSCFG_DL_step_init             
00000401  __TI_auto_init_nobinit_nopinit  
0000043d  SYSCFG_DL_SYSCTL_init           
00000491  _c_int00_noargs                 
000004b9  SYSCFG_DL_init                  
0000058d  DL_Timer_setCaptCompUpdateMethod
000005a9  DL_Timer_setClockConfig         
00000655  DL_Timer_setCaptureCompareOutCtl
000006b3  __TI_zero_init_nomemset         
00000705  DL_UART_setClockConfig          
00000729  DL_Timer_setCaptureCompareValue 
00000739  main                            
00000749  DL_Common_delayCycles           
00000753  abort                           
00000759  ADC0_IRQHandler                 
00000759  ADC1_IRQHandler                 
00000759  AES_IRQHandler                  
00000759  CANFD0_IRQHandler               
00000759  DAC0_IRQHandler                 
00000759  DMA_IRQHandler                  
00000759  Default_Handler                 
00000759  GROUP0_IRQHandler               
00000759  GROUP1_IRQHandler               
00000759  HardFault_Handler               
00000759  I2C0_IRQHandler                 
00000759  I2C1_IRQHandler                 
00000759  NMI_Handler                     
00000759  PendSV_Handler                  
00000759  RTC_IRQHandler                  
00000759  SPI0_IRQHandler                 
00000759  SPI1_IRQHandler                 
00000759  SVC_Handler                     
00000759  SysTick_Handler                 
00000759  TIMA0_IRQHandler                
00000759  TIMA1_IRQHandler                
00000759  TIMG0_IRQHandler                
00000759  TIMG12_IRQHandler               
00000759  TIMG6_IRQHandler                
00000759  TIMG7_IRQHandler                
00000759  TIMG8_IRQHandler                
00000759  UART0_IRQHandler                
00000759  UART1_IRQHandler                
00000759  UART2_IRQHandler                
00000759  UART3_IRQHandler                
0000075c  C$$EXIT                         
0000075d  HOSTexit                        
00000761  Reset_Handler                   
00000765  _system_pre_init                
00000788  __TI_Handler_Table_Base         
0000078c  __TI_CINIT_Base                 
0000078c  __TI_Handler_Table_Limit        
00000794  __TI_CINIT_Limit                
00000794  __TI_CINIT_Warm                 
20200000  __start___llvm_prf_bits         
20200000  __start___llvm_prf_cnts         
20200000  __stop___llvm_prf_bits          
20200000  __stop___llvm_prf_cnts          
20200000  gBLDCBackup                     
20207e00  __stack                         
20208000  __STACK_END                     
ffffffff  __TI_pprof_out_hndl             
ffffffff  __TI_prof_data_size             
ffffffff  __TI_prof_data_start            
ffffffff  __binit__                       
ffffffff  binit                           
UNDEFED   __mpu_init                      
UNDEFED   _system_post_cinit              

[84 symbols]
