******************************************************************************
            TI ARM Clang Linker PC v4.0.4                      
******************************************************************************
>> Linked Fri Jul 31 23:31:59 2026

OUTPUT FILE NAME:   <first.out>
ENTRY POINT SYMBOL: "_c_int00_noargs"  address: 00002761


MEMORY CONFIGURATION

         name            origin    length      used     unused   attr    fill
----------------------  --------  ---------  --------  --------  ----  --------
  FLASH                 00000000   00020000  00002f60  0001d0a0  R  X
  SRAM                  20200000   00008000  00000965  0000769b  RW X
  BCR_CONFIG            41c00000   000000ff  00000000  000000ff  R   
  BSL_CONFIG            41c00100   00000080  00000000  00000080  R   


SEGMENT ALLOCATION MAP

run origin  load origin   length   init length attrs members
----------  ----------- ---------- ----------- ----- -------
00000000    00000000    00002f60   00002f60    r-x
  00000000    00000000    000000c0   000000c0    r-- .intvecs
  000000c0    000000c0    00002d60   00002d60    r-x .text
  00002e20    00002e20    00000110   00000110    r-- .rodata
  00002f30    00002f30    00000030   00000030    r-- .cinit
20200000    20200000    00000767   00000000    rw-
  20200000    20200000    0000073e   00000000    rw- .bss
  20200740    20200740    00000027   00000000    rw- .data
20207e00    20207e00    00000200   00000000    rw-
  20207e00    20207e00    00000200   00000000    rw- .stack


SECTION ALLOCATION MAP

 output                                  attributes/
section   page    origin      length       input sections
--------  ----  ----------  ----------   ----------------
.intvecs   0    00000000    000000c0     
                  00000000    000000c0     startup_mspm0g350x_ticlang.o (.intvecs)

.text      0    000000c0    00002d60     
                  000000c0    0000027c     MPU6050.o (.text.MPU6050_Register_init)
                  0000033c    000001cc     MPU6050.o (.text.MPU6050_SoftCalibrate_Z)
                  00000508    000001c4     ti_msp_dl_config.o (.text.SYSCFG_DL_GPIO_init)
                  000006cc    0000015c     MPU6050.o (.text.MPU6050_Get_Raw)
                  00000828    00000130     drv_uart.o (.text.UART3_IRQHandler)
                  00000958    0000010c     libclang_rt.builtins.a : divdf3.S.obj (.text.__divdf3)
                  00000a64    00000108     drv_encoder.o (.text.encoder_update_speed)
                  00000b6c    00000104     driverlib.a : dl_timer.o (.text.DL_Timer_initFourCCPWMMode)
                  00000c70    000000fc                 : dl_timer.o (.text.DL_Timer_initTimerMode)
                  00000d6c    000000f0     MPU6050.o (.text.MPU6050_init)
                  00000e5c    000000e8     ti_msp_dl_config.o (.text.SYSCFG_DL_initPower)
                  00000f44    000000e4     libclang_rt.builtins.a : muldf3.S.obj (.text.__muldf3)
                  00001028    000000d8                            : addsf3.S.obj (.text)
                  00001100    000000c8     drv_IIC.o (.text.MYI2C_Read_Reg_Continue)
                  000011c8    000000b8     ti_msp_dl_config.o (.text.SYSCFG_DL_BLDC_init)
                  00001280    000000a8     drv_IIC.o (.text._SI2C_WriteByte)
                  00001328    000000a4     app_MPU6050_test.o (.text.app_mpu6050_accel_test)
                  000013cc    000000a0     drv_IIC.o (.text._SI2C_ReceiveByte)
                  0000146c    00000098     drv_IIC.o (.text._SI2C_WriteAck)
                  00001504    00000098     drv_uart.o (.text.drv_uart_print_num)
                  0000159c    0000008c     ti_msp_dl_config.o (.text.SYSCFG_DL_MG310_PWM_init)
                  00001628    0000008c     libclang_rt.builtins.a : mulsf3.S.obj (.text.__mulsf3)
                  000016b4    00000084     ti_msp_dl_config.o (.text.__NVIC_SetPriority)
                  00001738    00000082     libclang_rt.builtins.a : divsf3.S.obj (.text.__divsf3)
                  000017ba    00000002                            : aeabi_div0.c.obj (.text.__aeabi_idiv0)
                  000017bc    0000007c     drv_zdt_x35_uart.o (.text.UART2_IRQHandler)
                  00001838    0000007c     drv_IIC.o (.text._SI2C_Start)
                  000018b4    0000007c     libc.a : copy_decompress_lzss.c.obj (.text:decompress:lzss)
                  00001930    00000074     libclang_rt.builtins.a : truncdfsf2.S.obj (.text.__truncdfsf2)
                  000019a4    00000070     drv_IIC.o (.text.MYI2C_Write_Reg)
                  00001a14    00000070     drv_IIC.o (.text._SI2C_ReceiveAck)
                  00001a84    00000068     ti_msp_dl_config.o (.text.SYSCFG_DL_ZDT_X35_init)
                  00001aec    00000064     MPU6050.o (.text.MPU6050_Get_Accel)
                  00001b50    00000064     ti_msp_dl_config.o (.text.SYSCFG_DL_init)
                  00001bb4    00000064     ti_msp_dl_config.o (.text.SYSCFG_DL_servo_init)
                  00001c18    00000064     drv_uart.o (.text.UART1_IRQHandler)
                  00001c7c    00000064     drv_IIC.o (.text._SI2C_Stop)
                  00001ce0    00000062     libclang_rt.builtins.a : aeabi_fcmp.S.obj (.text.__aeabi_fcmp)
                  00001d42    00000002     --HOLE-- [fill = 0]
                  00001d44    00000060     drv_encoder.o (.text.encoder_handle_gpiob)
                  00001da4    00000058     ti_msp_dl_config.o (.text.SYSCFG_DL_as5600_init)
                  00001dfc    00000056     libclang_rt.builtins.a : aeabi_idivmod.S.obj (.text.__aeabi_idivmod)
                  00001e52    00000002     --HOLE-- [fill = 0]
                  00001e54    00000054     drv_IIC.o (.text.MyI2C_Init)
                  00001ea8    00000054     drv_uart.o (.text.uart0_write_byte)
                  00001efc    00000050     ti_msp_dl_config.o (.text.DL_GPIO_initPeripheralInputFunctionFeatures)
                  00001f4c    00000050     filter.o (.text.PT1Filter_Apply)
                  00001f9c    00000050     ti_msp_dl_config.o (.text.SYSCFG_DL_debug_init)
                  00001fec    0000004c     drv_IIC.o (.text.DL_GPIO_initDigitalInputFeatures)
                  00002038    0000004c     ti_msp_dl_config.o (.text.DL_GPIO_initDigitalInputFeatures)
                  00002084    0000004c     ti_msp_dl_config.o (.text.DL_UART_setBaudRateDivisor)
                  000020d0    0000004c     filter.o (.text.PT1Filter_InitWithFreq)
                  0000211c    00000048     driverlib.a : dl_uart.o (.text.DL_UART_init)
                  00002164    00000048     ti_msp_dl_config.o (.text.SYSCFG_DL_maixcam_init)
                  000021ac    00000048     drv_encoder.o (.text.encoder_count_a_rising)
                  000021f4    00000040     ti_msp_dl_config.o (.text.SYSCFG_DL_fishpath_init)
                  00002234    00000040     libclang_rt.builtins.a : aeabi_uidivmod.S.obj (.text.__aeabi_uidivmod)
                  00002274    00000040                            : extendsfdf2.S.obj (.text.__extendsfdf2)
                  000022b4    00000040     mid_delay.o (.text.delay_ms)
                  000022f4    0000003c     ti_msp_dl_config.o (.text.DL_Timer_setCounterControl)
                  00002330    0000003c     libclang_rt.builtins.a : floatsisf.S.obj (.text.__floatsisf)
                  0000236c    0000003c                            : comparesf2.S.obj (.text.__gtsf2)
                  000023a8    0000003c     libc.a : autoinit.c.obj (.text:__TI_auto_init_nobinit_nopinit)
                  000023e4    0000003a     libclang_rt.builtins.a : comparesf2.S.obj (.text.__eqsf2)
                  0000241e    00000002     --HOLE-- [fill = 0]
                  00002420    0000003a                            : muldsi3.S.obj (.text.__muldsi3)
                  0000245a    00000002     --HOLE-- [fill = 0]
                  0000245c    00000038                            : fixsfsi.S.obj (.text.__fixsfsi)
                  00002494    00000034     ti_msp_dl_config.o (.text.SYSCFG_DL_GET_MPU6050_init)
                  000024c8    00000034     ti_msp_dl_config.o (.text.SYSCFG_DL_MOTOR_MG310_init)
                  000024fc    00000032     libclang_rt.builtins.a : fixunssfsi.S.obj (.text.__fixunssfsi)
                  0000252e    00000030     filter.o (.text.PT1Filter_Init)
                  0000255e    00000002     --HOLE-- [fill = 0]
                  00002560    00000030     drv_encoder.o (.text.TIMA1_IRQHandler)
                  00002590    00000030     drv_tim.o (.text.TIMG6_IRQHandler)
                  000025c0    0000002e     drv_uart.o (.text.drv_uart_send_string)
                  000025ee    00000002     --HOLE-- [fill = 0]
                  000025f0    0000002c     drv_uart.o (.text.drv_uart_print_signed)
                  0000261c    0000002a     ti_msp_dl_config.o (.text.SYSCFG_DL_SYSCTL_init)
                  00002646    00000028     ti_msp_dl_config.o (.text.DL_Common_updateReg)
                  0000266e    00000002     --HOLE-- [fill = 0]
                  00002670    00000028     ti_msp_dl_config.o (.text.DL_I2C_setControllerRXFIFOThreshold)
                  00002698    00000028     ti_msp_dl_config.o (.text.DL_I2C_setControllerTXFIFOThreshold)
                  000026c0    00000028     ti_msp_dl_config.o (.text.DL_SYSTICK_init)
                  000026e8    00000028     ti_msp_dl_config.o (.text.DL_UART_setRXFIFOThreshold)
                  00002710    00000028     ti_msp_dl_config.o (.text.DL_UART_setTXFIFOThreshold)
                  00002738    00000028     libclang_rt.builtins.a : floatunsisf.S.obj (.text.__floatunsisf)
                  00002760    00000028     libc.a : boot_cortex_m.c.obj (.text:_c_int00_noargs)
                  00002788    00000026     ti_msp_dl_config.o (.text.DL_I2C_setAnalogGlitchFilterPulseWidth)
                  000027ae    00000026     driverlib.a : dl_i2c.o (.text.DL_I2C_setClockConfig)
                  000027d4    00000020     ti_msp_dl_config.o (.text.DL_GPIO_initPeripheralInputFunction)
                  000027f4    0000001e     ti_msp_dl_config.o (.text.DL_UART_setOversampling)
                  00002812    00000002     --HOLE-- [fill = 0]
                  00002814    0000001c     drv_encoder.o (.text.DL_GPIO_clearInterruptStatus)
                  00002830    0000001c     ti_msp_dl_config.o (.text.DL_GPIO_enableHiZ)
                  0000284c    0000001c     ti_msp_dl_config.o (.text.DL_GPIO_initPeripheralOutputFunction)
                  00002868    0000001c     drv_encoder.o (.text.DL_Interrupt_getPendingGroup)
                  00002884    0000001c     ti_msp_dl_config.o (.text.DL_SYSCTL_setMCLKDivider)
                  000028a0    0000001c     ti_msp_dl_config.o (.text.DL_SYSCTL_setSYSOSCFreq)
                  000028bc    0000001c     ti_msp_dl_config.o (.text.DL_SYSCTL_setULPCLKDivider)
                  000028d8    0000001c     ti_msp_dl_config.o (.text.DL_Timer_enableInterrupt)
                  000028f4    0000001c     driverlib.a : dl_timer.o (.text.DL_Timer_setCaptCompUpdateMethod)
                  00002910    0000001c                 : dl_timer.o (.text.DL_Timer_setClockConfig)
                  0000292c    0000001c     ti_msp_dl_config.o (.text.DL_UART_enableInterrupt)
                  00002948    0000001c     driverlib.a : dl_uart.o (.text.DL_UART_transmitDataCheck)
                  00002964    00000018     drv_IIC.o (.text.DL_GPIO_enableOutput)
                  0000297c    00000018     ti_msp_dl_config.o (.text.DL_GPIO_enableOutput)
                  00002994    00000018     ti_msp_dl_config.o (.text.DL_GPIO_enablePower)
                  000029ac    00000018     drv_encoder.o (.text.DL_GPIO_getEnabledInterruptStatus)
                  000029c4    00000018     ti_msp_dl_config.o (.text.DL_GPIO_initDigitalOutput)
                  000029dc    00000018     ti_msp_dl_config.o (.text.DL_GPIO_reset)
                  000029f4    00000018     drv_IIC.o (.text.DL_GPIO_setPins)
                  00002a0c    00000018     ti_msp_dl_config.o (.text.DL_GPIO_setPins)
                  00002a24    00000018     ti_msp_dl_config.o (.text.DL_I2C_enableAnalogGlitchFilter)
                  00002a3c    00000018     ti_msp_dl_config.o (.text.DL_I2C_enableController)
                  00002a54    00000018     ti_msp_dl_config.o (.text.DL_I2C_enableControllerClockStretching)
                  00002a6c    00000018     ti_msp_dl_config.o (.text.DL_I2C_enablePower)
                  00002a84    00000018     ti_msp_dl_config.o (.text.DL_I2C_reset)
                  00002a9c    00000018     ti_msp_dl_config.o (.text.DL_I2C_setTimerPeriod)
                  00002ab4    00000018     ti_msp_dl_config.o (.text.DL_SYSCTL_setBORThreshold)
                  00002acc    00000018     drv_tim.o (.text.DL_Timer_clearInterruptStatus)
                  00002ae4    00000018     ti_msp_dl_config.o (.text.DL_Timer_enablePower)
                  00002afc    00000018     ti_msp_dl_config.o (.text.DL_Timer_reset)
                  00002b14    00000018     driverlib.a : dl_timer.o (.text.DL_Timer_setCaptureCompareOutCtl)
                  00002b2c    00000018     ti_msp_dl_config.o (.text.DL_UART_enableFIFOs)
                  00002b44    00000018     ti_msp_dl_config.o (.text.DL_UART_enablePower)
                  00002b5c    00000018     drv_uart.o (.text.DL_UART_isRXFIFOEmpty)
                  00002b74    00000018     drv_zdt_x35_uart.o (.text.DL_UART_isRXFIFOEmpty)
                  00002b8c    00000018     ti_msp_dl_config.o (.text.DL_UART_reset)
                  00002ba4    00000018     drv_encoder.o (.text.GROUP1_IRQHandler)
                  00002bbc    00000016     drv_IIC.o (.text.DL_GPIO_readPins)
                  00002bd2    00000016     drv_encoder.o (.text.DL_GPIO_readPins)
                  00002be8    00000016     drv_uart.o (.text.DL_UART_enable)
                  00002bfe    00000016     ti_msp_dl_config.o (.text.DL_UART_enable)
                  00002c14    00000016     empty.o (.text.main)
                  00002c2a    00000014     drv_IIC.o (.text.DL_GPIO_clearPins)
                  00002c3e    00000014     ti_msp_dl_config.o (.text.DL_GPIO_clearPins)
                  00002c52    00000014     drv_IIC.o (.text.DL_GPIO_disableOutput)
                  00002c66    00000002     --HOLE-- [fill = 0]
                  00002c68    00000014     ti_msp_dl_config.o (.text.DL_I2C_resetControllerTransfer)
                  00002c7c    00000014     ti_msp_dl_config.o (.text.DL_SYSCTL_disableSYSPLL)
                  00002c90    00000014     ti_msp_dl_config.o (.text.DL_Timer_enableClock)
                  00002ca4    00000014     ti_msp_dl_config.o (.text.DL_Timer_setCCPDirection)
                  00002cb8    00000014     drv_uart.o (.text.DL_UART_receiveData)
                  00002ccc    00000014     drv_zdt_x35_uart.o (.text.DL_UART_receiveData)
                  00002ce0    00000012     drv_encoder.o (.text.DL_Timer_getPendingInterrupt)
                  00002cf2    00000012     drv_tim.o (.text.DL_Timer_getPendingInterrupt)
                  00002d04    00000012     drv_uart.o (.text.DL_UART_getPendingInterrupt)
                  00002d16    00000012     drv_zdt_x35_uart.o (.text.DL_UART_getPendingInterrupt)
                  00002d28    00000012     driverlib.a : dl_uart.o (.text.DL_UART_setClockConfig)
                  00002d3a    00000012     mid_delay.o (.text.delay_us)
                  00002d4c    00000012     libc.a : memcpy16.S.obj (.text:TI_memcpy_small)
                  00002d5e    00000012            : copy_decompress_none.c.obj (.text:decompress:none)
                  00002d70    00000010     ti_msp_dl_config.o (.text.DL_SYSCTL_disableHFXT)
                  00002d80    00000010     mid_delay.o (.text.DL_SYSTICK_enable)
                  00002d90    00000010     driverlib.a : dl_timer.o (.text.DL_Timer_setCaptureCompareValue)
                  00002da0    00000010     drv_uart.o (.text.drv_uart0_init)
                  00002db0    00000010     libc.a : copy_zero_init.c.obj (.text:decompress:ZI)
                  00002dc0    0000000e            : memset16.S.obj (.text:TI_memset_small)
                  00002dce    0000000c     ti_msp_dl_config.o (.text.SYSCFG_DL_SYSTICK_init)
                  00002dda    00000002     --HOLE-- [fill = 0]
                  00002ddc    0000000c     libclang_rt.builtins.a : aeabi_memset.S.obj (.text.__aeabi_memclr)
                  00002de8    0000000a     driverlib.a : dl_common.o (.text.DL_Common_delayCycles)
                  00002df2    00000002     --HOLE-- [fill = 0]
                  00002df4    00000008     libclang_rt.builtins.a : aeabi_memcpy.S.obj (.text.__aeabi_memcpy)
                  00002dfc    00000006     libc.a : exit.c.obj (.text:abort)
                  00002e02    00000004     startup_mspm0g350x_ticlang.o (.text.Default_Handler)
                  00002e06    00000004     libsysbm.a : hostexit.c.obj (.text.HOSTexit)
                  00002e0a    00000004     startup_mspm0g350x_ticlang.o (.text.Reset_Handler)
                  00002e0e    00000004     libc.a : pre_init.c.obj (.text._system_pre_init)
                  00002e12    0000000e     --HOLE-- [fill = 0]

.cinit     0    00002f30    00000030     
                  00002f30    0000000c     (__TI_handler_table)
                  00002f3c    00000008     (.cinit..bss.load) [load image, compression = zero_init]
                  00002f44    00000008     (.cinit..data.load) [load image, compression = lzss]
                  00002f4c    00000010     (__TI_cinit_table)
                  00002f5c    00000004     --HOLE-- [fill = 0]

.rodata    0    00002e20    00000110     
                  00002e20    0000002d     app_MPU6050_test.o (.rodata.str1.9981012948544488227.1)
                  00002e4d    0000002b     app_MPU6050_test.o (.rodata.str1.2981916509406237400.1)
                  00002e78    00000016     app_MPU6050_test.o (.rodata.str1.14924113454598584037.1)
                  00002e8e    00000002     ti_msp_dl_config.o (.rodata.gZDT_X35ClockConfig)
                  00002e90    00000014     ti_msp_dl_config.o (.rodata.gGET_MPU6050TimerConfig)
                  00002ea4    00000014     ti_msp_dl_config.o (.rodata.gMOTOR_MG310TimerConfig)
                  00002eb8    0000000a     ti_msp_dl_config.o (.rodata.gZDT_X35Config)
                  00002ec2    0000000a     ti_msp_dl_config.o (.rodata.gdebugConfig)
                  00002ecc    0000000a     ti_msp_dl_config.o (.rodata.gfishpathConfig)
                  00002ed6    0000000a     ti_msp_dl_config.o (.rodata.gmaixcamConfig)
                  00002ee0    0000000a     app_MPU6050_test.o (.rodata.str1.9897922881238649955.1)
                  00002eea    00000002     ti_msp_dl_config.o (.rodata.gas5600ClockConfig)
                  00002eec    00000008     ti_msp_dl_config.o (.rodata.gBLDCConfig)
                  00002ef4    00000008     ti_msp_dl_config.o (.rodata.gMG310_PWMConfig)
                  00002efc    00000008     ti_msp_dl_config.o (.rodata.gservoConfig)
                  00002f04    00000008     app_MPU6050_test.o (.rodata.str1.17969508883713203128.1)
                  00002f0c    00000004     app_MPU6050_test.o (.rodata.str1.4845254593779629429.1)
                  00002f10    00000004     app_MPU6050_test.o (.rodata.str1.5700865732338434260.1)
                  00002f14    00000003     ti_msp_dl_config.o (.rodata.gBLDCClockConfig)
                  00002f17    00000003     ti_msp_dl_config.o (.rodata.gGET_MPU6050ClockConfig)
                  00002f1a    00000003     ti_msp_dl_config.o (.rodata.gMG310_PWMClockConfig)
                  00002f1d    00000003     ti_msp_dl_config.o (.rodata.gMOTOR_MG310ClockConfig)
                  00002f20    00000003     ti_msp_dl_config.o (.rodata.gservoClockConfig)
                  00002f23    00000002     ti_msp_dl_config.o (.rodata.gdebugClockConfig)
                  00002f25    00000002     ti_msp_dl_config.o (.rodata.gfishpathClockConfig)
                  00002f27    00000002     ti_msp_dl_config.o (.rodata.gmaixcamClockConfig)
                  00002f29    00000002     drv_uart.o (.rodata.str1.12400643115201681846.1)
                  00002f2b    00000005     --HOLE-- [fill = 0]

.init_array 
*          0    00000000    00000000     UNINITIALIZED

.binit     0    00000000    00000000     

.bss       0    20200000    0000073e     UNINITIALIZED
                  20200000    00000400     drv_uart.o (.bss.uart1_rx_buf)
                  20200400    000000bc     (.common:gBLDCBackup)
                  202004bc    000000bc     (.common:gMOTOR_MG310Backup)
                  20200578    000000a0     (.common:gGET_MPU6050Backup)
                  20200618    00000080     drv_zdt_x35_uart.o (.bss.g_zdt_x35_rx_buffer)
                  20200698    00000030     (.common:gmaixcamBackup)
                  202006c8    0000000e     MPU6050.o (.bss.MPU6050_Get_Raw.temp_buffer)
                  202006d6    00000002     drv_zdt_x35_uart.o (.bss.g_zdt_x35_rx_head)
                  202006d8    0000000c     (.common:pt1_filter_gx)
                  202006e4    0000000c     (.common:pt1_filter_gy)
                  202006f0    0000000c     (.common:pt1_filter_gz)
                  202006fc    0000000c     (.common:pt1_filter_x)
                  20200708    0000000c     (.common:pt1_filter_y)
                  20200714    0000000c     (.common:pt1_filter_z)
                  20200720    00000008     (.common:mpu6050_i2cbus)
                  20200728    00000004     drv_IIC.o (.bss.P_this)
                  2020072c    00000004     MPU6050.o (.bss.accelScale)
                  20200730    00000004     drv_zdt_x35_uart.o (.bss.g_zdt_x35_rx_overflow_count)
                  20200734    00000004     MPU6050.o (.bss.gyroScale)
                  20200738    00000004     MPU6050.o (.bss.mpu6050_dt)
                  2020073c    00000002     drv_zdt_x35_uart.o (.bss.g_zdt_x35_rx_tail)

.data      0    20200740    00000027     UNINITIALIZED
                  20200740    00000008     drv_encoder.o (.data.g_encoder)
                  20200748    00000004     mid_delay.o (.data.g_system_ms)
                  2020074c    00000004     drv_tim.o (.data.g_timebase_ms)
                  20200750    00000004     drv_uart.o (.data.vision_frame_count)
                  20200754    00000002     MPU6050.o (.data.gyro_zero_x)
                  20200756    00000002     MPU6050.o (.data.gyro_zero_y)
                  20200758    00000002     MPU6050.o (.data.gyro_zero_z)
                  2020075a    00000002     drv_uart.o (.data.parse_x)
                  2020075c    00000002     drv_uart.o (.data.parse_y)
                  2020075e    00000002     drv_uart.o (.data.uart1_rx_head)
                  20200760    00000002     drv_uart.o (.data.uart1_rx_tail)
                  20200762    00000002     drv_uart.o (.data.vision_x)
                  20200764    00000002     drv_uart.o (.data.vision_y)
                  20200766    00000001     drv_uart.o (.data.parse_state)

.stack     0    20207e00    00000200     UNINITIALIZED
                  20207e00    00000004     libc.a : boot_cortex_m.c.obj (.stack)
                  20207e04    000001fc     --HOLE--

__llvm_prf_cnts 
*          0    20200000    00000000     UNINITIALIZED

__llvm_prf_bits 
*          0    20200000    00000000     UNINITIALIZED

MODULE SUMMARY

       Module                         code    ro data   rw data
       ------                         ----    -------   -------
    .\
       ti_msp_dl_config.o             3280    129       584    
       startup_mspm0g350x_ticlang.o   8       192       0      
       empty.o                        22      0         0      
    +--+------------------------------+-------+---------+---------+
       Total:                         3310    321       584    
                                                               
    .\MSPM0G3507\Application\
       app_MPU6050_test.o             164     136       0      
    +--+------------------------------+-------+---------+---------+
       Total:                         164     136       0      
                                                               
    .\MSPM0G3507\BSP\
       MPU6050.o                      1784    0         112    
    +--+------------------------------+-------+---------+---------+
       Total:                         1784    0         112    
                                                               
    .\MSPM0G3507\Driver\
       drv_uart.o                     830     2         1041   
       drv_IIC.o                      1398    0         4      
       drv_encoder.o                  624     0         8      
       drv_zdt_x35_uart.o             186     0         136    
       drv_tim.o                      90      0         4      
    +--+------------------------------+-------+---------+---------+
       Total:                         3128    2         1193   
                                                               
    .\MSPM0G3507\Middleware\
       filter.o                       204     0         0      
       mid_delay.o                    98      0         4      
    +--+------------------------------+-------+---------+---------+
       Total:                         302     0         4      
                                                               
    C:/TI/mspm0_sdk_2_10_00_04/source/ti/driverlib/lib/ticlang/m0p/mspm0g1x0x_g3x0x/driverlib.a
       dl_timer.o                     608     0         0      
       dl_uart.o                      118     0         0      
       dl_i2c.o                       38      0         0      
       dl_common.o                    10      0         0      
    +--+------------------------------+-------+---------+---------+
       Total:                         774     0         0      
                                                               
    E:\ccs\ccs\tools\compiler\ti-cgt-armllvm_4.0.4.LTS\lib\armv6m-ti-none-eabi/c/libc.a
       copy_decompress_lzss.c.obj     124     0         0      
       autoinit.c.obj                 60      0         0      
       boot_cortex_m.c.obj            40      0         0      
       copy_decompress_none.c.obj     18      0         0      
       memcpy16.S.obj                 18      0         0      
       copy_zero_init.c.obj           16      0         0      
       memset16.S.obj                 14      0         0      
       exit.c.obj                     6       0         0      
       pre_init.c.obj                 4       0         0      
    +--+------------------------------+-------+---------+---------+
       Total:                         300     0         0      
                                                               
    E:\ccs\ccs\tools\compiler\ti-cgt-armllvm_4.0.4.LTS\lib\armv6m-ti-none-eabi/c/libsysbm.a
       hostexit.c.obj                 4       0         0      
    +--+------------------------------+-------+---------+---------+
       Total:                         4       0         0      
                                                               
    E:\ccs\ccs\tools\compiler\ti-cgt-armllvm_4.0.4.LTS\lib\armv6m-ti-none-eabi/libclang_rt.builtins.a
       divdf3.S.obj                   268     0         0      
       muldf3.S.obj                   228     0         0      
       addsf3.S.obj                   216     0         0      
       mulsf3.S.obj                   140     0         0      
       divsf3.S.obj                   130     0         0      
       comparesf2.S.obj               118     0         0      
       truncdfsf2.S.obj               116     0         0      
       aeabi_fcmp.S.obj               98      0         0      
       aeabi_idivmod.S.obj            86      0         0      
       aeabi_uidivmod.S.obj           64      0         0      
       extendsfdf2.S.obj              64      0         0      
       floatsisf.S.obj                60      0         0      
       muldsi3.S.obj                  58      0         0      
       fixsfsi.S.obj                  56      0         0      
       fixunssfsi.S.obj               50      0         0      
       floatunsisf.S.obj              40      0         0      
       aeabi_memset.S.obj             12      0         0      
       aeabi_memcpy.S.obj             8       0         0      
       aeabi_div0.c.obj               2       0         0      
    +--+------------------------------+-------+---------+---------+
       Total:                         1814    0         0      
                                                               
       Stack:                         0       0         512    
       Linker Generated:              0       44        0      
    +--+------------------------------+-------+---------+---------+
       Grand Total:                   11580   503       2405   


LINKER GENERATED COPY TABLES

__TI_cinit_table @ 00002f4c records: 2, size/record: 8, table size: 16
	.bss: load addr=00002f3c, load size=00000008 bytes, run addr=20200000, run size=0000073e bytes, compression=zero_init
	.data: load addr=00002f44, load size=00000008 bytes, run addr=20200740, run size=00000027 bytes, compression=lzss


LINKER GENERATED HANDLER TABLE

__TI_handler_table @ 00002f30 records: 3, size/record: 4, table size: 12
	index: 0, handler: __TI_decompress_lzss
	index: 1, handler: __TI_decompress_none
	index: 2, handler: __TI_zero_init


GLOBAL SYMBOLS: SORTED ALPHABETICALLY BY Name 

address   name                            
-------   ----                            
00002e03  ADC0_IRQHandler                 
00002e03  ADC1_IRQHandler                 
00002e03  AES_IRQHandler                  
00002e06  C$$EXIT                         
00002e03  CANFD0_IRQHandler               
00002e03  DAC0_IRQHandler                 
00002de9  DL_Common_delayCycles           
000027af  DL_I2C_setClockConfig           
00000b6d  DL_Timer_initFourCCPWMMode      
00000c71  DL_Timer_initTimerMode          
000028f5  DL_Timer_setCaptCompUpdateMethod
00002b15  DL_Timer_setCaptureCompareOutCtl
00002d91  DL_Timer_setCaptureCompareValue 
00002911  DL_Timer_setClockConfig         
0000211d  DL_UART_init                    
00002d29  DL_UART_setClockConfig          
00002949  DL_UART_transmitDataCheck       
00002e03  DMA_IRQHandler                  
00002e03  Default_Handler                 
00002e03  GROUP0_IRQHandler               
00002ba5  GROUP1_IRQHandler               
00002e07  HOSTexit                        
00002e03  HardFault_Handler               
00002e03  I2C0_IRQHandler                 
00002e03  I2C1_IRQHandler                 
00001aed  MPU6050_Get_Accel               
00000d6d  MPU6050_init                    
00001101  MYI2C_Read_Reg_Continue         
000019a5  MYI2C_Write_Reg                 
00001e55  MyI2C_Init                      
00002e03  NMI_Handler                     
00001f4d  PT1Filter_Apply                 
0000252f  PT1Filter_Init                  
000020d1  PT1Filter_InitWithFreq          
00002e03  PendSV_Handler                  
00002e03  RTC_IRQHandler                  
00002e0b  Reset_Handler                   
00002e03  SPI0_IRQHandler                 
00002e03  SPI1_IRQHandler                 
00002e03  SVC_Handler                     
000011c9  SYSCFG_DL_BLDC_init             
00002495  SYSCFG_DL_GET_MPU6050_init      
00000509  SYSCFG_DL_GPIO_init             
0000159d  SYSCFG_DL_MG310_PWM_init        
000024c9  SYSCFG_DL_MOTOR_MG310_init      
0000261d  SYSCFG_DL_SYSCTL_init           
00002dcf  SYSCFG_DL_SYSTICK_init          
00001a85  SYSCFG_DL_ZDT_X35_init          
00001da5  SYSCFG_DL_as5600_init           
00001f9d  SYSCFG_DL_debug_init            
000021f5  SYSCFG_DL_fishpath_init         
00001b51  SYSCFG_DL_init                  
00000e5d  SYSCFG_DL_initPower             
00002165  SYSCFG_DL_maixcam_init          
00001bb5  SYSCFG_DL_servo_init            
00002e03  SysTick_Handler                 
00002e03  TIMA0_IRQHandler                
00002561  TIMA1_IRQHandler                
00002e03  TIMG0_IRQHandler                
00002e03  TIMG12_IRQHandler               
00002591  TIMG6_IRQHandler                
00002e03  TIMG7_IRQHandler                
00002e03  TIMG8_IRQHandler                
00002d4d  TI_memcpy_small                 
00002dc1  TI_memset_small                 
00002e03  UART0_IRQHandler                
00001c19  UART1_IRQHandler                
000017bd  UART2_IRQHandler                
00000829  UART3_IRQHandler                
20208000  __STACK_END                     
00000200  __STACK_SIZE                    
00000000  __TI_ATRegion0_region_sz        
00000000  __TI_ATRegion0_src_addr         
00000000  __TI_ATRegion0_trg_addr         
00000000  __TI_ATRegion1_region_sz        
00000000  __TI_ATRegion1_src_addr         
00000000  __TI_ATRegion1_trg_addr         
00000000  __TI_ATRegion2_region_sz        
00000000  __TI_ATRegion2_src_addr         
00000000  __TI_ATRegion2_trg_addr         
00002f4c  __TI_CINIT_Base                 
00002f5c  __TI_CINIT_Limit                
00002f5c  __TI_CINIT_Warm                 
00002f30  __TI_Handler_Table_Base         
00002f3c  __TI_Handler_Table_Limit        
000023a9  __TI_auto_init_nobinit_nopinit  
000018b5  __TI_decompress_lzss            
00002d5f  __TI_decompress_none            
ffffffff  __TI_pprof_out_hndl             
ffffffff  __TI_prof_data_size             
ffffffff  __TI_prof_data_start            
00000000  __TI_static_base__              
00002db1  __TI_zero_init                  
00001033  __addsf3                        
00001931  __aeabi_d2f                     
00000959  __aeabi_ddiv                    
00000f45  __aeabi_dmul                    
00002275  __aeabi_f2d                     
0000245d  __aeabi_f2iz                    
000024fd  __aeabi_f2uiz                   
00001033  __aeabi_fadd                    
00001ce1  __aeabi_fcmpeq                  
00001d1d  __aeabi_fcmpge                  
00001d31  __aeabi_fcmpgt                  
00001d09  __aeabi_fcmple                  
00001cf5  __aeabi_fcmplt                  
00001739  __aeabi_fdiv                    
00001629  __aeabi_fmul                    
00001029  __aeabi_fsub                    
00002331  __aeabi_i2f                     
00001dfd  __aeabi_idiv                    
000017bb  __aeabi_idiv0                   
00001dfd  __aeabi_idivmod                 
00002ddd  __aeabi_memclr                  
00002ddd  __aeabi_memclr4                 
00002ddd  __aeabi_memclr8                 
00002df5  __aeabi_memcpy                  
00002df5  __aeabi_memcpy4                 
00002df5  __aeabi_memcpy8                 
00002739  __aeabi_ui2f                    
00002235  __aeabi_uidiv                   
00002235  __aeabi_uidivmod                
ffffffff  __binit__                       
000023e5  __cmpsf2                        
00000959  __divdf3                        
00001739  __divsf3                        
000023e5  __eqsf2                         
00002275  __extendsfdf2                   
0000245d  __fixsfsi                       
000024fd  __fixunssfsi                    
00002331  __floatsisf                     
00002739  __floatunsisf                   
0000236d  __gesf2                         
0000236d  __gtsf2                         
000023e5  __lesf2                         
000023e5  __ltsf2                         
UNDEFED   __mpu_init                      
00000f45  __muldf3                        
00002421  __muldsi3                       
00001629  __mulsf3                        
000023e5  __nesf2                         
20207e00  __stack                         
20200000  __start___llvm_prf_bits         
20200000  __start___llvm_prf_cnts         
20200000  __stop___llvm_prf_bits          
20200000  __stop___llvm_prf_cnts          
00001029  __subsf3                        
00001931  __truncdfsf2                    
00002761  _c_int00_noargs                 
UNDEFED   _system_post_cinit              
00002e0f  _system_pre_init                
00002dfd  abort                           
00001329  app_mpu6050_accel_test          
ffffffff  binit                           
000022b5  delay_ms                        
00002d3b  delay_us                        
00002da1  drv_uart0_init                  
00001505  drv_uart_print_num              
000025f1  drv_uart_print_signed           
000025c1  drv_uart_send_string            
20200400  gBLDCBackup                     
20200578  gGET_MPU6050Backup              
202004bc  gMOTOR_MG310Backup              
20200698  gmaixcamBackup                  
00000000  interruptVectors                
00002c15  main                            
20200720  mpu6050_i2cbus                  
202006d8  pt1_filter_gx                   
202006e4  pt1_filter_gy                   
202006f0  pt1_filter_gz                   
202006fc  pt1_filter_x                    
20200708  pt1_filter_y                    
20200714  pt1_filter_z                    
20200762  vision_x                        
20200764  vision_y                        


GLOBAL SYMBOLS: SORTED BY Symbol Address 

address   name                            
-------   ----                            
00000000  __TI_ATRegion0_region_sz        
00000000  __TI_ATRegion0_src_addr         
00000000  __TI_ATRegion0_trg_addr         
00000000  __TI_ATRegion1_region_sz        
00000000  __TI_ATRegion1_src_addr         
00000000  __TI_ATRegion1_trg_addr         
00000000  __TI_ATRegion2_region_sz        
00000000  __TI_ATRegion2_src_addr         
00000000  __TI_ATRegion2_trg_addr         
00000000  __TI_static_base__              
00000000  interruptVectors                
00000200  __STACK_SIZE                    
00000509  SYSCFG_DL_GPIO_init             
00000829  UART3_IRQHandler                
00000959  __aeabi_ddiv                    
00000959  __divdf3                        
00000b6d  DL_Timer_initFourCCPWMMode      
00000c71  DL_Timer_initTimerMode          
00000d6d  MPU6050_init                    
00000e5d  SYSCFG_DL_initPower             
00000f45  __aeabi_dmul                    
00000f45  __muldf3                        
00001029  __aeabi_fsub                    
00001029  __subsf3                        
00001033  __addsf3                        
00001033  __aeabi_fadd                    
00001101  MYI2C_Read_Reg_Continue         
000011c9  SYSCFG_DL_BLDC_init             
00001329  app_mpu6050_accel_test          
00001505  drv_uart_print_num              
0000159d  SYSCFG_DL_MG310_PWM_init        
00001629  __aeabi_fmul                    
00001629  __mulsf3                        
00001739  __aeabi_fdiv                    
00001739  __divsf3                        
000017bb  __aeabi_idiv0                   
000017bd  UART2_IRQHandler                
000018b5  __TI_decompress_lzss            
00001931  __aeabi_d2f                     
00001931  __truncdfsf2                    
000019a5  MYI2C_Write_Reg                 
00001a85  SYSCFG_DL_ZDT_X35_init          
00001aed  MPU6050_Get_Accel               
00001b51  SYSCFG_DL_init                  
00001bb5  SYSCFG_DL_servo_init            
00001c19  UART1_IRQHandler                
00001ce1  __aeabi_fcmpeq                  
00001cf5  __aeabi_fcmplt                  
00001d09  __aeabi_fcmple                  
00001d1d  __aeabi_fcmpge                  
00001d31  __aeabi_fcmpgt                  
00001da5  SYSCFG_DL_as5600_init           
00001dfd  __aeabi_idiv                    
00001dfd  __aeabi_idivmod                 
00001e55  MyI2C_Init                      
00001f4d  PT1Filter_Apply                 
00001f9d  SYSCFG_DL_debug_init            
000020d1  PT1Filter_InitWithFreq          
0000211d  DL_UART_init                    
00002165  SYSCFG_DL_maixcam_init          
000021f5  SYSCFG_DL_fishpath_init         
00002235  __aeabi_uidiv                   
00002235  __aeabi_uidivmod                
00002275  __aeabi_f2d                     
00002275  __extendsfdf2                   
000022b5  delay_ms                        
00002331  __aeabi_i2f                     
00002331  __floatsisf                     
0000236d  __gesf2                         
0000236d  __gtsf2                         
000023a9  __TI_auto_init_nobinit_nopinit  
000023e5  __cmpsf2                        
000023e5  __eqsf2                         
000023e5  __lesf2                         
000023e5  __ltsf2                         
000023e5  __nesf2                         
00002421  __muldsi3                       
0000245d  __aeabi_f2iz                    
0000245d  __fixsfsi                       
00002495  SYSCFG_DL_GET_MPU6050_init      
000024c9  SYSCFG_DL_MOTOR_MG310_init      
000024fd  __aeabi_f2uiz                   
000024fd  __fixunssfsi                    
0000252f  PT1Filter_Init                  
00002561  TIMA1_IRQHandler                
00002591  TIMG6_IRQHandler                
000025c1  drv_uart_send_string            
000025f1  drv_uart_print_signed           
0000261d  SYSCFG_DL_SYSCTL_init           
00002739  __aeabi_ui2f                    
00002739  __floatunsisf                   
00002761  _c_int00_noargs                 
000027af  DL_I2C_setClockConfig           
000028f5  DL_Timer_setCaptCompUpdateMethod
00002911  DL_Timer_setClockConfig         
00002949  DL_UART_transmitDataCheck       
00002b15  DL_Timer_setCaptureCompareOutCtl
00002ba5  GROUP1_IRQHandler               
00002c15  main                            
00002d29  DL_UART_setClockConfig          
00002d3b  delay_us                        
00002d4d  TI_memcpy_small                 
00002d5f  __TI_decompress_none            
00002d91  DL_Timer_setCaptureCompareValue 
00002da1  drv_uart0_init                  
00002db1  __TI_zero_init                  
00002dc1  TI_memset_small                 
00002dcf  SYSCFG_DL_SYSTICK_init          
00002ddd  __aeabi_memclr                  
00002ddd  __aeabi_memclr4                 
00002ddd  __aeabi_memclr8                 
00002de9  DL_Common_delayCycles           
00002df5  __aeabi_memcpy                  
00002df5  __aeabi_memcpy4                 
00002df5  __aeabi_memcpy8                 
00002dfd  abort                           
00002e03  ADC0_IRQHandler                 
00002e03  ADC1_IRQHandler                 
00002e03  AES_IRQHandler                  
00002e03  CANFD0_IRQHandler               
00002e03  DAC0_IRQHandler                 
00002e03  DMA_IRQHandler                  
00002e03  Default_Handler                 
00002e03  GROUP0_IRQHandler               
00002e03  HardFault_Handler               
00002e03  I2C0_IRQHandler                 
00002e03  I2C1_IRQHandler                 
00002e03  NMI_Handler                     
00002e03  PendSV_Handler                  
00002e03  RTC_IRQHandler                  
00002e03  SPI0_IRQHandler                 
00002e03  SPI1_IRQHandler                 
00002e03  SVC_Handler                     
00002e03  SysTick_Handler                 
00002e03  TIMA0_IRQHandler                
00002e03  TIMG0_IRQHandler                
00002e03  TIMG12_IRQHandler               
00002e03  TIMG7_IRQHandler                
00002e03  TIMG8_IRQHandler                
00002e03  UART0_IRQHandler                
00002e06  C$$EXIT                         
00002e07  HOSTexit                        
00002e0b  Reset_Handler                   
00002e0f  _system_pre_init                
00002f30  __TI_Handler_Table_Base         
00002f3c  __TI_Handler_Table_Limit        
00002f4c  __TI_CINIT_Base                 
00002f5c  __TI_CINIT_Limit                
00002f5c  __TI_CINIT_Warm                 
20200000  __start___llvm_prf_bits         
20200000  __start___llvm_prf_cnts         
20200000  __stop___llvm_prf_bits          
20200000  __stop___llvm_prf_cnts          
20200400  gBLDCBackup                     
202004bc  gMOTOR_MG310Backup              
20200578  gGET_MPU6050Backup              
20200698  gmaixcamBackup                  
202006d8  pt1_filter_gx                   
202006e4  pt1_filter_gy                   
202006f0  pt1_filter_gz                   
202006fc  pt1_filter_x                    
20200708  pt1_filter_y                    
20200714  pt1_filter_z                    
20200720  mpu6050_i2cbus                  
20200762  vision_x                        
20200764  vision_y                        
20207e00  __stack                         
20208000  __STACK_END                     
ffffffff  __TI_pprof_out_hndl             
ffffffff  __TI_prof_data_size             
ffffffff  __TI_prof_data_start            
ffffffff  __binit__                       
ffffffff  binit                           
UNDEFED   __mpu_init                      
UNDEFED   _system_post_cinit              

[175 symbols]
