******************************************************************************
            TI ARM Clang Linker PC v4.0.4                      
******************************************************************************
>> Linked Sun Jul 12 00:38:39 2026

OUTPUT FILE NAME:   <first.out>
ENTRY POINT SYMBOL: "_c_int00_noargs"  address: 0000062d


MEMORY CONFIGURATION

         name            origin    length      used     unused   attr    fill
----------------------  --------  ---------  --------  --------  ----  --------
  FLASH                 00000000   00020000  00000a68  0001f598  R  X
  SRAM                  20200000   00008000  000002c0  00007d40  RW X
  BCR_CONFIG            41c00000   000000ff  00000000  000000ff  R   
  BSL_CONFIG            41c00100   00000080  00000000  00000080  R   


SEGMENT ALLOCATION MAP

run origin  load origin   length   init length attrs members
----------  ----------- ---------- ----------- ----- -------
00000000    00000000    00000a68   00000a68    r-x
  00000000    00000000    000000c0   000000c0    r-- .intvecs
  000000c0    000000c0    00000960   00000960    r-x .text
  00000a20    00000a20    00000018   00000018    r-- .rodata
  00000a38    00000a38    00000030   00000030    r-- .cinit
20200000    20200000    000000c0   00000000    rw-
  20200000    20200000    000000bc   00000000    rw- .bss
  202000bc    202000bc    00000004   00000000    rw- .data
20207e00    20207e00    00000200   00000000    rw-
  20207e00    20207e00    00000200   00000000    rw- .stack


SECTION ALLOCATION MAP

 output                                  attributes/
section   page    origin      length       input sections
--------  ----  ----------  ----------   ----------------
.intvecs   0    00000000    000000c0     
                  00000000    000000c0     startup_mspm0g350x_ticlang.o (.intvecs)

.text      0    000000c0    00000960     
                  000000c0    00000104     driverlib.a : dl_timer.o (.text.DL_Timer_initFourCCPWMMode)
                  000001c4    00000090     ti_msp_dl_config.o (.text.SYSCFG_DL_BLDC_init)
                  00000254    00000084     ti_msp_dl_config.o (.text.__NVIC_SetPriority)
                  000002d8    0000007c     libc.a : copy_decompress_lzss.c.obj (.text:decompress:lzss)
                  00000354    00000064     ti_msp_dl_config.o (.text.SYSCFG_DL_GPIO_init)
                  000003b8    00000058     ti_msp_dl_config.o (.text.SYSCFG_DL_initPower)
                  00000410    0000004c     ti_msp_dl_config.o (.text.DL_UART_setBaudRateDivisor)
                  0000045c    00000048     driverlib.a : dl_uart.o (.text.DL_UART_init)
                  000004a4    00000040     ti_msp_dl_config.o (.text.SYSCFG_DL_step_init)
                  000004e4    0000003c     ti_msp_dl_config.o (.text.DL_Timer_setCounterControl)
                  00000520    0000003c     libc.a : autoinit.c.obj (.text:__TI_auto_init_nobinit_nopinit)
                  0000055c    0000002c     mid_delay.o (.text.delay_us)
                  00000588    0000002a     ti_msp_dl_config.o (.text.SYSCFG_DL_SYSCTL_init)
                  000005b2    00000028     ti_msp_dl_config.o (.text.DL_Common_updateReg)
                  000005da    00000002     --HOLE-- [fill = 0]
                  000005dc    00000028     ti_msp_dl_config.o (.text.DL_SYSTICK_init)
                  00000604    00000028     ti_msp_dl_config.o (.text.SYSCFG_DL_init)
                  0000062c    00000028     libc.a : boot_cortex_m.c.obj (.text:_c_int00_noargs)
                  00000654    00000020     ti_msp_dl_config.o (.text.DL_GPIO_initPeripheralInputFunction)
                  00000674    00000020     empty.o (.text.main)
                  00000694    0000001e     ti_msp_dl_config.o (.text.DL_UART_setOversampling)
                  000006b2    00000002     --HOLE-- [fill = 0]
                  000006b4    0000001c     ti_msp_dl_config.o (.text.DL_GPIO_initPeripheralOutputFunction)
                  000006d0    0000001c     ti_msp_dl_config.o (.text.DL_SYSCTL_setMCLKDivider)
                  000006ec    0000001c     ti_msp_dl_config.o (.text.DL_SYSCTL_setSYSOSCFreq)
                  00000708    0000001c     ti_msp_dl_config.o (.text.DL_SYSCTL_setULPCLKDivider)
                  00000724    0000001c     driverlib.a : dl_timer.o (.text.DL_Timer_setCaptCompUpdateMethod)
                  00000740    0000001c                 : dl_timer.o (.text.DL_Timer_setClockConfig)
                  0000075c    0000001c     mid_delay.o (.text.SysTick_Handler)
                  00000778    00000018     ti_msp_dl_config.o (.text.DL_GPIO_enableOutput)
                  00000790    00000018     ti_msp_dl_config.o (.text.DL_GPIO_enablePower)
                  000007a8    00000018     ti_msp_dl_config.o (.text.DL_GPIO_initDigitalOutput)
                  000007c0    00000018     ti_msp_dl_config.o (.text.DL_GPIO_reset)
                  000007d8    00000018     bsp_led.o (.text.DL_GPIO_setPins)
                  000007f0    00000018     bsp_led.o (.text.DL_GPIO_togglePins)
                  00000808    00000018     ti_msp_dl_config.o (.text.DL_SYSCTL_setBORThreshold)
                  00000820    00000018     ti_msp_dl_config.o (.text.DL_Timer_enablePower)
                  00000838    00000018     ti_msp_dl_config.o (.text.DL_Timer_reset)
                  00000850    00000018     driverlib.a : dl_timer.o (.text.DL_Timer_setCaptureCompareOutCtl)
                  00000868    00000018     ti_msp_dl_config.o (.text.DL_UART_enablePower)
                  00000880    00000018     ti_msp_dl_config.o (.text.DL_UART_reset)
                  00000898    00000018     ti_msp_dl_config.o (.text.SYSCFG_DL_SYSTICK_init)
                  000008b0    00000016     ti_msp_dl_config.o (.text.DL_UART_enable)
                  000008c6    00000016     mid_delay.o (.text.delay_ms)
                  000008dc    00000016     libc.a : copy_zero_init.c.obj (.text:decompress:ZI:__TI_zero_init_nomemset)
                  000008f2    00000014     ti_msp_dl_config.o (.text.DL_GPIO_clearPins)
                  00000906    00000002     --HOLE-- [fill = 0]
                  00000908    00000014     ti_msp_dl_config.o (.text.DL_SYSCTL_disableSYSPLL)
                  0000091c    00000014     ti_msp_dl_config.o (.text.DL_Timer_enableClock)
                  00000930    00000014     ti_msp_dl_config.o (.text.DL_Timer_setCCPDirection)
                  00000944    00000014     bsp_led.o (.text.use_led_ON)
                  00000958    00000014     bsp_led.o (.text.use_led_TOGGLE)
                  0000096c    00000012     driverlib.a : dl_uart.o (.text.DL_UART_setClockConfig)
                  0000097e    00000012     libc.a : memcpy16.S.obj (.text:TI_memcpy_small)
                  00000990    00000012            : copy_decompress_none.c.obj (.text:decompress:none)
                  000009a2    00000002     --HOLE-- [fill = 0]
                  000009a4    00000010     ti_msp_dl_config.o (.text.DL_SYSCTL_disableHFXT)
                  000009b4    00000010     mid_delay.o (.text.DL_SYSTICK_disable)
                  000009c4    00000010     mid_delay.o (.text.DL_SYSTICK_enable)
                  000009d4    00000010     ti_msp_dl_config.o (.text.DL_SYSTICK_enableInterrupt)
                  000009e4    00000010     driverlib.a : dl_timer.o (.text.DL_Timer_setCaptureCompareValue)
                  000009f4    0000000a                 : dl_common.o (.text.DL_Common_delayCycles)
                  000009fe    00000002     --HOLE-- [fill = 0]
                  00000a00    00000008     libclang_rt.builtins.a : aeabi_memcpy.S.obj (.text.__aeabi_memcpy)
                  00000a08    00000006     libc.a : exit.c.obj (.text:abort)
                  00000a0e    00000004     startup_mspm0g350x_ticlang.o (.text.Default_Handler)
                  00000a12    00000004     libsysbm.a : hostexit.c.obj (.text.HOSTexit)
                  00000a16    00000004     startup_mspm0g350x_ticlang.o (.text.Reset_Handler)
                  00000a1a    00000004     libc.a : pre_init.c.obj (.text._system_pre_init)
                  00000a1e    00000002     --HOLE-- [fill = 0]

.cinit     0    00000a38    00000030     
                  00000a38    0000000c     (__TI_handler_table)
                  00000a44    00000008     (.cinit..bss.load) [load image, compression = zero_init]
                  00000a4c    00000007     (.cinit..data.load) [load image, compression = lzss]
                  00000a53    00000001     --HOLE-- [fill = 0]
                  00000a54    00000010     (__TI_cinit_table)
                  00000a64    00000004     --HOLE-- [fill = 0]

.rodata    0    00000a20    00000018     
                  00000a20    0000000a     ti_msp_dl_config.o (.rodata.gstepConfig)
                  00000a2a    00000002     ti_msp_dl_config.o (.rodata.gstepClockConfig)
                  00000a2c    00000008     ti_msp_dl_config.o (.rodata.gBLDCConfig)
                  00000a34    00000003     ti_msp_dl_config.o (.rodata.gBLDCClockConfig)
                  00000a37    00000001     --HOLE-- [fill = 0]

.init_array 
*          0    00000000    00000000     UNINITIALIZED

.binit     0    00000000    00000000     

.bss       0    20200000    000000bc     UNINITIALIZED
                  20200000    000000bc     (.common:gBLDCBackup)

.data      0    202000bc    00000004     UNINITIALIZED
                  202000bc    00000004     mid_delay.o (.data.delay_times)

.stack     0    20207e00    00000200     UNINITIALIZED
                  20207e00    00000004     libc.a : boot_cortex_m.c.obj (.stack)
                  20207e04    000001fc     --HOLE--

__llvm_prf_cnts 
*          0    20200000    00000000     UNINITIALIZED

__llvm_prf_bits 
*          0    20200000    00000000     UNINITIALIZED

MODULE SUMMARY

       Module                         code   ro data   rw data
       ------                         ----   -------   -------
    .\
       ti_msp_dl_config.o             1374   23        188    
       startup_mspm0g350x_ticlang.o   8      192       0      
       empty.o                        32     0         0      
    +--+------------------------------+------+---------+---------+
       Total:                         1414   215       188    
                                                              
    .\MSPM0G3507\BSP\
       bsp_led.o                      88     0         0      
    +--+------------------------------+------+---------+---------+
       Total:                         88     0         0      
                                                              
    .\MSPM0G3507\Middleware\
       mid_delay.o                    126    0         4      
    +--+------------------------------+------+---------+---------+
       Total:                         126    0         4      
                                                              
    C:/TI/mspm0_sdk_2_10_00_04/source/ti/driverlib/lib/ticlang/m0p/mspm0g1x0x_g3x0x/driverlib.a
       dl_timer.o                     356    0         0      
       dl_uart.o                      90     0         0      
       dl_common.o                    10     0         0      
    +--+------------------------------+------+---------+---------+
       Total:                         456    0         0      
                                                              
    E:\ccs\ccs\tools\compiler\ti-cgt-armllvm_4.0.4.LTS\lib\armv6m-ti-none-eabi/c/libc.a
       copy_decompress_lzss.c.obj     124    0         0      
       autoinit.c.obj                 60     0         0      
       boot_cortex_m.c.obj            40     0         0      
       copy_zero_init.c.obj           22     0         0      
       copy_decompress_none.c.obj     18     0         0      
       memcpy16.S.obj                 18     0         0      
       exit.c.obj                     6      0         0      
       pre_init.c.obj                 4      0         0      
    +--+------------------------------+------+---------+---------+
       Total:                         292    0         0      
                                                              
    E:\ccs\ccs\tools\compiler\ti-cgt-armllvm_4.0.4.LTS\lib\armv6m-ti-none-eabi/c/libsysbm.a
       hostexit.c.obj                 4      0         0      
    +--+------------------------------+------+---------+---------+
       Total:                         4      0         0      
                                                              
    E:\ccs\ccs\tools\compiler\ti-cgt-armllvm_4.0.4.LTS\lib\armv6m-ti-none-eabi/libclang_rt.builtins.a
       aeabi_memcpy.S.obj             8      0         0      
    +--+------------------------------+------+---------+---------+
       Total:                         8      0         0      
                                                              
       Stack:                         0      0         512    
       Linker Generated:              0      43        0      
    +--+------------------------------+------+---------+---------+
       Grand Total:                   2388   258       704    


LINKER GENERATED COPY TABLES

__TI_cinit_table @ 00000a54 records: 2, size/record: 8, table size: 16
	.bss: load addr=00000a44, load size=00000008 bytes, run addr=20200000, run size=000000bc bytes, compression=zero_init
	.data: load addr=00000a4c, load size=00000007 bytes, run addr=202000bc, run size=00000004 bytes, compression=lzss


LINKER GENERATED HANDLER TABLE

__TI_handler_table @ 00000a38 records: 3, size/record: 4, table size: 12
	index: 0, handler: __TI_decompress_lzss
	index: 1, handler: __TI_decompress_none
	index: 2, handler: __TI_zero_init


GLOBAL SYMBOLS: SORTED ALPHABETICALLY BY Name 

address   name                            
-------   ----                            
00000a0f  ADC0_IRQHandler                 
00000a0f  ADC1_IRQHandler                 
00000a0f  AES_IRQHandler                  
00000a12  C$$EXIT                         
00000a0f  CANFD0_IRQHandler               
00000a0f  DAC0_IRQHandler                 
000009f5  DL_Common_delayCycles           
000000c1  DL_Timer_initFourCCPWMMode      
00000725  DL_Timer_setCaptCompUpdateMethod
00000851  DL_Timer_setCaptureCompareOutCtl
000009e5  DL_Timer_setCaptureCompareValue 
00000741  DL_Timer_setClockConfig         
0000045d  DL_UART_init                    
0000096d  DL_UART_setClockConfig          
00000a0f  DMA_IRQHandler                  
00000a0f  Default_Handler                 
00000a0f  GROUP0_IRQHandler               
00000a0f  GROUP1_IRQHandler               
00000a13  HOSTexit                        
00000a0f  HardFault_Handler               
00000a0f  I2C0_IRQHandler                 
00000a0f  I2C1_IRQHandler                 
00000a0f  NMI_Handler                     
00000a0f  PendSV_Handler                  
00000a0f  RTC_IRQHandler                  
00000a17  Reset_Handler                   
00000a0f  SPI0_IRQHandler                 
00000a0f  SPI1_IRQHandler                 
00000a0f  SVC_Handler                     
000001c5  SYSCFG_DL_BLDC_init             
00000355  SYSCFG_DL_GPIO_init             
00000589  SYSCFG_DL_SYSCTL_init           
00000899  SYSCFG_DL_SYSTICK_init          
00000605  SYSCFG_DL_init                  
000003b9  SYSCFG_DL_initPower             
000004a5  SYSCFG_DL_step_init             
0000075d  SysTick_Handler                 
00000a0f  TIMA0_IRQHandler                
00000a0f  TIMA1_IRQHandler                
00000a0f  TIMG0_IRQHandler                
00000a0f  TIMG12_IRQHandler               
00000a0f  TIMG6_IRQHandler                
00000a0f  TIMG7_IRQHandler                
00000a0f  TIMG8_IRQHandler                
0000097f  TI_memcpy_small                 
00000a0f  UART0_IRQHandler                
00000a0f  UART1_IRQHandler                
00000a0f  UART2_IRQHandler                
00000a0f  UART3_IRQHandler                
20208000  __STACK_END                     
00000200  __STACK_SIZE                    
00000000  __TI_ATRegion0_region_sz        
00000000  __TI_ATRegion0_src_addr         
00000000  __TI_ATRegion0_trg_addr         
00000000  __TI_ATRegion1_region_sz        
00000000  __TI_ATRegion1_src_addr         
00000000  __TI_ATRegion1_trg_addr         
00000000  __TI_ATRegion2_region_sz        
00000000  __TI_ATRegion2_src_addr         
00000000  __TI_ATRegion2_trg_addr         
00000a54  __TI_CINIT_Base                 
00000a64  __TI_CINIT_Limit                
00000a64  __TI_CINIT_Warm                 
00000a38  __TI_Handler_Table_Base         
00000a44  __TI_Handler_Table_Limit        
00000521  __TI_auto_init_nobinit_nopinit  
000002d9  __TI_decompress_lzss            
00000991  __TI_decompress_none            
ffffffff  __TI_pprof_out_hndl             
ffffffff  __TI_prof_data_size             
ffffffff  __TI_prof_data_start            
00000000  __TI_static_base__              
000008dd  __TI_zero_init_nomemset         
00000a01  __aeabi_memcpy                  
00000a01  __aeabi_memcpy4                 
00000a01  __aeabi_memcpy8                 
ffffffff  __binit__                       
UNDEFED   __mpu_init                      
20207e00  __stack                         
20200000  __start___llvm_prf_bits         
20200000  __start___llvm_prf_cnts         
20200000  __stop___llvm_prf_bits          
20200000  __stop___llvm_prf_cnts          
0000062d  _c_int00_noargs                 
UNDEFED   _system_post_cinit              
00000a1b  _system_pre_init                
00000a09  abort                           
ffffffff  binit                           
000008c7  delay_ms                        
202000bc  delay_times                     
0000055d  delay_us                        
20200000  gBLDCBackup                     
00000000  interruptVectors                
00000675  main                            
00000945  use_led_ON                      
00000959  use_led_TOGGLE                  


GLOBAL SYMBOLS: SORTED BY Symbol Address 

address   name                            
-------   ----                            
00000000  __TI_ATRegion0_region_sz        
00000000  __TI_ATRegion0_src_addr         
00000000  __TI_ATRegion0_trg_addr         
00000000  __TI_ATRegion1_region_sz        
00000000  __TI_ATRegion1_src_addr         
00000000  __TI_ATRegion1_trg_addr         
00000000  __TI_ATRegion2_region_sz        
00000000  __TI_ATRegion2_src_addr         
00000000  __TI_ATRegion2_trg_addr         
00000000  __TI_static_base__              
00000000  interruptVectors                
000000c1  DL_Timer_initFourCCPWMMode      
000001c5  SYSCFG_DL_BLDC_init             
00000200  __STACK_SIZE                    
000002d9  __TI_decompress_lzss            
00000355  SYSCFG_DL_GPIO_init             
000003b9  SYSCFG_DL_initPower             
0000045d  DL_UART_init                    
000004a5  SYSCFG_DL_step_init             
00000521  __TI_auto_init_nobinit_nopinit  
0000055d  delay_us                        
00000589  SYSCFG_DL_SYSCTL_init           
00000605  SYSCFG_DL_init                  
0000062d  _c_int00_noargs                 
00000675  main                            
00000725  DL_Timer_setCaptCompUpdateMethod
00000741  DL_Timer_setClockConfig         
0000075d  SysTick_Handler                 
00000851  DL_Timer_setCaptureCompareOutCtl
00000899  SYSCFG_DL_SYSTICK_init          
000008c7  delay_ms                        
000008dd  __TI_zero_init_nomemset         
00000945  use_led_ON                      
00000959  use_led_TOGGLE                  
0000096d  DL_UART_setClockConfig          
0000097f  TI_memcpy_small                 
00000991  __TI_decompress_none            
000009e5  DL_Timer_setCaptureCompareValue 
000009f5  DL_Common_delayCycles           
00000a01  __aeabi_memcpy                  
00000a01  __aeabi_memcpy4                 
00000a01  __aeabi_memcpy8                 
00000a09  abort                           
00000a0f  ADC0_IRQHandler                 
00000a0f  ADC1_IRQHandler                 
00000a0f  AES_IRQHandler                  
00000a0f  CANFD0_IRQHandler               
00000a0f  DAC0_IRQHandler                 
00000a0f  DMA_IRQHandler                  
00000a0f  Default_Handler                 
00000a0f  GROUP0_IRQHandler               
00000a0f  GROUP1_IRQHandler               
00000a0f  HardFault_Handler               
00000a0f  I2C0_IRQHandler                 
00000a0f  I2C1_IRQHandler                 
00000a0f  NMI_Handler                     
00000a0f  PendSV_Handler                  
00000a0f  RTC_IRQHandler                  
00000a0f  SPI0_IRQHandler                 
00000a0f  SPI1_IRQHandler                 
00000a0f  SVC_Handler                     
00000a0f  TIMA0_IRQHandler                
00000a0f  TIMA1_IRQHandler                
00000a0f  TIMG0_IRQHandler                
00000a0f  TIMG12_IRQHandler               
00000a0f  TIMG6_IRQHandler                
00000a0f  TIMG7_IRQHandler                
00000a0f  TIMG8_IRQHandler                
00000a0f  UART0_IRQHandler                
00000a0f  UART1_IRQHandler                
00000a0f  UART2_IRQHandler                
00000a0f  UART3_IRQHandler                
00000a12  C$$EXIT                         
00000a13  HOSTexit                        
00000a17  Reset_Handler                   
00000a1b  _system_pre_init                
00000a38  __TI_Handler_Table_Base         
00000a44  __TI_Handler_Table_Limit        
00000a54  __TI_CINIT_Base                 
00000a64  __TI_CINIT_Limit                
00000a64  __TI_CINIT_Warm                 
20200000  __start___llvm_prf_bits         
20200000  __start___llvm_prf_cnts         
20200000  __stop___llvm_prf_bits          
20200000  __stop___llvm_prf_cnts          
20200000  gBLDCBackup                     
202000bc  delay_times                     
20207e00  __stack                         
20208000  __STACK_END                     
ffffffff  __TI_pprof_out_hndl             
ffffffff  __TI_prof_data_size             
ffffffff  __TI_prof_data_start            
ffffffff  __binit__                       
ffffffff  binit                           
UNDEFED   __mpu_init                      
UNDEFED   _system_post_cinit              

[96 symbols]
