******************************************************************************
            TI ARM Clang Linker PC v4.0.4                      
******************************************************************************
>> Linked Sun Jul 12 18:16:52 2026

OUTPUT FILE NAME:   <first.out>
ENTRY POINT SYMBOL: "_c_int00_noargs"  address: 00002c01


MEMORY CONFIGURATION

         name            origin    length      used     unused   attr    fill
----------------------  --------  ---------  --------  --------  ----  --------
  FLASH                 00000000   00020000  00003448  0001cbb8  R  X
  SRAM                  20200000   00008000  0000034a  00007cb6  RW X
  BCR_CONFIG            41c00000   000000ff  00000000  000000ff  R   
  BSL_CONFIG            41c00100   00000080  00000000  00000080  R   


SEGMENT ALLOCATION MAP

run origin  load origin   length   init length attrs members
----------  ----------- ---------- ----------- ----- -------
00000000    00000000    00003448   00003448    r-x
  00000000    00000000    000000c0   000000c0    r-- .intvecs
  000000c0    000000c0    000031c0   000031c0    r-x .text
  00003280    00003280    00000180   00000180    r-- .rodata
  00003400    00003400    00000048   00000048    r-- .cinit
20200000    20200000    0000014a   00000000    rw-
  20200000    20200000    000000bc   00000000    rw- .bss
  202000bc    202000bc    0000008e   00000000    rw- .data
20207e00    20207e00    00000200   00000000    rw-
  20207e00    20207e00    00000200   00000000    rw- .stack


SECTION ALLOCATION MAP

 output                                  attributes/
section   page    origin      length       input sections
--------  ----  ----------  ----------   ----------------
.intvecs   0    00000000    000000c0     
                  00000000    000000c0     startup_mspm0g350x_ticlang.o (.intvecs)

.text      0    000000c0    000031c0     
                  000000c0    00000644     libc.a : k_rem_pio2.c.obj (.text.__kernel_rem_pio2)
                  00000704    0000021c     mid_foc.o (.text.foc_pwm_output)
                  00000920    000001d4     libc.a : s_cosf.c.obj (.text.cosf)
                  00000af4    000001c8            : s_sinf.c.obj (.text.sinf)
                  00000cbc    00000192     libclang_rt.builtins.a : adddf3.S.obj (.text.adddf3_subdf3)
                  00000e4e    00000002                            : aeabi_div0.c.obj (.text.__aeabi_idiv0)
                  00000e50    00000160     mid_foc.o (.text.foc_set_torque)
                  00000fb0    00000144     libc.a : s_floor.c.obj (.text.floor)
                  000010f4    0000011c            : e_fmodf.c.obj (.text.fmodf)
                  00001210    00000108     mid_pid.o (.text.pid_update)
                  00001318    00000104     driverlib.a : dl_timer.o (.text.DL_Timer_initFourCCPWMMode)
                  0000141c    000000f8     bsp_AS5600.o (.text.as5600_get_velocity)
                  00001514    000000e4     libclang_rt.builtins.a : muldf3.S.obj (.text.__muldf3)
                  000015f8    000000d8     libc.a : s_scalbn.c.obj (.text.scalbn)
                  000016d0    000000d8     libclang_rt.builtins.a : addsf3.S.obj (.text)
                  000017a8    000000bc     drv_IIC.o (.text.drv_iic_read)
                  00001864    000000b8     ti_msp_dl_config.o (.text.SYSCFG_DL_BLDC_init)
                  0000191c    000000b0     ti_msp_dl_config.o (.text.SYSCFG_DL_GPIO_init)
                  000019cc    000000ac     libc.a : s_cosf.c.obj (.text.__kernel_sindf)
                  00001a78    000000ac            : s_sinf.c.obj (.text.__kernel_sindf)
                  00001b24    0000009c            : s_cosf.c.obj (.text.__kernel_cosdf)
                  00001bc0    0000009c            : s_sinf.c.obj (.text.__kernel_cosdf)
                  00001c5c    0000008c     libclang_rt.builtins.a : mulsf3.S.obj (.text.__mulsf3)
                  00001ce8    00000084     ti_msp_dl_config.o (.text.__NVIC_SetPriority)
                  00001d6c    00000082     libclang_rt.builtins.a : divsf3.S.obj (.text.__divsf3)
                  00001dee    00000002     --HOLE-- [fill = 0]
                  00001df0    0000007c     libc.a : copy_decompress_lzss.c.obj (.text:decompress:lzss)
                  00001e6c    00000074     libclang_rt.builtins.a : comparedf2.c.obj (.text.__gedf2)
                  00001ee0    00000074                            : truncdfsf2.S.obj (.text.__truncdfsf2)
                  00001f54    00000070     drv_IIC.o (.text.drv_iic_wait_idle)
                  00001fc4    00000068     ti_msp_dl_config.o (.text.SYSCFG_DL_initPower)
                  0000202c    00000068     libclang_rt.builtins.a : comparedf2.c.obj (.text.__ledf2)
                  00002094    00000064     bsp_AS5600.o (.text.as5600_get_speed)
                  000020f8    00000064     mid_foc.o (.text.foc_as5600_init)
                  0000215c    00000062     libclang_rt.builtins.a : aeabi_dcmp.S.obj (.text.__aeabi_dcmp)
                  000021be    00000002     --HOLE-- [fill = 0]
                  000021c0    00000062                            : aeabi_fcmp.S.obj (.text.__aeabi_fcmp)
                  00002222    00000002     --HOLE-- [fill = 0]
                  00002224    00000060     mid_pid.o (.text.pid_init_all)
                  00002284    0000005e     driverlib.a : dl_i2c.o (.text.DL_I2C_fillControllerTXFIFO)
                  000022e2    00000002     --HOLE-- [fill = 0]
                  000022e4    0000005c     app_BLCD_test.o (.text.app_BLCD_test)
                  00002340    00000058     ti_msp_dl_config.o (.text.SYSCFG_DL_as5600_init)
                  00002398    00000056     libclang_rt.builtins.a : aeabi_idivmod.S.obj (.text.__aeabi_idivmod)
                  000023ee    00000002     --HOLE-- [fill = 0]
                  000023f0    00000050     ti_msp_dl_config.o (.text.DL_GPIO_initPeripheralInputFunctionFeatures)
                  00002440    00000050     drv_IIC.o (.text.DL_I2C_startControllerTransfer)
                  00002490    00000050     ti_msp_dl_config.o (.text.SYSCFG_DL_debug_init)
                  000024e0    0000004c     ti_msp_dl_config.o (.text.DL_UART_setBaudRateDivisor)
                  0000252c    0000004a     libclang_rt.builtins.a : fixdfsi.S.obj (.text.__fixdfsi)
                  00002576    00000002     --HOLE-- [fill = 0]
                  00002578    00000048     driverlib.a : dl_uart.o (.text.DL_UART_init)
                  000025c0    00000048     mid_foc.o (.text.foc_set_speed)
                  00002608    00000048     drv_tim.o (.text.pwm_setDuty)
                  00002650    00000044     mid_delay.o (.text.get_system_us)
                  00002694    00000040     libclang_rt.builtins.a : aeabi_uidivmod.S.obj (.text.__aeabi_uidivmod)
                  000026d4    00000040                            : extendsfdf2.S.obj (.text.__extendsfdf2)
                  00002714    00000040     mid_delay.o (.text.delay_ms)
                  00002754    00000040     mid_foc.o (.text.foc_electrical_angle)
                  00002794    00000040     mid_pid.o (.text.pid_init)
                  000027d4    00000040     drv_tim.o (.text.pwm_Init)
                  00002814    0000003c     driverlib.a : dl_i2c.o (.text.DL_I2C_flushControllerTXFIFO)
                  00002850    0000003c     ti_msp_dl_config.o (.text.DL_Timer_setCounterControl)
                  0000288c    0000003c     libclang_rt.builtins.a : floatsisf.S.obj (.text.__floatsisf)
                  000028c8    0000003c                            : comparesf2.S.obj (.text.__gtsf2)
                  00002904    0000003c     mid_foc.o (.text.foc_normalize)
                  00002940    0000003c     libc.a : autoinit.c.obj (.text:__TI_auto_init_nobinit_nopinit)
                  0000297c    0000003a     libclang_rt.builtins.a : comparesf2.S.obj (.text.__eqsf2)
                  000029b6    00000002     --HOLE-- [fill = 0]
                  000029b8    0000003a                            : muldsi3.S.obj (.text.__muldsi3)
                  000029f2    00000002     --HOLE-- [fill = 0]
                  000029f4    00000038                            : fixsfsi.S.obj (.text.__fixsfsi)
                  00002a2c    00000032                            : fixunssfsi.S.obj (.text.__fixunssfsi)
                  00002a5e    00000002     --HOLE-- [fill = 0]
                  00002a60    0000002c     ti_msp_dl_config.o (.text.SYSCFG_DL_init)
                  00002a8c    0000002c     libclang_rt.builtins.a : floatsidf.S.obj (.text.__floatsidf)
                  00002ab8    0000002c     bsp_AS5600.o (.text.as5600_get_angle_radians)
                  00002ae4    0000002a     ti_msp_dl_config.o (.text.SYSCFG_DL_SYSCTL_init)
                  00002b0e    00000028     drv_IIC.o (.text.DL_Common_updateReg)
                  00002b36    00000028     ti_msp_dl_config.o (.text.DL_Common_updateReg)
                  00002b5e    00000002     --HOLE-- [fill = 0]
                  00002b60    00000028     ti_msp_dl_config.o (.text.DL_I2C_setControllerRXFIFOThreshold)
                  00002b88    00000028     ti_msp_dl_config.o (.text.DL_I2C_setControllerTXFIFOThreshold)
                  00002bb0    00000028     ti_msp_dl_config.o (.text.DL_SYSTICK_init)
                  00002bd8    00000028     libclang_rt.builtins.a : floatunsisf.S.obj (.text.__floatunsisf)
                  00002c00    00000028     libc.a : boot_cortex_m.c.obj (.text:_c_int00_noargs)
                  00002c28    00000026     ti_msp_dl_config.o (.text.DL_I2C_setAnalogGlitchFilterPulseWidth)
                  00002c4e    00000026     driverlib.a : dl_i2c.o (.text.DL_I2C_setClockConfig)
                  00002c74    00000026     drv_tim.o (.text.pwm_setAllDuty)
                  00002c9a    00000002     --HOLE-- [fill = 0]
                  00002c9c    00000020     ti_msp_dl_config.o (.text.DL_GPIO_initPeripheralInputFunction)
                  00002cbc    00000020     bsp_AS5600.o (.text.as5600_read_raw_angle)
                  00002cdc    00000020     mid_delay.o (.text.tick_poll)
                  00002cfc    0000001e     ti_msp_dl_config.o (.text.DL_UART_setOversampling)
                  00002d1a    00000002     --HOLE-- [fill = 0]
                  00002d1c    0000001c     ti_msp_dl_config.o (.text.DL_GPIO_enableHiZ)
                  00002d38    0000001c     ti_msp_dl_config.o (.text.DL_GPIO_initPeripheralOutputFunction)
                  00002d54    0000001c     ti_msp_dl_config.o (.text.DL_SYSCTL_setMCLKDivider)
                  00002d70    0000001c     ti_msp_dl_config.o (.text.DL_SYSCTL_setSYSOSCFreq)
                  00002d8c    0000001c     ti_msp_dl_config.o (.text.DL_SYSCTL_setULPCLKDivider)
                  00002da8    0000001c     driverlib.a : dl_timer.o (.text.DL_Timer_setCaptCompUpdateMethod)
                  00002dc4    0000001c                 : dl_timer.o (.text.DL_Timer_setClockConfig)
                  00002de0    0000001c     ti_msp_dl_config.o (.text.DL_UART_enableInterrupt)
                  00002dfc    0000001c     bsp_BLCD.o (.text.bsp_bldc_init)
                  00002e18    0000001c     mid_foc.o (.text.foc_init)
                  00002e34    00000018     ti_msp_dl_config.o (.text.DL_GPIO_enableOutput)
                  00002e4c    00000018     ti_msp_dl_config.o (.text.DL_GPIO_enablePower)
                  00002e64    00000018     ti_msp_dl_config.o (.text.DL_GPIO_initDigitalOutput)
                  00002e7c    00000018     ti_msp_dl_config.o (.text.DL_GPIO_reset)
                  00002e94    00000018     bsp_led.o (.text.DL_GPIO_togglePins)
                  00002eac    00000018     ti_msp_dl_config.o (.text.DL_I2C_enableAnalogGlitchFilter)
                  00002ec4    00000018     ti_msp_dl_config.o (.text.DL_I2C_enableController)
                  00002edc    00000018     ti_msp_dl_config.o (.text.DL_I2C_enableControllerClockStretching)
                  00002ef4    00000018     ti_msp_dl_config.o (.text.DL_I2C_enablePower)
                  00002f0c    00000018     ti_msp_dl_config.o (.text.DL_I2C_reset)
                  00002f24    00000018     ti_msp_dl_config.o (.text.DL_I2C_setTimerPeriod)
                  00002f3c    00000018     ti_msp_dl_config.o (.text.DL_SYSCTL_setBORThreshold)
                  00002f54    00000018     ti_msp_dl_config.o (.text.DL_Timer_enablePower)
                  00002f6c    00000018     ti_msp_dl_config.o (.text.DL_Timer_reset)
                  00002f84    00000018     driverlib.a : dl_timer.o (.text.DL_Timer_setCaptureCompareOutCtl)
                  00002f9c    00000018     drv_tim.o (.text.DL_Timer_startCounter)
                  00002fb4    00000018     ti_msp_dl_config.o (.text.DL_UART_enablePower)
                  00002fcc    00000018     ti_msp_dl_config.o (.text.DL_UART_reset)
                  00002fe4    00000018     mid_foc.o (.text.speed_control)
                  00002ffc    00000016     ti_msp_dl_config.o (.text.DL_UART_enable)
                  00003012    00000016     libc.a : k_rem_pio2.c.obj (.text.OUTLINED_FUNCTION_0)
                  00003028    00000010     libclang_rt.builtins.a : adddf3.S.obj (.tramp.__aeabi_dadd.1)
                  00003038    00000016     empty.o (.text.main)
                  0000304e    00000016     libc.a : copy_zero_init.c.obj (.text:decompress:ZI:__TI_zero_init_nomemset)
                  00003064    00000014     ti_msp_dl_config.o (.text.DL_GPIO_clearPins)
                  00003078    00000014     drv_IIC.o (.text.DL_I2C_getControllerStatus)
                  0000308c    00000014     drv_IIC.o (.text.DL_I2C_receiveControllerData)
                  000030a0    00000014     drv_IIC.o (.text.DL_I2C_resetControllerTransfer)
                  000030b4    00000014     ti_msp_dl_config.o (.text.DL_I2C_resetControllerTransfer)
                  000030c8    00000014     ti_msp_dl_config.o (.text.DL_SYSCTL_disableSYSPLL)
                  000030dc    00000014     drv_tim.o (.text.DL_Timer_enableClock)
                  000030f0    00000014     ti_msp_dl_config.o (.text.DL_Timer_enableClock)
                  00003104    00000014     ti_msp_dl_config.o (.text.DL_Timer_setCCPDirection)
                  00003118    00000014     bsp_AS5600.o (.text.as5600_set_direction)
                  0000312c    00000014     bsp_led.o (.text.use_led_TOGGLE)
                  00003140    00000012     driverlib.a : dl_uart.o (.text.DL_UART_setClockConfig)
                  00003152    00000012     libc.a : memcpy16.S.obj (.text:TI_memcpy_small)
                  00003164    00000012            : copy_decompress_none.c.obj (.text:decompress:none)
                  00003176    00000002     --HOLE-- [fill = 0]
                  00003178    00000010     ti_msp_dl_config.o (.text.DL_SYSCTL_disableHFXT)
                  00003188    00000010     mid_delay.o (.text.DL_SYSTICK_enable)
                  00003198    00000010     driverlib.a : dl_timer.o (.text.DL_Timer_setCaptureCompareValue)
                  000031a8    00000010     libc.a : k_rem_pio2.c.obj (.text.OUTLINED_FUNCTION_2)
                  000031b8    00000010     bsp_BLCD.o (.text.bsp_bldc_set_speed)
                  000031c8    00000010     drv_tim.o (.text.pwm_start)
                  000031d8    0000000c     ti_msp_dl_config.o (.text.SYSCFG_DL_SYSTICK_init)
                  000031e4    0000000a     driverlib.a : dl_common.o (.text.DL_Common_delayCycles)
                  000031ee    0000000a     libc.a : k_rem_pio2.c.obj (.text.OUTLINED_FUNCTION_1)
                  000031f8    0000000a            : s_cosf.c.obj (.text.OUTLINED_FUNCTION_3)
                  00003202    0000000a            : s_sinf.c.obj (.text.OUTLINED_FUNCTION_3)
                  0000320c    00000008            : aeabi_portable.c.obj (.text.__aeabi_errno_addr)
                  00003214    00000008     libclang_rt.builtins.a : aeabi_memcpy.S.obj (.text.__aeabi_memcpy)
                  0000321c    00000006     libc.a : s_cosf.c.obj (.text.OUTLINED_FUNCTION_0)
                  00003222    00000002     --HOLE-- [fill = 0]
                  00003224    00000010     libclang_rt.builtins.a : muldf3.S.obj (.tramp.__aeabi_dmul.1)
                  00003234    00000006     libc.a : s_sinf.c.obj (.text.OUTLINED_FUNCTION_0)
                  0000323a    00000006            : s_cosf.c.obj (.text.OUTLINED_FUNCTION_1)
                  00003240    00000006            : s_sinf.c.obj (.text.OUTLINED_FUNCTION_1)
                  00003246    00000006            : exit.c.obj (.text:abort)
                  0000324c    00000004     startup_mspm0g350x_ticlang.o (.text.Default_Handler)
                  00003250    00000004     libsysbm.a : hostexit.c.obj (.text.HOSTexit)
                  00003254    00000004     libc.a : s_cosf.c.obj (.text.OUTLINED_FUNCTION_2)
                  00003258    00000010     libclang_rt.builtins.a : extendsfdf2.S.obj (.tramp.__aeabi_f2d.1)
                  00003268    00000004     libc.a : s_sinf.c.obj (.text.OUTLINED_FUNCTION_2)
                  0000326c    00000004     startup_mspm0g350x_ticlang.o (.text.Reset_Handler)
                  00003270    00000004     libc.a : pre_init.c.obj (.text._system_pre_init)
                  00003274    0000000c     --HOLE-- [fill = 0]

.cinit     0    00003400    00000048     
                  00003400    0000001f     (.cinit..data.load) [load image, compression = lzss]
                  0000341f    00000001     --HOLE-- [fill = 0]
                  00003420    0000000c     (__TI_handler_table)
                  0000342c    00000008     (.cinit..bss.load) [load image, compression = zero_init]
                  00003434    00000010     (__TI_cinit_table)
                  00003444    00000004     --HOLE-- [fill = 0]

.rodata    0    00003280    00000180     
                  00003280    00000108     libc.a : k_rem_pio2.c.obj (.rodata.ipio2)
                  00003388    00000040            : k_rem_pio2.c.obj (.rodata.PIo2)
                  000033c8    00000010            : k_rem_pio2.c.obj (.rodata.cst16)
                  000033d8    0000000a     ti_msp_dl_config.o (.rodata.gdebugConfig)
                  000033e2    00000002     ti_msp_dl_config.o (.rodata.gas5600ClockConfig)
                  000033e4    00000008     libc.a : e_fmodf.c.obj (.rodata.cst8)
                  000033ec    00000008     ti_msp_dl_config.o (.rodata.gBLDCConfig)
                  000033f4    00000003     ti_msp_dl_config.o (.rodata.gBLDCClockConfig)
                  000033f7    00000002     ti_msp_dl_config.o (.rodata.gdebugClockConfig)
                  000033f9    00000007     --HOLE-- [fill = 0]

.init_array 
*          0    00000000    00000000     UNINITIALIZED

.binit     0    00000000    00000000     

.bss       0    20200000    000000bc     UNINITIALIZED
                  20200000    000000bc     (.common:gBLDCBackup)

.data      0    202000bc    0000008e     UNINITIALIZED
                  202000bc    00000020     mid_pid.o (.data.g_pid_angle)
                  202000dc    00000020     mid_pid.o (.data.g_pid_speed)
                  202000fc    00000004     mid_foc.o (.data.DIR)
                  20200100    00000004     mid_foc.o (.data.PP)
                  20200104    00000004     mid_foc.o (.data.Ua)
                  20200108    00000004     mid_foc.o (.data.Ub)
                  2020010c    00000004     mid_foc.o (.data.Uc)
                  20200110    00000004     libc.a : aeabi_portable.c.obj (.data.__aeabi_errno)
                  20200114    00000004     bsp_AS5600.o (.data.as5600_get_speed.filtered)
                  20200118    00000004     bsp_AS5600.o (.data.as5600_get_velocity.last_raw)
                  2020011c    00000004     bsp_AS5600.o (.data.as5600_get_velocity.last_us)
                  20200120    00000004     mid_foc.o (.data.dc_a)
                  20200124    00000004     mid_foc.o (.data.dc_b)
                  20200128    00000004     mid_foc.o (.data.dc_c)
                  2020012c    00000004     bsp_AS5600.o (.data.g_as5600_dir)
                  20200130    00000004     mid_delay.o (.data.g_system_ms)
                  20200134    00000004     mid_foc.o (.data.sensor_speed)
                  20200138    00000004     mid_foc.o (.data.speed_target)
                  2020013c    00000004     mid_foc.o (.data.voltage_limit)
                  20200140    00000004     mid_foc.o (.data.voltage_power_supply)
                  20200144    00000004     mid_foc.o (.data.zero_electric_angle)
                  20200148    00000001     bsp_AS5600.o (.data.as5600_get_speed.first)
                  20200149    00000001     bsp_AS5600.o (.data.as5600_get_velocity.first)

.stack     0    20207e00    00000200     UNINITIALIZED
                  20207e00    00000004     libc.a : boot_cortex_m.c.obj (.stack)
                  20207e04    000001fc     --HOLE--

__llvm_prf_cnts 
*          0    20200000    00000000     UNINITIALIZED

__llvm_prf_bits 
*          0    20200000    00000000     UNINITIALIZED

MODULE SUMMARY

       Module                         code    ro data   rw data
       ------                         ----    -------   -------
    .\
       ti_msp_dl_config.o             2004    25        188    
       startup_mspm0g350x_ticlang.o   8       192       0      
       empty.o                        22      0         0      
    +--+------------------------------+-------+---------+---------+
       Total:                         2034    217       188    
                                                               
    .\MSPM0G3507\Application\
       app_BLCD_test.o                92      0         0      
    +--+------------------------------+-------+---------+---------+
       Total:                         92      0         0      
                                                               
    .\MSPM0G3507\BSP\
       bsp_AS5600.o                   444     0         18     
       bsp_BLCD.o                     44      0         0      
       bsp_led.o                      44      0         0      
    +--+------------------------------+-------+---------+---------+
       Total:                         532     0         18     
                                                               
    .\MSPM0G3507\Driver\
       drv_IIC.o                      480     0         0      
       drv_tim.o                      234     0         0      
    +--+------------------------------+-------+---------+---------+
       Total:                         714     0         0      
                                                               
    .\MSPM0G3507\Middleware\
       mid_foc.o                      1240    0         52     
       mid_pid.o                      424     0         64     
       mid_delay.o                    180     0         4      
    +--+------------------------------+-------+---------+---------+
       Total:                         1844    0         120    
                                                               
    C:/TI/mspm0_sdk_2_10_00_04/source/ti/driverlib/lib/ticlang/m0p/mspm0g1x0x_g3x0x/driverlib.a
       dl_timer.o                     356     0         0      
       dl_i2c.o                       192     0         0      
       dl_uart.o                      90      0         0      
       dl_common.o                    10      0         0      
    +--+------------------------------+-------+---------+---------+
       Total:                         648     0         0      
                                                               
    E:\ccs\ccs\tools\compiler\ti-cgt-armllvm_4.0.4.LTS\lib\armv6m-ti-none-eabi/c/libc.a
       k_rem_pio2.c.obj               1652    344       0      
       s_cosf.c.obj                   822     0         0      
       s_sinf.c.obj                   810     0         0      
       s_floor.c.obj                  324     0         0      
       e_fmodf.c.obj                  284     8         0      
       s_scalbn.c.obj                 216     0         0      
       copy_decompress_lzss.c.obj     124     0         0      
       autoinit.c.obj                 60      0         0      
       boot_cortex_m.c.obj            40      0         0      
       copy_zero_init.c.obj           22      0         0      
       copy_decompress_none.c.obj     18      0         0      
       memcpy16.S.obj                 18      0         0      
       aeabi_portable.c.obj           8       0         4      
       exit.c.obj                     6       0         0      
       pre_init.c.obj                 4       0         0      
    +--+------------------------------+-------+---------+---------+
       Total:                         4408    352       4      
                                                               
    E:\ccs\ccs\tools\compiler\ti-cgt-armllvm_4.0.4.LTS\lib\armv6m-ti-none-eabi/c/libsysbm.a
       hostexit.c.obj                 4       0         0      
    +--+------------------------------+-------+---------+---------+
       Total:                         4       0         0      
                                                               
    E:\ccs\ccs\tools\compiler\ti-cgt-armllvm_4.0.4.LTS\lib\armv6m-ti-none-eabi/libclang_rt.builtins.a
       adddf3.S.obj                   418     0         0      
       muldf3.S.obj                   244     0         0      
       comparedf2.c.obj               220     0         0      
       addsf3.S.obj                   216     0         0      
       mulsf3.S.obj                   140     0         0      
       divsf3.S.obj                   130     0         0      
       comparesf2.S.obj               118     0         0      
       truncdfsf2.S.obj               116     0         0      
       aeabi_dcmp.S.obj               98      0         0      
       aeabi_fcmp.S.obj               98      0         0      
       aeabi_idivmod.S.obj            86      0         0      
       extendsfdf2.S.obj              80      0         0      
       fixdfsi.S.obj                  74      0         0      
       aeabi_uidivmod.S.obj           64      0         0      
       floatsisf.S.obj                60      0         0      
       muldsi3.S.obj                  58      0         0      
       fixsfsi.S.obj                  56      0         0      
       fixunssfsi.S.obj               50      0         0      
       floatsidf.S.obj                44      0         0      
       floatunsisf.S.obj              40      0         0      
       aeabi_memcpy.S.obj             8       0         0      
       aeabi_div0.c.obj               2       0         0      
    +--+------------------------------+-------+---------+---------+
       Total:                         2420    0         0      
                                                               
       Stack:                         0       0         512    
       Linker Generated:              0       67        0      
    +--+------------------------------+-------+---------+---------+
       Grand Total:                   12696   636       842    


LINKER GENERATED COPY TABLES

__TI_cinit_table @ 00003434 records: 2, size/record: 8, table size: 16
	.data: load addr=00003400, load size=0000001f bytes, run addr=202000bc, run size=0000008e bytes, compression=lzss
	.bss: load addr=0000342c, load size=00000008 bytes, run addr=20200000, run size=000000bc bytes, compression=zero_init


LINKER GENERATED HANDLER TABLE

__TI_handler_table @ 00003420 records: 3, size/record: 4, table size: 12
	index: 0, handler: __TI_decompress_lzss
	index: 1, handler: __TI_decompress_none
	index: 2, handler: __TI_zero_init


FAR CALL TRAMPOLINES

callee name               trampoline name
   callee addr  tramp addr   call addr  call info
--------------  -----------  ---------  ----------------
__aeabi_dadd              $Tramp$TT$L$PI$$__aeabi_dadd
   00000cc7     00003028     00003026   libc.a : k_rem_pio2.c.obj (.text.OUTLINED_FUNCTION_0)
                             000031f6          : k_rem_pio2.c.obj (.text.OUTLINED_FUNCTION_1)
                             00003200          : s_cosf.c.obj (.text.OUTLINED_FUNCTION_3)
                             0000320a          : s_sinf.c.obj (.text.OUTLINED_FUNCTION_3)
__aeabi_dmul              $Tramp$TT$L$PI$$__aeabi_dmul
   00001515     00003224     00003220   libc.a : s_cosf.c.obj (.text.OUTLINED_FUNCTION_0)
                             00003238          : s_sinf.c.obj (.text.OUTLINED_FUNCTION_0)
                             0000323e          : s_cosf.c.obj (.text.OUTLINED_FUNCTION_1)
                             00003244          : s_sinf.c.obj (.text.OUTLINED_FUNCTION_1)
__aeabi_f2d               $Tramp$TT$L$PI$$__aeabi_f2d
   000026d5     00003258     00003256   libc.a : s_cosf.c.obj (.text.OUTLINED_FUNCTION_2)
                             0000326a          : s_sinf.c.obj (.text.OUTLINED_FUNCTION_2)

[3 trampolines]
[10 trampoline calls]


GLOBAL SYMBOLS: SORTED ALPHABETICALLY BY Name 

address   name                            
-------   ----                            
0000324d  ADC0_IRQHandler                 
0000324d  ADC1_IRQHandler                 
0000324d  AES_IRQHandler                  
00003250  C$$EXIT                         
0000324d  CANFD0_IRQHandler               
0000324d  DAC0_IRQHandler                 
202000fc  DIR                             
000031e5  DL_Common_delayCycles           
00002285  DL_I2C_fillControllerTXFIFO     
00002815  DL_I2C_flushControllerTXFIFO    
00002c4f  DL_I2C_setClockConfig           
00001319  DL_Timer_initFourCCPWMMode      
00002da9  DL_Timer_setCaptCompUpdateMethod
00002f85  DL_Timer_setCaptureCompareOutCtl
00003199  DL_Timer_setCaptureCompareValue 
00002dc5  DL_Timer_setClockConfig         
00002579  DL_UART_init                    
00003141  DL_UART_setClockConfig          
0000324d  DMA_IRQHandler                  
0000324d  Default_Handler                 
0000324d  GROUP0_IRQHandler               
0000324d  GROUP1_IRQHandler               
00003251  HOSTexit                        
0000324d  HardFault_Handler               
0000324d  I2C0_IRQHandler                 
0000324d  I2C1_IRQHandler                 
0000324d  NMI_Handler                     
20200100  PP                              
0000324d  PendSV_Handler                  
0000324d  RTC_IRQHandler                  
0000326d  Reset_Handler                   
0000324d  SPI0_IRQHandler                 
0000324d  SPI1_IRQHandler                 
0000324d  SVC_Handler                     
00001865  SYSCFG_DL_BLDC_init             
0000191d  SYSCFG_DL_GPIO_init             
00002ae5  SYSCFG_DL_SYSCTL_init           
000031d9  SYSCFG_DL_SYSTICK_init          
00002341  SYSCFG_DL_as5600_init           
00002491  SYSCFG_DL_debug_init            
00002a61  SYSCFG_DL_init                  
00001fc5  SYSCFG_DL_initPower             
0000324d  SysTick_Handler                 
0000324d  TIMA0_IRQHandler                
0000324d  TIMA1_IRQHandler                
0000324d  TIMG0_IRQHandler                
0000324d  TIMG12_IRQHandler               
0000324d  TIMG6_IRQHandler                
0000324d  TIMG7_IRQHandler                
0000324d  TIMG8_IRQHandler                
00003153  TI_memcpy_small                 
0000324d  UART0_IRQHandler                
0000324d  UART1_IRQHandler                
0000324d  UART2_IRQHandler                
0000324d  UART3_IRQHandler                
20200104  Ua                              
20200108  Ub                              
2020010c  Uc                              
20208000  __STACK_END                     
00000200  __STACK_SIZE                    
00000000  __TI_ATRegion0_region_sz        
00000000  __TI_ATRegion0_src_addr         
00000000  __TI_ATRegion0_trg_addr         
00000000  __TI_ATRegion1_region_sz        
00000000  __TI_ATRegion1_src_addr         
00000000  __TI_ATRegion1_trg_addr         
00000000  __TI_ATRegion2_region_sz        
00000000  __TI_ATRegion2_src_addr         
00000000  __TI_ATRegion2_trg_addr         
00003434  __TI_CINIT_Base                 
00003444  __TI_CINIT_Limit                
00003444  __TI_CINIT_Warm                 
00003420  __TI_Handler_Table_Base         
0000342c  __TI_Handler_Table_Limit        
00002941  __TI_auto_init_nobinit_nopinit  
00001df1  __TI_decompress_lzss            
00003165  __TI_decompress_none            
ffffffff  __TI_pprof_out_hndl             
ffffffff  __TI_prof_data_size             
ffffffff  __TI_prof_data_start            
00000000  __TI_static_base__              
0000304f  __TI_zero_init_nomemset         
00000cc7  __adddf3                        
000016db  __addsf3                        
00001ee1  __aeabi_d2f                     
0000252d  __aeabi_d2iz                    
00000cc7  __aeabi_dadd                    
0000215d  __aeabi_dcmpeq                  
00002199  __aeabi_dcmpge                  
000021ad  __aeabi_dcmpgt                  
00002185  __aeabi_dcmple                  
00002171  __aeabi_dcmplt                  
00001515  __aeabi_dmul                    
00000cbd  __aeabi_dsub                    
20200110  __aeabi_errno                   
0000320d  __aeabi_errno_addr              
000026d5  __aeabi_f2d                     
000029f5  __aeabi_f2iz                    
00002a2d  __aeabi_f2uiz                   
000016db  __aeabi_fadd                    
000021c1  __aeabi_fcmpeq                  
000021fd  __aeabi_fcmpge                  
00002211  __aeabi_fcmpgt                  
000021e9  __aeabi_fcmple                  
000021d5  __aeabi_fcmplt                  
00001d6d  __aeabi_fdiv                    
00001c5d  __aeabi_fmul                    
000016d1  __aeabi_fsub                    
00002a8d  __aeabi_i2d                     
0000288d  __aeabi_i2f                     
00002399  __aeabi_idiv                    
00000e4f  __aeabi_idiv0                   
00002399  __aeabi_idivmod                 
00003215  __aeabi_memcpy                  
00003215  __aeabi_memcpy4                 
00003215  __aeabi_memcpy8                 
00002bd9  __aeabi_ui2f                    
00002695  __aeabi_uidiv                   
00002695  __aeabi_uidivmod                
ffffffff  __binit__                       
0000202d  __cmpdf2                        
0000297d  __cmpsf2                        
00001d6d  __divsf3                        
0000202d  __eqdf2                         
0000297d  __eqsf2                         
000026d5  __extendsfdf2                   
0000252d  __fixdfsi                       
000029f5  __fixsfsi                       
00002a2d  __fixunssfsi                    
00002a8d  __floatsidf                     
0000288d  __floatsisf                     
00002bd9  __floatunsisf                   
00001e6d  __gedf2                         
000028c9  __gesf2                         
00001e6d  __gtdf2                         
000028c9  __gtsf2                         
000000c1  __kernel_rem_pio2               
0000202d  __ledf2                         
0000297d  __lesf2                         
0000202d  __ltdf2                         
0000297d  __ltsf2                         
UNDEFED   __mpu_init                      
00001515  __muldf3                        
000029b9  __muldsi3                       
00001c5d  __mulsf3                        
0000202d  __nedf2                         
0000297d  __nesf2                         
20207e00  __stack                         
20200000  __start___llvm_prf_bits         
20200000  __start___llvm_prf_cnts         
20200000  __stop___llvm_prf_bits          
20200000  __stop___llvm_prf_cnts          
00000cbd  __subdf3                        
000016d1  __subsf3                        
00001ee1  __truncdfsf2                    
00002c01  _c_int00_noargs                 
UNDEFED   _system_post_cinit              
00003271  _system_pre_init                
00003247  abort                           
000022e5  app_BLCD_test                   
00002ab9  as5600_get_angle_radians        
00002095  as5600_get_speed                
0000141d  as5600_get_velocity             
00002cbd  as5600_read_raw_angle           
00003119  as5600_set_direction            
ffffffff  binit                           
00002dfd  bsp_bldc_init                   
000031b9  bsp_bldc_set_speed              
00000921  cosf                            
20200120  dc_a                            
20200124  dc_b                            
20200128  dc_c                            
00002715  delay_ms                        
000017a9  drv_iic_read                    
00000fb1  floor                           
00000fb1  floorl                          
000010f5  fmodf                           
000020f9  foc_as5600_init                 
00002755  foc_electrical_angle            
00002e19  foc_init                        
00002905  foc_normalize                   
00000705  foc_pwm_output                  
000025c1  foc_set_speed                   
00000e51  foc_set_torque                  
20200000  gBLDCBackup                     
202000bc  g_pid_angle                     
202000dc  g_pid_speed                     
00002651  get_system_us                   
00000000  interruptVectors                
000015f9  ldexp                           
000015f9  ldexpl                          
00003039  main                            
00002795  pid_init                        
00002225  pid_init_all                    
00001211  pid_update                      
000027d5  pwm_Init                        
00002c75  pwm_setAllDuty                  
00002609  pwm_setDuty                     
000031c9  pwm_start                       
000015f9  scalbn                          
000015f9  scalbnl                         
20200134  sensor_speed                    
00000af5  sinf                            
20200138  speed_target                    
0000312d  use_led_TOGGLE                  
2020013c  voltage_limit                   
20200140  voltage_power_supply            
20200144  zero_electric_angle             


GLOBAL SYMBOLS: SORTED BY Symbol Address 

address   name                            
-------   ----                            
00000000  __TI_ATRegion0_region_sz        
00000000  __TI_ATRegion0_src_addr         
00000000  __TI_ATRegion0_trg_addr         
00000000  __TI_ATRegion1_region_sz        
00000000  __TI_ATRegion1_src_addr         
00000000  __TI_ATRegion1_trg_addr         
00000000  __TI_ATRegion2_region_sz        
00000000  __TI_ATRegion2_src_addr         
00000000  __TI_ATRegion2_trg_addr         
00000000  __TI_static_base__              
00000000  interruptVectors                
000000c1  __kernel_rem_pio2               
00000200  __STACK_SIZE                    
00000705  foc_pwm_output                  
00000921  cosf                            
00000af5  sinf                            
00000cbd  __aeabi_dsub                    
00000cbd  __subdf3                        
00000cc7  __adddf3                        
00000cc7  __aeabi_dadd                    
00000e4f  __aeabi_idiv0                   
00000e51  foc_set_torque                  
00000fb1  floor                           
00000fb1  floorl                          
000010f5  fmodf                           
00001211  pid_update                      
00001319  DL_Timer_initFourCCPWMMode      
0000141d  as5600_get_velocity             
00001515  __aeabi_dmul                    
00001515  __muldf3                        
000015f9  ldexp                           
000015f9  ldexpl                          
000015f9  scalbn                          
000015f9  scalbnl                         
000016d1  __aeabi_fsub                    
000016d1  __subsf3                        
000016db  __addsf3                        
000016db  __aeabi_fadd                    
000017a9  drv_iic_read                    
00001865  SYSCFG_DL_BLDC_init             
0000191d  SYSCFG_DL_GPIO_init             
00001c5d  __aeabi_fmul                    
00001c5d  __mulsf3                        
00001d6d  __aeabi_fdiv                    
00001d6d  __divsf3                        
00001df1  __TI_decompress_lzss            
00001e6d  __gedf2                         
00001e6d  __gtdf2                         
00001ee1  __aeabi_d2f                     
00001ee1  __truncdfsf2                    
00001fc5  SYSCFG_DL_initPower             
0000202d  __cmpdf2                        
0000202d  __eqdf2                         
0000202d  __ledf2                         
0000202d  __ltdf2                         
0000202d  __nedf2                         
00002095  as5600_get_speed                
000020f9  foc_as5600_init                 
0000215d  __aeabi_dcmpeq                  
00002171  __aeabi_dcmplt                  
00002185  __aeabi_dcmple                  
00002199  __aeabi_dcmpge                  
000021ad  __aeabi_dcmpgt                  
000021c1  __aeabi_fcmpeq                  
000021d5  __aeabi_fcmplt                  
000021e9  __aeabi_fcmple                  
000021fd  __aeabi_fcmpge                  
00002211  __aeabi_fcmpgt                  
00002225  pid_init_all                    
00002285  DL_I2C_fillControllerTXFIFO     
000022e5  app_BLCD_test                   
00002341  SYSCFG_DL_as5600_init           
00002399  __aeabi_idiv                    
00002399  __aeabi_idivmod                 
00002491  SYSCFG_DL_debug_init            
0000252d  __aeabi_d2iz                    
0000252d  __fixdfsi                       
00002579  DL_UART_init                    
000025c1  foc_set_speed                   
00002609  pwm_setDuty                     
00002651  get_system_us                   
00002695  __aeabi_uidiv                   
00002695  __aeabi_uidivmod                
000026d5  __aeabi_f2d                     
000026d5  __extendsfdf2                   
00002715  delay_ms                        
00002755  foc_electrical_angle            
00002795  pid_init                        
000027d5  pwm_Init                        
00002815  DL_I2C_flushControllerTXFIFO    
0000288d  __aeabi_i2f                     
0000288d  __floatsisf                     
000028c9  __gesf2                         
000028c9  __gtsf2                         
00002905  foc_normalize                   
00002941  __TI_auto_init_nobinit_nopinit  
0000297d  __cmpsf2                        
0000297d  __eqsf2                         
0000297d  __lesf2                         
0000297d  __ltsf2                         
0000297d  __nesf2                         
000029b9  __muldsi3                       
000029f5  __aeabi_f2iz                    
000029f5  __fixsfsi                       
00002a2d  __aeabi_f2uiz                   
00002a2d  __fixunssfsi                    
00002a61  SYSCFG_DL_init                  
00002a8d  __aeabi_i2d                     
00002a8d  __floatsidf                     
00002ab9  as5600_get_angle_radians        
00002ae5  SYSCFG_DL_SYSCTL_init           
00002bd9  __aeabi_ui2f                    
00002bd9  __floatunsisf                   
00002c01  _c_int00_noargs                 
00002c4f  DL_I2C_setClockConfig           
00002c75  pwm_setAllDuty                  
00002cbd  as5600_read_raw_angle           
00002da9  DL_Timer_setCaptCompUpdateMethod
00002dc5  DL_Timer_setClockConfig         
00002dfd  bsp_bldc_init                   
00002e19  foc_init                        
00002f85  DL_Timer_setCaptureCompareOutCtl
00003039  main                            
0000304f  __TI_zero_init_nomemset         
00003119  as5600_set_direction            
0000312d  use_led_TOGGLE                  
00003141  DL_UART_setClockConfig          
00003153  TI_memcpy_small                 
00003165  __TI_decompress_none            
00003199  DL_Timer_setCaptureCompareValue 
000031b9  bsp_bldc_set_speed              
000031c9  pwm_start                       
000031d9  SYSCFG_DL_SYSTICK_init          
000031e5  DL_Common_delayCycles           
0000320d  __aeabi_errno_addr              
00003215  __aeabi_memcpy                  
00003215  __aeabi_memcpy4                 
00003215  __aeabi_memcpy8                 
00003247  abort                           
0000324d  ADC0_IRQHandler                 
0000324d  ADC1_IRQHandler                 
0000324d  AES_IRQHandler                  
0000324d  CANFD0_IRQHandler               
0000324d  DAC0_IRQHandler                 
0000324d  DMA_IRQHandler                  
0000324d  Default_Handler                 
0000324d  GROUP0_IRQHandler               
0000324d  GROUP1_IRQHandler               
0000324d  HardFault_Handler               
0000324d  I2C0_IRQHandler                 
0000324d  I2C1_IRQHandler                 
0000324d  NMI_Handler                     
0000324d  PendSV_Handler                  
0000324d  RTC_IRQHandler                  
0000324d  SPI0_IRQHandler                 
0000324d  SPI1_IRQHandler                 
0000324d  SVC_Handler                     
0000324d  SysTick_Handler                 
0000324d  TIMA0_IRQHandler                
0000324d  TIMA1_IRQHandler                
0000324d  TIMG0_IRQHandler                
0000324d  TIMG12_IRQHandler               
0000324d  TIMG6_IRQHandler                
0000324d  TIMG7_IRQHandler                
0000324d  TIMG8_IRQHandler                
0000324d  UART0_IRQHandler                
0000324d  UART1_IRQHandler                
0000324d  UART2_IRQHandler                
0000324d  UART3_IRQHandler                
00003250  C$$EXIT                         
00003251  HOSTexit                        
0000326d  Reset_Handler                   
00003271  _system_pre_init                
00003420  __TI_Handler_Table_Base         
0000342c  __TI_Handler_Table_Limit        
00003434  __TI_CINIT_Base                 
00003444  __TI_CINIT_Limit                
00003444  __TI_CINIT_Warm                 
20200000  __start___llvm_prf_bits         
20200000  __start___llvm_prf_cnts         
20200000  __stop___llvm_prf_bits          
20200000  __stop___llvm_prf_cnts          
20200000  gBLDCBackup                     
202000bc  g_pid_angle                     
202000dc  g_pid_speed                     
202000fc  DIR                             
20200100  PP                              
20200104  Ua                              
20200108  Ub                              
2020010c  Uc                              
20200110  __aeabi_errno                   
20200120  dc_a                            
20200124  dc_b                            
20200128  dc_c                            
20200134  sensor_speed                    
20200138  speed_target                    
2020013c  voltage_limit                   
20200140  voltage_power_supply            
20200144  zero_electric_angle             
20207e00  __stack                         
20208000  __STACK_END                     
ffffffff  __TI_pprof_out_hndl             
ffffffff  __TI_prof_data_size             
ffffffff  __TI_prof_data_start            
ffffffff  __binit__                       
ffffffff  binit                           
UNDEFED   __mpu_init                      
UNDEFED   _system_post_cinit              

[208 symbols]
