******************************************************************************
            TI ARM Clang Linker PC v4.0.4                      
******************************************************************************
>> Linked Sun Jul 12 02:13:05 2026

OUTPUT FILE NAME:   <first.out>
ENTRY POINT SYMBOL: "_c_int00_noargs"  address: 000005cd


MEMORY CONFIGURATION

         name            origin    length      used     unused   attr    fill
----------------------  --------  ---------  --------  --------  ----  --------
  FLASH                 00000000   00020000  00000998  0001f668  R  X
  SRAM                  20200000   00008000  000002bc  00007d44  RW X
  BCR_CONFIG            41c00000   000000ff  00000000  000000ff  R   
  BSL_CONFIG            41c00100   00000080  00000000  00000080  R   


SEGMENT ALLOCATION MAP

run origin  load origin   length   init length attrs members
----------  ----------- ---------- ----------- ----- -------
00000000    00000000    00000998   00000998    r-x
  00000000    00000000    000000c0   000000c0    r-- .intvecs
  000000c0    000000c0    000008a8   000008a8    r-x .text
  00000968    00000968    00000018   00000018    r-- .rodata
  00000980    00000980    00000018   00000018    r-- .cinit
20200000    20200000    000000bc   00000000    rw-
  20200000    20200000    000000bc   00000000    rw- .bss
20207e00    20207e00    00000200   00000000    rw-
  20207e00    20207e00    00000200   00000000    rw- .stack


SECTION ALLOCATION MAP

 output                                  attributes/
section   page    origin      length       input sections
--------  ----  ----------  ----------   ----------------
.intvecs   0    00000000    000000c0     
                  00000000    000000c0     startup_mspm0g350x_ticlang.o (.intvecs)

.text      0    000000c0    000008a8     
                  000000c0    00000104     driverlib.a : dl_timer.o (.text.DL_Timer_initFourCCPWMMode)
                  000001c4    00000090     ti_msp_dl_config.o (.text.SYSCFG_DL_BLDC_init)
                  00000254    00000084     ti_msp_dl_config.o (.text.__NVIC_SetPriority)
                  000002d8    00000064     ti_msp_dl_config.o (.text.SYSCFG_DL_GPIO_init)
                  0000033c    00000058     ti_msp_dl_config.o (.text.SYSCFG_DL_initPower)
                  00000394    00000050     ti_msp_dl_config.o (.text.SYSCFG_DL_debug_init)
                  000003e4    0000004c     ti_msp_dl_config.o (.text.DL_UART_setBaudRateDivisor)
                  00000430    00000048     driverlib.a : dl_uart.o (.text.DL_UART_init)
                  00000478    0000003c     ti_msp_dl_config.o (.text.DL_Timer_setCounterControl)
                  000004b4    0000003c     libc.a : autoinit.c.obj (.text:__TI_auto_init_nobinit_nopinit)
                  000004f0    00000038     mid_delay.o (.text.delay_ms)
                  00000528    0000002a     ti_msp_dl_config.o (.text.SYSCFG_DL_SYSCTL_init)
                  00000552    00000028     ti_msp_dl_config.o (.text.DL_Common_updateReg)
                  0000057a    00000002     --HOLE-- [fill = 0]
                  0000057c    00000028     ti_msp_dl_config.o (.text.DL_SYSTICK_init)
                  000005a4    00000028     ti_msp_dl_config.o (.text.SYSCFG_DL_init)
                  000005cc    00000028     libc.a : boot_cortex_m.c.obj (.text:_c_int00_noargs)
                  000005f4    00000020     ti_msp_dl_config.o (.text.DL_GPIO_initPeripheralInputFunction)
                  00000614    0000001e     ti_msp_dl_config.o (.text.DL_UART_setOversampling)
                  00000632    00000002     --HOLE-- [fill = 0]
                  00000634    0000001c     ti_msp_dl_config.o (.text.DL_GPIO_initPeripheralOutputFunction)
                  00000650    0000001c     ti_msp_dl_config.o (.text.DL_SYSCTL_setMCLKDivider)
                  0000066c    0000001c     ti_msp_dl_config.o (.text.DL_SYSCTL_setSYSOSCFreq)
                  00000688    0000001c     ti_msp_dl_config.o (.text.DL_SYSCTL_setULPCLKDivider)
                  000006a4    0000001c     driverlib.a : dl_timer.o (.text.DL_Timer_setCaptCompUpdateMethod)
                  000006c0    0000001c                 : dl_timer.o (.text.DL_Timer_setClockConfig)
                  000006dc    0000001c     ti_msp_dl_config.o (.text.DL_UART_enableInterrupt)
                  000006f8    00000018     ti_msp_dl_config.o (.text.DL_GPIO_enableOutput)
                  00000710    00000018     ti_msp_dl_config.o (.text.DL_GPIO_enablePower)
                  00000728    00000018     ti_msp_dl_config.o (.text.DL_GPIO_initDigitalOutput)
                  00000740    00000018     ti_msp_dl_config.o (.text.DL_GPIO_reset)
                  00000758    00000018     bsp_led.o (.text.DL_GPIO_setPins)
                  00000770    00000018     bsp_led.o (.text.DL_GPIO_togglePins)
                  00000788    00000018     ti_msp_dl_config.o (.text.DL_SYSCTL_setBORThreshold)
                  000007a0    00000018     ti_msp_dl_config.o (.text.DL_Timer_enablePower)
                  000007b8    00000018     ti_msp_dl_config.o (.text.DL_Timer_reset)
                  000007d0    00000018     driverlib.a : dl_timer.o (.text.DL_Timer_setCaptureCompareOutCtl)
                  000007e8    00000018     ti_msp_dl_config.o (.text.DL_UART_enablePower)
                  00000800    00000018     ti_msp_dl_config.o (.text.DL_UART_reset)
                  00000818    00000016     ti_msp_dl_config.o (.text.DL_UART_enable)
                  0000082e    00000016     app_delay_test.o (.text.app_delay_test)
                  00000844    00000016     empty.o (.text.main)
                  0000085a    00000016     libc.a : copy_zero_init.c.obj (.text:decompress:ZI:__TI_zero_init_nomemset)
                  00000870    00000014     ti_msp_dl_config.o (.text.DL_GPIO_clearPins)
                  00000884    00000014     ti_msp_dl_config.o (.text.DL_SYSCTL_disableSYSPLL)
                  00000898    00000014     ti_msp_dl_config.o (.text.DL_Timer_enableClock)
                  000008ac    00000014     ti_msp_dl_config.o (.text.DL_Timer_setCCPDirection)
                  000008c0    00000014     bsp_led.o (.text.use_led_ON)
                  000008d4    00000014     bsp_led.o (.text.use_led_TOGGLE)
                  000008e8    00000012     driverlib.a : dl_uart.o (.text.DL_UART_setClockConfig)
                  000008fa    00000002     --HOLE-- [fill = 0]
                  000008fc    00000010     ti_msp_dl_config.o (.text.DL_SYSCTL_disableHFXT)
                  0000090c    00000010     mid_delay.o (.text.DL_SYSTICK_disable)
                  0000091c    00000010     mid_delay.o (.text.DL_SYSTICK_enable)
                  0000092c    00000010     driverlib.a : dl_timer.o (.text.DL_Timer_setCaptureCompareValue)
                  0000093c    0000000c     ti_msp_dl_config.o (.text.SYSCFG_DL_SYSTICK_init)
                  00000948    0000000a     driverlib.a : dl_common.o (.text.DL_Common_delayCycles)
                  00000952    00000006     libc.a : exit.c.obj (.text:abort)
                  00000958    00000004     startup_mspm0g350x_ticlang.o (.text.Default_Handler)
                  0000095c    00000004     libsysbm.a : hostexit.c.obj (.text.HOSTexit)
                  00000960    00000004     startup_mspm0g350x_ticlang.o (.text.Reset_Handler)
                  00000964    00000004     libc.a : pre_init.c.obj (.text._system_pre_init)

.cinit     0    00000980    00000018     
                  00000980    00000008     (.cinit..bss.load) [load image, compression = zero_init]
                  00000988    00000004     (__TI_handler_table)
                  0000098c    00000008     (__TI_cinit_table)
                  00000994    00000004     --HOLE-- [fill = 0]

.rodata    0    00000968    00000018     
                  00000968    0000000a     ti_msp_dl_config.o (.rodata.gdebugConfig)
                  00000972    00000002     ti_msp_dl_config.o (.rodata.gdebugClockConfig)
                  00000974    00000008     ti_msp_dl_config.o (.rodata.gBLDCConfig)
                  0000097c    00000003     ti_msp_dl_config.o (.rodata.gBLDCClockConfig)
                  0000097f    00000001     --HOLE-- [fill = 0]

.init_array 
*          0    00000000    00000000     UNINITIALIZED

.binit     0    00000000    00000000     

.bss       0    20200000    000000bc     UNINITIALIZED
                  20200000    000000bc     (.common:gBLDCBackup)

.stack     0    20207e00    00000200     UNINITIALIZED
                  20207e00    00000004     libc.a : boot_cortex_m.c.obj (.stack)
                  20207e04    000001fc     --HOLE--

__llvm_prf_cnts 
*          0    20200000    00000000     UNINITIALIZED

__llvm_prf_bits 
*          0    20200000    00000000     UNINITIALIZED

MODULE SUMMARY

       Module                         code   ro data   rw data
       ------                         ----   -------   -------
    .\
       ti_msp_dl_config.o             1390   23        188    
       startup_mspm0g350x_ticlang.o   8      192       0      
       empty.o                        22     0         0      
    +--+------------------------------+------+---------+---------+
       Total:                         1420   215       188    
                                                              
    .\MSPM0G3507\Application\
       app_delay_test.o               22     0         0      
    +--+------------------------------+------+---------+---------+
       Total:                         22     0         0      
                                                              
    .\MSPM0G3507\BSP\
       bsp_led.o                      88     0         0      
    +--+------------------------------+------+---------+---------+
       Total:                         88     0         0      
                                                              
    .\MSPM0G3507\Middleware\
       mid_delay.o                    88     0         0      
    +--+------------------------------+------+---------+---------+
       Total:                         88     0         0      
                                                              
    C:/TI/mspm0_sdk_2_10_00_04/source/ti/driverlib/lib/ticlang/m0p/mspm0g1x0x_g3x0x/driverlib.a
       dl_timer.o                     356    0         0      
       dl_uart.o                      90     0         0      
       dl_common.o                    10     0         0      
    +--+------------------------------+------+---------+---------+
       Total:                         456    0         0      
                                                              
    E:\ccs\ccs\tools\compiler\ti-cgt-armllvm_4.0.4.LTS\lib\armv6m-ti-none-eabi/c/libc.a
       autoinit.c.obj                 60     0         0      
       boot_cortex_m.c.obj            40     0         0      
       copy_zero_init.c.obj           22     0         0      
       exit.c.obj                     6      0         0      
       pre_init.c.obj                 4      0         0      
    +--+------------------------------+------+---------+---------+
       Total:                         132    0         0      
                                                              
    E:\ccs\ccs\tools\compiler\ti-cgt-armllvm_4.0.4.LTS\lib\armv6m-ti-none-eabi/c/libsysbm.a
       hostexit.c.obj                 4      0         0      
    +--+------------------------------+------+---------+---------+
       Total:                         4      0         0      
                                                              
       Stack:                         0      0         512    
       Linker Generated:              0      20        0      
    +--+------------------------------+------+---------+---------+
       Grand Total:                   2210   235       700    


LINKER GENERATED COPY TABLES

__TI_cinit_table @ 0000098c records: 1, size/record: 8, table size: 8
	.bss: load addr=00000980, load size=00000008 bytes, run addr=20200000, run size=000000bc bytes, compression=zero_init


LINKER GENERATED HANDLER TABLE

__TI_handler_table @ 00000988 records: 1, size/record: 4, table size: 4
	index: 0, handler: __TI_zero_init


GLOBAL SYMBOLS: SORTED ALPHABETICALLY BY Name 

address   name                            
-------   ----                            
00000959  ADC0_IRQHandler                 
00000959  ADC1_IRQHandler                 
00000959  AES_IRQHandler                  
0000095c  C$$EXIT                         
00000959  CANFD0_IRQHandler               
00000959  DAC0_IRQHandler                 
00000949  DL_Common_delayCycles           
000000c1  DL_Timer_initFourCCPWMMode      
000006a5  DL_Timer_setCaptCompUpdateMethod
000007d1  DL_Timer_setCaptureCompareOutCtl
0000092d  DL_Timer_setCaptureCompareValue 
000006c1  DL_Timer_setClockConfig         
00000431  DL_UART_init                    
000008e9  DL_UART_setClockConfig          
00000959  DMA_IRQHandler                  
00000959  Default_Handler                 
00000959  GROUP0_IRQHandler               
00000959  GROUP1_IRQHandler               
0000095d  HOSTexit                        
00000959  HardFault_Handler               
00000959  I2C0_IRQHandler                 
00000959  I2C1_IRQHandler                 
00000959  NMI_Handler                     
00000959  PendSV_Handler                  
00000959  RTC_IRQHandler                  
00000961  Reset_Handler                   
00000959  SPI0_IRQHandler                 
00000959  SPI1_IRQHandler                 
00000959  SVC_Handler                     
000001c5  SYSCFG_DL_BLDC_init             
000002d9  SYSCFG_DL_GPIO_init             
00000529  SYSCFG_DL_SYSCTL_init           
0000093d  SYSCFG_DL_SYSTICK_init          
00000395  SYSCFG_DL_debug_init            
000005a5  SYSCFG_DL_init                  
0000033d  SYSCFG_DL_initPower             
00000959  SysTick_Handler                 
00000959  TIMA0_IRQHandler                
00000959  TIMA1_IRQHandler                
00000959  TIMG0_IRQHandler                
00000959  TIMG12_IRQHandler               
00000959  TIMG6_IRQHandler                
00000959  TIMG7_IRQHandler                
00000959  TIMG8_IRQHandler                
00000959  UART0_IRQHandler                
00000959  UART1_IRQHandler                
00000959  UART2_IRQHandler                
00000959  UART3_IRQHandler                
20208000  __STACK_END                     
00000200  __STACK_SIZE                    
00000000  __TI_ATRegion0_region_sz        
00000000  __TI_ATRegion0_src_addr         
00000000  __TI_ATRegion0_trg_addr         
00000000  __TI_ATRegion1_region_sz        
00000000  __TI_ATRegion1_src_addr         
00000000  __TI_ATRegion1_trg_addr         
00000000  __TI_ATRegion2_region_sz        
00000000  __TI_ATRegion2_src_addr         
00000000  __TI_ATRegion2_trg_addr         
0000098c  __TI_CINIT_Base                 
00000994  __TI_CINIT_Limit                
00000994  __TI_CINIT_Warm                 
00000988  __TI_Handler_Table_Base         
0000098c  __TI_Handler_Table_Limit        
000004b5  __TI_auto_init_nobinit_nopinit  
ffffffff  __TI_pprof_out_hndl             
ffffffff  __TI_prof_data_size             
ffffffff  __TI_prof_data_start            
00000000  __TI_static_base__              
0000085b  __TI_zero_init_nomemset         
ffffffff  __binit__                       
UNDEFED   __mpu_init                      
20207e00  __stack                         
20200000  __start___llvm_prf_bits         
20200000  __start___llvm_prf_cnts         
20200000  __stop___llvm_prf_bits          
20200000  __stop___llvm_prf_cnts          
000005cd  _c_int00_noargs                 
UNDEFED   _system_post_cinit              
00000965  _system_pre_init                
00000953  abort                           
0000082f  app_delay_test                  
ffffffff  binit                           
000004f1  delay_ms                        
20200000  gBLDCBackup                     
00000000  interruptVectors                
00000845  main                            
000008c1  use_led_ON                      
000008d5  use_led_TOGGLE                  


GLOBAL SYMBOLS: SORTED BY Symbol Address 

address   name                            
-------   ----                            
00000000  __TI_ATRegion0_region_sz        
00000000  __TI_ATRegion0_src_addr         
00000000  __TI_ATRegion0_trg_addr         
00000000  __TI_ATRegion1_region_sz        
00000000  __TI_ATRegion1_src_addr         
00000000  __TI_ATRegion1_trg_addr         
00000000  __TI_ATRegion2_region_sz        
00000000  __TI_ATRegion2_src_addr         
00000000  __TI_ATRegion2_trg_addr         
00000000  __TI_static_base__              
00000000  interruptVectors                
000000c1  DL_Timer_initFourCCPWMMode      
000001c5  SYSCFG_DL_BLDC_init             
00000200  __STACK_SIZE                    
000002d9  SYSCFG_DL_GPIO_init             
0000033d  SYSCFG_DL_initPower             
00000395  SYSCFG_DL_debug_init            
00000431  DL_UART_init                    
000004b5  __TI_auto_init_nobinit_nopinit  
000004f1  delay_ms                        
00000529  SYSCFG_DL_SYSCTL_init           
000005a5  SYSCFG_DL_init                  
000005cd  _c_int00_noargs                 
000006a5  DL_Timer_setCaptCompUpdateMethod
000006c1  DL_Timer_setClockConfig         
000007d1  DL_Timer_setCaptureCompareOutCtl
0000082f  app_delay_test                  
00000845  main                            
0000085b  __TI_zero_init_nomemset         
000008c1  use_led_ON                      
000008d5  use_led_TOGGLE                  
000008e9  DL_UART_setClockConfig          
0000092d  DL_Timer_setCaptureCompareValue 
0000093d  SYSCFG_DL_SYSTICK_init          
00000949  DL_Common_delayCycles           
00000953  abort                           
00000959  ADC0_IRQHandler                 
00000959  ADC1_IRQHandler                 
00000959  AES_IRQHandler                  
00000959  CANFD0_IRQHandler               
00000959  DAC0_IRQHandler                 
00000959  DMA_IRQHandler                  
00000959  Default_Handler                 
00000959  GROUP0_IRQHandler               
00000959  GROUP1_IRQHandler               
00000959  HardFault_Handler               
00000959  I2C0_IRQHandler                 
00000959  I2C1_IRQHandler                 
00000959  NMI_Handler                     
00000959  PendSV_Handler                  
00000959  RTC_IRQHandler                  
00000959  SPI0_IRQHandler                 
00000959  SPI1_IRQHandler                 
00000959  SVC_Handler                     
00000959  SysTick_Handler                 
00000959  TIMA0_IRQHandler                
00000959  TIMA1_IRQHandler                
00000959  TIMG0_IRQHandler                
00000959  TIMG12_IRQHandler               
00000959  TIMG6_IRQHandler                
00000959  TIMG7_IRQHandler                
00000959  TIMG8_IRQHandler                
00000959  UART0_IRQHandler                
00000959  UART1_IRQHandler                
00000959  UART2_IRQHandler                
00000959  UART3_IRQHandler                
0000095c  C$$EXIT                         
0000095d  HOSTexit                        
00000961  Reset_Handler                   
00000965  _system_pre_init                
00000988  __TI_Handler_Table_Base         
0000098c  __TI_CINIT_Base                 
0000098c  __TI_Handler_Table_Limit        
00000994  __TI_CINIT_Limit                
00000994  __TI_CINIT_Warm                 
20200000  __start___llvm_prf_bits         
20200000  __start___llvm_prf_cnts         
20200000  __stop___llvm_prf_bits          
20200000  __stop___llvm_prf_cnts          
20200000  gBLDCBackup                     
20207e00  __stack                         
20208000  __STACK_END                     
ffffffff  __TI_pprof_out_hndl             
ffffffff  __TI_prof_data_size             
ffffffff  __TI_prof_data_start            
ffffffff  __binit__                       
ffffffff  binit                           
UNDEFED   __mpu_init                      
UNDEFED   _system_post_cinit              

[89 symbols]
