<?xml version="1.0" encoding="ISO-8859-1" ?>
<link_info>
   <banner>TI ARM Clang Linker PC v4.0.4.LTS</banner>
   <copyright>Copyright (c) 1996-2018 Texas Instruments Incorporated</copyright>
   <command_line>E:\ccs\ccs\tools\compiler\ti-cgt-armllvm_4.0.4.LTS\bin\tiarmlnk -IE:\ccs\ccs\tools\compiler\ti-cgt-armllvm_4.0.4.LTS\lib -o first.out -mfirst.map -iC:/TI/mspm0_sdk_2_10_00_04/source -iE:/ccs/project/first -iE:/ccs/project/first/Debug/syscfg -iE:/ccs/ccs/tools/compiler/ti-cgt-armllvm_4.0.4.LTS/lib --diag_wrap=off --display_error_number --warn_sections --xml_link_info=first_linkInfo.xml --rom_model ./empty.o ./ti_msp_dl_config.o ./startup_mspm0g350x_ticlang.o ./MSPM0G3507/Application/app.o ./MSPM0G3507/Application/app_BLCD_test.o ./MSPM0G3507/Application/app_PWM_test.o ./MSPM0G3507/Application/app_as5600_test.o ./MSPM0G3507/Application/app_debug_test.o ./MSPM0G3507/Application/app_delay_test.o ./MSPM0G3507/Application/app_motor.o ./MSPM0G3507/BSP/bsp_AS5600.o ./MSPM0G3507/BSP/bsp_led.o ./MSPM0G3507/BSP/bsp_motor.o ./MSPM0G3507/Driver/drv_IIC.o ./MSPM0G3507/Driver/drv_tim.o ./MSPM0G3507/Driver/drv_uart.o ./MSPM0G3507/Middleware/mid_delay.o ./MSPM0G3507/Middleware/mid_foc.o ./MSPM0G3507/Middleware/mid_pid.o -l./device_linker.cmd -ldevice.cmd.genlibs -llibc.a --start-group -llibc++.a -llibc++abi.a -llibc.a -llibsys.a -llibsysbm.a -llibclang_rt.builtins.a -llibclang_rt.profile.a --end-group --cg_opt_level=0</command_line>
   <link_time>0x6a5362f3</link_time>
   <link_errors>0x0</link_errors>
   <output_file>E:\ccs\project\first\Debug\first.out</output_file>
   <entry_point>
      <name>_c_int00_noargs</name>
      <address>0x2ea1</address>
   </entry_point>
   <input_file_list>
      <input_file id="fl-1">
         <path>E:\ccs\project\first\Debug\.\</path>
         <kind>object</kind>
         <file>empty.o</file>
         <name>empty.o</name>
      </input_file>
      <input_file id="fl-2">
         <path>E:\ccs\project\first\Debug\.\</path>
         <kind>object</kind>
         <file>ti_msp_dl_config.o</file>
         <name>ti_msp_dl_config.o</name>
      </input_file>
      <input_file id="fl-3">
         <path>E:\ccs\project\first\Debug\.\</path>
         <kind>object</kind>
         <file>startup_mspm0g350x_ticlang.o</file>
         <name>startup_mspm0g350x_ticlang.o</name>
      </input_file>
      <input_file id="fl-4">
         <path>E:\ccs\project\first\Debug\.\MSPM0G3507\Application\</path>
         <kind>object</kind>
         <file>app.o</file>
         <name>app.o</name>
      </input_file>
      <input_file id="fl-5">
         <path>E:\ccs\project\first\Debug\.\MSPM0G3507\Application\</path>
         <kind>object</kind>
         <file>app_BLCD_test.o</file>
         <name>app_BLCD_test.o</name>
      </input_file>
      <input_file id="fl-6">
         <path>E:\ccs\project\first\Debug\.\MSPM0G3507\Application\</path>
         <kind>object</kind>
         <file>app_PWM_test.o</file>
         <name>app_PWM_test.o</name>
      </input_file>
      <input_file id="fl-7">
         <path>E:\ccs\project\first\Debug\.\MSPM0G3507\Application\</path>
         <kind>object</kind>
         <file>app_as5600_test.o</file>
         <name>app_as5600_test.o</name>
      </input_file>
      <input_file id="fl-8">
         <path>E:\ccs\project\first\Debug\.\MSPM0G3507\Application\</path>
         <kind>object</kind>
         <file>app_debug_test.o</file>
         <name>app_debug_test.o</name>
      </input_file>
      <input_file id="fl-9">
         <path>E:\ccs\project\first\Debug\.\MSPM0G3507\Application\</path>
         <kind>object</kind>
         <file>app_delay_test.o</file>
         <name>app_delay_test.o</name>
      </input_file>
      <input_file id="fl-a">
         <path>E:\ccs\project\first\Debug\.\MSPM0G3507\Application\</path>
         <kind>object</kind>
         <file>app_motor.o</file>
         <name>app_motor.o</name>
      </input_file>
      <input_file id="fl-b">
         <path>E:\ccs\project\first\Debug\.\MSPM0G3507\BSP\</path>
         <kind>object</kind>
         <file>bsp_AS5600.o</file>
         <name>bsp_AS5600.o</name>
      </input_file>
      <input_file id="fl-c">
         <path>E:\ccs\project\first\Debug\.\MSPM0G3507\BSP\</path>
         <kind>object</kind>
         <file>bsp_led.o</file>
         <name>bsp_led.o</name>
      </input_file>
      <input_file id="fl-d">
         <path>E:\ccs\project\first\Debug\.\MSPM0G3507\BSP\</path>
         <kind>object</kind>
         <file>bsp_motor.o</file>
         <name>bsp_motor.o</name>
      </input_file>
      <input_file id="fl-e">
         <path>E:\ccs\project\first\Debug\.\MSPM0G3507\Driver\</path>
         <kind>object</kind>
         <file>drv_IIC.o</file>
         <name>drv_IIC.o</name>
      </input_file>
      <input_file id="fl-f">
         <path>E:\ccs\project\first\Debug\.\MSPM0G3507\Driver\</path>
         <kind>object</kind>
         <file>drv_tim.o</file>
         <name>drv_tim.o</name>
      </input_file>
      <input_file id="fl-10">
         <path>E:\ccs\project\first\Debug\.\MSPM0G3507\Driver\</path>
         <kind>object</kind>
         <file>drv_uart.o</file>
         <name>drv_uart.o</name>
      </input_file>
      <input_file id="fl-11">
         <path>E:\ccs\project\first\Debug\.\MSPM0G3507\Middleware\</path>
         <kind>object</kind>
         <file>mid_delay.o</file>
         <name>mid_delay.o</name>
      </input_file>
      <input_file id="fl-12">
         <path>E:\ccs\project\first\Debug\.\MSPM0G3507\Middleware\</path>
         <kind>object</kind>
         <file>mid_foc.o</file>
         <name>mid_foc.o</name>
      </input_file>
      <input_file id="fl-13">
         <path>E:\ccs\project\first\Debug\.\MSPM0G3507\Middleware\</path>
         <kind>object</kind>
         <file>mid_pid.o</file>
         <name>mid_pid.o</name>
      </input_file>
      <input_file id="fl-20">
         <path>E:\ccs\project\first\Debug\</path>
         <kind>object</kind>
         <file>&lt;internal&gt;</file>
         <name>&lt;internal&gt;</name>
      </input_file>
      <input_file id="fl-21">
         <path>C:\TI\mspm0_sdk_2_10_00_04\source\ti\driverlib\lib\ticlang\m0p\mspm0g1x0x_g3x0x\</path>
         <kind>archive</kind>
         <file>driverlib.a</file>
         <name>dl_common.o</name>
      </input_file>
      <input_file id="fl-22">
         <path>C:\TI\mspm0_sdk_2_10_00_04\source\ti\driverlib\lib\ticlang\m0p\mspm0g1x0x_g3x0x\</path>
         <kind>archive</kind>
         <file>driverlib.a</file>
         <name>dl_i2c.o</name>
      </input_file>
      <input_file id="fl-23">
         <path>C:\TI\mspm0_sdk_2_10_00_04\source\ti\driverlib\lib\ticlang\m0p\mspm0g1x0x_g3x0x\</path>
         <kind>archive</kind>
         <file>driverlib.a</file>
         <name>dl_timer.o</name>
      </input_file>
      <input_file id="fl-24">
         <path>C:\TI\mspm0_sdk_2_10_00_04\source\ti\driverlib\lib\ticlang\m0p\mspm0g1x0x_g3x0x\</path>
         <kind>archive</kind>
         <file>driverlib.a</file>
         <name>dl_uart.o</name>
      </input_file>
      <input_file id="fl-3b">
         <path>E:\ccs\ccs\tools\compiler\ti-cgt-armllvm_4.0.4.LTS\lib\armv6m-ti-none-eabi\c\</path>
         <kind>archive</kind>
         <file>libc.a</file>
         <name>e_fmodf.c.obj</name>
      </input_file>
      <input_file id="fl-3c">
         <path>E:\ccs\ccs\tools\compiler\ti-cgt-armllvm_4.0.4.LTS\lib\armv6m-ti-none-eabi\c\</path>
         <kind>archive</kind>
         <file>libc.a</file>
         <name>s_cosf.c.obj</name>
      </input_file>
      <input_file id="fl-3d">
         <path>E:\ccs\ccs\tools\compiler\ti-cgt-armllvm_4.0.4.LTS\lib\armv6m-ti-none-eabi\c\</path>
         <kind>archive</kind>
         <file>libc.a</file>
         <name>s_sinf.c.obj</name>
      </input_file>
      <input_file id="fl-3e">
         <path>E:\ccs\ccs\tools\compiler\ti-cgt-armllvm_4.0.4.LTS\lib\armv6m-ti-none-eabi\c\</path>
         <kind>archive</kind>
         <file>libc.a</file>
         <name>printf.c.obj</name>
      </input_file>
      <input_file id="fl-3f">
         <path>E:\ccs\ccs\tools\compiler\ti-cgt-armllvm_4.0.4.LTS\lib\armv6m-ti-none-eabi\c\</path>
         <kind>archive</kind>
         <file>libc.a</file>
         <name>_printfi.c.obj</name>
      </input_file>
      <input_file id="fl-40">
         <path>E:\ccs\ccs\tools\compiler\ti-cgt-armllvm_4.0.4.LTS\lib\armv6m-ti-none-eabi\c\</path>
         <kind>archive</kind>
         <file>libc.a</file>
         <name>fputs.c.obj</name>
      </input_file>
      <input_file id="fl-41">
         <path>E:\ccs\ccs\tools\compiler\ti-cgt-armllvm_4.0.4.LTS\lib\armv6m-ti-none-eabi\c\</path>
         <kind>archive</kind>
         <file>libc.a</file>
         <name>_io_perm.c.obj</name>
      </input_file>
      <input_file id="fl-42">
         <path>E:\ccs\ccs\tools\compiler\ti-cgt-armllvm_4.0.4.LTS\lib\armv6m-ti-none-eabi\c\</path>
         <kind>archive</kind>
         <file>libc.a</file>
         <name>setvbuf.c.obj</name>
      </input_file>
      <input_file id="fl-43">
         <path>E:\ccs\ccs\tools\compiler\ti-cgt-armllvm_4.0.4.LTS\lib\armv6m-ti-none-eabi\c\</path>
         <kind>archive</kind>
         <file>libc.a</file>
         <name>aeabi_portable.c.obj</name>
      </input_file>
      <input_file id="fl-44">
         <path>E:\ccs\ccs\tools\compiler\ti-cgt-armllvm_4.0.4.LTS\lib\armv6m-ti-none-eabi\c\</path>
         <kind>archive</kind>
         <file>libc.a</file>
         <name>k_rem_pio2.c.obj</name>
      </input_file>
      <input_file id="fl-45">
         <path>E:\ccs\ccs\tools\compiler\ti-cgt-armllvm_4.0.4.LTS\lib\armv6m-ti-none-eabi\c\</path>
         <kind>archive</kind>
         <file>libc.a</file>
         <name>exit.c.obj</name>
      </input_file>
      <input_file id="fl-46">
         <path>E:\ccs\ccs\tools\compiler\ti-cgt-armllvm_4.0.4.LTS\lib\armv6m-ti-none-eabi\c\</path>
         <kind>archive</kind>
         <file>libc.a</file>
         <name>_lock.c.obj</name>
      </input_file>
      <input_file id="fl-47">
         <path>E:\ccs\ccs\tools\compiler\ti-cgt-armllvm_4.0.4.LTS\lib\armv6m-ti-none-eabi\c\</path>
         <kind>archive</kind>
         <file>libc.a</file>
         <name>_ltoa.c.obj</name>
      </input_file>
      <input_file id="fl-48">
         <path>E:\ccs\ccs\tools\compiler\ti-cgt-armllvm_4.0.4.LTS\lib\armv6m-ti-none-eabi\c\</path>
         <kind>archive</kind>
         <file>libc.a</file>
         <name>assert.c.obj</name>
      </input_file>
      <input_file id="fl-49">
         <path>E:\ccs\ccs\tools\compiler\ti-cgt-armllvm_4.0.4.LTS\lib\armv6m-ti-none-eabi\c\</path>
         <kind>archive</kind>
         <file>libc.a</file>
         <name>atoi.c.obj</name>
      </input_file>
      <input_file id="fl-4a">
         <path>E:\ccs\ccs\tools\compiler\ti-cgt-armllvm_4.0.4.LTS\lib\armv6m-ti-none-eabi\c\</path>
         <kind>archive</kind>
         <file>libc.a</file>
         <name>defs.c.obj</name>
      </input_file>
      <input_file id="fl-4b">
         <path>E:\ccs\ccs\tools\compiler\ti-cgt-armllvm_4.0.4.LTS\lib\armv6m-ti-none-eabi\c\</path>
         <kind>archive</kind>
         <file>libc.a</file>
         <name>memccpy.c.obj</name>
      </input_file>
      <input_file id="fl-4c">
         <path>E:\ccs\ccs\tools\compiler\ti-cgt-armllvm_4.0.4.LTS\lib\armv6m-ti-none-eabi\c\</path>
         <kind>archive</kind>
         <file>libc.a</file>
         <name>memory.c.obj</name>
      </input_file>
      <input_file id="fl-4d">
         <path>E:\ccs\ccs\tools\compiler\ti-cgt-armllvm_4.0.4.LTS\lib\armv6m-ti-none-eabi\c\</path>
         <kind>archive</kind>
         <file>libc.a</file>
         <name>boot_cortex_m.c.obj</name>
      </input_file>
      <input_file id="fl-4e">
         <path>E:\ccs\ccs\tools\compiler\ti-cgt-armllvm_4.0.4.LTS\lib\armv6m-ti-none-eabi\c\</path>
         <kind>archive</kind>
         <file>libc.a</file>
         <name>mathacl_init.c.obj</name>
      </input_file>
      <input_file id="fl-4f">
         <path>E:\ccs\ccs\tools\compiler\ti-cgt-armllvm_4.0.4.LTS\lib\armv6m-ti-none-eabi\c\</path>
         <kind>archive</kind>
         <file>libc.a</file>
         <name>autoinit.c.obj</name>
      </input_file>
      <input_file id="fl-50">
         <path>E:\ccs\ccs\tools\compiler\ti-cgt-armllvm_4.0.4.LTS\lib\armv6m-ti-none-eabi\c\</path>
         <kind>archive</kind>
         <file>libc.a</file>
         <name>pre_init.c.obj</name>
      </input_file>
      <input_file id="fl-51">
         <path>E:\ccs\ccs\tools\compiler\ti-cgt-armllvm_4.0.4.LTS\lib\armv6m-ti-none-eabi\c\</path>
         <kind>archive</kind>
         <file>libc.a</file>
         <name>cpy_tbl.c.obj</name>
      </input_file>
      <input_file id="fl-52">
         <path>E:\ccs\ccs\tools\compiler\ti-cgt-armllvm_4.0.4.LTS\lib\armv6m-ti-none-eabi\c\</path>
         <kind>archive</kind>
         <file>libc.a</file>
         <name>copy_zero_init.c.obj</name>
      </input_file>
      <input_file id="fl-53">
         <path>E:\ccs\ccs\tools\compiler\ti-cgt-armllvm_4.0.4.LTS\lib\armv6m-ti-none-eabi\c\</path>
         <kind>archive</kind>
         <file>libc.a</file>
         <name>copy_decompress_none.c.obj</name>
      </input_file>
      <input_file id="fl-54">
         <path>E:\ccs\ccs\tools\compiler\ti-cgt-armllvm_4.0.4.LTS\lib\armv6m-ti-none-eabi\c\</path>
         <kind>archive</kind>
         <file>libc.a</file>
         <name>copy_decompress_lzss.c.obj</name>
      </input_file>
      <input_file id="fl-55">
         <path>E:\ccs\ccs\tools\compiler\ti-cgt-armllvm_4.0.4.LTS\lib\armv6m-ti-none-eabi\c\</path>
         <kind>archive</kind>
         <file>libc.a</file>
         <name>s_floor.c.obj</name>
      </input_file>
      <input_file id="fl-56">
         <path>E:\ccs\ccs\tools\compiler\ti-cgt-armllvm_4.0.4.LTS\lib\armv6m-ti-none-eabi\c\</path>
         <kind>archive</kind>
         <file>libc.a</file>
         <name>s_frexp.c.obj</name>
      </input_file>
      <input_file id="fl-57">
         <path>E:\ccs\ccs\tools\compiler\ti-cgt-armllvm_4.0.4.LTS\lib\armv6m-ti-none-eabi\c\</path>
         <kind>archive</kind>
         <file>libc.a</file>
         <name>s_scalbn.c.obj</name>
      </input_file>
      <input_file id="fl-58">
         <path>E:\ccs\ccs\tools\compiler\ti-cgt-armllvm_4.0.4.LTS\lib\armv6m-ti-none-eabi\c\</path>
         <kind>archive</kind>
         <file>libc.a</file>
         <name>wcslen.c.obj</name>
      </input_file>
      <input_file id="fl-59">
         <path>E:\ccs\ccs\tools\compiler\ti-cgt-armllvm_4.0.4.LTS\lib\armv6m-ti-none-eabi\c\</path>
         <kind>archive</kind>
         <file>libc.a</file>
         <name>sprintf.c.obj</name>
      </input_file>
      <input_file id="fl-5a">
         <path>E:\ccs\ccs\tools\compiler\ti-cgt-armllvm_4.0.4.LTS\lib\armv6m-ti-none-eabi\c\</path>
         <kind>archive</kind>
         <file>libc.a</file>
         <name>fflush.c.obj</name>
      </input_file>
      <input_file id="fl-5b">
         <path>E:\ccs\ccs\tools\compiler\ti-cgt-armllvm_4.0.4.LTS\lib\armv6m-ti-none-eabi\c\</path>
         <kind>archive</kind>
         <file>libc.a</file>
         <name>fopen.c.obj</name>
      </input_file>
      <input_file id="fl-5c">
         <path>E:\ccs\ccs\tools\compiler\ti-cgt-armllvm_4.0.4.LTS\lib\armv6m-ti-none-eabi\c\</path>
         <kind>archive</kind>
         <file>libc.a</file>
         <name>fseek.c.obj</name>
      </input_file>
      <input_file id="fl-5d">
         <path>E:\ccs\ccs\tools\compiler\ti-cgt-armllvm_4.0.4.LTS\lib\armv6m-ti-none-eabi\c\</path>
         <kind>archive</kind>
         <file>libc.a</file>
         <name>aeabi_ctype.S.obj</name>
      </input_file>
      <input_file id="fl-5e">
         <path>E:\ccs\ccs\tools\compiler\ti-cgt-armllvm_4.0.4.LTS\lib\armv6m-ti-none-eabi\c\</path>
         <kind>archive</kind>
         <file>libc.a</file>
         <name>args_main.c.obj</name>
      </input_file>
      <input_file id="fl-5f">
         <path>E:\ccs\ccs\tools\compiler\ti-cgt-armllvm_4.0.4.LTS\lib\armv6m-ti-none-eabi\c\</path>
         <kind>archive</kind>
         <file>libc.a</file>
         <name>fclose.c.obj</name>
      </input_file>
      <input_file id="fl-ff">
         <path>E:\ccs\ccs\tools\compiler\ti-cgt-armllvm_4.0.4.LTS\lib\armv6m-ti-none-eabi\c\</path>
         <kind>archive</kind>
         <file>libsysbm.a</file>
         <name>hostexit.c.obj</name>
      </input_file>
      <input_file id="fl-100">
         <path>E:\ccs\ccs\tools\compiler\ti-cgt-armllvm_4.0.4.LTS\lib\armv6m-ti-none-eabi\c\</path>
         <kind>archive</kind>
         <file>libsysbm.a</file>
         <name>write.c.obj</name>
      </input_file>
      <input_file id="fl-101">
         <path>E:\ccs\ccs\tools\compiler\ti-cgt-armllvm_4.0.4.LTS\lib\armv6m-ti-none-eabi\c\</path>
         <kind>archive</kind>
         <file>libsysbm.a</file>
         <name>host_device.c.obj</name>
      </input_file>
      <input_file id="fl-102">
         <path>E:\ccs\ccs\tools\compiler\ti-cgt-armllvm_4.0.4.LTS\lib\armv6m-ti-none-eabi\c\</path>
         <kind>archive</kind>
         <file>libsysbm.a</file>
         <name>remove.c.obj</name>
      </input_file>
      <input_file id="fl-103">
         <path>E:\ccs\ccs\tools\compiler\ti-cgt-armllvm_4.0.4.LTS\lib\armv6m-ti-none-eabi\c\</path>
         <kind>archive</kind>
         <file>libsysbm.a</file>
         <name>open.c.obj</name>
      </input_file>
      <input_file id="fl-104">
         <path>E:\ccs\ccs\tools\compiler\ti-cgt-armllvm_4.0.4.LTS\lib\armv6m-ti-none-eabi\c\</path>
         <kind>archive</kind>
         <file>libsysbm.a</file>
         <name>lseek.c.obj</name>
      </input_file>
      <input_file id="fl-105">
         <path>E:\ccs\ccs\tools\compiler\ti-cgt-armllvm_4.0.4.LTS\lib\armv6m-ti-none-eabi\c\</path>
         <kind>archive</kind>
         <file>libsysbm.a</file>
         <name>close.c.obj</name>
      </input_file>
      <input_file id="fl-106">
         <path>E:\ccs\ccs\tools\compiler\ti-cgt-armllvm_4.0.4.LTS\lib\armv6m-ti-none-eabi\c\</path>
         <kind>archive</kind>
         <file>libsysbm.a</file>
         <name>unlink.c.obj</name>
      </input_file>
      <input_file id="fl-107">
         <path>E:\ccs\ccs\tools\compiler\ti-cgt-armllvm_4.0.4.LTS\lib\armv6m-ti-none-eabi\c\</path>
         <kind>archive</kind>
         <file>libsysbm.a</file>
         <name>hostclose.c.obj</name>
      </input_file>
      <input_file id="fl-108">
         <path>E:\ccs\ccs\tools\compiler\ti-cgt-armllvm_4.0.4.LTS\lib\armv6m-ti-none-eabi\c\</path>
         <kind>archive</kind>
         <file>libsysbm.a</file>
         <name>hostlseek.c.obj</name>
      </input_file>
      <input_file id="fl-109">
         <path>E:\ccs\ccs\tools\compiler\ti-cgt-armllvm_4.0.4.LTS\lib\armv6m-ti-none-eabi\c\</path>
         <kind>archive</kind>
         <file>libsysbm.a</file>
         <name>hostopen.c.obj</name>
      </input_file>
      <input_file id="fl-10a">
         <path>E:\ccs\ccs\tools\compiler\ti-cgt-armllvm_4.0.4.LTS\lib\armv6m-ti-none-eabi\c\</path>
         <kind>archive</kind>
         <file>libsysbm.a</file>
         <name>hostread.c.obj</name>
      </input_file>
      <input_file id="fl-10b">
         <path>E:\ccs\ccs\tools\compiler\ti-cgt-armllvm_4.0.4.LTS\lib\armv6m-ti-none-eabi\c\</path>
         <kind>archive</kind>
         <file>libsysbm.a</file>
         <name>hostrename.c.obj</name>
      </input_file>
      <input_file id="fl-10c">
         <path>E:\ccs\ccs\tools\compiler\ti-cgt-armllvm_4.0.4.LTS\lib\armv6m-ti-none-eabi\c\</path>
         <kind>archive</kind>
         <file>libsysbm.a</file>
         <name>hostunlink.c.obj</name>
      </input_file>
      <input_file id="fl-10d">
         <path>E:\ccs\ccs\tools\compiler\ti-cgt-armllvm_4.0.4.LTS\lib\armv6m-ti-none-eabi\c\</path>
         <kind>archive</kind>
         <file>libsysbm.a</file>
         <name>hostwrite.c.obj</name>
      </input_file>
      <input_file id="fl-10e">
         <path>E:\ccs\ccs\tools\compiler\ti-cgt-armllvm_4.0.4.LTS\lib\armv6m-ti-none-eabi\c\</path>
         <kind>archive</kind>
         <file>libsysbm.a</file>
         <name>trgmsg.c.obj</name>
      </input_file>
      <input_file id="fl-10f">
         <path>E:\ccs\ccs\tools\compiler\ti-cgt-armllvm_4.0.4.LTS\lib\armv6m-ti-none-eabi\</path>
         <kind>archive</kind>
         <file>libclang_rt.builtins.a</file>
         <name>addsf3.S.obj</name>
      </input_file>
      <input_file id="fl-110">
         <path>E:\ccs\ccs\tools\compiler\ti-cgt-armllvm_4.0.4.LTS\lib\armv6m-ti-none-eabi\</path>
         <kind>archive</kind>
         <file>libclang_rt.builtins.a</file>
         <name>adddf3.S.obj</name>
      </input_file>
      <input_file id="fl-111">
         <path>E:\ccs\ccs\tools\compiler\ti-cgt-armllvm_4.0.4.LTS\lib\armv6m-ti-none-eabi\</path>
         <kind>archive</kind>
         <file>libclang_rt.builtins.a</file>
         <name>muldf3.S.obj</name>
      </input_file>
      <input_file id="fl-112">
         <path>E:\ccs\ccs\tools\compiler\ti-cgt-armllvm_4.0.4.LTS\lib\armv6m-ti-none-eabi\</path>
         <kind>archive</kind>
         <file>libclang_rt.builtins.a</file>
         <name>muldsi3.S.obj</name>
      </input_file>
      <input_file id="fl-113">
         <path>E:\ccs\ccs\tools\compiler\ti-cgt-armllvm_4.0.4.LTS\lib\armv6m-ti-none-eabi\</path>
         <kind>archive</kind>
         <file>libclang_rt.builtins.a</file>
         <name>mulsf3.S.obj</name>
      </input_file>
      <input_file id="fl-114">
         <path>E:\ccs\ccs\tools\compiler\ti-cgt-armllvm_4.0.4.LTS\lib\armv6m-ti-none-eabi\</path>
         <kind>archive</kind>
         <file>libclang_rt.builtins.a</file>
         <name>divsf3.S.obj</name>
      </input_file>
      <input_file id="fl-115">
         <path>E:\ccs\ccs\tools\compiler\ti-cgt-armllvm_4.0.4.LTS\lib\armv6m-ti-none-eabi\</path>
         <kind>archive</kind>
         <file>libclang_rt.builtins.a</file>
         <name>divdf3.S.obj</name>
      </input_file>
      <input_file id="fl-116">
         <path>E:\ccs\ccs\tools\compiler\ti-cgt-armllvm_4.0.4.LTS\lib\armv6m-ti-none-eabi\</path>
         <kind>archive</kind>
         <file>libclang_rt.builtins.a</file>
         <name>extendsfdf2.S.obj</name>
      </input_file>
      <input_file id="fl-117">
         <path>E:\ccs\ccs\tools\compiler\ti-cgt-armllvm_4.0.4.LTS\lib\armv6m-ti-none-eabi\</path>
         <kind>archive</kind>
         <file>libclang_rt.builtins.a</file>
         <name>fixdfsi.S.obj</name>
      </input_file>
      <input_file id="fl-118">
         <path>E:\ccs\ccs\tools\compiler\ti-cgt-armllvm_4.0.4.LTS\lib\armv6m-ti-none-eabi\</path>
         <kind>archive</kind>
         <file>libclang_rt.builtins.a</file>
         <name>fixsfsi.S.obj</name>
      </input_file>
      <input_file id="fl-119">
         <path>E:\ccs\ccs\tools\compiler\ti-cgt-armllvm_4.0.4.LTS\lib\armv6m-ti-none-eabi\</path>
         <kind>archive</kind>
         <file>libclang_rt.builtins.a</file>
         <name>fixunssfsi.S.obj</name>
      </input_file>
      <input_file id="fl-11a">
         <path>E:\ccs\ccs\tools\compiler\ti-cgt-armllvm_4.0.4.LTS\lib\armv6m-ti-none-eabi\</path>
         <kind>archive</kind>
         <file>libclang_rt.builtins.a</file>
         <name>floatsidf.S.obj</name>
      </input_file>
      <input_file id="fl-11b">
         <path>E:\ccs\ccs\tools\compiler\ti-cgt-armllvm_4.0.4.LTS\lib\armv6m-ti-none-eabi\</path>
         <kind>archive</kind>
         <file>libclang_rt.builtins.a</file>
         <name>floatsisf.S.obj</name>
      </input_file>
      <input_file id="fl-11c">
         <path>E:\ccs\ccs\tools\compiler\ti-cgt-armllvm_4.0.4.LTS\lib\armv6m-ti-none-eabi\</path>
         <kind>archive</kind>
         <file>libclang_rt.builtins.a</file>
         <name>floatunsisf.S.obj</name>
      </input_file>
      <input_file id="fl-11d">
         <path>E:\ccs\ccs\tools\compiler\ti-cgt-armllvm_4.0.4.LTS\lib\armv6m-ti-none-eabi\</path>
         <kind>archive</kind>
         <file>libclang_rt.builtins.a</file>
         <name>muldi3.S.obj</name>
      </input_file>
      <input_file id="fl-11e">
         <path>E:\ccs\ccs\tools\compiler\ti-cgt-armllvm_4.0.4.LTS\lib\armv6m-ti-none-eabi\</path>
         <kind>archive</kind>
         <file>libclang_rt.builtins.a</file>
         <name>truncdfsf2.S.obj</name>
      </input_file>
      <input_file id="fl-11f">
         <path>E:\ccs\ccs\tools\compiler\ti-cgt-armllvm_4.0.4.LTS\lib\armv6m-ti-none-eabi\</path>
         <kind>archive</kind>
         <file>libclang_rt.builtins.a</file>
         <name>aeabi_dcmp.S.obj</name>
      </input_file>
      <input_file id="fl-120">
         <path>E:\ccs\ccs\tools\compiler\ti-cgt-armllvm_4.0.4.LTS\lib\armv6m-ti-none-eabi\</path>
         <kind>archive</kind>
         <file>libclang_rt.builtins.a</file>
         <name>aeabi_fcmp.S.obj</name>
      </input_file>
      <input_file id="fl-121">
         <path>E:\ccs\ccs\tools\compiler\ti-cgt-armllvm_4.0.4.LTS\lib\armv6m-ti-none-eabi\</path>
         <kind>archive</kind>
         <file>libclang_rt.builtins.a</file>
         <name>aeabi_idivmod.S.obj</name>
      </input_file>
      <input_file id="fl-122">
         <path>E:\ccs\ccs\tools\compiler\ti-cgt-armllvm_4.0.4.LTS\lib\armv6m-ti-none-eabi\</path>
         <kind>archive</kind>
         <file>libclang_rt.builtins.a</file>
         <name>aeabi_memcpy.S.obj</name>
      </input_file>
      <input_file id="fl-123">
         <path>E:\ccs\ccs\tools\compiler\ti-cgt-armllvm_4.0.4.LTS\lib\armv6m-ti-none-eabi\</path>
         <kind>archive</kind>
         <file>libclang_rt.builtins.a</file>
         <name>aeabi_memset.S.obj</name>
      </input_file>
      <input_file id="fl-124">
         <path>E:\ccs\ccs\tools\compiler\ti-cgt-armllvm_4.0.4.LTS\lib\armv6m-ti-none-eabi\</path>
         <kind>archive</kind>
         <file>libclang_rt.builtins.a</file>
         <name>aeabi_uidivmod.S.obj</name>
      </input_file>
      <input_file id="fl-125">
         <path>E:\ccs\ccs\tools\compiler\ti-cgt-armllvm_4.0.4.LTS\lib\armv6m-ti-none-eabi\</path>
         <kind>archive</kind>
         <file>libclang_rt.builtins.a</file>
         <name>aeabi_uldivmod.S.obj</name>
      </input_file>
      <input_file id="fl-126">
         <path>E:\ccs\ccs\tools\compiler\ti-cgt-armllvm_4.0.4.LTS\lib\armv6m-ti-none-eabi\</path>
         <kind>archive</kind>
         <file>libclang_rt.builtins.a</file>
         <name>comparesf2.S.obj</name>
      </input_file>
      <input_file id="fl-127">
         <path>E:\ccs\ccs\tools\compiler\ti-cgt-armllvm_4.0.4.LTS\lib\armv6m-ti-none-eabi\</path>
         <kind>archive</kind>
         <file>libclang_rt.builtins.a</file>
         <name>udivmoddi4.S.obj</name>
      </input_file>
      <input_file id="fl-128">
         <path>E:\ccs\ccs\tools\compiler\ti-cgt-armllvm_4.0.4.LTS\lib\armv6m-ti-none-eabi\</path>
         <kind>archive</kind>
         <file>libclang_rt.builtins.a</file>
         <name>ashldi3.S.obj</name>
      </input_file>
      <input_file id="fl-129">
         <path>E:\ccs\ccs\tools\compiler\ti-cgt-armllvm_4.0.4.LTS\lib\armv6m-ti-none-eabi\</path>
         <kind>archive</kind>
         <file>libclang_rt.builtins.a</file>
         <name>comparedf2.c.obj</name>
      </input_file>
      <input_file id="fl-12a">
         <path>E:\ccs\ccs\tools\compiler\ti-cgt-armllvm_4.0.4.LTS\lib\armv6m-ti-none-eabi\</path>
         <kind>archive</kind>
         <file>libclang_rt.builtins.a</file>
         <name>aeabi_div0.c.obj</name>
      </input_file>
      <input_file id="fl-12b">
         <path>E:\ccs\ccs\tools\compiler\ti-cgt-armllvm_4.0.4.LTS\lib\armv6m-ti-none-eabi\c\</path>
         <kind>archive</kind>
         <file>libc.a</file>
         <name>getdevice.c.obj</name>
      </input_file>
      <input_file id="fl-12c">
         <path>E:\ccs\ccs\tools\compiler\ti-cgt-armllvm_4.0.4.LTS\lib\armv6m-ti-none-eabi\c\</path>
         <kind>archive</kind>
         <file>libc.a</file>
         <name>memcpy16.S.obj</name>
      </input_file>
      <input_file id="fl-12d">
         <path>E:\ccs\ccs\tools\compiler\ti-cgt-armllvm_4.0.4.LTS\lib\armv6m-ti-none-eabi\c\</path>
         <kind>archive</kind>
         <file>libc.a</file>
         <name>memset16.S.obj</name>
      </input_file>
      <input_file id="fl-12e">
         <path>E:\ccs\ccs\tools\compiler\ti-cgt-armllvm_4.0.4.LTS\lib\armv6m-ti-none-eabi\c\</path>
         <kind>archive</kind>
         <file>libc.a</file>
         <name>strcmp-armv6m.S.obj</name>
      </input_file>
   </input_file_list>
   <object_component_list>
      <object_component id="oc-18">
         <name>.intvecs</name>
         <load_address>0x0</load_address>
         <readonly>true</readonly>
         <run_address>0x0</run_address>
         <size>0xc0</size>
         <alignment>0x4</alignment>
         <input_file_ref idref="fl-3"/>
      </object_component>
      <object_component id="oc-1e0">
         <name>.text.__kernel_rem_pio2</name>
         <load_address>0xc0</load_address>
         <readonly>true</readonly>
         <executable>true</executable>
         <run_address>0xc0</run_address>
         <size>0x644</size>
         <alignment>0x4</alignment>
         <input_file_ref idref="fl-44"/>
      </object_component>
      <object_component id="oc-1ac">
         <name>.text.foc_pwm_output</name>
         <load_address>0x704</load_address>
         <readonly>true</readonly>
         <executable>true</executable>
         <run_address>0x704</run_address>
         <size>0x21c</size>
         <alignment>0x4</alignment>
         <input_file_ref idref="fl-12"/>
      </object_component>
      <object_component id="oc-1a6">
         <name>.text.cosf</name>
         <load_address>0x920</load_address>
         <readonly>true</readonly>
         <executable>true</executable>
         <run_address>0x920</run_address>
         <size>0x1d4</size>
         <alignment>0x4</alignment>
         <input_file_ref idref="fl-3c"/>
      </object_component>
      <object_component id="oc-1a0">
         <name>.text.sinf</name>
         <load_address>0xaf4</load_address>
         <readonly>true</readonly>
         <executable>true</executable>
         <run_address>0xaf4</run_address>
         <size>0x1c8</size>
         <alignment>0x4</alignment>
         <input_file_ref idref="fl-3d"/>
      </object_component>
      <object_component id="oc-80">
         <name>.text.app_BLCD_test</name>
         <load_address>0xcbc</load_address>
         <readonly>true</readonly>
         <executable>true</executable>
         <run_address>0xcbc</run_address>
         <size>0x198</size>
         <alignment>0x4</alignment>
         <input_file_ref idref="fl-5"/>
      </object_component>
      <object_component id="oc-1cd">
         <name>.text.adddf3_subdf3</name>
         <load_address>0xe54</load_address>
         <readonly>true</readonly>
         <executable>true</executable>
         <run_address>0xe54</run_address>
         <size>0x192</size>
         <alignment>0x4</alignment>
         <input_file_ref idref="fl-110"/>
      </object_component>
      <object_component id="oc-201">
         <name>.text.__aeabi_idiv0</name>
         <load_address>0xfe6</load_address>
         <readonly>true</readonly>
         <executable>true</executable>
         <run_address>0xfe6</run_address>
         <size>0x2</size>
         <alignment>0x2</alignment>
         <input_file_ref idref="fl-12a"/>
      </object_component>
      <object_component id="oc-15c">
         <name>.text.foc_set_torque</name>
         <load_address>0xfe8</load_address>
         <readonly>true</readonly>
         <executable>true</executable>
         <run_address>0xfe8</run_address>
         <size>0x160</size>
         <alignment>0x4</alignment>
         <input_file_ref idref="fl-12"/>
      </object_component>
      <object_component id="oc-21f">
         <name>.text.floor</name>
         <load_address>0x1148</load_address>
         <readonly>true</readonly>
         <executable>true</executable>
         <run_address>0x1148</run_address>
         <size>0x144</size>
         <alignment>0x4</alignment>
         <input_file_ref idref="fl-55"/>
      </object_component>
      <object_component id="oc-1b6">
         <name>.text.fmodf</name>
         <load_address>0x128c</load_address>
         <readonly>true</readonly>
         <executable>true</executable>
         <run_address>0x128c</run_address>
         <size>0x11c</size>
         <alignment>0x4</alignment>
         <input_file_ref idref="fl-3b"/>
      </object_component>
      <object_component id="oc-1ba">
         <name>.text.pid_update</name>
         <load_address>0x13a8</load_address>
         <readonly>true</readonly>
         <executable>true</executable>
         <run_address>0x13a8</run_address>
         <size>0x108</size>
         <alignment>0x2</alignment>
         <input_file_ref idref="fl-13"/>
      </object_component>
      <object_component id="oc-11c">
         <name>.text.DL_Timer_initFourCCPWMMode</name>
         <load_address>0x14b0</load_address>
         <readonly>true</readonly>
         <executable>true</executable>
         <run_address>0x14b0</run_address>
         <size>0x104</size>
         <alignment>0x4</alignment>
         <input_file_ref idref="fl-23"/>
      </object_component>
      <object_component id="oc-16e">
         <name>.text.as5600_get_velocity</name>
         <load_address>0x15b4</load_address>
         <readonly>true</readonly>
         <executable>true</executable>
         <run_address>0x15b4</run_address>
         <size>0xf8</size>
         <alignment>0x4</alignment>
         <input_file_ref idref="fl-b"/>
      </object_component>
      <object_component id="oc-1d1">
         <name>.text.__muldf3</name>
         <load_address>0x16ac</load_address>
         <readonly>true</readonly>
         <executable>true</executable>
         <run_address>0x16ac</run_address>
         <size>0xe4</size>
         <alignment>0x4</alignment>
         <input_file_ref idref="fl-111"/>
      </object_component>
      <object_component id="oc-21b">
         <name>.text.scalbn</name>
         <load_address>0x1790</load_address>
         <readonly>true</readonly>
         <executable>true</executable>
         <run_address>0x1790</run_address>
         <size>0xd8</size>
         <alignment>0x4</alignment>
         <input_file_ref idref="fl-57"/>
      </object_component>
      <object_component id="oc-165">
         <name>.text</name>
         <load_address>0x1868</load_address>
         <readonly>true</readonly>
         <executable>true</executable>
         <run_address>0x1868</run_address>
         <size>0xd8</size>
         <alignment>0x4</alignment>
         <input_file_ref idref="fl-10f"/>
      </object_component>
      <object_component id="oc-1fc">
         <name>.text.drv_iic_read</name>
         <load_address>0x1940</load_address>
         <readonly>true</readonly>
         <executable>true</executable>
         <run_address>0x1940</run_address>
         <size>0xbc</size>
         <alignment>0x4</alignment>
         <input_file_ref idref="fl-e"/>
      </object_component>
      <object_component id="oc-a9">
         <name>.text.SYSCFG_DL_BLDC_init</name>
         <load_address>0x19fc</load_address>
         <readonly>true</readonly>
         <executable>true</executable>
         <run_address>0x19fc</run_address>
         <size>0xb8</size>
         <alignment>0x4</alignment>
         <input_file_ref idref="fl-2"/>
      </object_component>
      <object_component id="oc-a7">
         <name>.text.SYSCFG_DL_GPIO_init</name>
         <load_address>0x1ab4</load_address>
         <readonly>true</readonly>
         <executable>true</executable>
         <run_address>0x1ab4</run_address>
         <size>0xb0</size>
         <alignment>0x4</alignment>
         <input_file_ref idref="fl-2"/>
      </object_component>
      <object_component id="oc-1eb">
         <name>.text.__kernel_sindf</name>
         <load_address>0x1b64</load_address>
         <readonly>true</readonly>
         <executable>true</executable>
         <run_address>0x1b64</run_address>
         <size>0xac</size>
         <alignment>0x4</alignment>
         <input_file_ref idref="fl-3c"/>
      </object_component>
      <object_component id="oc-1db">
         <name>.text.__kernel_sindf</name>
         <load_address>0x1c10</load_address>
         <readonly>true</readonly>
         <executable>true</executable>
         <run_address>0x1c10</run_address>
         <size>0xac</size>
         <alignment>0x4</alignment>
         <input_file_ref idref="fl-3d"/>
      </object_component>
      <object_component id="oc-1e9">
         <name>.text.__kernel_cosdf</name>
         <load_address>0x1cbc</load_address>
         <readonly>true</readonly>
         <executable>true</executable>
         <run_address>0x1cbc</run_address>
         <size>0x9c</size>
         <alignment>0x4</alignment>
         <input_file_ref idref="fl-3c"/>
      </object_component>
      <object_component id="oc-1da">
         <name>.text.__kernel_cosdf</name>
         <load_address>0x1d58</load_address>
         <readonly>true</readonly>
         <executable>true</executable>
         <run_address>0x1d58</run_address>
         <size>0x9c</size>
         <alignment>0x4</alignment>
         <input_file_ref idref="fl-3d"/>
      </object_component>
      <object_component id="oc-179">
         <name>.text.drv_uart_print_num</name>
         <load_address>0x1df4</load_address>
         <readonly>true</readonly>
         <executable>true</executable>
         <run_address>0x1df4</run_address>
         <size>0x98</size>
         <alignment>0x2</alignment>
         <input_file_ref idref="fl-10"/>
      </object_component>
      <object_component id="oc-d7">
         <name>.text.__mulsf3</name>
         <load_address>0x1e8c</load_address>
         <readonly>true</readonly>
         <executable>true</executable>
         <run_address>0x1e8c</run_address>
         <size>0x8c</size>
         <alignment>0x4</alignment>
         <input_file_ref idref="fl-113"/>
      </object_component>
      <object_component id="oc-13e">
         <name>.text.__NVIC_SetPriority</name>
         <load_address>0x1f18</load_address>
         <readonly>true</readonly>
         <executable>true</executable>
         <run_address>0x1f18</run_address>
         <size>0x84</size>
         <alignment>0x4</alignment>
         <input_file_ref idref="fl-2"/>
      </object_component>
      <object_component id="oc-cb">
         <name>.text.__divsf3</name>
         <load_address>0x1f9c</load_address>
         <readonly>true</readonly>
         <executable>true</executable>
         <run_address>0x1f9c</run_address>
         <size>0x82</size>
         <alignment>0x4</alignment>
         <input_file_ref idref="fl-114"/>
      </object_component>
      <object_component id="oc-1c">
         <name>.text:decompress:lzss</name>
         <load_address>0x2020</load_address>
         <readonly>true</readonly>
         <executable>true</executable>
         <run_address>0x2020</run_address>
         <size>0x7c</size>
         <alignment>0x4</alignment>
         <input_file_ref idref="fl-54"/>
      </object_component>
      <object_component id="oc-250">
         <name>.text.__gedf2</name>
         <load_address>0x209c</load_address>
         <readonly>true</readonly>
         <executable>true</executable>
         <run_address>0x209c</run_address>
         <size>0x74</size>
         <alignment>0x4</alignment>
         <input_file_ref idref="fl-129"/>
      </object_component>
      <object_component id="oc-20d">
         <name>.text.__truncdfsf2</name>
         <load_address>0x2110</load_address>
         <readonly>true</readonly>
         <executable>true</executable>
         <run_address>0x2110</run_address>
         <size>0x74</size>
         <alignment>0x10</alignment>
         <input_file_ref idref="fl-11e"/>
      </object_component>
      <object_component id="oc-235">
         <name>.text.drv_iic_wait_idle</name>
         <load_address>0x2184</load_address>
         <readonly>true</readonly>
         <executable>true</executable>
         <run_address>0x2184</run_address>
         <size>0x70</size>
         <alignment>0x4</alignment>
         <input_file_ref idref="fl-e"/>
      </object_component>
      <object_component id="oc-a6">
         <name>.text.SYSCFG_DL_initPower</name>
         <load_address>0x21f4</load_address>
         <readonly>true</readonly>
         <executable>true</executable>
         <run_address>0x21f4</run_address>
         <size>0x68</size>
         <alignment>0x4</alignment>
         <input_file_ref idref="fl-2"/>
      </object_component>
      <object_component id="oc-24a">
         <name>.text.__ledf2</name>
         <load_address>0x225c</load_address>
         <readonly>true</readonly>
         <executable>true</executable>
         <run_address>0x225c</run_address>
         <size>0x68</size>
         <alignment>0x4</alignment>
         <input_file_ref idref="fl-129"/>
      </object_component>
      <object_component id="oc-d2">
         <name>.text.as5600_get_speed</name>
         <load_address>0x22c4</load_address>
         <readonly>true</readonly>
         <executable>true</executable>
         <run_address>0x22c4</run_address>
         <size>0x64</size>
         <alignment>0x4</alignment>
         <input_file_ref idref="fl-b"/>
      </object_component>
      <object_component id="oc-c5">
         <name>.text.foc_as5600_init</name>
         <load_address>0x2328</load_address>
         <readonly>true</readonly>
         <executable>true</executable>
         <run_address>0x2328</run_address>
         <size>0x64</size>
         <alignment>0x4</alignment>
         <input_file_ref idref="fl-12"/>
      </object_component>
      <object_component id="oc-223">
         <name>.text.__aeabi_dcmp</name>
         <load_address>0x238c</load_address>
         <readonly>true</readonly>
         <executable>true</executable>
         <run_address>0x238c</run_address>
         <size>0x62</size>
         <alignment>0x4</alignment>
         <input_file_ref idref="fl-11f"/>
      </object_component>
      <object_component id="oc-19c">
         <name>.text.__aeabi_fcmp</name>
         <load_address>0x23f0</load_address>
         <readonly>true</readonly>
         <executable>true</executable>
         <run_address>0x23f0</run_address>
         <size>0x62</size>
         <alignment>0x4</alignment>
         <input_file_ref idref="fl-120"/>
      </object_component>
      <object_component id="oc-14b">
         <name>.text.pid_init_all</name>
         <load_address>0x2454</load_address>
         <readonly>true</readonly>
         <executable>true</executable>
         <run_address>0x2454</run_address>
         <size>0x60</size>
         <alignment>0x4</alignment>
         <input_file_ref idref="fl-13"/>
      </object_component>
      <object_component id="oc-233">
         <name>.text.DL_I2C_fillControllerTXFIFO</name>
         <load_address>0x24b4</load_address>
         <readonly>true</readonly>
         <executable>true</executable>
         <run_address>0x24b4</run_address>
         <size>0x5e</size>
         <alignment>0x2</alignment>
         <input_file_ref idref="fl-22"/>
      </object_component>
      <object_component id="oc-aa">
         <name>.text.SYSCFG_DL_as5600_init</name>
         <load_address>0x2514</load_address>
         <readonly>true</readonly>
         <executable>true</executable>
         <run_address>0x2514</run_address>
         <size>0x58</size>
         <alignment>0x4</alignment>
         <input_file_ref idref="fl-2"/>
      </object_component>
      <object_component id="oc-212">
         <name>.text.__aeabi_idivmod</name>
         <load_address>0x256c</load_address>
         <readonly>true</readonly>
         <executable>true</executable>
         <run_address>0x256c</run_address>
         <size>0x56</size>
         <alignment>0x4</alignment>
         <input_file_ref idref="fl-121"/>
      </object_component>
      <object_component id="oc-10b">
         <name>.text.DL_GPIO_initPeripheralInputFunctionFeatures</name>
         <load_address>0x25c4</load_address>
         <readonly>true</readonly>
         <executable>true</executable>
         <run_address>0x25c4</run_address>
         <size>0x50</size>
         <alignment>0x4</alignment>
         <input_file_ref idref="fl-2"/>
      </object_component>
      <object_component id="oc-234">
         <name>.text.DL_I2C_startControllerTransfer</name>
         <load_address>0x2614</load_address>
         <readonly>true</readonly>
         <executable>true</executable>
         <run_address>0x2614</run_address>
         <size>0x50</size>
         <alignment>0x4</alignment>
         <input_file_ref idref="fl-e"/>
      </object_component>
      <object_component id="oc-ab">
         <name>.text.SYSCFG_DL_debug_init</name>
         <load_address>0x2664</load_address>
         <readonly>true</readonly>
         <executable>true</executable>
         <run_address>0x2664</run_address>
         <size>0x50</size>
         <alignment>0x4</alignment>
         <input_file_ref idref="fl-2"/>
      </object_component>
      <object_component id="oc-13c">
         <name>.text.DL_UART_setBaudRateDivisor</name>
         <load_address>0x26b4</load_address>
         <readonly>true</readonly>
         <executable>true</executable>
         <run_address>0x26b4</run_address>
         <size>0x4c</size>
         <alignment>0x4</alignment>
         <input_file_ref idref="fl-2"/>
      </object_component>
      <object_component id="oc-1d5">
         <name>.text.__fixdfsi</name>
         <load_address>0x2700</load_address>
         <readonly>true</readonly>
         <executable>true</executable>
         <run_address>0x2700</run_address>
         <size>0x4a</size>
         <alignment>0x4</alignment>
         <input_file_ref idref="fl-117"/>
      </object_component>
      <object_component id="oc-13a">
         <name>.text.DL_UART_init</name>
         <load_address>0x274c</load_address>
         <readonly>true</readonly>
         <executable>true</executable>
         <run_address>0x274c</run_address>
         <size>0x48</size>
         <alignment>0x4</alignment>
         <input_file_ref idref="fl-24"/>
      </object_component>
      <object_component id="oc-d1">
         <name>.text.foc_set_speed</name>
         <load_address>0x2794</load_address>
         <readonly>true</readonly>
         <executable>true</executable>
         <run_address>0x2794</run_address>
         <size>0x48</size>
         <alignment>0x4</alignment>
         <input_file_ref idref="fl-12"/>
      </object_component>
      <object_component id="oc-231">
         <name>.text.pwm_setDuty</name>
         <load_address>0x27dc</load_address>
         <readonly>true</readonly>
         <executable>true</executable>
         <run_address>0x27dc</run_address>
         <size>0x48</size>
         <alignment>0x4</alignment>
         <input_file_ref idref="fl-f"/>
      </object_component>
      <object_component id="oc-cf">
         <name>.text.foc_openloop_spin</name>
         <load_address>0x2824</load_address>
         <readonly>true</readonly>
         <executable>true</executable>
         <run_address>0x2824</run_address>
         <size>0x44</size>
         <alignment>0x4</alignment>
         <input_file_ref idref="fl-12"/>
      </object_component>
      <object_component id="oc-c6">
         <name>.text.get_system_us</name>
         <load_address>0x2868</load_address>
         <readonly>true</readonly>
         <executable>true</executable>
         <run_address>0x2868</run_address>
         <size>0x44</size>
         <alignment>0x4</alignment>
         <input_file_ref idref="fl-11"/>
      </object_component>
      <object_component id="oc-1c0">
         <name>.text.__aeabi_uidivmod</name>
         <load_address>0x28ac</load_address>
         <readonly>true</readonly>
         <executable>true</executable>
         <run_address>0x28ac</run_address>
         <size>0x40</size>
         <alignment>0x4</alignment>
         <input_file_ref idref="fl-124"/>
      </object_component>
      <object_component id="oc-1dc">
         <name>.text.__extendsfdf2</name>
         <load_address>0x28ec</load_address>
         <readonly>true</readonly>
         <executable>true</executable>
         <run_address>0x28ec</run_address>
         <size>0x40</size>
         <alignment>0x4</alignment>
         <input_file_ref idref="fl-116"/>
      </object_component>
      <object_component id="oc-bf">
         <name>.text.delay_ms</name>
         <load_address>0x292c</load_address>
         <readonly>true</readonly>
         <executable>true</executable>
         <run_address>0x292c</run_address>
         <size>0x40</size>
         <alignment>0x4</alignment>
         <input_file_ref idref="fl-11"/>
      </object_component>
      <object_component id="oc-15d">
         <name>.text.foc_electrical_angle</name>
         <load_address>0x296c</load_address>
         <readonly>true</readonly>
         <executable>true</executable>
         <run_address>0x296c</run_address>
         <size>0x40</size>
         <alignment>0x4</alignment>
         <input_file_ref idref="fl-12"/>
      </object_component>
      <object_component id="oc-196">
         <name>.text.pid_init</name>
         <load_address>0x29ac</load_address>
         <readonly>true</readonly>
         <executable>true</executable>
         <run_address>0x29ac</run_address>
         <size>0x40</size>
         <alignment>0x2</alignment>
         <input_file_ref idref="fl-13"/>
      </object_component>
      <object_component id="oc-146">
         <name>.text.pwm_Init</name>
         <load_address>0x29ec</load_address>
         <readonly>true</readonly>
         <executable>true</executable>
         <run_address>0x29ec</run_address>
         <size>0x40</size>
         <alignment>0x4</alignment>
         <input_file_ref idref="fl-f"/>
      </object_component>
      <object_component id="oc-254">
         <name>.text.DL_I2C_flushControllerTXFIFO</name>
         <load_address>0x2a2c</load_address>
         <readonly>true</readonly>
         <executable>true</executable>
         <run_address>0x2a2c</run_address>
         <size>0x3c</size>
         <alignment>0x4</alignment>
         <input_file_ref idref="fl-22"/>
      </object_component>
      <object_component id="oc-11d">
         <name>.text.DL_Timer_setCounterControl</name>
         <load_address>0x2a68</load_address>
         <readonly>true</readonly>
         <executable>true</executable>
         <run_address>0x2a68</run_address>
         <size>0x3c</size>
         <alignment>0x4</alignment>
         <input_file_ref idref="fl-2"/>
      </object_component>
      <object_component id="oc-1b0">
         <name>.text.__floatsisf</name>
         <load_address>0x2aa4</load_address>
         <readonly>true</readonly>
         <executable>true</executable>
         <run_address>0x2aa4</run_address>
         <size>0x3c</size>
         <alignment>0x4</alignment>
         <input_file_ref idref="fl-11b"/>
      </object_component>
      <object_component id="oc-1ca">
         <name>.text.__gtsf2</name>
         <load_address>0x2ae0</load_address>
         <readonly>true</readonly>
         <executable>true</executable>
         <run_address>0x2ae0</run_address>
         <size>0x3c</size>
         <alignment>0x4</alignment>
         <input_file_ref idref="fl-126"/>
      </object_component>
      <object_component id="oc-169">
         <name>.text.foc_normalize</name>
         <load_address>0x2b1c</load_address>
         <readonly>true</readonly>
         <executable>true</executable>
         <run_address>0x2b1c</run_address>
         <size>0x3c</size>
         <alignment>0x4</alignment>
         <input_file_ref idref="fl-12"/>
      </object_component>
      <object_component id="oc-8d">
         <name>.text:__TI_auto_init_nobinit_nopinit</name>
         <load_address>0x2b58</load_address>
         <readonly>true</readonly>
         <executable>true</executable>
         <run_address>0x2b58</run_address>
         <size>0x3c</size>
         <alignment>0x4</alignment>
         <input_file_ref idref="fl-4f"/>
      </object_component>
      <object_component id="oc-1c5">
         <name>.text.__eqsf2</name>
         <load_address>0x2b94</load_address>
         <readonly>true</readonly>
         <executable>true</executable>
         <run_address>0x2b94</run_address>
         <size>0x3a</size>
         <alignment>0x4</alignment>
         <input_file_ref idref="fl-126"/>
      </object_component>
      <object_component id="oc-173">
         <name>.text.__muldsi3</name>
         <load_address>0x2bd0</load_address>
         <readonly>true</readonly>
         <executable>true</executable>
         <run_address>0x2bd0</run_address>
         <size>0x3a</size>
         <alignment>0x4</alignment>
         <input_file_ref idref="fl-112"/>
      </object_component>
      <object_component id="oc-db">
         <name>.text.__fixsfsi</name>
         <load_address>0x2c0c</load_address>
         <readonly>true</readonly>
         <executable>true</executable>
         <run_address>0x2c0c</run_address>
         <size>0x38</size>
         <alignment>0x4</alignment>
         <input_file_ref idref="fl-118"/>
      </object_component>
      <object_component id="oc-1ee">
         <name>.text.__fixunssfsi</name>
         <load_address>0x2c44</load_address>
         <readonly>true</readonly>
         <executable>true</executable>
         <run_address>0x2c44</run_address>
         <size>0x32</size>
         <alignment>0x4</alignment>
         <input_file_ref idref="fl-119"/>
      </object_component>
      <object_component id="oc-143">
         <name>.text.DL_UART_transmitDataBlocking</name>
         <load_address>0x2c78</load_address>
         <readonly>true</readonly>
         <executable>true</executable>
         <run_address>0x2c78</run_address>
         <size>0x30</size>
         <alignment>0x4</alignment>
         <input_file_ref idref="fl-24"/>
      </object_component>
      <object_component id="oc-7b">
         <name>.text.SYSCFG_DL_init</name>
         <load_address>0x2ca8</load_address>
         <readonly>true</readonly>
         <executable>true</executable>
         <run_address>0x2ca8</run_address>
         <size>0x2c</size>
         <alignment>0x4</alignment>
         <input_file_ref idref="fl-2"/>
      </object_component>
      <object_component id="oc-216">
         <name>.text.__floatsidf</name>
         <load_address>0x2cd4</load_address>
         <readonly>true</readonly>
         <executable>true</executable>
         <run_address>0x2cd4</run_address>
         <size>0x2c</size>
         <alignment>0x4</alignment>
         <input_file_ref idref="fl-11a"/>
      </object_component>
      <object_component id="oc-1b4">
         <name>.text.as5600_get_angle_radians</name>
         <load_address>0x2d00</load_address>
         <readonly>true</readonly>
         <executable>true</executable>
         <run_address>0x2d00</run_address>
         <size>0x2c</size>
         <alignment>0x4</alignment>
         <input_file_ref idref="fl-b"/>
      </object_component>
      <object_component id="oc-df">
         <name>.text.drv_uart_print_signed</name>
         <load_address>0x2d2c</load_address>
         <readonly>true</readonly>
         <executable>true</executable>
         <run_address>0x2d2c</run_address>
         <size>0x2c</size>
         <alignment>0x4</alignment>
         <input_file_ref idref="fl-10"/>
      </object_component>
      <object_component id="oc-b0">
         <name>.text.drv_uart_send_string</name>
         <load_address>0x2d58</load_address>
         <readonly>true</readonly>
         <executable>true</executable>
         <run_address>0x2d58</run_address>
         <size>0x2c</size>
         <alignment>0x4</alignment>
         <input_file_ref idref="fl-10"/>
      </object_component>
      <object_component id="oc-a8">
         <name>.text.SYSCFG_DL_SYSCTL_init</name>
         <load_address>0x2d84</load_address>
         <readonly>true</readonly>
         <executable>true</executable>
         <run_address>0x2d84</run_address>
         <size>0x2a</size>
         <alignment>0x2</alignment>
         <input_file_ref idref="fl-2"/>
      </object_component>
      <object_component id="oc-252">
         <name>.text.DL_Common_updateReg</name>
         <load_address>0x2dae</load_address>
         <readonly>true</readonly>
         <executable>true</executable>
         <run_address>0x2dae</run_address>
         <size>0x28</size>
         <alignment>0x2</alignment>
         <input_file_ref idref="fl-e"/>
      </object_component>
      <object_component id="oc-18a">
         <name>.text.DL_Common_updateReg</name>
         <load_address>0x2dd6</load_address>
         <readonly>true</readonly>
         <executable>true</executable>
         <run_address>0x2dd6</run_address>
         <size>0x28</size>
         <alignment>0x2</alignment>
         <input_file_ref idref="fl-2"/>
      </object_component>
      <object_component id="oc-130">
         <name>.text.DL_I2C_setControllerRXFIFOThreshold</name>
         <load_address>0x2e00</load_address>
         <readonly>true</readonly>
         <executable>true</executable>
         <run_address>0x2e00</run_address>
         <size>0x28</size>
         <alignment>0x4</alignment>
         <input_file_ref idref="fl-2"/>
      </object_component>
      <object_component id="oc-12f">
         <name>.text.DL_I2C_setControllerTXFIFOThreshold</name>
         <load_address>0x2e28</load_address>
         <readonly>true</readonly>
         <executable>true</executable>
         <run_address>0x2e28</run_address>
         <size>0x28</size>
         <alignment>0x4</alignment>
         <input_file_ref idref="fl-2"/>
      </object_component>
      <object_component id="oc-142">
         <name>.text.DL_SYSTICK_init</name>
         <load_address>0x2e50</load_address>
         <readonly>true</readonly>
         <executable>true</executable>
         <run_address>0x2e50</run_address>
         <size>0x28</size>
         <alignment>0x4</alignment>
         <input_file_ref idref="fl-2"/>
      </object_component>
      <object_component id="oc-c7">
         <name>.text.__floatunsisf</name>
         <load_address>0x2e78</load_address>
         <readonly>true</readonly>
         <executable>true</executable>
         <run_address>0x2e78</run_address>
         <size>0x28</size>
         <alignment>0x4</alignment>
         <input_file_ref idref="fl-11c"/>
      </object_component>
      <object_component id="oc-4f">
         <name>.text:_c_int00_noargs</name>
         <load_address>0x2ea0</load_address>
         <readonly>true</readonly>
         <executable>true</executable>
         <run_address>0x2ea0</run_address>
         <size>0x28</size>
         <alignment>0x4</alignment>
         <input_file_ref idref="fl-4d"/>
      </object_component>
      <object_component id="oc-12b">
         <name>.text.DL_I2C_setAnalogGlitchFilterPulseWidth</name>
         <load_address>0x2ec8</load_address>
         <readonly>true</readonly>
         <executable>true</executable>
         <run_address>0x2ec8</run_address>
         <size>0x26</size>
         <alignment>0x2</alignment>
         <input_file_ref idref="fl-2"/>
      </object_component>
      <object_component id="oc-125">
         <name>.text.DL_I2C_setClockConfig</name>
         <load_address>0x2eee</load_address>
         <readonly>true</readonly>
         <executable>true</executable>
         <run_address>0x2eee</run_address>
         <size>0x26</size>
         <alignment>0x2</alignment>
         <input_file_ref idref="fl-22"/>
      </object_component>
      <object_component id="oc-1f2">
         <name>.text.pwm_setAllDuty</name>
         <load_address>0x2f14</load_address>
         <readonly>true</readonly>
         <executable>true</executable>
         <run_address>0x2f14</run_address>
         <size>0x26</size>
         <alignment>0x2</alignment>
         <input_file_ref idref="fl-f"/>
      </object_component>
      <object_component id="oc-10d">
         <name>.text.DL_GPIO_initPeripheralInputFunction</name>
         <load_address>0x2f3c</load_address>
         <readonly>true</readonly>
         <executable>true</executable>
         <run_address>0x2f3c</run_address>
         <size>0x20</size>
         <alignment>0x4</alignment>
         <input_file_ref idref="fl-2"/>
      </object_component>
      <object_component id="oc-1bb">
         <name>.text.as5600_read_raw_angle</name>
         <load_address>0x2f5c</load_address>
         <readonly>true</readonly>
         <executable>true</executable>
         <run_address>0x2f5c</run_address>
         <size>0x20</size>
         <alignment>0x2</alignment>
         <input_file_ref idref="fl-b"/>
      </object_component>
      <object_component id="oc-162">
         <name>.text.tick_poll</name>
         <load_address>0x2f7c</load_address>
         <readonly>true</readonly>
         <executable>true</executable>
         <run_address>0x2f7c</run_address>
         <size>0x20</size>
         <alignment>0x4</alignment>
         <input_file_ref idref="fl-11"/>
      </object_component>
      <object_component id="oc-13b">
         <name>.text.DL_UART_setOversampling</name>
         <load_address>0x2f9c</load_address>
         <readonly>true</readonly>
         <executable>true</executable>
         <run_address>0x2f9c</run_address>
         <size>0x1e</size>
         <alignment>0x2</alignment>
         <input_file_ref idref="fl-2"/>
      </object_component>
      <object_component id="oc-10c">
         <name>.text.DL_GPIO_enableHiZ</name>
         <load_address>0x2fbc</load_address>
         <readonly>true</readonly>
         <executable>true</executable>
         <run_address>0x2fbc</run_address>
         <size>0x1c</size>
         <alignment>0x4</alignment>
         <input_file_ref idref="fl-2"/>
      </object_component>
      <object_component id="oc-109">
         <name>.text.DL_GPIO_initPeripheralOutputFunction</name>
         <load_address>0x2fd8</load_address>
         <readonly>true</readonly>
         <executable>true</executable>
         <run_address>0x2fd8</run_address>
         <size>0x1c</size>
         <alignment>0x4</alignment>
         <input_file_ref idref="fl-2"/>
      </object_component>
      <object_component id="oc-115">
         <name>.text.DL_SYSCTL_setMCLKDivider</name>
         <load_address>0x2ff4</load_address>
         <readonly>true</readonly>
         <executable>true</executable>
         <run_address>0x2ff4</run_address>
         <size>0x1c</size>
         <alignment>0x4</alignment>
         <input_file_ref idref="fl-2"/>
      </object_component>
      <object_component id="oc-111">
         <name>.text.DL_SYSCTL_setSYSOSCFreq</name>
         <load_address>0x3010</load_address>
         <readonly>true</readonly>
         <executable>true</executable>
         <run_address>0x3010</run_address>
         <size>0x1c</size>
         <alignment>0x4</alignment>
         <input_file_ref idref="fl-2"/>
      </object_component>
      <object_component id="oc-114">
         <name>.text.DL_SYSCTL_setULPCLKDivider</name>
         <load_address>0x302c</load_address>
         <readonly>true</readonly>
         <executable>true</executable>
         <run_address>0x302c</run_address>
         <size>0x1c</size>
         <alignment>0x4</alignment>
         <input_file_ref idref="fl-2"/>
      </object_component>
      <object_component id="oc-11f">
         <name>.text.DL_Timer_setCaptCompUpdateMethod</name>
         <load_address>0x3048</load_address>
         <readonly>true</readonly>
         <executable>true</executable>
         <run_address>0x3048</run_address>
         <size>0x1c</size>
         <alignment>0x4</alignment>
         <input_file_ref idref="fl-23"/>
      </object_component>
      <object_component id="oc-116">
         <name>.text.DL_Timer_setClockConfig</name>
         <load_address>0x3064</load_address>
         <readonly>true</readonly>
         <executable>true</executable>
         <run_address>0x3064</run_address>
         <size>0x1c</size>
         <alignment>0x4</alignment>
         <input_file_ref idref="fl-23"/>
      </object_component>
      <object_component id="oc-13d">
         <name>.text.DL_UART_enableInterrupt</name>
         <load_address>0x3080</load_address>
         <readonly>true</readonly>
         <executable>true</executable>
         <run_address>0x3080</run_address>
         <size>0x1c</size>
         <alignment>0x4</alignment>
         <input_file_ref idref="fl-2"/>
      </object_component>
      <object_component id="oc-b5">
         <name>.text.foc_init</name>
         <load_address>0x309c</load_address>
         <readonly>true</readonly>
         <executable>true</executable>
         <run_address>0x309c</run_address>
         <size>0x1c</size>
         <alignment>0x4</alignment>
         <input_file_ref idref="fl-12"/>
      </object_component>
      <object_component id="oc-10a">
         <name>.text.DL_GPIO_enableOutput</name>
         <load_address>0x30b8</load_address>
         <readonly>true</readonly>
         <executable>true</executable>
         <run_address>0x30b8</run_address>
         <size>0x18</size>
         <alignment>0x4</alignment>
         <input_file_ref idref="fl-2"/>
      </object_component>
      <object_component id="oc-101">
         <name>.text.DL_GPIO_enablePower</name>
         <load_address>0x30d0</load_address>
         <readonly>true</readonly>
         <executable>true</executable>
         <run_address>0x30d0</run_address>
         <size>0x18</size>
         <alignment>0x4</alignment>
         <input_file_ref idref="fl-2"/>
      </object_component>
      <object_component id="oc-10e">
         <name>.text.DL_GPIO_initDigitalOutput</name>
         <load_address>0x30e8</load_address>
         <readonly>true</readonly>
         <executable>true</executable>
         <run_address>0x30e8</run_address>
         <size>0x18</size>
         <alignment>0x4</alignment>
         <input_file_ref idref="fl-2"/>
      </object_component>
      <object_component id="oc-fd">
         <name>.text.DL_GPIO_reset</name>
         <load_address>0x3100</load_address>
         <readonly>true</readonly>
         <executable>true</executable>
         <run_address>0x3100</run_address>
         <size>0x18</size>
         <alignment>0x4</alignment>
         <input_file_ref idref="fl-2"/>
      </object_component>
      <object_component id="oc-153">
         <name>.text.DL_GPIO_setPins</name>
         <load_address>0x3118</load_address>
         <readonly>true</readonly>
         <executable>true</executable>
         <run_address>0x3118</run_address>
         <size>0x18</size>
         <alignment>0x4</alignment>
         <input_file_ref idref="fl-c"/>
      </object_component>
      <object_component id="oc-16b">
         <name>.text.DL_GPIO_togglePins</name>
         <load_address>0x3130</load_address>
         <readonly>true</readonly>
         <executable>true</executable>
         <run_address>0x3130</run_address>
         <size>0x18</size>
         <alignment>0x4</alignment>
         <input_file_ref idref="fl-c"/>
      </object_component>
      <object_component id="oc-12c">
         <name>.text.DL_I2C_enableAnalogGlitchFilter</name>
         <load_address>0x3148</load_address>
         <readonly>true</readonly>
         <executable>true</executable>
         <run_address>0x3148</run_address>
         <size>0x18</size>
         <alignment>0x2</alignment>
         <input_file_ref idref="fl-2"/>
      </object_component>
      <object_component id="oc-132">
         <name>.text.DL_I2C_enableController</name>
         <load_address>0x3160</load_address>
         <readonly>true</readonly>
         <executable>true</executable>
         <run_address>0x3160</run_address>
         <size>0x18</size>
         <alignment>0x4</alignment>
         <input_file_ref idref="fl-2"/>
      </object_component>
      <object_component id="oc-131">
         <name>.text.DL_I2C_enableControllerClockStretching</name>
         <load_address>0x3178</load_address>
         <readonly>true</readonly>
         <executable>true</executable>
         <run_address>0x3178</run_address>
         <size>0x18</size>
         <alignment>0x4</alignment>
         <input_file_ref idref="fl-2"/>
      </object_component>
      <object_component id="oc-103">
         <name>.text.DL_I2C_enablePower</name>
         <load_address>0x3190</load_address>
         <readonly>true</readonly>
         <executable>true</executable>
         <run_address>0x3190</run_address>
         <size>0x18</size>
         <alignment>0x4</alignment>
         <input_file_ref idref="fl-2"/>
      </object_component>
      <object_component id="oc-ff">
         <name>.text.DL_I2C_reset</name>
         <load_address>0x31a8</load_address>
         <readonly>true</readonly>
         <executable>true</executable>
         <run_address>0x31a8</run_address>
         <size>0x18</size>
         <alignment>0x4</alignment>
         <input_file_ref idref="fl-2"/>
      </object_component>
      <object_component id="oc-12e">
         <name>.text.DL_I2C_setTimerPeriod</name>
         <load_address>0x31c0</load_address>
         <readonly>true</readonly>
         <executable>true</executable>
         <run_address>0x31c0</run_address>
         <size>0x18</size>
         <alignment>0x4</alignment>
         <input_file_ref idref="fl-2"/>
      </object_component>
      <object_component id="oc-110">
         <name>.text.DL_SYSCTL_setBORThreshold</name>
         <load_address>0x31d8</load_address>
         <readonly>true</readonly>
         <executable>true</executable>
         <run_address>0x31d8</run_address>
         <size>0x18</size>
         <alignment>0x4</alignment>
         <input_file_ref idref="fl-2"/>
      </object_component>
      <object_component id="oc-102">
         <name>.text.DL_Timer_enablePower</name>
         <load_address>0x31f0</load_address>
         <readonly>true</readonly>
         <executable>true</executable>
         <run_address>0x31f0</run_address>
         <size>0x18</size>
         <alignment>0x4</alignment>
         <input_file_ref idref="fl-2"/>
      </object_component>
      <object_component id="oc-fe">
         <name>.text.DL_Timer_reset</name>
         <load_address>0x3208</load_address>
         <readonly>true</readonly>
         <executable>true</executable>
         <run_address>0x3208</run_address>
         <size>0x18</size>
         <alignment>0x4</alignment>
         <input_file_ref idref="fl-2"/>
      </object_component>
      <object_component id="oc-11e">
         <name>.text.DL_Timer_setCaptureCompareOutCtl</name>
         <load_address>0x3220</load_address>
         <readonly>true</readonly>
         <executable>true</executable>
         <run_address>0x3220</run_address>
         <size>0x18</size>
         <alignment>0x4</alignment>
         <input_file_ref idref="fl-23"/>
      </object_component>
      <object_component id="oc-192">
         <name>.text.DL_Timer_startCounter</name>
         <load_address>0x3238</load_address>
         <readonly>true</readonly>
         <executable>true</executable>
         <run_address>0x3238</run_address>
         <size>0x18</size>
         <alignment>0x4</alignment>
         <input_file_ref idref="fl-f"/>
      </object_component>
      <object_component id="oc-1c4">
         <name>.text.DL_Timer_stopCounter</name>
         <load_address>0x3250</load_address>
         <readonly>true</readonly>
         <executable>true</executable>
         <run_address>0x3250</run_address>
         <size>0x18</size>
         <alignment>0x4</alignment>
         <input_file_ref idref="fl-f"/>
      </object_component>
      <object_component id="oc-104">
         <name>.text.DL_UART_enablePower</name>
         <load_address>0x3268</load_address>
         <readonly>true</readonly>
         <executable>true</executable>
         <run_address>0x3268</run_address>
         <size>0x18</size>
         <alignment>0x4</alignment>
         <input_file_ref idref="fl-2"/>
      </object_component>
      <object_component id="oc-100">
         <name>.text.DL_UART_reset</name>
         <load_address>0x3280</load_address>
         <readonly>true</readonly>
         <executable>true</executable>
         <run_address>0x3280</run_address>
         <size>0x18</size>
         <alignment>0x4</alignment>
         <input_file_ref idref="fl-2"/>
      </object_component>
      <object_component id="oc-16c">
         <name>.text.speed_control</name>
         <load_address>0x3298</load_address>
         <readonly>true</readonly>
         <executable>true</executable>
         <run_address>0x3298</run_address>
         <size>0x18</size>
         <alignment>0x4</alignment>
         <input_file_ref idref="fl-12"/>
      </object_component>
      <object_component id="oc-13f">
         <name>.text.DL_UART_enable</name>
         <load_address>0x32b0</load_address>
         <readonly>true</readonly>
         <executable>true</executable>
         <run_address>0x32b0</run_address>
         <size>0x16</size>
         <alignment>0x2</alignment>
         <input_file_ref idref="fl-2"/>
      </object_component>
      <object_component id="oc-229">
         <name>.text.OUTLINED_FUNCTION_0</name>
         <load_address>0x32c6</load_address>
         <readonly>true</readonly>
         <executable>true</executable>
         <run_address>0x32c6</run_address>
         <size>0x16</size>
         <alignment>0x2</alignment>
         <input_file_ref idref="fl-44"/>
      </object_component>
      <object_component id="oc-2a0">
         <name>.tramp.__aeabi_dadd.1</name>
         <load_address>0x32dc</load_address>
         <readonly>true</readonly>
         <executable>true</executable>
         <run_address>0x32dc</run_address>
         <size>0x10</size>
         <alignment>0x4</alignment>
         <input_file_ref idref="fl-110"/>
      </object_component>
      <object_component id="oc-63">
         <name>.text.main</name>
         <load_address>0x32ec</load_address>
         <readonly>true</readonly>
         <executable>true</executable>
         <run_address>0x32ec</run_address>
         <size>0x16</size>
         <alignment>0x2</alignment>
         <input_file_ref idref="fl-1"/>
      </object_component>
      <object_component id="oc-46">
         <name>.text:decompress:ZI:__TI_zero_init_nomemset</name>
         <load_address>0x3302</load_address>
         <readonly>true</readonly>
         <executable>true</executable>
         <run_address>0x3302</run_address>
         <size>0x16</size>
         <alignment>0x2</alignment>
         <input_file_ref idref="fl-52"/>
      </object_component>
      <object_component id="oc-15a">
         <name>.text.DL_GPIO_clearPins</name>
         <load_address>0x3318</load_address>
         <readonly>true</readonly>
         <executable>true</executable>
         <run_address>0x3318</run_address>
         <size>0x14</size>
         <alignment>0x2</alignment>
         <input_file_ref idref="fl-c"/>
      </object_component>
      <object_component id="oc-10f">
         <name>.text.DL_GPIO_clearPins</name>
         <load_address>0x332c</load_address>
         <readonly>true</readonly>
         <executable>true</executable>
         <run_address>0x332c</run_address>
         <size>0x14</size>
         <alignment>0x2</alignment>
         <input_file_ref idref="fl-2"/>
      </object_component>
      <object_component id="oc-253">
         <name>.text.DL_I2C_getControllerStatus</name>
         <load_address>0x3340</load_address>
         <readonly>true</readonly>
         <executable>true</executable>
         <run_address>0x3340</run_address>
         <size>0x14</size>
         <alignment>0x4</alignment>
         <input_file_ref idref="fl-e"/>
      </object_component>
      <object_component id="oc-236">
         <name>.text.DL_I2C_receiveControllerData</name>
         <load_address>0x3354</load_address>
         <readonly>true</readonly>
         <executable>true</executable>
         <run_address>0x3354</run_address>
         <size>0x14</size>
         <alignment>0x4</alignment>
         <input_file_ref idref="fl-e"/>
      </object_component>
      <object_component id="oc-232">
         <name>.text.DL_I2C_resetControllerTransfer</name>
         <load_address>0x3368</load_address>
         <readonly>true</readonly>
         <executable>true</executable>
         <run_address>0x3368</run_address>
         <size>0x14</size>
         <alignment>0x4</alignment>
         <input_file_ref idref="fl-e"/>
      </object_component>
      <object_component id="oc-12d">
         <name>.text.DL_I2C_resetControllerTransfer</name>
         <load_address>0x337c</load_address>
         <readonly>true</readonly>
         <executable>true</executable>
         <run_address>0x337c</run_address>
         <size>0x14</size>
         <alignment>0x4</alignment>
         <input_file_ref idref="fl-2"/>
      </object_component>
      <object_component id="oc-113">
         <name>.text.DL_SYSCTL_disableSYSPLL</name>
         <load_address>0x3390</load_address>
         <readonly>true</readonly>
         <executable>true</executable>
         <run_address>0x3390</run_address>
         <size>0x14</size>
         <alignment>0x4</alignment>
         <input_file_ref idref="fl-2"/>
      </object_component>
      <object_component id="oc-191">
         <name>.text.DL_Timer_enableClock</name>
         <load_address>0x33a4</load_address>
         <readonly>true</readonly>
         <executable>true</executable>
         <run_address>0x33a4</run_address>
         <size>0x14</size>
         <alignment>0x4</alignment>
         <input_file_ref idref="fl-f"/>
      </object_component>
      <object_component id="oc-121">
         <name>.text.DL_Timer_enableClock</name>
         <load_address>0x33b8</load_address>
         <readonly>true</readonly>
         <executable>true</executable>
         <run_address>0x33b8</run_address>
         <size>0x14</size>
         <alignment>0x4</alignment>
         <input_file_ref idref="fl-2"/>
      </object_component>
      <object_component id="oc-122">
         <name>.text.DL_Timer_setCCPDirection</name>
         <load_address>0x33cc</load_address>
         <readonly>true</readonly>
         <executable>true</executable>
         <run_address>0x33cc</run_address>
         <size>0x14</size>
         <alignment>0x2</alignment>
         <input_file_ref idref="fl-2"/>
      </object_component>
      <object_component id="oc-15b">
         <name>.text.as5600_set_direction</name>
         <load_address>0x33e0</load_address>
         <readonly>true</readonly>
         <executable>true</executable>
         <run_address>0x33e0</run_address>
         <size>0x14</size>
         <alignment>0x4</alignment>
         <input_file_ref idref="fl-b"/>
      </object_component>
      <object_component id="oc-c4">
         <name>.text.use_led_OFF</name>
         <load_address>0x33f4</load_address>
         <readonly>true</readonly>
         <executable>true</executable>
         <run_address>0x33f4</run_address>
         <size>0x14</size>
         <alignment>0x4</alignment>
         <input_file_ref idref="fl-c"/>
      </object_component>
      <object_component id="oc-ba">
         <name>.text.use_led_ON</name>
         <load_address>0x3408</load_address>
         <readonly>true</readonly>
         <executable>true</executable>
         <run_address>0x3408</run_address>
         <size>0x14</size>
         <alignment>0x4</alignment>
         <input_file_ref idref="fl-c"/>
      </object_component>
      <object_component id="oc-d0">
         <name>.text.use_led_TOGGLE</name>
[...]
         <name>voltage_power_supply</name>
         <value>0x20200144</value>
         <object_component_ref idref="oc-150"/>
      </symbol>
      <symbol id="sm-222">
         <name>dc_a</name>
         <value>0x20200120</value>
         <object_component_ref idref="oc-1f4"/>
      </symbol>
      <symbol id="sm-223">
         <name>dc_b</name>
         <value>0x20200124</value>
         <object_component_ref idref="oc-1f5"/>
      </symbol>
      <symbol id="sm-224">
         <name>dc_c</name>
         <value>0x20200128</value>
         <object_component_ref idref="oc-1f6"/>
      </symbol>
      <symbol id="sm-225">
         <name>foc_set_torque</name>
         <value>0xfe9</value>
         <object_component_ref idref="oc-15c"/>
      </symbol>
      <symbol id="sm-226">
         <name>Ua</name>
         <value>0x20200104</value>
         <object_component_ref idref="oc-1ad"/>
      </symbol>
      <symbol id="sm-227">
         <name>Ub</name>
         <value>0x20200108</value>
         <object_component_ref idref="oc-1ae"/>
      </symbol>
      <symbol id="sm-228">
         <name>Uc</name>
         <value>0x2020010c</value>
         <object_component_ref idref="oc-1af"/>
      </symbol>
      <symbol id="sm-229">
         <name>foc_init</name>
         <value>0x309d</value>
         <object_component_ref idref="oc-b5"/>
      </symbol>
      <symbol id="sm-22a">
         <name>foc_as5600_init</name>
         <value>0x2329</value>
         <object_component_ref idref="oc-c5"/>
      </symbol>
      <symbol id="sm-22b">
         <name>sensor_speed</name>
         <value>0x20200138</value>
         <object_component_ref idref="oc-161"/>
      </symbol>
      <symbol id="sm-22c">
         <name>foc_set_speed</name>
         <value>0x2795</value>
         <object_component_ref idref="oc-d1"/>
      </symbol>
      <symbol id="sm-22d">
         <name>speed_target</name>
         <value>0x2020013c</value>
         <object_component_ref idref="oc-16d"/>
      </symbol>
      <symbol id="sm-22e">
         <name>foc_openloop_spin</name>
         <value>0x2825</value>
         <object_component_ref idref="oc-cf"/>
      </symbol>
      <symbol id="sm-22f">
         <name>foc_stop</name>
         <value>0x350d</value>
         <object_component_ref idref="oc-e0"/>
      </symbol>
      <symbol id="sm-23d">
         <name>pid_init</name>
         <value>0x29ad</value>
         <object_component_ref idref="oc-196"/>
      </symbol>
      <symbol id="sm-23e">
         <name>pid_init_all</name>
         <value>0x2455</value>
         <object_component_ref idref="oc-14b"/>
      </symbol>
      <symbol id="sm-23f">
         <name>g_pid_angle</name>
         <value>0x202000bc</value>
         <object_component_ref idref="oc-197"/>
      </symbol>
      <symbol id="sm-240">
         <name>g_pid_speed</name>
         <value>0x202000dc</value>
         <object_component_ref idref="oc-198"/>
      </symbol>
      <symbol id="sm-241">
         <name>pid_update</name>
         <value>0x13a9</value>
         <object_component_ref idref="oc-1ba"/>
      </symbol>
      <symbol id="sm-242">
         <name>__TI_ATRegion0_src_addr</name>
         <value>0x0</value>
      </symbol>
      <symbol id="sm-243">
         <name>__TI_ATRegion0_trg_addr</name>
         <value>0x0</value>
      </symbol>
      <symbol id="sm-244">
         <name>__TI_ATRegion0_region_sz</name>
         <value>0x0</value>
      </symbol>
      <symbol id="sm-245">
         <name>__TI_ATRegion1_src_addr</name>
         <value>0x0</value>
      </symbol>
      <symbol id="sm-246">
         <name>__TI_ATRegion1_trg_addr</name>
         <value>0x0</value>
      </symbol>
      <symbol id="sm-247">
         <name>__TI_ATRegion1_region_sz</name>
         <value>0x0</value>
      </symbol>
      <symbol id="sm-248">
         <name>__TI_ATRegion2_src_addr</name>
         <value>0x0</value>
      </symbol>
      <symbol id="sm-249">
         <name>__TI_ATRegion2_trg_addr</name>
         <value>0x0</value>
      </symbol>
      <symbol id="sm-24a">
         <name>__TI_ATRegion2_region_sz</name>
         <value>0x0</value>
      </symbol>
      <symbol id="sm-253">
         <name>DL_Common_delayCycles</name>
         <value>0x34d5</value>
         <object_component_ref idref="oc-105"/>
      </symbol>
      <symbol id="sm-262">
         <name>DL_I2C_setClockConfig</name>
         <value>0x2eef</value>
         <object_component_ref idref="oc-125"/>
      </symbol>
      <symbol id="sm-263">
         <name>DL_I2C_fillControllerTXFIFO</name>
         <value>0x24b5</value>
         <object_component_ref idref="oc-233"/>
      </symbol>
      <symbol id="sm-264">
         <name>DL_I2C_flushControllerTXFIFO</name>
         <value>0x2a2d</value>
         <object_component_ref idref="oc-254"/>
      </symbol>
      <symbol id="sm-27b">
         <name>DL_Timer_setClockConfig</name>
         <value>0x3065</value>
         <object_component_ref idref="oc-116"/>
      </symbol>
      <symbol id="sm-27c">
         <name>DL_Timer_setCaptureCompareValue</name>
         <value>0x3489</value>
         <object_component_ref idref="oc-120"/>
      </symbol>
      <symbol id="sm-27d">
         <name>DL_Timer_setCaptCompUpdateMethod</name>
         <value>0x3049</value>
         <object_component_ref idref="oc-11f"/>
      </symbol>
      <symbol id="sm-27e">
         <name>DL_Timer_setCaptureCompareOutCtl</name>
         <value>0x3221</value>
         <object_component_ref idref="oc-11e"/>
      </symbol>
      <symbol id="sm-27f">
         <name>DL_Timer_initFourCCPWMMode</name>
         <value>0x14b1</value>
         <object_component_ref idref="oc-11c"/>
      </symbol>
      <symbol id="sm-28f">
         <name>DL_UART_init</name>
         <value>0x274d</value>
         <object_component_ref idref="oc-13a"/>
      </symbol>
      <symbol id="sm-290">
         <name>DL_UART_setClockConfig</name>
         <value>0x3431</value>
         <object_component_ref idref="oc-134"/>
      </symbol>
      <symbol id="sm-291">
         <name>DL_UART_transmitDataBlocking</name>
         <value>0x2c79</value>
         <object_component_ref idref="oc-143"/>
      </symbol>
      <symbol id="sm-29d">
         <name>fmodf</name>
         <value>0x128d</value>
         <object_component_ref idref="oc-1b6"/>
      </symbol>
      <symbol id="sm-2bc">
         <name>cosf</name>
         <value>0x921</value>
         <object_component_ref idref="oc-1a6"/>
      </symbol>
      <symbol id="sm-2db">
         <name>sinf</name>
         <value>0xaf5</value>
         <object_component_ref idref="oc-1a0"/>
      </symbol>
      <symbol id="sm-2eb">
         <name>__aeabi_errno_addr</name>
         <value>0x34fd</value>
         <object_component_ref idref="oc-23f"/>
      </symbol>
      <symbol id="sm-2ec">
         <name>__aeabi_errno</name>
         <value>0x20200110</value>
         <object_component_ref idref="oc-255"/>
      </symbol>
      <symbol id="sm-308">
         <name>__kernel_rem_pio2</name>
         <value>0xc1</value>
         <object_component_ref idref="oc-1e0"/>
      </symbol>
      <symbol id="sm-312">
         <name>abort</name>
         <value>0x353f</value>
         <object_component_ref idref="oc-86"/>
      </symbol>
      <symbol id="sm-324">
         <name>_c_int00_noargs</name>
         <value>0x2ea1</value>
         <object_component_ref idref="oc-4f"/>
      </symbol>
      <symbol id="sm-325">
         <name>__stack</name>
         <value>0x20207e00</value>
         <object_component_ref idref="oc-1a"/>
      </symbol>
      <symbol id="sm-331">
         <name>__TI_auto_init_nobinit_nopinit</name>
         <value>0x2b59</value>
         <object_component_ref idref="oc-8d"/>
      </symbol>
      <symbol id="sm-339">
         <name>_system_pre_init</name>
         <value>0x3569</value>
         <object_component_ref idref="oc-5f"/>
      </symbol>
      <symbol id="sm-344">
         <name>__TI_zero_init_nomemset</name>
         <value>0x3303</value>
         <object_component_ref idref="oc-46"/>
      </symbol>
      <symbol id="sm-34d">
         <name>__TI_decompress_none</name>
         <value>0x3455</value>
         <object_component_ref idref="oc-20"/>
      </symbol>
      <symbol id="sm-358">
         <name>__TI_decompress_lzss</name>
         <value>0x2021</value>
         <object_component_ref idref="oc-1c"/>
      </symbol>
      <symbol id="sm-362">
         <name>floor</name>
         <value>0x1149</value>
         <object_component_ref idref="oc-21f"/>
      </symbol>
      <symbol id="sm-363">
         <name>floorl</name>
         <value>0x1149</value>
         <object_component_ref idref="oc-21f"/>
      </symbol>
      <symbol id="sm-36e">
         <name>scalbn</name>
         <value>0x1791</value>
         <object_component_ref idref="oc-21b"/>
      </symbol>
      <symbol id="sm-36f">
         <name>ldexp</name>
         <value>0x1791</value>
         <object_component_ref idref="oc-21b"/>
      </symbol>
      <symbol id="sm-370">
         <name>scalbnl</name>
         <value>0x1791</value>
         <object_component_ref idref="oc-21b"/>
      </symbol>
      <symbol id="sm-371">
         <name>ldexpl</name>
         <value>0x1791</value>
         <object_component_ref idref="oc-21b"/>
      </symbol>
      <symbol id="sm-380">
         <name>HOSTexit</name>
         <value>0x3549</value>
         <object_component_ref idref="oc-ec"/>
      </symbol>
      <symbol id="sm-381">
         <name>C$$EXIT</name>
         <value>0x3548</value>
         <object_component_ref idref="oc-ec"/>
      </symbol>
      <symbol id="sm-396">
         <name>__aeabi_fadd</name>
         <value>0x1873</value>
         <object_component_ref idref="oc-165"/>
      </symbol>
      <symbol id="sm-397">
         <name>__addsf3</name>
         <value>0x1873</value>
         <object_component_ref idref="oc-165"/>
      </symbol>
      <symbol id="sm-398">
         <name>__aeabi_fsub</name>
         <value>0x1869</value>
         <object_component_ref idref="oc-165"/>
      </symbol>
      <symbol id="sm-399">
         <name>__subsf3</name>
         <value>0x1869</value>
         <object_component_ref idref="oc-165"/>
      </symbol>
      <symbol id="sm-39f">
         <name>__aeabi_dadd</name>
         <value>0xe5f</value>
         <object_component_ref idref="oc-1cd"/>
      </symbol>
      <symbol id="sm-3a0">
         <name>__adddf3</name>
         <value>0xe5f</value>
         <object_component_ref idref="oc-1cd"/>
      </symbol>
      <symbol id="sm-3a1">
         <name>__aeabi_dsub</name>
         <value>0xe55</value>
         <object_component_ref idref="oc-1cd"/>
      </symbol>
      <symbol id="sm-3a2">
         <name>__subdf3</name>
         <value>0xe55</value>
         <object_component_ref idref="oc-1cd"/>
      </symbol>
      <symbol id="sm-3ab">
         <name>__aeabi_dmul</name>
         <value>0x16ad</value>
         <object_component_ref idref="oc-1d1"/>
      </symbol>
      <symbol id="sm-3ac">
         <name>__muldf3</name>
         <value>0x16ad</value>
         <object_component_ref idref="oc-1d1"/>
      </symbol>
      <symbol id="sm-3b5">
         <name>__muldsi3</name>
         <value>0x2bd1</value>
         <object_component_ref idref="oc-173"/>
      </symbol>
      <symbol id="sm-3bb">
         <name>__aeabi_fmul</name>
         <value>0x1e8d</value>
         <object_component_ref idref="oc-d7"/>
      </symbol>
      <symbol id="sm-3bc">
         <name>__mulsf3</name>
         <value>0x1e8d</value>
         <object_component_ref idref="oc-d7"/>
      </symbol>
      <symbol id="sm-3c2">
         <name>__aeabi_fdiv</name>
         <value>0x1f9d</value>
         <object_component_ref idref="oc-cb"/>
      </symbol>
      <symbol id="sm-3c3">
         <name>__divsf3</name>
         <value>0x1f9d</value>
         <object_component_ref idref="oc-cb"/>
      </symbol>
      <symbol id="sm-3c9">
         <name>__aeabi_f2d</name>
         <value>0x28ed</value>
         <object_component_ref idref="oc-1dc"/>
      </symbol>
      <symbol id="sm-3ca">
         <name>__extendsfdf2</name>
         <value>0x28ed</value>
         <object_component_ref idref="oc-1dc"/>
      </symbol>
      <symbol id="sm-3d3">
         <name>__aeabi_d2iz</name>
         <value>0x2701</value>
         <object_component_ref idref="oc-1d5"/>
      </symbol>
      <symbol id="sm-3d4">
         <name>__fixdfsi</name>
         <value>0x2701</value>
         <object_component_ref idref="oc-1d5"/>
      </symbol>
      <symbol id="sm-3da">
         <name>__aeabi_f2iz</name>
         <value>0x2c0d</value>
         <object_component_ref idref="oc-db"/>
      </symbol>
      <symbol id="sm-3db">
         <name>__fixsfsi</name>
         <value>0x2c0d</value>
         <object_component_ref idref="oc-db"/>
      </symbol>
      <symbol id="sm-3e1">
         <name>__aeabi_f2uiz</name>
         <value>0x2c45</value>
         <object_component_ref idref="oc-1ee"/>
      </symbol>
      <symbol id="sm-3e2">
         <name>__fixunssfsi</name>
         <value>0x2c45</value>
         <object_component_ref idref="oc-1ee"/>
      </symbol>
      <symbol id="sm-3e8">
         <name>__aeabi_i2d</name>
         <value>0x2cd5</value>
         <object_component_ref idref="oc-216"/>
      </symbol>
      <symbol id="sm-3e9">
         <name>__floatsidf</name>
         <value>0x2cd5</value>
         <object_component_ref idref="oc-216"/>
      </symbol>
      <symbol id="sm-3ef">
         <name>__aeabi_i2f</name>
         <value>0x2aa5</value>
         <object_component_ref idref="oc-1b0"/>
      </symbol>
      <symbol id="sm-3f0">
         <name>__floatsisf</name>
         <value>0x2aa5</value>
         <object_component_ref idref="oc-1b0"/>
      </symbol>
      <symbol id="sm-3f6">
         <name>__aeabi_ui2f</name>
         <value>0x2e79</value>
         <object_component_ref idref="oc-c7"/>
      </symbol>
      <symbol id="sm-3f7">
         <name>__floatunsisf</name>
         <value>0x2e79</value>
         <object_component_ref idref="oc-c7"/>
      </symbol>
      <symbol id="sm-3fe">
         <name>__aeabi_d2f</name>
         <value>0x2111</value>
         <object_component_ref idref="oc-20d"/>
      </symbol>
      <symbol id="sm-3ff">
         <name>__truncdfsf2</name>
         <value>0x2111</value>
         <object_component_ref idref="oc-20d"/>
      </symbol>
      <symbol id="sm-405">
         <name>__aeabi_dcmpeq</name>
         <value>0x238d</value>
         <object_component_ref idref="oc-223"/>
      </symbol>
      <symbol id="sm-406">
         <name>__aeabi_dcmplt</name>
         <value>0x23a1</value>
         <object_component_ref idref="oc-223"/>
      </symbol>
      <symbol id="sm-407">
         <name>__aeabi_dcmple</name>
         <value>0x23b5</value>
         <object_component_ref idref="oc-223"/>
      </symbol>
      <symbol id="sm-408">
         <name>__aeabi_dcmpge</name>
         <value>0x23c9</value>
         <object_component_ref idref="oc-223"/>
      </symbol>
      <symbol id="sm-409">
         <name>__aeabi_dcmpgt</name>
         <value>0x23dd</value>
         <object_component_ref idref="oc-223"/>
      </symbol>
      <symbol id="sm-40f">
         <name>__aeabi_fcmpeq</name>
         <value>0x23f1</value>
         <object_component_ref idref="oc-19c"/>
      </symbol>
      <symbol id="sm-410">
         <name>__aeabi_fcmplt</name>
         <value>0x2405</value>
         <object_component_ref idref="oc-19c"/>
      </symbol>
      <symbol id="sm-411">
         <name>__aeabi_fcmple</name>
         <value>0x2419</value>
         <object_component_ref idref="oc-19c"/>
      </symbol>
      <symbol id="sm-412">
         <name>__aeabi_fcmpge</name>
         <value>0x242d</value>
         <object_component_ref idref="oc-19c"/>
      </symbol>
      <symbol id="sm-413">
         <name>__aeabi_fcmpgt</name>
         <value>0x2441</value>
         <object_component_ref idref="oc-19c"/>
      </symbol>
      <symbol id="sm-419">
         <name>__aeabi_idiv</name>
         <value>0x256d</value>
         <object_component_ref idref="oc-212"/>
      </symbol>
      <symbol id="sm-41a">
         <name>__aeabi_idivmod</name>
         <value>0x256d</value>
         <object_component_ref idref="oc-212"/>
      </symbol>
      <symbol id="sm-420">
         <name>__aeabi_memcpy</name>
         <value>0x3505</value>
         <object_component_ref idref="oc-3f"/>
      </symbol>
      <symbol id="sm-421">
         <name>__aeabi_memcpy4</name>
         <value>0x3505</value>
         <object_component_ref idref="oc-3f"/>
      </symbol>
      <symbol id="sm-422">
         <name>__aeabi_memcpy8</name>
         <value>0x3505</value>
         <object_component_ref idref="oc-3f"/>
      </symbol>
      <symbol id="sm-428">
         <name>__aeabi_uidiv</name>
         <value>0x28ad</value>
         <object_component_ref idref="oc-1c0"/>
      </symbol>
      <symbol id="sm-429">
         <name>__aeabi_uidivmod</name>
         <value>0x28ad</value>
         <object_component_ref idref="oc-1c0"/>
      </symbol>
      <symbol id="sm-432">
         <name>__eqsf2</name>
         <value>0x2b95</value>
         <object_component_ref idref="oc-1c5"/>
      </symbol>
      <symbol id="sm-433">
         <name>__lesf2</name>
         <value>0x2b95</value>
         <object_component_ref idref="oc-1c5"/>
      </symbol>
      <symbol id="sm-434">
         <name>__ltsf2</name>
         <value>0x2b95</value>
         <object_component_ref idref="oc-1c5"/>
      </symbol>
      <symbol id="sm-435">
         <name>__nesf2</name>
         <value>0x2b95</value>
         <object_component_ref idref="oc-1c5"/>
      </symbol>
      <symbol id="sm-436">
         <name>__cmpsf2</name>
         <value>0x2b95</value>
         <object_component_ref idref="oc-1c5"/>
      </symbol>
      <symbol id="sm-437">
         <name>__gtsf2</name>
         <value>0x2ae1</value>
         <object_component_ref idref="oc-1ca"/>
      </symbol>
      <symbol id="sm-438">
         <name>__gesf2</name>
         <value>0x2ae1</value>
         <object_component_ref idref="oc-1ca"/>
      </symbol>
      <symbol id="sm-446">
         <name>__ledf2</name>
         <value>0x225d</value>
         <object_component_ref idref="oc-24a"/>
      </symbol>
      <symbol id="sm-447">
         <name>__gedf2</name>
         <value>0x209d</value>
         <object_component_ref idref="oc-250"/>
      </symbol>
      <symbol id="sm-448">
         <name>__cmpdf2</name>
         <value>0x225d</value>
         <object_component_ref idref="oc-24a"/>
      </symbol>
      <symbol id="sm-449">
         <name>__eqdf2</name>
         <value>0x225d</value>
         <object_component_ref idref="oc-24a"/>
      </symbol>
      <symbol id="sm-44a">
         <name>__ltdf2</name>
         <value>0x225d</value>
         <object_component_ref idref="oc-24a"/>
      </symbol>
      <symbol id="sm-44b">
         <name>__nedf2</name>
         <value>0x225d</value>
         <object_component_ref idref="oc-24a"/>
      </symbol>
      <symbol id="sm-44c">
         <name>__gtdf2</name>
         <value>0x209d</value>
         <object_component_ref idref="oc-250"/>
      </symbol>
      <symbol id="sm-456">
         <name>__aeabi_idiv0</name>
         <value>0xfe7</value>
         <object_component_ref idref="oc-201"/>
      </symbol>
      <symbol id="sm-460">
         <name>TI_memcpy_small</name>
         <value>0x3443</value>
         <object_component_ref idref="oc-71"/>
      </symbol>
      <symbol id="sm-461">
         <name>__TI_static_base__</name>
         <value>0x0</value>
      </symbol>
      <symbol id="sm-465">
         <name>__mpu_init</name>
         <value>0x0</value>
      </symbol>
      <symbol id="sm-466">
         <name>_system_post_cinit</name>
         <value>0x0</value>
      </symbol>
   </symbol_table>
   <title>Link successful</title>
</link_info>
