******************************************************************************
            TI ARM Clang Linker PC v4.0.4                      
******************************************************************************
>> Linked Thu Jul 30 16:40:44 2026

OUTPUT FILE NAME:   <first.out>
ENTRY POINT SYMBOL: "_c_int00_noargs"  address: 00003059


MEMORY CONFIGURATION

         name            origin    length      used     unused   attr    fill
----------------------  --------  ---------  --------  --------  ----  --------
  FLASH                 00000000   00020000  000038c0  0001c740  R  X
  SRAM                  20200000   00008000  00000b18  000074e8  RW X
  BCR_CONFIG            41c00000   000000ff  00000000  000000ff  R   
  BSL_CONFIG            41c00100   00000080  00000000  00000080  R   


SEGMENT ALLOCATION MAP

run origin  load origin   length   init length attrs members
----------  ----------- ---------- ----------- ----- -------
00000000    00000000    000038c0   000038c0    r-x
  00000000    00000000    000000c0   000000c0    r-- .intvecs
  000000c0    000000c0    000036d0   000036d0    r-x .text
  00003790    00003790    000000f8   000000f8    r-- .rodata
  00003888    00003888    00000038   00000038    r-- .cinit
20200000    20200000    00000919   00000000    rw-
  20200000    20200000    000008c7   00000000    rw- .bss
  202008c8    202008c8    00000051   00000000    rw- .data
20207e00    20207e00    00000200   00000000    rw-
  20207e00    20207e00    00000200   00000000    rw- .stack


SECTION ALLOCATION MAP

 output                                  attributes/
section   page    origin      length       input sections
--------  ----  ----------  ----------   ----------------
.intvecs   0    00000000    000000c0     
                  00000000    000000c0     startup_mspm0g350x_ticlang.o (.intvecs)

.text      0    000000c0    000036d0     
                  000000c0    0000086c     MPU6050.o (.text.MPU6050_Get_Angle_Plus)
                  0000092c    000001c8     libc.a : s_atanf.c.obj (.text.atanf)
                  00000af4    000001c4     ti_msp_dl_config.o (.text.SYSCFG_DL_GPIO_init)
                  00000cb8    00000192     libclang_rt.builtins.a : adddf3.S.obj (.text.adddf3_subdf3)
                  00000e4a    00000002                            : aeabi_div0.c.obj (.text.__aeabi_idiv0)
                  00000e4c    00000170     libc.a : e_sqrt.c.obj (.text.sqrt)
                  00000fbc    00000160            : e_asinf.c.obj (.text.asinf)
                  0000111c    0000015c     MPU6050.o (.text.MPU6050_Get_Raw)
                  00001278    00000118     libc.a : e_atan2f.c.obj (.text.atan2f)
                  00001390    00000108     drv_encoder.o (.text.encoder_update_speed)
                  00001498    00000104     driverlib.a : dl_timer.o (.text.DL_Timer_initFourCCPWMMode)
                  0000159c    000000fc                 : dl_timer.o (.text.DL_Timer_initTimerMode)
                  00001698    000000e8     ti_msp_dl_config.o (.text.SYSCFG_DL_initPower)
                  00001780    000000e4     libclang_rt.builtins.a : muldf3.S.obj (.text.__muldf3)
                  00001864    000000d8                            : addsf3.S.obj (.text)
                  0000193c    000000c8     drv_IIC.o (.text.MYI2C_Read_Reg_Continue)
                  00001a04    000000b8     ti_msp_dl_config.o (.text.SYSCFG_DL_BLDC_init)
                  00001abc    000000b8     bsp_zdt_x35.o (.text.zdt_x35_move_position)
                  00001b74    000000a8     drv_IIC.o (.text._SI2C_WriteByte)
                  00001c1c    000000a4     drv_zdt_x35_uart.o (.text.drv_zdt_x35_uart_write)
                  00001cc0    000000a0     drv_IIC.o (.text._SI2C_ReceiveByte)
                  00001d60    00000098     drv_IIC.o (.text._SI2C_WriteAck)
                  00001df8    0000008c     ti_msp_dl_config.o (.text.SYSCFG_DL_MG310_PWM_init)
                  00001e84    0000008c     libclang_rt.builtins.a : mulsf3.S.obj (.text.__mulsf3)
                  00001f10    00000084     ti_msp_dl_config.o (.text.__NVIC_SetPriority)
                  00001f94    00000082     libclang_rt.builtins.a : divsf3.S.obj (.text.__divsf3)
                  00002016    00000002     --HOLE-- [fill = 0]
                  00002018    0000007c     drv_zdt_x35_uart.o (.text.UART2_IRQHandler)
                  00002094    0000007c     drv_IIC.o (.text._SI2C_Start)
                  00002110    0000007c     libc.a : copy_decompress_lzss.c.obj (.text:decompress:lzss)
                  0000218c    00000078     drv_uart.o (.text.UART3_IRQHandler)
                  00002204    0000000c     ti_msp_dl_config.o (.text.SYSCFG_DL_SYSTICK_init)
                  00002210    00000074     libclang_rt.builtins.a : truncdfsf2.S.obj (.text.__truncdfsf2)
                  00002284    00000070     drv_IIC.o (.text._SI2C_ReceiveAck)
                  000022f4    00000070     app_topic.o (.text.topic3)
                  00002364    0000006c     drv_zdt_x35_uart.o (.text.drv_zdt_x35_uart_init)
                  000023d0    00000068     ti_msp_dl_config.o (.text.SYSCFG_DL_ZDT_X35_init)
                  00002438    00000068     drv_uart.o (.text.UART1_IRQHandler)
                  000024a0    00000064     ti_msp_dl_config.o (.text.SYSCFG_DL_init)
                  00002504    00000064     ti_msp_dl_config.o (.text.SYSCFG_DL_servo_init)
                  00002568    00000064     drv_IIC.o (.text._SI2C_Stop)
                  000025cc    00000062     libclang_rt.builtins.a : aeabi_fcmp.S.obj (.text.__aeabi_fcmp)
                  0000262e    00000002     --HOLE-- [fill = 0]
                  00002630    00000060     drv_encoder.o (.text.encoder_handle_gpiob)
                  00002690    0000005c     app_zdt_x35_probe.o (.text.zdt_x35_print_send_result)
                  000026ec    00000058     ti_msp_dl_config.o (.text.SYSCFG_DL_as5600_init)
                  00002744    00000058     MPU6050.o (.text.invSqrt)
                  0000279c    00000056     libclang_rt.builtins.a : aeabi_idivmod.S.obj (.text.__aeabi_idivmod)
                  000027f2    00000002     --HOLE-- [fill = 0]
                  000027f4    00000054     drv_uart.o (.text.uart0_write_byte)
                  00002848    00000050     ti_msp_dl_config.o (.text.DL_GPIO_initPeripheralInputFunctionFeatures)
                  00002898    00000050     filter.o (.text.PT1Filter_Apply)
                  000028e8    00000050     ti_msp_dl_config.o (.text.SYSCFG_DL_debug_init)
                  00002938    0000004c     ti_msp_dl_config.o (.text.DL_GPIO_initDigitalInputFeatures)
                  00002984    0000004c     ti_msp_dl_config.o (.text.DL_UART_setBaudRateDivisor)
                  000029d0    00000048     driverlib.a : dl_uart.o (.text.DL_UART_init)
                  00002a18    00000048     drv_encoder.o (.text.encoder_count_a_rising)
                  00002a60    00000040     ti_msp_dl_config.o (.text.SYSCFG_DL_f32c_init)
                  00002aa0    00000040     ti_msp_dl_config.o (.text.SYSCFG_DL_fishpath_init)
                  00002ae0    00000040     libclang_rt.builtins.a : extendsfdf2.S.obj (.text.__extendsfdf2)
                  00002b20    00000040     mid_delay.o (.text.delay_ms)
                  00002b60    0000003c     ti_msp_dl_config.o (.text.DL_Timer_setCounterControl)
                  00002b9c    0000003c     libclang_rt.builtins.a : floatsisf.S.obj (.text.__floatsisf)
                  00002bd8    0000003c                            : comparesf2.S.obj (.text.__gtsf2)
                  00002c14    0000003c     libc.a : autoinit.c.obj (.text:__TI_auto_init_nobinit_nopinit)
                  00002c50    0000003a     libclang_rt.builtins.a : comparesf2.S.obj (.text.__eqsf2)
                  00002c8a    00000002     --HOLE-- [fill = 0]
                  00002c8c    0000003a                            : muldsi3.S.obj (.text.__muldsi3)
                  00002cc6    0000003a     bsp_zdt_x35.o (.text.zdt_x35_set_enable)
                  00002d00    00000038     libclang_rt.builtins.a : fixsfsi.S.obj (.text.__fixsfsi)
                  00002d38    00000034     ti_msp_dl_config.o (.text.SYSCFG_DL_GET_MPU6050_init)
                  00002d6c    00000034     ti_msp_dl_config.o (.text.SYSCFG_DL_MOTOR_MG310_init)
                  00002da0    00000030     drv_encoder.o (.text.TIMA1_IRQHandler)
                  00002dd0    00000030     app_zdt_x35_probe.o (.text.app_zdt_x35_move_up)
                  00002e00    00000030     bsp_zdt_x35.o (.text.zdt_x35_send_frame)
                  00002e30    0000002e     drv_uart.o (.text.drv_uart_send_string)
                  00002e5e    00000002     --HOLE-- [fill = 0]
                  00002e60    0000002c     drv_tim.o (.text.TIMG6_IRQHandler)
                  00002e8c    0000002c     drv_zdt_x35_uart.o (.text.__NVIC_ClearPendingIRQ)
                  00002eb8    0000002c     drv_zdt_x35_uart.o (.text.__NVIC_EnableIRQ)
                  00002ee4    0000002c     app_zdt_x35_probe.o (.text.app_zdt_x35_move_down)
                  00002f10    0000002c     bsp_zdt_x35.o (.text.zdt_x35_init)
                  00002f3c    0000002a     ti_msp_dl_config.o (.text.SYSCFG_DL_SYSCTL_init)
                  00002f66    00000028     ti_msp_dl_config.o (.text.DL_Common_updateReg)
                  00002f8e    00000002     --HOLE-- [fill = 0]
                  00002f90    00000028     ti_msp_dl_config.o (.text.DL_I2C_setControllerRXFIFOThreshold)
                  00002fb8    00000028     ti_msp_dl_config.o (.text.DL_I2C_setControllerTXFIFOThreshold)
                  00002fe0    00000028     ti_msp_dl_config.o (.text.DL_SYSTICK_init)
                  00003008    00000028     ti_msp_dl_config.o (.text.DL_UART_setRXFIFOThreshold)
                  00003030    00000028     ti_msp_dl_config.o (.text.DL_UART_setTXFIFOThreshold)
                  00003058    00000028     libc.a : boot_cortex_m.c.obj (.text:_c_int00_noargs)
                  00003080    00000026     ti_msp_dl_config.o (.text.DL_I2C_setAnalogGlitchFilterPulseWidth)
                  000030a6    00000026     driverlib.a : dl_i2c.o (.text.DL_I2C_setClockConfig)
                  000030cc    00000026     app_zdt_x35_probe.o (.text.zdt_x35_test_send)
                  000030f2    00000002     --HOLE-- [fill = 0]
                  000030f4    00000020     ti_msp_dl_config.o (.text.DL_GPIO_initPeripheralInputFunction)
                  00003114    0000001e     ti_msp_dl_config.o (.text.DL_UART_setOversampling)
                  00003132    00000002     --HOLE-- [fill = 0]
                  00003134    0000001c     drv_encoder.o (.text.DL_GPIO_clearInterruptStatus)
                  00003150    0000001c     ti_msp_dl_config.o (.text.DL_GPIO_enableHiZ)
                  0000316c    0000001c     ti_msp_dl_config.o (.text.DL_GPIO_initPeripheralOutputFunction)
                  00003188    0000001c     drv_encoder.o (.text.DL_Interrupt_getPendingGroup)
                  000031a4    0000001c     ti_msp_dl_config.o (.text.DL_SYSCTL_setMCLKDivider)
                  000031c0    0000001c     ti_msp_dl_config.o (.text.DL_SYSCTL_setSYSOSCFreq)
                  000031dc    0000001c     ti_msp_dl_config.o (.text.DL_SYSCTL_setULPCLKDivider)
                  000031f8    0000001c     ti_msp_dl_config.o (.text.DL_Timer_enableInterrupt)
                  00003214    0000001c     driverlib.a : dl_timer.o (.text.DL_Timer_setCaptCompUpdateMethod)
                  00003230    0000001c                 : dl_timer.o (.text.DL_Timer_setClockConfig)
                  0000324c    0000001c     drv_zdt_x35_uart.o (.text.DL_UART_enableInterrupt)
                  00003268    0000001c     ti_msp_dl_config.o (.text.DL_UART_enableInterrupt)
                  00003284    0000001c     driverlib.a : dl_uart.o (.text.DL_UART_transmitDataCheck)
                  000032a0    00000018     drv_IIC.o (.text.DL_GPIO_enableOutput)
                  000032b8    00000018     ti_msp_dl_config.o (.text.DL_GPIO_enableOutput)
                  000032d0    00000018     ti_msp_dl_config.o (.text.DL_GPIO_enablePower)
                  000032e8    00000018     drv_encoder.o (.text.DL_GPIO_getEnabledInterruptStatus)
                  00003300    00000018     ti_msp_dl_config.o (.text.DL_GPIO_initDigitalOutput)
                  00003318    00000018     ti_msp_dl_config.o (.text.DL_GPIO_reset)
                  00003330    00000018     drv_IIC.o (.text.DL_GPIO_setPins)
                  00003348    00000018     ti_msp_dl_config.o (.text.DL_GPIO_setPins)
                  00003360    00000018     ti_msp_dl_config.o (.text.DL_I2C_enableAnalogGlitchFilter)
                  00003378    00000018     ti_msp_dl_config.o (.text.DL_I2C_enableController)
                  00003390    00000018     ti_msp_dl_config.o (.text.DL_I2C_enableControllerClockStretching)
                  000033a8    00000018     ti_msp_dl_config.o (.text.DL_I2C_enablePower)
                  000033c0    00000018     ti_msp_dl_config.o (.text.DL_I2C_reset)
                  000033d8    00000018     ti_msp_dl_config.o (.text.DL_I2C_setTimerPeriod)
                  000033f0    00000018     ti_msp_dl_config.o (.text.DL_SYSCTL_setBORThreshold)
                  00003408    00000018     drv_tim.o (.text.DL_Timer_clearInterruptStatus)
                  00003420    00000018     ti_msp_dl_config.o (.text.DL_Timer_enablePower)
                  00003438    00000018     ti_msp_dl_config.o (.text.DL_Timer_reset)
                  00003450    00000018     driverlib.a : dl_timer.o (.text.DL_Timer_setCaptureCompareOutCtl)
                  00003468    00000018     ti_msp_dl_config.o (.text.DL_UART_enableFIFOs)
                  00003480    00000018     ti_msp_dl_config.o (.text.DL_UART_enablePower)
                  00003498    00000018     drv_uart.o (.text.DL_UART_isRXFIFOEmpty)
                  000034b0    00000018     drv_zdt_x35_uart.o (.text.DL_UART_isRXFIFOEmpty)
                  000034c8    00000018     ti_msp_dl_config.o (.text.DL_UART_reset)
                  000034e0    00000018     drv_encoder.o (.text.GROUP1_IRQHandler)
                  000034f8    00000016     drv_IIC.o (.text.DL_GPIO_readPins)
                  0000350e    00000016     drv_encoder.o (.text.DL_GPIO_readPins)
                  00003524    00000016     drv_uart.o (.text.DL_UART_enable)
                  0000353a    00000016     ti_msp_dl_config.o (.text.DL_UART_enable)
                  00003550    00000016     empty.o (.text.main)
                  00003566    00000014     drv_IIC.o (.text.DL_GPIO_clearPins)
                  0000357a    00000014     ti_msp_dl_config.o (.text.DL_GPIO_clearPins)
                  0000358e    00000014     drv_IIC.o (.text.DL_GPIO_disableOutput)
                  000035a2    00000002     --HOLE-- [fill = 0]
                  000035a4    00000014     ti_msp_dl_config.o (.text.DL_I2C_resetControllerTransfer)
                  000035b8    00000014     ti_msp_dl_config.o (.text.DL_SYSCTL_disableSYSPLL)
                  000035cc    00000014     ti_msp_dl_config.o (.text.DL_Timer_enableClock)
                  000035e0    00000014     ti_msp_dl_config.o (.text.DL_Timer_setCCPDirection)
                  000035f4    00000014     drv_uart.o (.text.DL_UART_receiveData)
                  00003608    00000014     drv_zdt_x35_uart.o (.text.DL_UART_receiveData)
                  0000361c    00000012     drv_encoder.o (.text.DL_Timer_getPendingInterrupt)
                  0000362e    00000012     drv_tim.o (.text.DL_Timer_getPendingInterrupt)
                  00003640    00000012     drv_uart.o (.text.DL_UART_getPendingInterrupt)
                  00003652    00000012     drv_zdt_x35_uart.o (.text.DL_UART_getPendingInterrupt)
                  00003664    00000012     driverlib.a : dl_uart.o (.text.DL_UART_setClockConfig)
                  00003676    00000012     mid_delay.o (.text.delay_us)
                  00003688    00000012     libc.a : memcpy16.S.obj (.text:TI_memcpy_small)
                  0000369a    00000012            : copy_decompress_none.c.obj (.text:decompress:none)
                  000036ac    00000010     ti_msp_dl_config.o (.text.DL_SYSCTL_disableHFXT)
                  000036bc    00000010     mid_delay.o (.text.DL_SYSTICK_enable)
                  000036cc    00000010     driverlib.a : dl_timer.o (.text.DL_Timer_setCaptureCompareValue)
                  000036dc    00000010     drv_uart.o (.text.drv_uart0_init)
                  000036ec    00000010     libc.a : copy_zero_init.c.obj (.text:decompress:ZI)
                  000036fc    0000000e            : memset16.S.obj (.text:TI_memset_small)
                  0000370a    00000002     --HOLE-- [fill = 0]
                  0000370c    0000000c     libclang_rt.builtins.a : aeabi_memset.S.obj (.text.__aeabi_memclr)
                  00003718    0000000a     driverlib.a : dl_common.o (.text.DL_Common_delayCycles)
                  00003722    00000002     --HOLE-- [fill = 0]
                  00003724    00000008     libc.a : aeabi_portable.c.obj (.text.__aeabi_errno_addr)
                  0000372c    00000008     libclang_rt.builtins.a : aeabi_memcpy.S.obj (.text.__aeabi_memcpy)
                  00003734    00000006     libc.a : e_asinf.c.obj (.text.OUTLINED_FUNCTION_0)
                  0000373a    00000002     --HOLE-- [fill = 0]
                  0000373c    00000010     libclang_rt.builtins.a : mulsf3.S.obj (.tramp.__aeabi_fmul.1)
                  0000374c    00000006     libc.a : s_atanf.c.obj (.text.OUTLINED_FUNCTION_0)
                  00003752    00000002     --HOLE-- [fill = 0]
                  00003754    00000010     libclang_rt.builtins.a : divsf3.S.obj (.tramp.__aeabi_fdiv.1)
                  00003764    00000006     libc.a : exit.c.obj (.text:abort)
                  0000376a    00000004     startup_mspm0g350x_ticlang.o (.text.Default_Handler)
                  0000376e    00000004     libsysbm.a : hostexit.c.obj (.text.HOSTexit)
                  00003772    00000004     libc.a : s_atanf.c.obj (.text.OUTLINED_FUNCTION_1)
                  00003776    00000002     --HOLE-- [fill = 0]
                  00003778    00000010     libclang_rt.builtins.a : addsf3.S.obj (.tramp.__aeabi_fadd.1)
                  00003788    00000004     startup_mspm0g350x_ticlang.o (.text.Reset_Handler)
                  0000378c    00000004     libc.a : pre_init.c.obj (.text._system_pre_init)

.cinit     0    00003888    00000038     
                  00003888    00000011     (.cinit..data.load) [load image, compression = lzss]
                  00003899    00000003     --HOLE-- [fill = 0]
                  0000389c    0000000c     (__TI_handler_table)
                  000038a8    00000008     (.cinit..bss.load) [load image, compression = zero_init]
                  000038b0    00000010     (__TI_cinit_table)

.rodata    0    00003790    000000f8     
                  00003790    00000020     libc.a : s_atanf.c.obj (.rodata.cst16)
                  000037b0    00000014     ti_msp_dl_config.o (.rodata.gGET_MPU6050TimerConfig)
                  000037c4    00000014     ti_msp_dl_config.o (.rodata.gMOTOR_MG310TimerConfig)
                  000037d8    00000010     app_zdt_x35_probe.o (.rodata.str1.10931688755843176637.1)
                  000037e8    00000010     app_zdt_x35_probe.o (.rodata.str1.6431335584214758584.1)
                  000037f8    0000000f     app_zdt_x35_probe.o (.rodata.str1.10188872388646842163.1)
                  00003807    0000000e     app_zdt_x35_probe.o (.rodata.str1.7008513293307113734.1)
                  00003815    0000000d     app_zdt_x35_probe.o (.rodata.str1.7261576705882836741.1)
                  00003822    0000000a     ti_msp_dl_config.o (.rodata.gZDT_X35Config)
                  0000382c    0000000a     ti_msp_dl_config.o (.rodata.gdebugConfig)
                  00003836    0000000a     ti_msp_dl_config.o (.rodata.gf32cConfig)
                  00003840    0000000a     ti_msp_dl_config.o (.rodata.gfishpathConfig)
                  0000384a    00000002     ti_msp_dl_config.o (.rodata.gZDT_X35ClockConfig)
                  0000384c    00000008     ti_msp_dl_config.o (.rodata.gBLDCConfig)
                  00003854    00000008     ti_msp_dl_config.o (.rodata.gMG310_PWMConfig)
                  0000385c    00000008     ti_msp_dl_config.o (.rodata.gservoConfig)
                  00003864    00000008     app_zdt_x35_probe.o (.rodata.str1.1945768649125881320.1)
                  0000386c    00000003     ti_msp_dl_config.o (.rodata.gBLDCClockConfig)
                  0000386f    00000003     ti_msp_dl_config.o (.rodata.gGET_MPU6050ClockConfig)
                  00003872    00000003     ti_msp_dl_config.o (.rodata.gMG310_PWMClockConfig)
                  00003875    00000003     ti_msp_dl_config.o (.rodata.gMOTOR_MG310ClockConfig)
                  00003878    00000003     ti_msp_dl_config.o (.rodata.gservoClockConfig)
                  0000387b    00000002     ti_msp_dl_config.o (.rodata.gas5600ClockConfig)
                  0000387d    00000002     ti_msp_dl_config.o (.rodata.gdebugClockConfig)
                  0000387f    00000002     ti_msp_dl_config.o (.rodata.gf32cClockConfig)
                  00003881    00000002     ti_msp_dl_config.o (.rodata.gfishpathClockConfig)
                  00003883    00000005     --HOLE-- [fill = 0]

.init_array 
*          0    00000000    00000000     UNINITIALIZED

.binit     0    00000000    00000000     

.bss       0    20200000    000008c7     UNINITIALIZED
                  20200000    00000400     drv_uart.o (.bss.uart1_rx_buf)
                  20200400    00000100     drv_uart.o (.bss.uart3_rx_buf)
                  20200500    000000bc     (.common:gBLDCBackup)
                  202005bc    000000bc     (.common:gMOTOR_MG310Backup)
                  20200678    000000a0     (.common:gGET_MPU6050Backup)
                  20200718    00000080     drv_zdt_x35_uart.o (.bss.g_zdt_x35_rx_buffer)
                  20200798    00000030     bsp_zdt_x35.o (.bss.g_zdt_x35_probe)
                  202007c8    00000030     (.common:MM)
                  202007f8    00000030     (.common:gf32cBackup)
                  20200828    00000020     bsp_zdt_x35.o (.bss.g_zdt_x35_build)
                  20200848    0000000e     MPU6050.o (.bss.MPU6050_Get_Raw.temp_buffer)
                  20200856    00000002     drv_zdt_x35_uart.o (.bss.g_zdt_x35_rx_head)
                  20200858    0000000c     (.common:pt1_filter_gx)
                  20200864    0000000c     (.common:pt1_filter_gy)
                  20200870    0000000c     (.common:pt1_filter_gz)
                  2020087c    0000000c     (.common:pt1_filter_x)
                  20200888    0000000c     (.common:pt1_filter_y)
                  20200894    0000000c     (.common:pt1_filter_z)
                  202008a0    00000008     (.common:mpu6050_i2cbus)
                  202008a8    00000004     MPU6050.o (.bss.MPU6050_Get_Angle_Plus.Ki)
                  202008ac    00000004     MPU6050.o (.bss.MPU6050_Get_Angle_Plus.Kp)
                  202008b0    00000004     drv_IIC.o (.bss.P_this)
                  202008b4    00000004     MPU6050.o (.bss.accelScale)
                  202008b8    00000004     drv_zdt_x35_uart.o (.bss.g_zdt_x35_rx_overflow_count)
                  202008bc    00000004     MPU6050.o (.bss.gyroScale)
                  202008c0    00000004     MPU6050.o (.bss.mpu6050_dt)
                  202008c4    00000002     drv_zdt_x35_uart.o (.bss.g_zdt_x35_rx_tail)
                  202008c6    00000001     bsp_zdt_x35.o (.bss.g_zdt_x35_build_length)

.data      0    202008c8    00000051     UNINITIALIZED
                  202008c8    00000008     drv_encoder.o (.data.g_encoder)
                  202008d0    00000004     MPU6050.o (.data.MPU6050_Get_Angle_Plus.integralX)
                  202008d4    00000004     MPU6050.o (.data.MPU6050_Get_Angle_Plus.integralY)
                  202008d8    00000004     MPU6050.o (.data.MPU6050_Get_Angle_Plus.integralZ)
                  202008dc    00000004     MPU6050.o (.data.MPU6050_Get_Angle_Plus.q0)
                  202008e0    00000004     MPU6050.o (.data.MPU6050_Get_Angle_Plus.q1)
                  202008e4    00000004     MPU6050.o (.data.MPU6050_Get_Angle_Plus.q2)
                  202008e8    00000004     MPU6050.o (.data.MPU6050_Get_Angle_Plus.q3)
                  202008ec    00000004     MPU6050.o (.data.MPU6050_Get_Angle_Plus.unwrapped_yaw)
                  202008f0    00000004     libc.a : aeabi_portable.c.obj (.data.__aeabi_errno)
                  202008f4    00000004     MPU6050.o (.data.angle_pitch)
                  202008f8    00000004     MPU6050.o (.data.angle_roll)
                  202008fc    00000004     MPU6050.o (.data.angle_yaw)
                  20200900    00000004     mid_delay.o (.data.g_system_ms)
                  20200904    00000004     drv_uart.o (.data.uart3_rx_overflow_count)
                  20200908    00000002     MPU6050.o (.data.MPU6050_Get_Angle_Plus.times)
                  2020090a    00000002     MPU6050.o (.data.gyro_zero_x)
                  2020090c    00000002     MPU6050.o (.data.gyro_zero_y)
                  2020090e    00000002     MPU6050.o (.data.gyro_zero_z)
                  20200910    00000002     drv_uart.o (.data.uart1_rx_head)
                  20200912    00000002     drv_uart.o (.data.uart1_rx_tail)
                  20200914    00000002     drv_uart.o (.data.uart3_rx_head)
                  20200916    00000002     drv_uart.o (.data.uart3_rx_tail)
                  20200918    00000001     MPU6050.o (.data.MPU6050_Get_Angle_Plus.first_run)

.stack     0    20207e00    00000200     UNINITIALIZED
                  20207e00    00000004     libc.a : boot_cortex_m.c.obj (.stack)
                  20207e04    000001fc     --HOLE--

__llvm_prf_cnts 
*          0    20200000    00000000     UNINITIALIZED

__llvm_prf_bits 
*          0    20200000    00000000     UNINITIALIZED

MODULE SUMMARY

       Module                         code    ro data   rw data
       ------                         ----    -------   -------
    .\
       ti_msp_dl_config.o             3272    129       584    
       startup_mspm0g350x_ticlang.o   8       192       0      
       empty.o                        22      0         0      
    +--+------------------------------+-------+---------+---------+
       Total:                         3302    321       584    
                                                               
    .\MSPM0G3507\Application\
       app_zdt_x35_probe.o            222     82        0      
       app_topic.o                    112     0         0      
       app_MPU6050_test.o             0       0         48     
    +--+------------------------------+-------+---------+---------+
       Total:                         334     82        48     
                                                               
    .\MSPM0G3507\BSP\
       MPU6050.o                      2592    0         167    
       bsp_zdt_x35.o                  334     0         81     
    +--+------------------------------+-------+---------+---------+
       Total:                         2926    0         248    
                                                               
    .\MSPM0G3507\Driver\
       drv_uart.o                     454     0         1292   
       drv_IIC.o                      1126    0         4      
       drv_zdt_x35_uart.o             574     0         136    
       drv_encoder.o                  624     0         8      
       drv_tim.o                      86      0         0      
    +--+------------------------------+-------+---------+---------+
       Total:                         2864    0         1440   
                                                               
    .\MSPM0G3507\Middleware\
       mid_delay.o                    98      0         4      
       filter.o                       80      0         0      
    +--+------------------------------+-------+---------+---------+
       Total:                         178     0         4      
                                                               
    C:/TI/mspm0_sdk_2_10_00_04/source/ti/driverlib/lib/ticlang/m0p/mspm0g1x0x_g3x0x/driverlib.a
       dl_timer.o                     608     0         0      
       dl_uart.o                      118     0         0      
       dl_i2c.o                       38      0         0      
       dl_common.o                    10      0         0      
    +--+------------------------------+-------+---------+---------+
       Total:                         774     0         0      
                                                               
    E:\ccs\ccs\tools\compiler\ti-cgt-armllvm_4.0.4.LTS\lib\armv6m-ti-none-eabi/c/libc.a
       s_atanf.c.obj                  466     32        0      
       e_sqrt.c.obj                   368     0         0      
       e_asinf.c.obj                  358     0         0      
       e_atan2f.c.obj                 280     0         0      
       copy_decompress_lzss.c.obj     124     0         0      
       autoinit.c.obj                 60      0         0      
       boot_cortex_m.c.obj            40      0         0      
       copy_decompress_none.c.obj     18      0         0      
       memcpy16.S.obj                 18      0         0      
       copy_zero_init.c.obj           16      0         0      
       memset16.S.obj                 14      0         0      
       aeabi_portable.c.obj           8       0         4      
       exit.c.obj                     6       0         0      
       pre_init.c.obj                 4       0         0      
    +--+------------------------------+-------+---------+---------+
       Total:                         1780    32        4      
                                                               
    E:\ccs\ccs\tools\compiler\ti-cgt-armllvm_4.0.4.LTS\lib\armv6m-ti-none-eabi/c/libsysbm.a
       hostexit.c.obj                 4       0         0      
    +--+------------------------------+-------+---------+---------+
       Total:                         4       0         0      
                                                               
    E:\ccs\ccs\tools\compiler\ti-cgt-armllvm_4.0.4.LTS\lib\armv6m-ti-none-eabi/libclang_rt.builtins.a
       adddf3.S.obj                   402     0         0      
       addsf3.S.obj                   232     0         0      
       muldf3.S.obj                   228     0         0      
       mulsf3.S.obj                   156     0         0      
       divsf3.S.obj                   146     0         0      
       comparesf2.S.obj               118     0         0      
       truncdfsf2.S.obj               116     0         0      
       aeabi_fcmp.S.obj               98      0         0      
       aeabi_idivmod.S.obj            86      0         0      
       extendsfdf2.S.obj              64      0         0      
       floatsisf.S.obj                60      0         0      
       muldsi3.S.obj                  58      0         0      
       fixsfsi.S.obj                  56      0         0      
       aeabi_memset.S.obj             12      0         0      
       aeabi_memcpy.S.obj             8       0         0      
       aeabi_div0.c.obj               2       0         0      
    +--+------------------------------+-------+---------+---------+
       Total:                         1842    0         0      
                                                               
       Stack:                         0       0         512    
       Linker Generated:              0       53        0      
    +--+------------------------------+-------+---------+---------+
       Grand Total:                   14004   488       2840   


LINKER GENERATED COPY TABLES

__TI_cinit_table @ 000038b0 records: 2, size/record: 8, table size: 16
	.data: load addr=00003888, load size=00000011 bytes, run addr=202008c8, run size=00000051 bytes, compression=lzss
	.bss: load addr=000038a8, load size=00000008 bytes, run addr=20200000, run size=000008c7 bytes, compression=zero_init


LINKER GENERATED HANDLER TABLE

__TI_handler_table @ 0000389c records: 3, size/record: 4, table size: 12
	index: 0, handler: __TI_decompress_lzss
	index: 1, handler: __TI_decompress_none
	index: 2, handler: __TI_zero_init


FAR CALL TRAMPOLINES

callee name               trampoline name
   callee addr  tramp addr   call addr  call info
--------------  -----------  ---------  ----------------
__aeabi_fmul              $Tramp$TT$L$PI$$__aeabi_fmul
   00001e85     0000373c     00003738   libc.a : e_asinf.c.obj (.text.OUTLINED_FUNCTION_0)
__aeabi_fdiv              $Tramp$TT$L$PI$$__aeabi_fdiv
   00001f95     00003754     00003750   libc.a : s_atanf.c.obj (.text.OUTLINED_FUNCTION_0)
__aeabi_fadd              $Tramp$TT$L$PI$$__aeabi_fadd
   0000186f     00003778     00003774   libc.a : s_atanf.c.obj (.text.OUTLINED_FUNCTION_1)

[3 trampolines]
[3 trampoline calls]


GLOBAL SYMBOLS: SORTED ALPHABETICALLY BY Name 

address   name                            
-------   ----                            
0000376b  ADC0_IRQHandler                 
0000376b  ADC1_IRQHandler                 
0000376b  AES_IRQHandler                  
0000376e  C$$EXIT                         
0000376b  CANFD0_IRQHandler               
0000376b  DAC0_IRQHandler                 
00003719  DL_Common_delayCycles           
000030a7  DL_I2C_setClockConfig           
00001499  DL_Timer_initFourCCPWMMode      
0000159d  DL_Timer_initTimerMode          
00003215  DL_Timer_setCaptCompUpdateMethod
00003451  DL_Timer_setCaptureCompareOutCtl
000036cd  DL_Timer_setCaptureCompareValue 
00003231  DL_Timer_setClockConfig         
000029d1  DL_UART_init                    
00003665  DL_UART_setClockConfig          
00003285  DL_UART_transmitDataCheck       
0000376b  DMA_IRQHandler                  
0000376b  Default_Handler                 
0000376b  GROUP0_IRQHandler               
000034e1  GROUP1_IRQHandler               
0000376f  HOSTexit                        
0000376b  HardFault_Handler               
0000376b  I2C0_IRQHandler                 
0000376b  I2C1_IRQHandler                 
202007c8  MM                              
000000c1  MPU6050_Get_Angle_Plus          
0000193d  MYI2C_Read_Reg_Continue         
0000376b  NMI_Handler                     
00002899  PT1Filter_Apply                 
0000376b  PendSV_Handler                  
0000376b  RTC_IRQHandler                  
00003789  Reset_Handler                   
0000376b  SPI0_IRQHandler                 
0000376b  SPI1_IRQHandler                 
0000376b  SVC_Handler                     
00001a05  SYSCFG_DL_BLDC_init             
00002d39  SYSCFG_DL_GET_MPU6050_init      
00000af5  SYSCFG_DL_GPIO_init             
00001df9  SYSCFG_DL_MG310_PWM_init        
00002d6d  SYSCFG_DL_MOTOR_MG310_init      
00002f3d  SYSCFG_DL_SYSCTL_init           
00002205  SYSCFG_DL_SYSTICK_init          
000023d1  SYSCFG_DL_ZDT_X35_init          
000026ed  SYSCFG_DL_as5600_init           
000028e9  SYSCFG_DL_debug_init            
00002a61  SYSCFG_DL_f32c_init             
00002aa1  SYSCFG_DL_fishpath_init         
000024a1  SYSCFG_DL_init                  
00001699  SYSCFG_DL_initPower             
00002505  SYSCFG_DL_servo_init            
0000376b  SysTick_Handler                 
0000376b  TIMA0_IRQHandler                
00002da1  TIMA1_IRQHandler                
0000376b  TIMG0_IRQHandler                
0000376b  TIMG12_IRQHandler               
00002e61  TIMG6_IRQHandler                
0000376b  TIMG7_IRQHandler                
0000376b  TIMG8_IRQHandler                
00003689  TI_memcpy_small                 
000036fd  TI_memset_small                 
0000376b  UART0_IRQHandler                
00002439  UART1_IRQHandler                
00002019  UART2_IRQHandler                
0000218d  UART3_IRQHandler                
20208000  __STACK_END                     
00000200  __STACK_SIZE                    
00000000  __TI_ATRegion0_region_sz        
00000000  __TI_ATRegion0_src_addr         
00000000  __TI_ATRegion0_trg_addr         
00000000  __TI_ATRegion1_region_sz        
00000000  __TI_ATRegion1_src_addr         
00000000  __TI_ATRegion1_trg_addr         
00000000  __TI_ATRegion2_region_sz        
00000000  __TI_ATRegion2_src_addr         
00000000  __TI_ATRegion2_trg_addr         
000038b0  __TI_CINIT_Base                 
000038c0  __TI_CINIT_Limit                
000038c0  __TI_CINIT_Warm                 
0000389c  __TI_Handler_Table_Base         
000038a8  __TI_Handler_Table_Limit        
00002c15  __TI_auto_init_nobinit_nopinit  
00002111  __TI_decompress_lzss            
0000369b  __TI_decompress_none            
ffffffff  __TI_pprof_out_hndl             
ffffffff  __TI_prof_data_size             
ffffffff  __TI_prof_data_start            
00000000  __TI_static_base__              
000036ed  __TI_zero_init                  
00000cc3  __adddf3                        
0000186f  __addsf3                        
00002211  __aeabi_d2f                     
00000cc3  __aeabi_dadd                    
00001781  __aeabi_dmul                    
00000cb9  __aeabi_dsub                    
202008f0  __aeabi_errno                   
00003725  __aeabi_errno_addr              
00002ae1  __aeabi_f2d                     
00002d01  __aeabi_f2iz                    
0000186f  __aeabi_fadd                    
000025cd  __aeabi_fcmpeq                  
00002609  __aeabi_fcmpge                  
0000261d  __aeabi_fcmpgt                  
000025f5  __aeabi_fcmple                  
000025e1  __aeabi_fcmplt                  
00001f95  __aeabi_fdiv                    
00001e85  __aeabi_fmul                    
00001865  __aeabi_fsub                    
00002b9d  __aeabi_i2f                     
0000279d  __aeabi_idiv                    
00000e4b  __aeabi_idiv0                   
0000279d  __aeabi_idivmod                 
0000370d  __aeabi_memclr                  
0000370d  __aeabi_memclr4                 
0000370d  __aeabi_memclr8                 
0000372d  __aeabi_memcpy                  
0000372d  __aeabi_memcpy4                 
0000372d  __aeabi_memcpy8                 
ffffffff  __binit__                       
00002c51  __cmpsf2                        
00001f95  __divsf3                        
00002c51  __eqsf2                         
00002ae1  __extendsfdf2                   
00002d01  __fixsfsi                       
00002b9d  __floatsisf                     
00002bd9  __gesf2                         
00002bd9  __gtsf2                         
00002c51  __lesf2                         
00002c51  __ltsf2                         
UNDEFED   __mpu_init                      
00001781  __muldf3                        
00002c8d  __muldsi3                       
00001e85  __mulsf3                        
00002c51  __nesf2                         
20207e00  __stack                         
20200000  __start___llvm_prf_bits         
20200000  __start___llvm_prf_cnts         
20200000  __stop___llvm_prf_bits          
20200000  __stop___llvm_prf_cnts          
00000cb9  __subdf3                        
00001865  __subsf3                        
00002211  __truncdfsf2                    
00003059  _c_int00_noargs                 
UNDEFED   _system_post_cinit              
0000378d  _system_pre_init                
00003765  abort                           
00002ee5  app_zdt_x35_move_down           
00002dd1  app_zdt_x35_move_up             
00000fbd  asinf                           
00001279  atan2f                          
0000092d  atanf                           
ffffffff  binit                           
00002b21  delay_ms                        
00003677  delay_us                        
000036dd  drv_uart0_init                  
00002e31  drv_uart_send_string            
00002365  drv_zdt_x35_uart_init           
00001c1d  drv_zdt_x35_uart_write          
20200500  gBLDCBackup                     
20200678  gGET_MPU6050Backup              
202005bc  gMOTOR_MG310Backup              
202007f8  gf32cBackup                     
00000000  interruptVectors                
00003551  main                            
202008a0  mpu6050_i2cbus                  
20200858  pt1_filter_gx                   
20200864  pt1_filter_gy                   
20200870  pt1_filter_gz                   
2020087c  pt1_filter_x                    
20200888  pt1_filter_y                    
20200894  pt1_filter_z                    
00000e4d  sqrt                            
00000e4d  sqrtl                           
000022f5  topic3                          
00002f11  zdt_x35_init                    
00001abd  zdt_x35_move_position           
00002cc7  zdt_x35_set_enable              


GLOBAL SYMBOLS: SORTED BY Symbol Address 

address   name                            
-------   ----                            
00000000  __TI_ATRegion0_region_sz        
00000000  __TI_ATRegion0_src_addr         
00000000  __TI_ATRegion0_trg_addr         
00000000  __TI_ATRegion1_region_sz        
00000000  __TI_ATRegion1_src_addr         
00000000  __TI_ATRegion1_trg_addr         
00000000  __TI_ATRegion2_region_sz        
00000000  __TI_ATRegion2_src_addr         
00000000  __TI_ATRegion2_trg_addr         
00000000  __TI_static_base__              
00000000  interruptVectors                
000000c1  MPU6050_Get_Angle_Plus          
00000200  __STACK_SIZE                    
0000092d  atanf                           
00000af5  SYSCFG_DL_GPIO_init             
00000cb9  __aeabi_dsub                    
00000cb9  __subdf3                        
00000cc3  __adddf3                        
00000cc3  __aeabi_dadd                    
00000e4b  __aeabi_idiv0                   
00000e4d  sqrt                            
00000e4d  sqrtl                           
00000fbd  asinf                           
00001279  atan2f                          
00001499  DL_Timer_initFourCCPWMMode      
0000159d  DL_Timer_initTimerMode          
00001699  SYSCFG_DL_initPower             
00001781  __aeabi_dmul                    
00001781  __muldf3                        
00001865  __aeabi_fsub                    
00001865  __subsf3                        
0000186f  __addsf3                        
0000186f  __aeabi_fadd                    
0000193d  MYI2C_Read_Reg_Continue         
00001a05  SYSCFG_DL_BLDC_init             
00001abd  zdt_x35_move_position           
00001c1d  drv_zdt_x35_uart_write          
00001df9  SYSCFG_DL_MG310_PWM_init        
00001e85  __aeabi_fmul                    
00001e85  __mulsf3                        
00001f95  __aeabi_fdiv                    
00001f95  __divsf3                        
00002019  UART2_IRQHandler                
00002111  __TI_decompress_lzss            
0000218d  UART3_IRQHandler                
00002205  SYSCFG_DL_SYSTICK_init          
00002211  __aeabi_d2f                     
00002211  __truncdfsf2                    
000022f5  topic3                          
00002365  drv_zdt_x35_uart_init           
000023d1  SYSCFG_DL_ZDT_X35_init          
00002439  UART1_IRQHandler                
000024a1  SYSCFG_DL_init                  
00002505  SYSCFG_DL_servo_init            
000025cd  __aeabi_fcmpeq                  
000025e1  __aeabi_fcmplt                  
000025f5  __aeabi_fcmple                  
00002609  __aeabi_fcmpge                  
0000261d  __aeabi_fcmpgt                  
000026ed  SYSCFG_DL_as5600_init           
0000279d  __aeabi_idiv                    
0000279d  __aeabi_idivmod                 
00002899  PT1Filter_Apply                 
000028e9  SYSCFG_DL_debug_init            
000029d1  DL_UART_init                    
00002a61  SYSCFG_DL_f32c_init             
00002aa1  SYSCFG_DL_fishpath_init         
00002ae1  __aeabi_f2d                     
00002ae1  __extendsfdf2                   
00002b21  delay_ms                        
00002b9d  __aeabi_i2f                     
00002b9d  __floatsisf                     
00002bd9  __gesf2                         
00002bd9  __gtsf2                         
00002c15  __TI_auto_init_nobinit_nopinit  
00002c51  __cmpsf2                        
00002c51  __eqsf2                         
00002c51  __lesf2                         
00002c51  __ltsf2                         
00002c51  __nesf2                         
00002c8d  __muldsi3                       
00002cc7  zdt_x35_set_enable              
00002d01  __aeabi_f2iz                    
00002d01  __fixsfsi                       
00002d39  SYSCFG_DL_GET_MPU6050_init      
00002d6d  SYSCFG_DL_MOTOR_MG310_init      
00002da1  TIMA1_IRQHandler                
00002dd1  app_zdt_x35_move_up             
00002e31  drv_uart_send_string            
00002e61  TIMG6_IRQHandler                
00002ee5  app_zdt_x35_move_down           
00002f11  zdt_x35_init                    
00002f3d  SYSCFG_DL_SYSCTL_init           
00003059  _c_int00_noargs                 
000030a7  DL_I2C_setClockConfig           
00003215  DL_Timer_setCaptCompUpdateMethod
00003231  DL_Timer_setClockConfig         
00003285  DL_UART_transmitDataCheck       
00003451  DL_Timer_setCaptureCompareOutCtl
000034e1  GROUP1_IRQHandler               
00003551  main                            
00003665  DL_UART_setClockConfig          
00003677  delay_us                        
00003689  TI_memcpy_small                 
0000369b  __TI_decompress_none            
000036cd  DL_Timer_setCaptureCompareValue 
000036dd  drv_uart0_init                  
000036ed  __TI_zero_init                  
000036fd  TI_memset_small                 
0000370d  __aeabi_memclr                  
0000370d  __aeabi_memclr4                 
0000370d  __aeabi_memclr8                 
00003719  DL_Common_delayCycles           
00003725  __aeabi_errno_addr              
0000372d  __aeabi_memcpy                  
0000372d  __aeabi_memcpy4                 
0000372d  __aeabi_memcpy8                 
00003765  abort                           
0000376b  ADC0_IRQHandler                 
0000376b  ADC1_IRQHandler                 
0000376b  AES_IRQHandler                  
0000376b  CANFD0_IRQHandler               
0000376b  DAC0_IRQHandler                 
0000376b  DMA_IRQHandler                  
0000376b  Default_Handler                 
0000376b  GROUP0_IRQHandler               
0000376b  HardFault_Handler               
0000376b  I2C0_IRQHandler                 
0000376b  I2C1_IRQHandler                 
0000376b  NMI_Handler                     
0000376b  PendSV_Handler                  
0000376b  RTC_IRQHandler                  
0000376b  SPI0_IRQHandler                 
0000376b  SPI1_IRQHandler                 
0000376b  SVC_Handler                     
0000376b  SysTick_Handler                 
0000376b  TIMA0_IRQHandler                
0000376b  TIMG0_IRQHandler                
0000376b  TIMG12_IRQHandler               
0000376b  TIMG7_IRQHandler                
0000376b  TIMG8_IRQHandler                
0000376b  UART0_IRQHandler                
0000376e  C$$EXIT                         
0000376f  HOSTexit                        
00003789  Reset_Handler                   
0000378d  _system_pre_init                
0000389c  __TI_Handler_Table_Base         
000038a8  __TI_Handler_Table_Limit        
000038b0  __TI_CINIT_Base                 
000038c0  __TI_CINIT_Limit                
000038c0  __TI_CINIT_Warm                 
20200000  __start___llvm_prf_bits         
20200000  __start___llvm_prf_cnts         
20200000  __stop___llvm_prf_bits          
20200000  __stop___llvm_prf_cnts          
20200500  gBLDCBackup                     
202005bc  gMOTOR_MG310Backup              
20200678  gGET_MPU6050Backup              
202007c8  MM                              
202007f8  gf32cBackup                     
20200858  pt1_filter_gx                   
20200864  pt1_filter_gy                   
20200870  pt1_filter_gz                   
2020087c  pt1_filter_x                    
20200888  pt1_filter_y                    
20200894  pt1_filter_z                    
202008a0  mpu6050_i2cbus                  
202008f0  __aeabi_errno                   
20207e00  __stack                         
20208000  __STACK_END                     
ffffffff  __TI_pprof_out_hndl             
ffffffff  __TI_prof_data_size             
ffffffff  __TI_prof_data_start            
ffffffff  __binit__                       
ffffffff  binit                           
UNDEFED   __mpu_init                      
UNDEFED   _system_post_cinit              

[177 symbols]
