******************************************************************************
            TI ARM Clang Linker PC v4.0.4                      
******************************************************************************
>> Linked Sat Jul 25 18:47:19 2026

OUTPUT FILE NAME:   <first.out>
ENTRY POINT SYMBOL: "_c_int00_noargs"  address: 00002651


MEMORY CONFIGURATION

         name            origin    length      used     unused   attr    fill
----------------------  --------  ---------  --------  --------  ----  --------
  FLASH                 00000000   00020000  00003930  0001c6d0  R  X
  SRAM                  20200000   00008000  000008a0  00007760  RW X
  BCR_CONFIG            41c00000   000000ff  00000000  000000ff  R   
  BSL_CONFIG            41c00100   00000080  00000000  00000080  R   


SEGMENT ALLOCATION MAP

run origin  load origin   length   init length attrs members
----------  ----------- ---------- ----------- ----- -------
00000000    00000000    00003930   00003930    r-x
  00000000    00000000    000000c0   000000c0    r-- .intvecs
  000000c0    000000c0    00002f20   00002f20    r-x .text
  00002fe0    00002fe0    00000920   00000920    r-- .rodata
  00003900    00003900    00000030   00000030    r-- .cinit
20200000    20200000    000006a0   00000000    rw-
  20200000    20200000    00000690   00000000    rw- .bss
  20200690    20200690    00000010   00000000    rw- .data
20207e00    20207e00    00000200   00000000    rw-
  20207e00    20207e00    00000200   00000000    rw- .stack


SECTION ALLOCATION MAP

 output                                  attributes/
section   page    origin      length       input sections
--------  ----  ----------  ----------   ----------------
.intvecs   0    00000000    000000c0     
                  00000000    000000c0     startup_mspm0g350x_ticlang.o (.intvecs)

.text      0    000000c0    00002f20     
                  000000c0    00000430     app_wit_straight_test.o (.text.app_wit_straight_test)
                  000004f0    0000018c     ti_msp_dl_config.o (.text.SYSCFG_DL_GPIO_init)
                  0000067c    00000128     bsp_wit.o (.text.WIT_DecodeFrame)
                  000007a4    00000108     bsp_wit.o (.text.WIT_Init)
                  000008ac    00000108     drv_encoder.o (.text.encoder_update_speed)
                  000009b4    00000108     mid_pid.o (.text.pid_update)
                  00000abc    00000104     driverlib.a : dl_timer.o (.text.DL_Timer_initFourCCPWMMode)
                  00000bc0    00000104     bsp_wit.o (.text.WIT_ParseByte)
                  00000cc4    000000fc     driverlib.a : dl_timer.o (.text.DL_Timer_initTimerMode)
                  00000dc0    000000d8     libclang_rt.builtins.a : addsf3.S.obj (.text)
                  00000e98    000000ce     bsp_OLED.o (.text.OLED_Init)
                  00000f66    00000002     bsp_OLED.o (.text.OLED_I2C_Init)
                  00000f68    000000c4     ti_msp_dl_config.o (.text.SYSCFG_DL_initPower)
                  0000102c    000000c2     bsp_button.o (.text.button_update)
                  000010ee    00000002     libclang_rt.builtins.a : aeabi_div0.c.obj (.text.__aeabi_idiv0)
                  000010f0    000000c0     bsp_wit.o (.text.UART2_IRQHandler)
                  000011b0    000000b8     ti_msp_dl_config.o (.text.SYSCFG_DL_BLDC_init)
                  00001268    000000b4     bsp_OLED.o (.text.OLED_ShowChar)
                  0000131c    000000a0     bsp_encoder.o (.text.mg310_setDirectionPins)
                  000013bc    00000098     drv_uart.o (.text.drv_uart_print_num)
                  00001454    0000008c     ti_msp_dl_config.o (.text.SYSCFG_DL_MG310_PWM_init)
                  000014e0    0000008c     libclang_rt.builtins.a : mulsf3.S.obj (.text.__mulsf3)
                  0000156c    00000084     ti_msp_dl_config.o (.text.__NVIC_SetPriority)
                  000015f0    00000082     libclang_rt.builtins.a : divsf3.S.obj (.text.__divsf3)
                  00001672    00000002     --HOLE-- [fill = 0]
                  00001674    0000007c     libc.a : copy_decompress_lzss.c.obj (.text:decompress:lzss)
                  000016f0    0000007a     bsp_OLED.o (.text.OLED_ShowNum)
                  0000176a    00000002     --HOLE-- [fill = 0]
                  0000176c    0000006c     ti_msp_dl_config.o (.text.SYSCFG_DL_UART_WIT_init)
                  000017d8    0000006c     app_wit_straight_test.o (.text.motor_drive_safe)
                  00001844    00000068     drv_uart.o (.text.UART1_IRQHandler)
                  000018ac    00000062     libclang_rt.builtins.a : aeabi_fcmp.S.obj (.text.__aeabi_fcmp)
                  0000190e    00000002     --HOLE-- [fill = 0]
                  00001910    00000060     drv_encoder.o (.text.encoder_handle_gpiob)
                  00001970    00000058     ti_msp_dl_config.o (.text.SYSCFG_DL_as5600_init)
                  000019c8    00000058     ti_msp_dl_config.o (.text.SYSCFG_DL_init)
                  00001a20    00000056     bsp_OLED.o (.text.OLED_Clear)
                  00001a76    00000002     --HOLE-- [fill = 0]
                  00001a78    00000056     libclang_rt.builtins.a : aeabi_idivmod.S.obj (.text.__aeabi_idivmod)
                  00001ace    00000054     bsp_OLED.o (.text.OLED_I2C_SendByte)
                  00001b22    00000002     --HOLE-- [fill = 0]
                  00001b24    00000054     app_wit_straight_test.o (.text.normalize_angle)
                  00001b78    00000054     drv_uart.o (.text.uart0_write_byte)
                  00001bcc    00000050     ti_msp_dl_config.o (.text.DL_GPIO_initPeripheralInputFunctionFeatures)
                  00001c1c    00000050     ti_msp_dl_config.o (.text.SYSCFG_DL_debug_init)
                  00001c6c    00000050     bsp_encoder.o (.text.mg310_motorSetSpeed)
                  00001cbc    0000004c     driverlib.a : dl_dma.o (.text.DL_DMA_initChannel)
                  00001d08    0000004c     ti_msp_dl_config.o (.text.DL_GPIO_initDigitalInputFeatures)
                  00001d54    0000004c     ti_msp_dl_config.o (.text.DL_UART_setBaudRateDivisor)
                  00001da0    0000004c     bsp_button.o (.text.button_init)
                  00001dec    0000004a     bsp_OLED.o (.text.OLED_ShowString)
                  00001e36    00000002     --HOLE-- [fill = 0]
                  00001e38    00000048     driverlib.a : dl_uart.o (.text.DL_UART_init)
                  00001e80    00000048     bsp_wit.o (.text.WIT_ChecksumIsValid)
                  00001ec8    00000048     drv_encoder.o (.text.encoder_count_a_rising)
                  00001f10    00000040     ti_msp_dl_config.o (.text.SYSCFG_DL_f32c_init)
                  00001f50    00000040     ti_msp_dl_config.o (.text.SYSCFG_DL_fishpath_init)
                  00001f90    00000040     libclang_rt.builtins.a : aeabi_uidivmod.S.obj (.text.__aeabi_uidivmod)
                  00001fd0    00000040     mid_delay.o (.text.delay_ms)
                  00002010    00000040     bsp_encoder.o (.text.mg310_motorInit)
                  00002050    00000040     mid_pid.o (.text.pid_init)
                  00002090    0000003c     ti_msp_dl_config.o (.text.DL_Timer_setCounterControl)
                  000020cc    0000003c     libclang_rt.builtins.a : floatsisf.S.obj (.text.__floatsisf)
                  00002108    0000003c                            : comparesf2.S.obj (.text.__gtsf2)
                  00002144    0000003c     bsp_button.o (.text.button_sample_raw)
                  00002180    0000003c     libc.a : autoinit.c.obj (.text:__TI_auto_init_nobinit_nopinit)
                  000021bc    0000003a     libclang_rt.builtins.a : comparesf2.S.obj (.text.__eqsf2)
                  000021f6    00000002     --HOLE-- [fill = 0]
                  000021f8    0000003a                            : muldsi3.S.obj (.text.__muldsi3)
                  00002232    00000002     --HOLE-- [fill = 0]
                  00002234    00000038     bsp_OLED.o (.text.OLED_W_SCL)
                  0000226c    00000038     bsp_OLED.o (.text.OLED_W_SDA)
                  000022a4    00000038     libclang_rt.builtins.a : fixsfsi.S.obj (.text.__fixsfsi)
                  000022dc    00000036     bsp_OLED.o (.text.OLED_SetCursor)
                  00002312    00000002     --HOLE-- [fill = 0]
                  00002314    00000034     ti_msp_dl_config.o (.text.SYSCFG_DL_MOTOR_MG310_init)
                  00002348    00000034     bsp_wit.o (.text.__NVIC_DisableIRQ)
                  0000237c    00000030     bsp_wit.o (.text.DL_DMA_setTransferSize)
                  000023ac    00000030     drv_encoder.o (.text.TIMA1_IRQHandler)
                  000023dc    0000002e     drv_uart.o (.text.drv_uart_send_string)
                  0000240a    00000002     --HOLE-- [fill = 0]
                  0000240c    0000002c     bsp_wit.o (.text.__NVIC_ClearPendingIRQ)
                  00002438    0000002c     bsp_wit.o (.text.__NVIC_EnableIRQ)
                  00002464    0000002c     drv_uart.o (.text.drv_uart_print_signed)
                  00002490    0000002a     bsp_OLED.o (.text.OLED_WriteCommand)
                  000024ba    0000002a     bsp_OLED.o (.text.OLED_WriteData)
                  000024e4    0000002a     ti_msp_dl_config.o (.text.SYSCFG_DL_SYSCTL_init)
                  0000250e    00000028     ti_msp_dl_config.o (.text.DL_Common_updateReg)
                  00002536    00000002     --HOLE-- [fill = 0]
                  00002538    00000028     bsp_wit.o (.text.DL_DMA_setDestAddr)
                  00002560    00000028     bsp_wit.o (.text.DL_DMA_setSrcAddr)
                  00002588    00000028     ti_msp_dl_config.o (.text.DL_I2C_setControllerRXFIFOThreshold)
                  000025b0    00000028     ti_msp_dl_config.o (.text.DL_I2C_setControllerTXFIFOThreshold)
                  000025d8    00000028     ti_msp_dl_config.o (.text.DL_SYSTICK_init)
                  00002600    00000028     ti_msp_dl_config.o (.text.DL_UART_setRXFIFOThreshold)
                  00002628    00000028     bsp_OLED.o (.text.OLED_Pow)
                  00002650    00000028     libc.a : boot_cortex_m.c.obj (.text:_c_int00_noargs)
                  00002678    00000026     bsp_wit.o (.text.DL_DMA_disableChannel)
                  0000269e    00000026     bsp_wit.o (.text.DL_DMA_enableChannel)
                  000026c4    00000026     ti_msp_dl_config.o (.text.DL_I2C_setAnalogGlitchFilterPulseWidth)
                  000026ea    00000026     driverlib.a : dl_i2c.o (.text.DL_I2C_setClockConfig)
                  00002710    00000024     ti_msp_dl_config.o (.text.DL_UART_setRXInterruptTimeout)
                  00002734    00000024     bsp_OLED.o (.text.OLED_I2C_Start)
                  00002758    00000024     bsp_button.o (.text.button_is_clicked)
                  0000277c    00000024     bsp_encoder.o (.text.mg310_motorForward)
                  000027a0    00000024     bsp_encoder.o (.text.mg310_motorReverse)
                  000027c4    00000024     bsp_encoder.o (.text.mg310_motorStop)
                  000027e8    00000020     ti_msp_dl_config.o (.text.DL_GPIO_initPeripheralInputFunction)
                  00002808    00000020     mid_delay.o (.text.tick_poll)
                  00002828    0000001e     ti_msp_dl_config.o (.text.DL_UART_setOversampling)
                  00002846    00000002     --HOLE-- [fill = 0]
                  00002848    0000001c     drv_encoder.o (.text.DL_GPIO_clearInterruptStatus)
                  00002864    0000001c     ti_msp_dl_config.o (.text.DL_GPIO_enableHiZ)
                  00002880    0000001c     ti_msp_dl_config.o (.text.DL_GPIO_initPeripheralOutputFunction)
                  0000289c    0000001c     drv_encoder.o (.text.DL_Interrupt_getPendingGroup)
                  000028b8    0000001c     ti_msp_dl_config.o (.text.DL_SYSCTL_setMCLKDivider)
                  000028d4    0000001c     ti_msp_dl_config.o (.text.DL_SYSCTL_setSYSOSCFreq)
                  000028f0    0000001c     ti_msp_dl_config.o (.text.DL_SYSCTL_setULPCLKDivider)
                  0000290c    0000001c     ti_msp_dl_config.o (.text.DL_Timer_enableInterrupt)
                  00002928    0000001c     driverlib.a : dl_timer.o (.text.DL_Timer_setCaptCompUpdateMethod)
                  00002944    0000001c                 : dl_timer.o (.text.DL_Timer_setClockConfig)
                  00002960    0000001c     bsp_wit.o (.text.DL_UART_disableInterrupt)
                  0000297c    0000001c     bsp_wit.o (.text.DL_UART_enableInterrupt)
                  00002998    0000001c     ti_msp_dl_config.o (.text.DL_UART_enableInterrupt)
                  000029b4    0000001c     driverlib.a : dl_uart.o (.text.DL_UART_receiveDataCheck)
                  000029d0    0000001c                 : dl_uart.o (.text.DL_UART_transmitDataCheck)
                  000029ec    0000001c     bsp_OLED.o (.text.OLED_I2C_Stop)
                  00002a08    00000018     ti_msp_dl_config.o (.text.DL_GPIO_enableOutput)
                  00002a20    00000018     ti_msp_dl_config.o (.text.DL_GPIO_enablePower)
                  00002a38    00000018     drv_encoder.o (.text.DL_GPIO_getEnabledInterruptStatus)
                  00002a50    00000018     ti_msp_dl_config.o (.text.DL_GPIO_initDigitalOutput)
                  00002a68    00000018     ti_msp_dl_config.o (.text.DL_GPIO_reset)
                  00002a80    00000018     bsp_OLED.o (.text.DL_GPIO_setPins)
                  00002a98    00000018     bsp_encoder.o (.text.DL_GPIO_setPins)
                  00002ab0    00000018     bsp_led.o (.text.DL_GPIO_setPins)
                  00002ac8    00000018     ti_msp_dl_config.o (.text.DL_GPIO_setPins)
                  00002ae0    00000018     bsp_led.o (.text.DL_GPIO_togglePins)
                  00002af8    00000018     ti_msp_dl_config.o (.text.DL_I2C_enableAnalogGlitchFilter)
                  00002b10    00000018     ti_msp_dl_config.o (.text.DL_I2C_enableController)
                  00002b28    00000018     ti_msp_dl_config.o (.text.DL_I2C_enableControllerClockStretching)
                  00002b40    00000018     ti_msp_dl_config.o (.text.DL_I2C_enablePower)
                  00002b58    00000018     ti_msp_dl_config.o (.text.DL_I2C_reset)
                  00002b70    00000018     ti_msp_dl_config.o (.text.DL_I2C_setTimerPeriod)
                  00002b88    00000018     ti_msp_dl_config.o (.text.DL_SYSCTL_setBORThreshold)
                  00002ba0    00000018     ti_msp_dl_config.o (.text.DL_Timer_enablePower)
                  00002bb8    00000018     ti_msp_dl_config.o (.text.DL_Timer_reset)
                  00002bd0    00000018     driverlib.a : dl_timer.o (.text.DL_Timer_setCaptureCompareOutCtl)
                  00002be8    00000018     bsp_encoder.o (.text.DL_Timer_startCounter)
                  00002c00    00000018     bsp_wit.o (.text.DL_UART_enableDMAReceiveEvent)
                  00002c18    00000018     ti_msp_dl_config.o (.text.DL_UART_enableDMAReceiveEvent)
                  00002c30    00000018     ti_msp_dl_config.o (.text.DL_UART_enableFIFOs)
                  00002c48    00000018     ti_msp_dl_config.o (.text.DL_UART_enablePower)
                  00002c60    00000018     bsp_wit.o (.text.DL_UART_isRXFIFOEmpty)
                  00002c78    00000018     ti_msp_dl_config.o (.text.DL_UART_reset)
                  00002c90    00000018     drv_encoder.o (.text.GROUP1_IRQHandler)
                  00002ca8    00000018     ti_msp_dl_config.o (.text.SYSCFG_DL_DMA_WIT_init)
                  00002cc0    00000016     bsp_button.o (.text.DL_GPIO_readPins)
                  00002cd6    00000016     drv_encoder.o (.text.DL_GPIO_readPins)
                  00002cec    00000016     bsp_wit.o (.text.DL_UART_disable)
                  00002d02    00000016     bsp_wit.o (.text.DL_UART_enable)
                  00002d18    00000016     drv_uart.o (.text.DL_UART_enable)
                  00002d2e    00000016     ti_msp_dl_config.o (.text.DL_UART_enable)
                  00002d44    00000016     empty.o (.text.main)
                  00002d5a    00000014     bsp_OLED.o (.text.DL_GPIO_clearPins)
                  00002d6e    00000014     bsp_encoder.o (.text.DL_GPIO_clearPins)
                  00002d82    00000014     bsp_led.o (.text.DL_GPIO_clearPins)
                  00002d96    00000014     ti_msp_dl_config.o (.text.DL_GPIO_clearPins)
                  00002daa    00000002     --HOLE-- [fill = 0]
                  00002dac    00000014     ti_msp_dl_config.o (.text.DL_I2C_resetControllerTransfer)
                  00002dc0    00000014     ti_msp_dl_config.o (.text.DL_SYSCTL_disableSYSPLL)
                  00002dd4    00000014     ti_msp_dl_config.o (.text.DL_Timer_enableClock)
                  00002de8    00000014     ti_msp_dl_config.o (.text.DL_Timer_setCCPDirection)
                  00002dfc    00000014     bsp_wit.o (.text.DL_UART_receiveData)
                  00002e10    00000014     drv_uart.o (.text.DL_UART_receiveData)
                  00002e24    00000014     bsp_wit.o (.text.WIT_ReadS16)
                  00002e38    00000014     bsp_led.o (.text.use_led_OFF)
                  00002e4c    00000014     bsp_led.o (.text.use_led_ON)
                  00002e60    00000014     bsp_led.o (.text.use_led_TOGGLE)
                  00002e74    00000012     drv_encoder.o (.text.DL_Timer_getPendingInterrupt)
                  00002e86    00000012     bsp_wit.o (.text.DL_UART_getPendingInterrupt)
                  00002e98    00000012     drv_uart.o (.text.DL_UART_getPendingInterrupt)
                  00002eaa    00000012     driverlib.a : dl_uart.o (.text.DL_UART_setClockConfig)
                  00002ebc    00000012     mid_delay.o (.text.delay_us)
                  00002ece    00000012     libc.a : memcpy16.S.obj (.text:TI_memcpy_small)
                  00002ee0    00000012            : copy_decompress_none.c.obj (.text:decompress:none)
                  00002ef2    00000002     --HOLE-- [fill = 0]
                  00002ef4    00000010     ti_msp_dl_config.o (.text.DL_SYSCTL_disableHFXT)
                  00002f04    00000010     mid_delay.o (.text.DL_SYSTICK_enable)
                  00002f14    00000010     driverlib.a : dl_timer.o (.text.DL_Timer_setCaptureCompareValue)
                  00002f24    00000010     drv_uart.o (.text.drv_uart0_init)
                  00002f34    00000010     mid_delay.o (.text.get_system_ms)
                  00002f44    00000010     bsp_encoder.o (.text.mg310_motorInitAll)
                  00002f54    00000010     bsp_encoder.o (.text.mg310_motorStopAll)
                  00002f64    00000010     libc.a : copy_zero_init.c.obj (.text:decompress:ZI)
                  00002f74    0000000e            : memset16.S.obj (.text:TI_memset_small)
                  00002f82    0000000c     ti_msp_dl_config.o (.text.SYSCFG_DL_SYSTICK_init)
                  00002f8e    00000002     --HOLE-- [fill = 0]
                  00002f90    0000000c     libclang_rt.builtins.a : aeabi_memset.S.obj (.text.__aeabi_memclr)
                  00002f9c    0000000a     driverlib.a : dl_common.o (.text.DL_Common_delayCycles)
                  00002fa6    00000008     ti_msp_dl_config.o (.text.SYSCFG_DL_DMA_init)
                  00002fae    00000002     --HOLE-- [fill = 0]
                  00002fb0    00000008     libclang_rt.builtins.a : aeabi_memcpy.S.obj (.text.__aeabi_memcpy)
                  00002fb8    00000006     libc.a : exit.c.obj (.text:abort)
                  00002fbe    00000004     startup_mspm0g350x_ticlang.o (.text.Default_Handler)
                  00002fc2    00000004     libsysbm.a : hostexit.c.obj (.text.HOSTexit)
                  00002fc6    00000004     startup_mspm0g350x_ticlang.o (.text.Reset_Handler)
                  00002fca    00000002     --HOLE-- [fill = 0]
                  00002fcc    00000010     libc.a : boot_cortex_m.c.obj (.tramp._c_int00_noargs.1)
                  00002fdc    00000004            : pre_init.c.obj (.text._system_pre_init)

.cinit     0    00003900    00000030     
                  00003900    0000000c     (__TI_handler_table)
                  0000390c    00000008     (.cinit..bss.load) [load image, compression = zero_init]
                  00003914    00000007     (.cinit..data.load) [load image, compression = lzss]
                  0000391b    00000001     --HOLE-- [fill = 0]
                  0000391c    00000010     (__TI_cinit_table)
                  0000392c    00000004     --HOLE-- [fill = 0]

.rodata    0    00002fe0    00000920     
                  00002fe0    000005f0     bsp_OLED.o (.rodata.OLED_F8x16)
                  000035d0    0000002d     app_wit_straight_test.o (.rodata.str1.1021262830209365703.1)
                  000035fd    0000002b     app_wit_straight_test.o (.rodata.str1.14447030038343734591.1)
                  00003628    00000029     app_wit_straight_test.o (.rodata.str1.10197211885688992931.1)
                  00003651    00000029     app_wit_straight_test.o (.rodata.str1.12174022050099009962.1)
                  0000367a    00000002     ti_msp_dl_config.o (.rodata.gUART_WITClockConfig)
                  0000367c    00000028     bsp_encoder.o (.rodata.gMotorCfg)
                  000036a4    00000020     app_wit_straight_test.o (.rodata.str1.15870062474644706402.1)
                  000036c4    00000020     app_wit_straight_test.o (.rodata.str1.8576196161963884610.1)
                  000036e4    0000001f     app_wit_straight_test.o (.rodata.str1.2622378428823496300.1)
                  00003703    0000001f     app_wit_straight_test.o (.rodata.str1.7420656218567778026.1)
                  00003722    0000001e     app_wit_straight_test.o (.rodata.str1.11392713648088643040.1)
                  00003740    0000001e     app_wit_straight_test.o (.rodata.str1.7127502335769898014.1)
                  0000375e    0000001d     app_wit_straight_test.o (.rodata.str1.16578395066011646846.1)
                  0000377b    0000001c     app_wit_straight_test.o (.rodata.str1.3602815925305810410.1)
                  00003797    0000001b     app_wit_straight_test.o (.rodata.str1.10988688103173161426.1)
                  000037b2    00000002     ti_msp_dl_config.o (.rodata.gas5600ClockConfig)
                  000037b4    00000018     ti_msp_dl_config.o (.rodata.gDMA_WITConfig)
                  000037cc    00000018     app_wit_straight_test.o (.rodata.str1.17131719093195846773.1)
                  000037e4    00000014     ti_msp_dl_config.o (.rodata.gMOTOR_MG310TimerConfig)
                  000037f8    00000014     app_wit_straight_test.o (.rodata.str1.2154135186584633997.1)
                  0000380c    00000012     app_wit_straight_test.o (.rodata.str1.15610348590662377847.1)
                  0000381e    0000000f     app_wit_straight_test.o (.rodata.str1.14560405704213519296.1)
                  0000382d    0000000f     app_wit_straight_test.o (.rodata.str1.3147774474717809803.1)
                  0000383c    0000000f     app_wit_straight_test.o (.rodata.str1.7995526532190392278.1)
                  0000384b    0000000f     app_wit_straight_test.o (.rodata.str1.9032488817249184357.1)
                  0000385a    0000000d     app_wit_straight_test.o (.rodata.str1.13345106056031768481.1)
                  00003867    0000000d     app_wit_straight_test.o (.rodata.str1.4526068248342739931.1)
                  00003874    0000000b     app_wit_straight_test.o (.rodata.str1.13784392354417415263.1)
                  0000387f    00000001     --HOLE-- [fill = 0]
                  00003880    0000000a     ti_msp_dl_config.o (.rodata.gUART_WITConfig)
                  0000388a    0000000a     ti_msp_dl_config.o (.rodata.gdebugConfig)
                  00003894    0000000a     ti_msp_dl_config.o (.rodata.gf32cConfig)
                  0000389e    0000000a     ti_msp_dl_config.o (.rodata.gfishpathConfig)
                  000038a8    0000000a     app_wit_straight_test.o (.rodata.str1.13047735657626778433.1)
                  000038b2    00000009     app_wit_straight_test.o (.rodata.str1.4063754926470436404.1)
                  000038bb    00000001     --HOLE-- [fill = 0]
                  000038bc    00000008     ti_msp_dl_config.o (.rodata.gBLDCConfig)
                  000038c4    00000008     ti_msp_dl_config.o (.rodata.gMG310_PWMConfig)
                  000038cc    00000007     app_wit_straight_test.o (.rodata.str1.15834231965124410444.1)
                  000038d3    00000005     app_wit_straight_test.o (.rodata.str1.4101501684330944658.1)
                  000038d8    00000005     app_wit_straight_test.o (.rodata.str1.5199429009857527668.1)
                  000038dd    00000004     app_wit_straight_test.o (.rodata.str1.11164408324653372031.1)
                  000038e1    00000004     app_wit_straight_test.o (.rodata.str1.12507643777376590655.1)
                  000038e5    00000004     app_wit_straight_test.o (.rodata.str1.17067257101658521256.1)
                  000038e9    00000003     ti_msp_dl_config.o (.rodata.gBLDCClockConfig)
                  000038ec    00000003     ti_msp_dl_config.o (.rodata.gMG310_PWMClockConfig)
                  000038ef    00000003     ti_msp_dl_config.o (.rodata.gMOTOR_MG310ClockConfig)
                  000038f2    00000002     ti_msp_dl_config.o (.rodata.gdebugClockConfig)
                  000038f4    00000002     ti_msp_dl_config.o (.rodata.gf32cClockConfig)
                  000038f6    00000002     ti_msp_dl_config.o (.rodata.gfishpathClockConfig)
                  000038f8    00000002     drv_uart.o (.rodata.str1.12400643115201681846.1)
                  000038fa    00000006     --HOLE-- [fill = 0]

.init_array 
*          0    00000000    00000000     UNINITIALIZED

.binit     0    00000000    00000000     

.bss       0    20200000    00000690     UNINITIALIZED
                  20200000    00000400     drv_uart.o (.bss.uart1_rx_buf)
                  20200400    000000bc     (.common:gBLDCBackup)
                  202004bc    000000bc     (.common:gMOTOR_MG310Backup)
                  20200578    00000084     bsp_wit.o (.bss.wit_dma_buffer)
                  202005fc    00000030     (.common:gf32cBackup)
                  2020062c    00000020     (.common:wit_data)
                  2020064c    00000014     app_wit_straight_test.o (.bss.g_btn_key1)
                  20200660    0000000b     bsp_wit.o (.bss.wit_frame)
                  2020066b    0000000b     bsp_wit.o (.bss.wit_last_frame)
                  20200676    00000001     bsp_wit.o (.bss.wit_dma_active_buffer)
                  20200677    00000001     bsp_wit.o (.bss.wit_frame_pos)
                  20200678    00000004     bsp_wit.o (.bss.wit_accel_frame_count)
                  2020067c    00000004     bsp_wit.o (.bss.wit_angle_frame_count)
                  20200680    00000004     bsp_wit.o (.bss.wit_checksum_error_count)
                  20200684    00000004     bsp_wit.o (.bss.wit_gyro_frame_count)
                  20200688    00000004     bsp_wit.o (.bss.wit_received_byte_count)
                  2020068c    00000004     bsp_wit.o (.bss.wit_valid_frame_count)

.data      0    20200690    00000010     UNINITIALIZED
                  20200690    00000008     drv_encoder.o (.data.g_encoder)
                  20200698    00000004     mid_delay.o (.data.g_system_ms)
                  2020069c    00000002     drv_uart.o (.data.uart1_rx_head)
                  2020069e    00000002     drv_uart.o (.data.uart1_rx_tail)

.stack     0    20207e00    00000200     UNINITIALIZED
                  20207e00    00000004     libc.a : boot_cortex_m.c.obj (.stack)
                  20207e04    000001fc     --HOLE--

__llvm_prf_cnts 
*          0    20200000    00000000     UNINITIALIZED

__llvm_prf_bits 
*          0    20200000    00000000     UNINITIALIZED

MODULE SUMMARY

       Module                         code    ro data   rw data
       ------                         ----    -------   -------
    .\
       ti_msp_dl_config.o             3072    119       424    
       startup_mspm0g350x_ticlang.o   8       192       0      
       empty.o                        22      0         0      
    +--+------------------------------+-------+---------+---------+
       Total:                         3102    311       424    
                                                               
    .\MSPM0G3507\Application\
       app_wit_straight_test.o        1264    647       20     
    +--+------------------------------+-------+---------+---------+
       Total:                         1264    647       20     
                                                               
    .\MSPM0G3507\BSP\
       bsp_OLED.o                     1152    1520      0      
       bsp_wit.o                      1634    0         212    
       bsp_encoder.o                  512     40        0      
       bsp_button.o                   388     0         0      
       bsp_led.o                      128     0         0      
    +--+------------------------------+-------+---------+---------+
       Total:                         3814    1560      212    
                                                               
    .\MSPM0G3507\Driver\
       drv_uart.o                     506     2         1028   
       drv_encoder.o                  624     0         8      
    +--+------------------------------+-------+---------+---------+
       Total:                         1130    2         1036   
                                                               
    .\MSPM0G3507\Middleware\
       mid_pid.o                      328     0         0      
       mid_delay.o                    146     0         4      
    +--+------------------------------+-------+---------+---------+
       Total:                         474     0         4      
                                                               
    C:/TI/mspm0_sdk_2_10_00_04/source/ti/driverlib/lib/ticlang/m0p/mspm0g1x0x_g3x0x/driverlib.a
       dl_timer.o                     608     0         0      
       dl_uart.o                      146     0         0      
       dl_dma.o                       76      0         0      
       dl_i2c.o                       38      0         0      
       dl_common.o                    10      0         0      
    +--+------------------------------+-------+---------+---------+
       Total:                         878     0         0      
                                                               
    D:\TI2.0\CCS\ccs\tools\compiler\ti-cgt-armllvm_4.0.4.LTS\lib\armv6m-ti-none-eabi/c/libc.a
       copy_decompress_lzss.c.obj     124     0         0      
       autoinit.c.obj                 60      0         0      
       boot_cortex_m.c.obj            56      0         0      
       copy_decompress_none.c.obj     18      0         0      
       memcpy16.S.obj                 18      0         0      
       copy_zero_init.c.obj           16      0         0      
       memset16.S.obj                 14      0         0      
       exit.c.obj                     6       0         0      
       pre_init.c.obj                 4       0         0      
    +--+------------------------------+-------+---------+---------+
       Total:                         316     0         0      
                                                               
    D:\TI2.0\CCS\ccs\tools\compiler\ti-cgt-armllvm_4.0.4.LTS\lib\armv6m-ti-none-eabi/c/libsysbm.a
       hostexit.c.obj                 4       0         0      
    +--+------------------------------+-------+---------+---------+
       Total:                         4       0         0      
                                                               
    D:\TI2.0\CCS\ccs\tools\compiler\ti-cgt-armllvm_4.0.4.LTS\lib\armv6m-ti-none-eabi/libclang_rt.builtins.a
       addsf3.S.obj                   216     0         0      
       mulsf3.S.obj                   140     0         0      
       divsf3.S.obj                   130     0         0      
       comparesf2.S.obj               118     0         0      
       aeabi_fcmp.S.obj               98      0         0      
       aeabi_idivmod.S.obj            86      0         0      
       aeabi_uidivmod.S.obj           64      0         0      
       floatsisf.S.obj                60      0         0      
       muldsi3.S.obj                  58      0         0      
       fixsfsi.S.obj                  56      0         0      
       aeabi_memset.S.obj             12      0         0      
       aeabi_memcpy.S.obj             8       0         0      
       aeabi_div0.c.obj               2       0         0      
    +--+------------------------------+-------+---------+---------+
       Total:                         1048    0         0      
                                                               
       Stack:                         0       0         512    
       Linker Generated:              0       43        0      
    +--+------------------------------+-------+---------+---------+
       Grand Total:                   12030   2563      2208   


LINKER GENERATED COPY TABLES

__TI_cinit_table @ 0000391c records: 2, size/record: 8, table size: 16
	.bss: load addr=0000390c, load size=00000008 bytes, run addr=20200000, run size=00000690 bytes, compression=zero_init
	.data: load addr=00003914, load size=00000007 bytes, run addr=20200690, run size=00000010 bytes, compression=lzss


LINKER GENERATED HANDLER TABLE

__TI_handler_table @ 00003900 records: 3, size/record: 4, table size: 12
	index: 0, handler: __TI_decompress_lzss
	index: 1, handler: __TI_decompress_none
	index: 2, handler: __TI_zero_init


FAR CALL TRAMPOLINES

callee name               trampoline name
   callee addr  tramp addr   call addr  call info
--------------  -----------  ---------  ----------------
_c_int00_noargs           $Tramp$TT$L$PI$$_c_int00_noargs
   00002651     00002fcc     00002fc6   startup_mspm0g350x_ticlang.o (.text.Reset_Handler)

[1 trampolines]
[1 trampoline calls]


GLOBAL SYMBOLS: SORTED ALPHABETICALLY BY Name 

address   name                            
-------   ----                            
00002fbf  ADC0_IRQHandler                 
00002fbf  ADC1_IRQHandler                 
00002fbf  AES_IRQHandler                  
00002fc2  C$$EXIT                         
00002fbf  CANFD0_IRQHandler               
00002fbf  DAC0_IRQHandler                 
00002f9d  DL_Common_delayCycles           
00001cbd  DL_DMA_initChannel              
000026eb  DL_I2C_setClockConfig           
00000abd  DL_Timer_initFourCCPWMMode      
00000cc5  DL_Timer_initTimerMode          
00002929  DL_Timer_setCaptCompUpdateMethod
00002bd1  DL_Timer_setCaptureCompareOutCtl
00002f15  DL_Timer_setCaptureCompareValue 
00002945  DL_Timer_setClockConfig         
00001e39  DL_UART_init                    
000029b5  DL_UART_receiveDataCheck        
00002eab  DL_UART_setClockConfig          
000029d1  DL_UART_transmitDataCheck       
00002fbf  DMA_IRQHandler                  
00002fbf  Default_Handler                 
00002fbf  GROUP0_IRQHandler               
00002c91  GROUP1_IRQHandler               
00002fc3  HOSTexit                        
00002fbf  HardFault_Handler               
00002fbf  I2C0_IRQHandler                 
00002fbf  I2C1_IRQHandler                 
00002fbf  NMI_Handler                     
00001a21  OLED_Clear                      
00002fe0  OLED_F8x16                      
00000f67  OLED_I2C_Init                   
00001acf  OLED_I2C_SendByte               
00002735  OLED_I2C_Start                  
000029ed  OLED_I2C_Stop                   
00000e99  OLED_Init                       
00002629  OLED_Pow                        
000022dd  OLED_SetCursor                  
00001269  OLED_ShowChar                   
000016f1  OLED_ShowNum                    
00001ded  OLED_ShowString                 
00002235  OLED_W_SCL                      
0000226d  OLED_W_SDA                      
00002491  OLED_WriteCommand               
000024bb  OLED_WriteData                  
00002fbf  PendSV_Handler                  
00002fbf  RTC_IRQHandler                  
00002fc7  Reset_Handler                   
00002fbf  SPI0_IRQHandler                 
00002fbf  SPI1_IRQHandler                 
00002fbf  SVC_Handler                     
000011b1  SYSCFG_DL_BLDC_init             
00002ca9  SYSCFG_DL_DMA_WIT_init          
00002fa7  SYSCFG_DL_DMA_init              
000004f1  SYSCFG_DL_GPIO_init             
00001455  SYSCFG_DL_MG310_PWM_init        
00002315  SYSCFG_DL_MOTOR_MG310_init      
000024e5  SYSCFG_DL_SYSCTL_init           
00002f83  SYSCFG_DL_SYSTICK_init          
0000176d  SYSCFG_DL_UART_WIT_init         
00001971  SYSCFG_DL_as5600_init           
00001c1d  SYSCFG_DL_debug_init            
00001f11  SYSCFG_DL_f32c_init             
00001f51  SYSCFG_DL_fishpath_init         
000019c9  SYSCFG_DL_init                  
00000f69  SYSCFG_DL_initPower             
00002fbf  SysTick_Handler                 
00002fbf  TIMA0_IRQHandler                
000023ad  TIMA1_IRQHandler                
00002fbf  TIMG0_IRQHandler                
00002fbf  TIMG12_IRQHandler               
00002fbf  TIMG6_IRQHandler                
00002fbf  TIMG7_IRQHandler                
00002fbf  TIMG8_IRQHandler                
00002ecf  TI_memcpy_small                 
00002f75  TI_memset_small                 
00002fbf  UART0_IRQHandler                
00001845  UART1_IRQHandler                
000010f1  UART2_IRQHandler                
00002fbf  UART3_IRQHandler                
000007a5  WIT_Init                        
20208000  __STACK_END                     
00000200  __STACK_SIZE                    
00000000  __TI_ATRegion0_region_sz        
00000000  __TI_ATRegion0_src_addr         
00000000  __TI_ATRegion0_trg_addr         
00000000  __TI_ATRegion1_region_sz        
00000000  __TI_ATRegion1_src_addr         
00000000  __TI_ATRegion1_trg_addr         
00000000  __TI_ATRegion2_region_sz        
00000000  __TI_ATRegion2_src_addr         
00000000  __TI_ATRegion2_trg_addr         
0000391c  __TI_CINIT_Base                 
0000392c  __TI_CINIT_Limit                
0000392c  __TI_CINIT_Warm                 
00003900  __TI_Handler_Table_Base         
0000390c  __TI_Handler_Table_Limit        
00002181  __TI_auto_init_nobinit_nopinit  
00001675  __TI_decompress_lzss            
00002ee1  __TI_decompress_none            
ffffffff  __TI_pprof_out_hndl             
ffffffff  __TI_prof_data_size             
ffffffff  __TI_prof_data_start            
00000000  __TI_static_base__              
00002f65  __TI_zero_init                  
00000dcb  __addsf3                        
000022a5  __aeabi_f2iz                    
00000dcb  __aeabi_fadd                    
000018ad  __aeabi_fcmpeq                  
000018e9  __aeabi_fcmpge                  
000018fd  __aeabi_fcmpgt                  
000018d5  __aeabi_fcmple                  
000018c1  __aeabi_fcmplt                  
000015f1  __aeabi_fdiv                    
000014e1  __aeabi_fmul                    
00000dc1  __aeabi_fsub                    
000020cd  __aeabi_i2f                     
00001a79  __aeabi_idiv                    
000010ef  __aeabi_idiv0                   
00001a79  __aeabi_idivmod                 
00002f91  __aeabi_memclr                  
00002f91  __aeabi_memclr4                 
00002f91  __aeabi_memclr8                 
00002fb1  __aeabi_memcpy                  
00002fb1  __aeabi_memcpy4                 
00002fb1  __aeabi_memcpy8                 
00001f91  __aeabi_uidiv                   
00001f91  __aeabi_uidivmod                
ffffffff  __binit__                       
000021bd  __cmpsf2                        
000015f1  __divsf3                        
000021bd  __eqsf2                         
000022a5  __fixsfsi                       
000020cd  __floatsisf                     
00002109  __gesf2                         
00002109  __gtsf2                         
000021bd  __lesf2                         
000021bd  __ltsf2                         
UNDEFED   __mpu_init                      
000021f9  __muldsi3                       
000014e1  __mulsf3                        
000021bd  __nesf2                         
20207e00  __stack                         
20200000  __start___llvm_prf_bits         
20200000  __start___llvm_prf_cnts         
20200000  __stop___llvm_prf_bits          
20200000  __stop___llvm_prf_cnts          
00000dc1  __subsf3                        
00002651  _c_int00_noargs                 
UNDEFED   _system_post_cinit              
00002fdd  _system_pre_init                
00002fb9  abort                           
000000c1  app_wit_straight_test           
ffffffff  binit                           
00001da1  button_init                     
00002759  button_is_clicked               
0000102d  button_update                   
00001fd1  delay_ms                        
00002ebd  delay_us                        
00002f25  drv_uart0_init                  
000013bd  drv_uart_print_num              
00002465  drv_uart_print_signed           
000023dd  drv_uart_send_string            
20200400  gBLDCBackup                     
202004bc  gMOTOR_MG310Backup              
00002f35  get_system_ms                   
202005fc  gf32cBackup                     
00000000  interruptVectors                
00002d45  main                            
0000277d  mg310_motorForward              
00002011  mg310_motorInit                 
00002f45  mg310_motorInitAll              
000027a1  mg310_motorReverse              
00001c6d  mg310_motorSetSpeed             
000027c5  mg310_motorStop                 
00002f55  mg310_motorStopAll              
00002051  pid_init                        
000009b5  pid_update                      
00002e39  use_led_OFF                     
00002e4d  use_led_ON                      
00002e61  use_led_TOGGLE                  
2020062c  wit_data                        


GLOBAL SYMBOLS: SORTED BY Symbol Address 

address   name                            
-------   ----                            
00000000  __TI_ATRegion0_region_sz        
00000000  __TI_ATRegion0_src_addr         
00000000  __TI_ATRegion0_trg_addr         
00000000  __TI_ATRegion1_region_sz        
00000000  __TI_ATRegion1_src_addr         
00000000  __TI_ATRegion1_trg_addr         
00000000  __TI_ATRegion2_region_sz        
00000000  __TI_ATRegion2_src_addr         
00000000  __TI_ATRegion2_trg_addr         
00000000  __TI_static_base__              
00000000  interruptVectors                
000000c1  app_wit_straight_test           
00000200  __STACK_SIZE                    
000004f1  SYSCFG_DL_GPIO_init             
000007a5  WIT_Init                        
000009b5  pid_update                      
00000abd  DL_Timer_initFourCCPWMMode      
00000cc5  DL_Timer_initTimerMode          
00000dc1  __aeabi_fsub                    
00000dc1  __subsf3                        
00000dcb  __addsf3                        
00000dcb  __aeabi_fadd                    
00000e99  OLED_Init                       
00000f67  OLED_I2C_Init                   
00000f69  SYSCFG_DL_initPower             
0000102d  button_update                   
000010ef  __aeabi_idiv0                   
000010f1  UART2_IRQHandler                
000011b1  SYSCFG_DL_BLDC_init             
00001269  OLED_ShowChar                   
000013bd  drv_uart_print_num              
00001455  SYSCFG_DL_MG310_PWM_init        
000014e1  __aeabi_fmul                    
000014e1  __mulsf3                        
000015f1  __aeabi_fdiv                    
000015f1  __divsf3                        
00001675  __TI_decompress_lzss            
000016f1  OLED_ShowNum                    
0000176d  SYSCFG_DL_UART_WIT_init         
00001845  UART1_IRQHandler                
000018ad  __aeabi_fcmpeq                  
000018c1  __aeabi_fcmplt                  
000018d5  __aeabi_fcmple                  
000018e9  __aeabi_fcmpge                  
000018fd  __aeabi_fcmpgt                  
00001971  SYSCFG_DL_as5600_init           
000019c9  SYSCFG_DL_init                  
00001a21  OLED_Clear                      
00001a79  __aeabi_idiv                    
00001a79  __aeabi_idivmod                 
00001acf  OLED_I2C_SendByte               
00001c1d  SYSCFG_DL_debug_init            
00001c6d  mg310_motorSetSpeed             
00001cbd  DL_DMA_initChannel              
00001da1  button_init                     
00001ded  OLED_ShowString                 
00001e39  DL_UART_init                    
00001f11  SYSCFG_DL_f32c_init             
00001f51  SYSCFG_DL_fishpath_init         
00001f91  __aeabi_uidiv                   
00001f91  __aeabi_uidivmod                
00001fd1  delay_ms                        
00002011  mg310_motorInit                 
00002051  pid_init                        
000020cd  __aeabi_i2f                     
000020cd  __floatsisf                     
00002109  __gesf2                         
00002109  __gtsf2                         
00002181  __TI_auto_init_nobinit_nopinit  
000021bd  __cmpsf2                        
000021bd  __eqsf2                         
000021bd  __lesf2                         
000021bd  __ltsf2                         
000021bd  __nesf2                         
000021f9  __muldsi3                       
00002235  OLED_W_SCL                      
0000226d  OLED_W_SDA                      
000022a5  __aeabi_f2iz                    
000022a5  __fixsfsi                       
000022dd  OLED_SetCursor                  
00002315  SYSCFG_DL_MOTOR_MG310_init      
000023ad  TIMA1_IRQHandler                
000023dd  drv_uart_send_string            
00002465  drv_uart_print_signed           
00002491  OLED_WriteCommand               
000024bb  OLED_WriteData                  
000024e5  SYSCFG_DL_SYSCTL_init           
00002629  OLED_Pow                        
00002651  _c_int00_noargs                 
000026eb  DL_I2C_setClockConfig           
00002735  OLED_I2C_Start                  
00002759  button_is_clicked               
0000277d  mg310_motorForward              
000027a1  mg310_motorReverse              
000027c5  mg310_motorStop                 
00002929  DL_Timer_setCaptCompUpdateMethod
00002945  DL_Timer_setClockConfig         
000029b5  DL_UART_receiveDataCheck        
000029d1  DL_UART_transmitDataCheck       
000029ed  OLED_I2C_Stop                   
00002bd1  DL_Timer_setCaptureCompareOutCtl
00002c91  GROUP1_IRQHandler               
00002ca9  SYSCFG_DL_DMA_WIT_init          
00002d45  main                            
00002e39  use_led_OFF                     
00002e4d  use_led_ON                      
00002e61  use_led_TOGGLE                  
00002eab  DL_UART_setClockConfig          
00002ebd  delay_us                        
00002ecf  TI_memcpy_small                 
00002ee1  __TI_decompress_none            
00002f15  DL_Timer_setCaptureCompareValue 
00002f25  drv_uart0_init                  
00002f35  get_system_ms                   
00002f45  mg310_motorInitAll              
00002f55  mg310_motorStopAll              
00002f65  __TI_zero_init                  
00002f75  TI_memset_small                 
00002f83  SYSCFG_DL_SYSTICK_init          
00002f91  __aeabi_memclr                  
00002f91  __aeabi_memclr4                 
00002f91  __aeabi_memclr8                 
00002f9d  DL_Common_delayCycles           
00002fa7  SYSCFG_DL_DMA_init              
00002fb1  __aeabi_memcpy                  
00002fb1  __aeabi_memcpy4                 
00002fb1  __aeabi_memcpy8                 
00002fb9  abort                           
00002fbf  ADC0_IRQHandler                 
00002fbf  ADC1_IRQHandler                 
00002fbf  AES_IRQHandler                  
00002fbf  CANFD0_IRQHandler               
00002fbf  DAC0_IRQHandler                 
00002fbf  DMA_IRQHandler                  
00002fbf  Default_Handler                 
00002fbf  GROUP0_IRQHandler               
00002fbf  HardFault_Handler               
00002fbf  I2C0_IRQHandler                 
00002fbf  I2C1_IRQHandler                 
00002fbf  NMI_Handler                     
00002fbf  PendSV_Handler                  
00002fbf  RTC_IRQHandler                  
00002fbf  SPI0_IRQHandler                 
00002fbf  SPI1_IRQHandler                 
00002fbf  SVC_Handler                     
00002fbf  SysTick_Handler                 
00002fbf  TIMA0_IRQHandler                
00002fbf  TIMG0_IRQHandler                
00002fbf  TIMG12_IRQHandler               
00002fbf  TIMG6_IRQHandler                
00002fbf  TIMG7_IRQHandler                
00002fbf  TIMG8_IRQHandler                
00002fbf  UART0_IRQHandler                
00002fbf  UART3_IRQHandler                
00002fc2  C$$EXIT                         
00002fc3  HOSTexit                        
00002fc7  Reset_Handler                   
00002fdd  _system_pre_init                
00002fe0  OLED_F8x16                      
00003900  __TI_Handler_Table_Base         
0000390c  __TI_Handler_Table_Limit        
0000391c  __TI_CINIT_Base                 
0000392c  __TI_CINIT_Limit                
0000392c  __TI_CINIT_Warm                 
20200000  __start___llvm_prf_bits         
20200000  __start___llvm_prf_cnts         
20200000  __stop___llvm_prf_bits          
20200000  __stop___llvm_prf_cnts          
20200400  gBLDCBackup                     
202004bc  gMOTOR_MG310Backup              
202005fc  gf32cBackup                     
2020062c  wit_data                        
20207e00  __stack                         
20208000  __STACK_END                     
ffffffff  __TI_pprof_out_hndl             
ffffffff  __TI_prof_data_size             
ffffffff  __TI_prof_data_start            
ffffffff  __binit__                       
ffffffff  binit                           
UNDEFED   __mpu_init                      
UNDEFED   _system_post_cinit              

[181 symbols]
