******************************************************************************
            TI ARM Clang Linker PC v4.0.4                      
******************************************************************************
>> Linked Sat Jul 25 00:20:07 2026

OUTPUT FILE NAME:   <first.out>
ENTRY POINT SYMBOL: "_c_int00_noargs"  address: 0000244d


MEMORY CONFIGURATION

         name            origin    length      used     unused   attr    fill
----------------------  --------  ---------  --------  --------  ----  --------
  FLASH                 00000000   00020000  00003540  0001cac0  R  X
  SRAM                  20200000   00008000  0000088c  00007774  RW X
  BCR_CONFIG            41c00000   000000ff  00000000  000000ff  R   
  BSL_CONFIG            41c00100   00000080  00000000  00000080  R   


SEGMENT ALLOCATION MAP

run origin  load origin   length   init length attrs members
----------  ----------- ---------- ----------- ----- -------
00000000    00000000    00003540   00003540    r-x
  00000000    00000000    000000c0   000000c0    r-- .intvecs
  000000c0    000000c0    00002b78   00002b78    r-x .text
  00002c38    00002c38    000008d8   000008d8    r-- .rodata
  00003510    00003510    00000030   00000030    r-- .cinit
20200000    20200000    0000068c   00000000    rw-
  20200000    20200000    0000067c   00000000    rw- .bss
  2020067c    2020067c    00000010   00000000    rw- .data
20207e00    20207e00    00000200   00000000    rw-
  20207e00    20207e00    00000200   00000000    rw- .stack


SECTION ALLOCATION MAP

 output                                  attributes/
section   page    origin      length       input sections
--------  ----  ----------  ----------   ----------------
.intvecs   0    00000000    000000c0     
                  00000000    000000c0     startup_mspm0g350x_ticlang.o (.intvecs)

.text      0    000000c0    00002b78     
                  000000c0    0000018c     ti_msp_dl_config.o (.text.SYSCFG_DL_GPIO_init)
                  0000024c    0000014c     app_wit_test.o (.text.UART_PrintWITDebug)
                  00000398    00000128     bsp_wit.o (.text.WIT_DecodeFrame)
                  000004c0    00000108     bsp_wit.o (.text.WIT_Init)
                  000005c8    00000108     drv_encoder.o (.text.encoder_update_speed)
                  000006d0    00000104     driverlib.a : dl_timer.o (.text.DL_Timer_initFourCCPWMMode)
                  000007d4    00000104     bsp_wit.o (.text.WIT_ParseByte)
                  000008d8    000000fc     driverlib.a : dl_timer.o (.text.DL_Timer_initTimerMode)
                  000009d4    000000dc     app_wit_test.o (.text.OLED_DrawPage)
                  00000ab0    000000d8     libclang_rt.builtins.a : addsf3.S.obj (.text)
                  00000b88    000000d4     app_wit_test.o (.text.OLED_UpdatePage)
                  00000c5c    000000d4     app_wit_test.o (.text.app_wit_test)
                  00000d30    000000ce     bsp_OLED.o (.text.OLED_Init)
                  00000dfe    00000002     bsp_OLED.o (.text.OLED_I2C_Init)
                  00000e00    000000c8     app_wit_test.o (.text.OLED_ShowAngle)
                  00000ec8    000000c4     ti_msp_dl_config.o (.text.SYSCFG_DL_initPower)
                  00000f8c    000000c0     bsp_wit.o (.text.UART2_IRQHandler)
                  0000104c    000000b8     ti_msp_dl_config.o (.text.SYSCFG_DL_BLDC_init)
                  00001104    000000b4     bsp_OLED.o (.text.OLED_ShowChar)
                  000011b8    000000b0     bsp_wit.o (.text.WIT_GetDebugSnapshot)
                  00001268    000000ae     bsp_OLED.o (.text.OLED_ShowSignedNum)
                  00001316    00000098     drv_uart.o (.text.drv_uart_print_num)
                  000013ae    00000002     libclang_rt.builtins.a : aeabi_div0.c.obj (.text.__aeabi_idiv0)
                  000013b0    0000008c     ti_msp_dl_config.o (.text.SYSCFG_DL_MG310_PWM_init)
                  0000143c    0000008c     libclang_rt.builtins.a : mulsf3.S.obj (.text.__mulsf3)
                  000014c8    00000084     ti_msp_dl_config.o (.text.__NVIC_SetPriority)
                  0000154c    00000082     libclang_rt.builtins.a : divsf3.S.obj (.text.__divsf3)
                  000015ce    00000002     --HOLE-- [fill = 0]
                  000015d0    0000007c     libc.a : copy_decompress_lzss.c.obj (.text:decompress:lzss)
                  0000164c    0000007a     bsp_OLED.o (.text.OLED_ShowNum)
                  000016c6    0000006e     drv_uart.o (.text.drv_uart_print_hex)
                  00001734    0000006c     ti_msp_dl_config.o (.text.SYSCFG_DL_UART_WIT_init)
                  000017a0    00000068     drv_uart.o (.text.UART1_IRQHandler)
                  00001808    00000062     libclang_rt.builtins.a : aeabi_fcmp.S.obj (.text.__aeabi_fcmp)
                  0000186a    00000002     --HOLE-- [fill = 0]
                  0000186c    00000060     drv_encoder.o (.text.encoder_handle_gpiob)
                  000018cc    00000058     ti_msp_dl_config.o (.text.SYSCFG_DL_as5600_init)
                  00001924    00000058     ti_msp_dl_config.o (.text.SYSCFG_DL_init)
                  0000197c    00000056     bsp_OLED.o (.text.OLED_Clear)
                  000019d2    00000002     --HOLE-- [fill = 0]
                  000019d4    00000056     libclang_rt.builtins.a : aeabi_idivmod.S.obj (.text.__aeabi_idivmod)
                  00001a2a    00000054     bsp_OLED.o (.text.OLED_I2C_SendByte)
                  00001a7e    00000002     --HOLE-- [fill = 0]
                  00001a80    00000054     drv_uart.o (.text.uart0_write_byte)
                  00001ad4    00000050     ti_msp_dl_config.o (.text.DL_GPIO_initPeripheralInputFunctionFeatures)
                  00001b24    00000050     ti_msp_dl_config.o (.text.SYSCFG_DL_debug_init)
                  00001b74    0000004c     driverlib.a : dl_dma.o (.text.DL_DMA_initChannel)
                  00001bc0    0000004c     ti_msp_dl_config.o (.text.DL_GPIO_initDigitalInputFeatures)
                  00001c0c    0000004c     ti_msp_dl_config.o (.text.DL_UART_setBaudRateDivisor)
                  00001c58    0000004c     app_wit_test.o (.text.UART_PrintRawFrame)
                  00001ca4    0000004a     bsp_OLED.o (.text.OLED_ShowString)
                  00001cee    00000002     --HOLE-- [fill = 0]
                  00001cf0    00000048     driverlib.a : dl_uart.o (.text.DL_UART_init)
                  00001d38    00000048     bsp_wit.o (.text.WIT_ChecksumIsValid)
                  00001d80    00000048     drv_encoder.o (.text.encoder_count_a_rising)
                  00001dc8    00000040     ti_msp_dl_config.o (.text.SYSCFG_DL_f32c_init)
                  00001e08    00000040     ti_msp_dl_config.o (.text.SYSCFG_DL_fishpath_init)
                  00001e48    00000040     libclang_rt.builtins.a : aeabi_uidivmod.S.obj (.text.__aeabi_uidivmod)
                  00001e88    00000040     mid_delay.o (.text.delay_ms)
                  00001ec8    0000003c     ti_msp_dl_config.o (.text.DL_Timer_setCounterControl)
                  00001f04    0000003c     libclang_rt.builtins.a : floatsisf.S.obj (.text.__floatsisf)
                  00001f40    0000003c                            : comparesf2.S.obj (.text.__gtsf2)
                  00001f7c    0000003c     libc.a : autoinit.c.obj (.text:__TI_auto_init_nobinit_nopinit)
                  00001fb8    0000003a     libclang_rt.builtins.a : comparesf2.S.obj (.text.__eqsf2)
                  00001ff2    00000002     --HOLE-- [fill = 0]
                  00001ff4    0000003a                            : muldsi3.S.obj (.text.__muldsi3)
                  0000202e    00000002     --HOLE-- [fill = 0]
                  00002030    00000038     bsp_OLED.o (.text.OLED_W_SCL)
                  00002068    00000038     bsp_OLED.o (.text.OLED_W_SDA)
                  000020a0    00000038     libclang_rt.builtins.a : fixsfsi.S.obj (.text.__fixsfsi)
                  000020d8    00000036     bsp_OLED.o (.text.OLED_SetCursor)
                  0000210e    00000002     --HOLE-- [fill = 0]
                  00002110    00000034     ti_msp_dl_config.o (.text.SYSCFG_DL_MOTOR_MG310_init)
                  00002144    00000034     bsp_wit.o (.text.__NVIC_DisableIRQ)
                  00002178    00000030     bsp_wit.o (.text.DL_DMA_setTransferSize)
                  000021a8    00000030     drv_encoder.o (.text.TIMA1_IRQHandler)
                  000021d8    0000002e     drv_uart.o (.text.drv_uart_send_string)
                  00002206    00000002     --HOLE-- [fill = 0]
                  00002208    0000002c     bsp_wit.o (.text.__NVIC_ClearPendingIRQ)
                  00002234    0000002c     bsp_wit.o (.text.__NVIC_EnableIRQ)
                  00002260    0000002c     drv_uart.o (.text.drv_uart_print_signed)
                  0000228c    0000002a     bsp_OLED.o (.text.OLED_WriteCommand)
                  000022b6    0000002a     bsp_OLED.o (.text.OLED_WriteData)
                  000022e0    0000002a     ti_msp_dl_config.o (.text.SYSCFG_DL_SYSCTL_init)
                  0000230a    00000028     ti_msp_dl_config.o (.text.DL_Common_updateReg)
                  00002332    00000002     --HOLE-- [fill = 0]
                  00002334    00000028     bsp_wit.o (.text.DL_DMA_setDestAddr)
                  0000235c    00000028     bsp_wit.o (.text.DL_DMA_setSrcAddr)
                  00002384    00000028     ti_msp_dl_config.o (.text.DL_I2C_setControllerRXFIFOThreshold)
                  000023ac    00000028     ti_msp_dl_config.o (.text.DL_I2C_setControllerTXFIFOThreshold)
                  000023d4    00000028     ti_msp_dl_config.o (.text.DL_SYSTICK_init)
                  000023fc    00000028     ti_msp_dl_config.o (.text.DL_UART_setRXFIFOThreshold)
                  00002424    00000028     bsp_OLED.o (.text.OLED_Pow)
                  0000244c    00000028     libc.a : boot_cortex_m.c.obj (.text:_c_int00_noargs)
                  00002474    00000026     bsp_wit.o (.text.DL_DMA_disableChannel)
                  0000249a    00000026     bsp_wit.o (.text.DL_DMA_enableChannel)
                  000024c0    00000026     ti_msp_dl_config.o (.text.DL_I2C_setAnalogGlitchFilterPulseWidth)
                  000024e6    00000026     driverlib.a : dl_i2c.o (.text.DL_I2C_setClockConfig)
                  0000250c    00000024     ti_msp_dl_config.o (.text.DL_UART_setRXInterruptTimeout)
                  00002530    00000024     bsp_OLED.o (.text.OLED_I2C_Start)
                  00002554    00000020     ti_msp_dl_config.o (.text.DL_GPIO_initPeripheralInputFunction)
                  00002574    0000001e     ti_msp_dl_config.o (.text.DL_UART_setOversampling)
                  00002592    00000002     --HOLE-- [fill = 0]
                  00002594    0000001c     drv_encoder.o (.text.DL_GPIO_clearInterruptStatus)
                  000025b0    0000001c     ti_msp_dl_config.o (.text.DL_GPIO_enableHiZ)
                  000025cc    0000001c     ti_msp_dl_config.o (.text.DL_GPIO_initPeripheralOutputFunction)
                  000025e8    0000001c     drv_encoder.o (.text.DL_Interrupt_getPendingGroup)
                  00002604    0000001c     ti_msp_dl_config.o (.text.DL_SYSCTL_setMCLKDivider)
                  00002620    0000001c     ti_msp_dl_config.o (.text.DL_SYSCTL_setSYSOSCFreq)
                  0000263c    0000001c     ti_msp_dl_config.o (.text.DL_SYSCTL_setULPCLKDivider)
                  00002658    0000001c     ti_msp_dl_config.o (.text.DL_Timer_enableInterrupt)
                  00002674    0000001c     driverlib.a : dl_timer.o (.text.DL_Timer_setCaptCompUpdateMethod)
                  00002690    0000001c                 : dl_timer.o (.text.DL_Timer_setClockConfig)
                  000026ac    0000001c     bsp_wit.o (.text.DL_UART_disableInterrupt)
                  000026c8    0000001c     bsp_wit.o (.text.DL_UART_enableInterrupt)
                  000026e4    0000001c     ti_msp_dl_config.o (.text.DL_UART_enableInterrupt)
                  00002700    0000001c     driverlib.a : dl_uart.o (.text.DL_UART_receiveDataCheck)
                  0000271c    0000001c                 : dl_uart.o (.text.DL_UART_transmitDataCheck)
                  00002738    0000001c     bsp_OLED.o (.text.OLED_I2C_Stop)
                  00002754    00000018     ti_msp_dl_config.o (.text.DL_GPIO_enableOutput)
                  0000276c    00000018     ti_msp_dl_config.o (.text.DL_GPIO_enablePower)
                  00002784    00000018     drv_encoder.o (.text.DL_GPIO_getEnabledInterruptStatus)
                  0000279c    00000018     ti_msp_dl_config.o (.text.DL_GPIO_initDigitalOutput)
                  000027b4    00000018     ti_msp_dl_config.o (.text.DL_GPIO_reset)
                  000027cc    00000018     bsp_OLED.o (.text.DL_GPIO_setPins)
                  000027e4    00000018     ti_msp_dl_config.o (.text.DL_GPIO_setPins)
                  000027fc    00000018     ti_msp_dl_config.o (.text.DL_I2C_enableAnalogGlitchFilter)
                  00002814    00000018     ti_msp_dl_config.o (.text.DL_I2C_enableController)
                  0000282c    00000018     ti_msp_dl_config.o (.text.DL_I2C_enableControllerClockStretching)
                  00002844    00000018     ti_msp_dl_config.o (.text.DL_I2C_enablePower)
                  0000285c    00000018     ti_msp_dl_config.o (.text.DL_I2C_reset)
                  00002874    00000018     ti_msp_dl_config.o (.text.DL_I2C_setTimerPeriod)
                  0000288c    00000018     ti_msp_dl_config.o (.text.DL_SYSCTL_setBORThreshold)
                  000028a4    00000018     ti_msp_dl_config.o (.text.DL_Timer_enablePower)
                  000028bc    00000018     ti_msp_dl_config.o (.text.DL_Timer_reset)
                  000028d4    00000018     driverlib.a : dl_timer.o (.text.DL_Timer_setCaptureCompareOutCtl)
                  000028ec    00000018     bsp_wit.o (.text.DL_UART_enableDMAReceiveEvent)
                  00002904    00000018     ti_msp_dl_config.o (.text.DL_UART_enableDMAReceiveEvent)
                  0000291c    00000018     ti_msp_dl_config.o (.text.DL_UART_enableFIFOs)
                  00002934    00000018     ti_msp_dl_config.o (.text.DL_UART_enablePower)
                  0000294c    00000018     bsp_wit.o (.text.DL_UART_isRXFIFOEmpty)
                  00002964    00000018     ti_msp_dl_config.o (.text.DL_UART_reset)
                  0000297c    00000018     drv_encoder.o (.text.GROUP1_IRQHandler)
                  00002994    00000018     ti_msp_dl_config.o (.text.SYSCFG_DL_DMA_WIT_init)
                  000029ac    00000016     bsp_wit.o (.text.DL_GPIO_readPins)
                  000029c2    00000016     drv_encoder.o (.text.DL_GPIO_readPins)
                  000029d8    00000016     bsp_wit.o (.text.DL_UART_disable)
                  000029ee    00000016     bsp_wit.o (.text.DL_UART_enable)
                  00002a04    00000016     drv_uart.o (.text.DL_UART_enable)
                  00002a1a    00000016     ti_msp_dl_config.o (.text.DL_UART_enable)
                  00002a30    00000016     empty.o (.text.main)
                  00002a46    00000014     bsp_OLED.o (.text.DL_GPIO_clearPins)
                  00002a5a    00000014     ti_msp_dl_config.o (.text.DL_GPIO_clearPins)
                  00002a6e    00000002     --HOLE-- [fill = 0]
                  00002a70    00000014     ti_msp_dl_config.o (.text.DL_I2C_resetControllerTransfer)
                  00002a84    00000014     ti_msp_dl_config.o (.text.DL_SYSCTL_disableSYSPLL)
                  00002a98    00000014     ti_msp_dl_config.o (.text.DL_Timer_enableClock)
                  00002aac    00000014     ti_msp_dl_config.o (.text.DL_Timer_setCCPDirection)
                  00002ac0    00000014     bsp_wit.o (.text.DL_UART_receiveData)
                  00002ad4    00000014     drv_uart.o (.text.DL_UART_receiveData)
                  00002ae8    00000014     bsp_wit.o (.text.WIT_ReadS16)
                  00002afc    00000012     drv_encoder.o (.text.DL_Timer_getPendingInterrupt)
                  00002b0e    00000012     bsp_wit.o (.text.DL_UART_getPendingInterrupt)
                  00002b20    00000012     drv_uart.o (.text.DL_UART_getPendingInterrupt)
                  00002b32    00000012     driverlib.a : dl_uart.o (.text.DL_UART_setClockConfig)
                  00002b44    00000012     mid_delay.o (.text.delay_us)
                  00002b56    00000012     libc.a : memcpy16.S.obj (.text:TI_memcpy_small)
                  00002b68    00000012            : copy_decompress_none.c.obj (.text:decompress:none)
                  00002b7a    00000002     --HOLE-- [fill = 0]
                  00002b7c    00000010     ti_msp_dl_config.o (.text.DL_SYSCTL_disableHFXT)
                  00002b8c    00000010     mid_delay.o (.text.DL_SYSTICK_enable)
                  00002b9c    00000010     driverlib.a : dl_timer.o (.text.DL_Timer_setCaptureCompareValue)
                  00002bac    00000010     drv_uart.o (.text.drv_uart0_init)
                  00002bbc    00000010     libc.a : copy_zero_init.c.obj (.text:decompress:ZI)
                  00002bcc    0000000e            : memset16.S.obj (.text:TI_memset_small)
                  00002bda    0000000c     ti_msp_dl_config.o (.text.SYSCFG_DL_SYSTICK_init)
                  00002be6    00000002     --HOLE-- [fill = 0]
                  00002be8    0000000c     bsp_wit.o (.text.WIT_GetValidFrameCount)
                  00002bf4    0000000c     libclang_rt.builtins.a : aeabi_memset.S.obj (.text.__aeabi_memclr)
                  00002c00    0000000a     driverlib.a : dl_common.o (.text.DL_Common_delayCycles)
                  00002c0a    00000008     ti_msp_dl_config.o (.text.SYSCFG_DL_DMA_init)
                  00002c12    00000002     --HOLE-- [fill = 0]
                  00002c14    00000008     libclang_rt.builtins.a : aeabi_memcpy.S.obj (.text.__aeabi_memcpy)
                  00002c1c    00000006     libc.a : exit.c.obj (.text:abort)
                  00002c22    00000004     startup_mspm0g350x_ticlang.o (.text.Default_Handler)
                  00002c26    00000004     libsysbm.a : hostexit.c.obj (.text.HOSTexit)
                  00002c2a    00000004     startup_mspm0g350x_ticlang.o (.text.Reset_Handler)
                  00002c2e    00000004     libc.a : pre_init.c.obj (.text._system_pre_init)
                  00002c32    00000006     --HOLE-- [fill = 0]

.cinit     0    00003510    00000030     
                  00003510    0000000c     (__TI_handler_table)
                  0000351c    00000008     (.cinit..bss.load) [load image, compression = zero_init]
                  00003524    00000007     (.cinit..data.load) [load image, compression = lzss]
                  0000352b    00000001     --HOLE-- [fill = 0]
                  0000352c    00000010     (__TI_cinit_table)
                  0000353c    00000004     --HOLE-- [fill = 0]

.rodata    0    00002c38    000008d8     
                  00002c38    000005f0     bsp_OLED.o (.rodata.OLED_F8x16)
                  00003228    00000040     app_wit_test.o (.rodata.str1.13349673807091875495.1)
                  00003268    0000003d     app_wit_test.o (.rodata.str1.10005957621476270798.1)
                  000032a5    00000037     app_wit_test.o (.rodata.str1.5773112337600587538.1)
                  000032dc    00000030     app_wit_test.o (.rodata.str1.6724871362461681318.1)
                  0000330c    0000002e     app_wit_test.o (.rodata.str1.15312489810708077944.1)
                  0000333a    0000002d     app_wit_test.o (.rodata.str1.4782420305871174512.1)
                  00003367    0000002b     app_wit_test.o (.rodata.str1.13122726375417213734.1)
                  00003392    00000025     app_wit_test.o (.rodata.str1.15603230517241783050.1)
                  000033b7    00000025     app_wit_test.o (.rodata.str1.9411727975136874010.1)
                  000033dc    00000018     ti_msp_dl_config.o (.rodata.gDMA_WITConfig)
                  000033f4    00000017     app_wit_test.o (.rodata.str1.476006770120445503.1)
                  0000340b    00000001     --HOLE-- [fill = 0]
                  0000340c    00000014     ti_msp_dl_config.o (.rodata.gMOTOR_MG310TimerConfig)
                  00003420    00000013     app_wit_test.o (.rodata.str1.14475071389093098136.1)
                  00003433    00000012     app_wit_test.o (.rodata.str1.17804755393961525375.1)
                  00003445    0000000d     app_wit_test.o (.rodata.str1.12641496551336226270.1)
                  00003452    0000000a     ti_msp_dl_config.o (.rodata.gUART_WITConfig)
                  0000345c    0000000a     ti_msp_dl_config.o (.rodata.gdebugConfig)
                  00003466    0000000a     ti_msp_dl_config.o (.rodata.gf32cConfig)
                  00003470    0000000a     ti_msp_dl_config.o (.rodata.gfishpathConfig)
                  0000347a    0000000a     app_wit_test.o (.rodata.str1.4783138271069233828.1)
                  00003484    0000000a     app_wit_test.o (.rodata.str1.5726706600590203322.1)
                  0000348e    00000009     app_wit_test.o (.rodata.str1.5470196209872836489.1)
                  00003497    00000001     --HOLE-- [fill = 0]
                  00003498    00000008     ti_msp_dl_config.o (.rodata.gBLDCConfig)
                  000034a0    00000008     ti_msp_dl_config.o (.rodata.gMG310_PWMConfig)
                  000034a8    00000008     app_wit_test.o (.rodata.str1.10590723961067894252.1)
                  000034b0    00000008     app_wit_test.o (.rodata.str1.17527734626335123726.1)
                  000034b8    00000007     app_wit_test.o (.rodata.str1.1728057945644821186.1)
                  000034bf    00000007     app_wit_test.o (.rodata.str1.4778880881770044426.1)
                  000034c6    00000007     app_wit_test.o (.rodata.str1.7419124382676139740.1)
                  000034cd    00000007     app_wit_test.o (.rodata.str1.7686411951300199404.1)
                  000034d4    00000007     app_wit_test.o (.rodata.str1.8700192738533485586.1)
                  000034db    00000004     app_wit_test.o (.rodata.str1.10870124148149813405.1)
                  000034df    00000004     app_wit_test.o (.rodata.str1.18054164656291952425.1)
                  000034e3    00000004     app_wit_test.o (.rodata.str1.3765779170200037026.1)
                  000034e7    00000004     app_wit_test.o (.rodata.str1.47354021781829652.1)
                  000034eb    00000004     app_wit_test.o (.rodata.str1.6366460438176566016.1)
                  000034ef    00000004     app_wit_test.o (.rodata.str1.9322090719755261823.1)
                  000034f3    00000003     ti_msp_dl_config.o (.rodata.gBLDCClockConfig)
                  000034f6    00000003     ti_msp_dl_config.o (.rodata.gMG310_PWMClockConfig)
                  000034f9    00000003     ti_msp_dl_config.o (.rodata.gMOTOR_MG310ClockConfig)
                  000034fc    00000003     app_wit_test.o (.rodata.str1.9396568133097843601.1)
                  000034ff    00000002     ti_msp_dl_config.o (.rodata.gUART_WITClockConfig)
                  00003501    00000002     ti_msp_dl_config.o (.rodata.gas5600ClockConfig)
                  00003503    00000002     ti_msp_dl_config.o (.rodata.gdebugClockConfig)
                  00003505    00000002     ti_msp_dl_config.o (.rodata.gf32cClockConfig)
                  00003507    00000002     ti_msp_dl_config.o (.rodata.gfishpathClockConfig)
                  00003509    00000002     app_wit_test.o (.rodata.str1.10987955134126719600.1)
                  0000350b    00000002     drv_uart.o (.rodata.str1.12400643115201681846.1)
                  0000350d    00000002     app_wit_test.o (.rodata.str1.6880267236398458056.1)
                  0000350f    00000001     --HOLE-- [fill = 0]

.init_array 
*          0    00000000    00000000     UNINITIALIZED

.binit     0    00000000    00000000     

.bss       0    20200000    0000067c     UNINITIALIZED
                  20200000    00000400     drv_uart.o (.bss.uart1_rx_buf)
                  20200400    000000bc     (.common:gBLDCBackup)
                  202004bc    000000bc     (.common:gMOTOR_MG310Backup)
                  20200578    00000084     bsp_wit.o (.bss.wit_dma_buffer)
                  202005fc    00000030     (.common:gf32cBackup)
                  2020062c    00000020     (.common:wit_data)
                  2020064c    0000000b     bsp_wit.o (.bss.wit_frame)
                  20200657    0000000b     bsp_wit.o (.bss.wit_last_frame)
                  20200662    00000001     bsp_wit.o (.bss.wit_dma_active_buffer)
                  20200663    00000001     bsp_wit.o (.bss.wit_frame_pos)
                  20200664    00000004     bsp_wit.o (.bss.wit_accel_frame_count)
                  20200668    00000004     bsp_wit.o (.bss.wit_angle_frame_count)
                  2020066c    00000004     bsp_wit.o (.bss.wit_checksum_error_count)
                  20200670    00000004     bsp_wit.o (.bss.wit_gyro_frame_count)
                  20200674    00000004     bsp_wit.o (.bss.wit_received_byte_count)
                  20200678    00000004     bsp_wit.o (.bss.wit_valid_frame_count)

.data      0    2020067c    00000010     UNINITIALIZED
                  2020067c    00000008     drv_encoder.o (.data.g_encoder)
                  20200684    00000004     mid_delay.o (.data.g_system_ms)
                  20200688    00000002     drv_uart.o (.data.uart1_rx_head)
                  2020068a    00000002     drv_uart.o (.data.uart1_rx_tail)

.stack     0    20207e00    00000200     UNINITIALIZED
                  20207e00    00000004     libc.a : boot_cortex_m.c.obj (.stack)
                  20207e04    000001fc     --HOLE--

__llvm_prf_cnts 
*          0    20200000    00000000     UNINITIALIZED

__llvm_prf_bits 
*          0    20200000    00000000     UNINITIALIZED

MODULE SUMMARY

       Module                         code    ro data   rw data
       ------                         ----    -------   -------
    .\
       ti_msp_dl_config.o             3072    119       424    
       startup_mspm0g350x_ticlang.o   8       192       0      
       empty.o                        22      0         0      
    +--+------------------------------+-------+---------+---------+
       Total:                         3102    311       424    
                                                               
    .\MSPM0G3507\Application\
       app_wit_test.o                 1252    620       0      
    +--+------------------------------+-------+---------+---------+
       Total:                         1252    620       0      
                                                               
    .\MSPM0G3507\BSP\
       bsp_OLED.o                     1326    1520      0      
       bsp_wit.o                      1844    0         212    
    +--+------------------------------+-------+---------+---------+
       Total:                         3170    1520      212    
                                                               
    .\MSPM0G3507\Driver\
       drv_uart.o                     616     2         1028   
       drv_encoder.o                  624     0         8      
    +--+------------------------------+-------+---------+---------+
       Total:                         1240    2         1036   
                                                               
    .\MSPM0G3507\Middleware\
       mid_delay.o                    98      0         4      
    +--+------------------------------+-------+---------+---------+
       Total:                         98      0         4      
                                                               
    C:/TI/mspm0_sdk_2_10_00_04/source/ti/driverlib/lib/ticlang/m0p/mspm0g1x0x_g3x0x/driverlib.a
       dl_timer.o                     608     0         0      
       dl_uart.o                      146     0         0      
       dl_dma.o                       76      0         0      
       dl_i2c.o                       38      0         0      
       dl_common.o                    10      0         0      
    +--+------------------------------+-------+---------+---------+
       Total:                         878     0         0      
                                                               
    D:\TI2.0\CCS\ccs\tools\compiler\ti-cgt-armllvm_4.0.4.LTS\lib\armv6m-ti-none-eabi/c/libc.a
       copy_decompress_lzss.c.obj     124     0         0      
       autoinit.c.obj                 60      0         0      
       boot_cortex_m.c.obj            40      0         0      
       copy_decompress_none.c.obj     18      0         0      
       memcpy16.S.obj                 18      0         0      
       copy_zero_init.c.obj           16      0         0      
       memset16.S.obj                 14      0         0      
       exit.c.obj                     6       0         0      
       pre_init.c.obj                 4       0         0      
    +--+------------------------------+-------+---------+---------+
       Total:                         300     0         0      
                                                               
    D:\TI2.0\CCS\ccs\tools\compiler\ti-cgt-armllvm_4.0.4.LTS\lib\armv6m-ti-none-eabi/c/libsysbm.a
       hostexit.c.obj                 4       0         0      
    +--+------------------------------+-------+---------+---------+
       Total:                         4       0         0      
                                                               
    D:\TI2.0\CCS\ccs\tools\compiler\ti-cgt-armllvm_4.0.4.LTS\lib\armv6m-ti-none-eabi/libclang_rt.builtins.a
       addsf3.S.obj                   216     0         0      
       mulsf3.S.obj                   140     0         0      
       divsf3.S.obj                   130     0         0      
       comparesf2.S.obj               118     0         0      
       aeabi_fcmp.S.obj               98      0         0      
       aeabi_idivmod.S.obj            86      0         0      
       aeabi_uidivmod.S.obj           64      0         0      
       floatsisf.S.obj                60      0         0      
       muldsi3.S.obj                  58      0         0      
       fixsfsi.S.obj                  56      0         0      
       aeabi_memset.S.obj             12      0         0      
       aeabi_memcpy.S.obj             8       0         0      
       aeabi_div0.c.obj               2       0         0      
    +--+------------------------------+-------+---------+---------+
       Total:                         1048    0         0      
                                                               
       Stack:                         0       0         512    
       Linker Generated:              0       43        0      
    +--+------------------------------+-------+---------+---------+
       Grand Total:                   11092   2496      2188   


LINKER GENERATED COPY TABLES

__TI_cinit_table @ 0000352c records: 2, size/record: 8, table size: 16
	.bss: load addr=0000351c, load size=00000008 bytes, run addr=20200000, run size=0000067c bytes, compression=zero_init
	.data: load addr=00003524, load size=00000007 bytes, run addr=2020067c, run size=00000010 bytes, compression=lzss


LINKER GENERATED HANDLER TABLE

__TI_handler_table @ 00003510 records: 3, size/record: 4, table size: 12
	index: 0, handler: __TI_decompress_lzss
	index: 1, handler: __TI_decompress_none
	index: 2, handler: __TI_zero_init


GLOBAL SYMBOLS: SORTED ALPHABETICALLY BY Name 

address   name                            
-------   ----                            
00002c23  ADC0_IRQHandler                 
00002c23  ADC1_IRQHandler                 
00002c23  AES_IRQHandler                  
00002c26  C$$EXIT                         
00002c23  CANFD0_IRQHandler               
00002c23  DAC0_IRQHandler                 
00002c01  DL_Common_delayCycles           
00001b75  DL_DMA_initChannel              
000024e7  DL_I2C_setClockConfig           
000006d1  DL_Timer_initFourCCPWMMode      
000008d9  DL_Timer_initTimerMode          
00002675  DL_Timer_setCaptCompUpdateMethod
000028d5  DL_Timer_setCaptureCompareOutCtl
00002b9d  DL_Timer_setCaptureCompareValue 
00002691  DL_Timer_setClockConfig         
00001cf1  DL_UART_init                    
00002701  DL_UART_receiveDataCheck        
00002b33  DL_UART_setClockConfig          
0000271d  DL_UART_transmitDataCheck       
00002c23  DMA_IRQHandler                  
00002c23  Default_Handler                 
00002c23  GROUP0_IRQHandler               
0000297d  GROUP1_IRQHandler               
00002c27  HOSTexit                        
00002c23  HardFault_Handler               
00002c23  I2C0_IRQHandler                 
00002c23  I2C1_IRQHandler                 
00002c23  NMI_Handler                     
0000197d  OLED_Clear                      
00002c38  OLED_F8x16                      
00000dff  OLED_I2C_Init                   
00001a2b  OLED_I2C_SendByte               
00002531  OLED_I2C_Start                  
00002739  OLED_I2C_Stop                   
00000d31  OLED_Init                       
00002425  OLED_Pow                        
000020d9  OLED_SetCursor                  
00001105  OLED_ShowChar                   
0000164d  OLED_ShowNum                    
00001269  OLED_ShowSignedNum              
00001ca5  OLED_ShowString                 
00002031  OLED_W_SCL                      
00002069  OLED_W_SDA                      
0000228d  OLED_WriteCommand               
000022b7  OLED_WriteData                  
00002c23  PendSV_Handler                  
00002c23  RTC_IRQHandler                  
00002c2b  Reset_Handler                   
00002c23  SPI0_IRQHandler                 
00002c23  SPI1_IRQHandler                 
00002c23  SVC_Handler                     
0000104d  SYSCFG_DL_BLDC_init             
00002995  SYSCFG_DL_DMA_WIT_init          
00002c0b  SYSCFG_DL_DMA_init              
000000c1  SYSCFG_DL_GPIO_init             
000013b1  SYSCFG_DL_MG310_PWM_init        
00002111  SYSCFG_DL_MOTOR_MG310_init      
000022e1  SYSCFG_DL_SYSCTL_init           
00002bdb  SYSCFG_DL_SYSTICK_init          
00001735  SYSCFG_DL_UART_WIT_init         
000018cd  SYSCFG_DL_as5600_init           
00001b25  SYSCFG_DL_debug_init            
00001dc9  SYSCFG_DL_f32c_init             
00001e09  SYSCFG_DL_fishpath_init         
00001925  SYSCFG_DL_init                  
00000ec9  SYSCFG_DL_initPower             
00002c23  SysTick_Handler                 
00002c23  TIMA0_IRQHandler                
000021a9  TIMA1_IRQHandler                
00002c23  TIMG0_IRQHandler                
00002c23  TIMG12_IRQHandler               
00002c23  TIMG6_IRQHandler                
00002c23  TIMG7_IRQHandler                
00002c23  TIMG8_IRQHandler                
00002b57  TI_memcpy_small                 
00002bcd  TI_memset_small                 
00002c23  UART0_IRQHandler                
000017a1  UART1_IRQHandler                
00000f8d  UART2_IRQHandler                
00002c23  UART3_IRQHandler                
000011b9  WIT_GetDebugSnapshot            
00002be9  WIT_GetValidFrameCount          
000004c1  WIT_Init                        
20208000  __STACK_END                     
00000200  __STACK_SIZE                    
00000000  __TI_ATRegion0_region_sz        
00000000  __TI_ATRegion0_src_addr         
00000000  __TI_ATRegion0_trg_addr         
00000000  __TI_ATRegion1_region_sz        
00000000  __TI_ATRegion1_src_addr         
00000000  __TI_ATRegion1_trg_addr         
00000000  __TI_ATRegion2_region_sz        
00000000  __TI_ATRegion2_src_addr         
00000000  __TI_ATRegion2_trg_addr         
0000352c  __TI_CINIT_Base                 
0000353c  __TI_CINIT_Limit                
0000353c  __TI_CINIT_Warm                 
00003510  __TI_Handler_Table_Base         
0000351c  __TI_Handler_Table_Limit        
00001f7d  __TI_auto_init_nobinit_nopinit  
000015d1  __TI_decompress_lzss            
00002b69  __TI_decompress_none            
ffffffff  __TI_pprof_out_hndl             
ffffffff  __TI_prof_data_size             
ffffffff  __TI_prof_data_start            
00000000  __TI_static_base__              
00002bbd  __TI_zero_init                  
00000abb  __addsf3                        
000020a1  __aeabi_f2iz                    
00000abb  __aeabi_fadd                    
00001809  __aeabi_fcmpeq                  
00001845  __aeabi_fcmpge                  
00001859  __aeabi_fcmpgt                  
00001831  __aeabi_fcmple                  
0000181d  __aeabi_fcmplt                  
0000154d  __aeabi_fdiv                    
0000143d  __aeabi_fmul                    
00000ab1  __aeabi_fsub                    
00001f05  __aeabi_i2f                     
000019d5  __aeabi_idiv                    
000013af  __aeabi_idiv0                   
000019d5  __aeabi_idivmod                 
00002bf5  __aeabi_memclr                  
00002bf5  __aeabi_memclr4                 
00002bf5  __aeabi_memclr8                 
00002c15  __aeabi_memcpy                  
00002c15  __aeabi_memcpy4                 
00002c15  __aeabi_memcpy8                 
00001e49  __aeabi_uidiv                   
00001e49  __aeabi_uidivmod                
ffffffff  __binit__                       
00001fb9  __cmpsf2                        
0000154d  __divsf3                        
00001fb9  __eqsf2                         
000020a1  __fixsfsi                       
00001f05  __floatsisf                     
00001f41  __gesf2                         
00001f41  __gtsf2                         
00001fb9  __lesf2                         
00001fb9  __ltsf2                         
UNDEFED   __mpu_init                      
00001ff5  __muldsi3                       
0000143d  __mulsf3                        
00001fb9  __nesf2                         
20207e00  __stack                         
20200000  __start___llvm_prf_bits         
20200000  __start___llvm_prf_cnts         
20200000  __stop___llvm_prf_bits          
20200000  __stop___llvm_prf_cnts          
00000ab1  __subsf3                        
0000244d  _c_int00_noargs                 
UNDEFED   _system_post_cinit              
00002c2f  _system_pre_init                
00002c1d  abort                           
00000c5d  app_wit_test                    
ffffffff  binit                           
00001e89  delay_ms                        
00002b45  delay_us                        
00002bad  drv_uart0_init                  
000016c7  drv_uart_print_hex              
00001317  drv_uart_print_num              
00002261  drv_uart_print_signed           
000021d9  drv_uart_send_string            
20200400  gBLDCBackup                     
202004bc  gMOTOR_MG310Backup              
202005fc  gf32cBackup                     
00000000  interruptVectors                
00002a31  main                            
2020062c  wit_data                        


GLOBAL SYMBOLS: SORTED BY Symbol Address 

address   name                            
-------   ----                            
00000000  __TI_ATRegion0_region_sz        
00000000  __TI_ATRegion0_src_addr         
00000000  __TI_ATRegion0_trg_addr         
00000000  __TI_ATRegion1_region_sz        
00000000  __TI_ATRegion1_src_addr         
00000000  __TI_ATRegion1_trg_addr         
00000000  __TI_ATRegion2_region_sz        
00000000  __TI_ATRegion2_src_addr         
00000000  __TI_ATRegion2_trg_addr         
00000000  __TI_static_base__              
00000000  interruptVectors                
000000c1  SYSCFG_DL_GPIO_init             
00000200  __STACK_SIZE                    
000004c1  WIT_Init                        
000006d1  DL_Timer_initFourCCPWMMode      
000008d9  DL_Timer_initTimerMode          
00000ab1  __aeabi_fsub                    
00000ab1  __subsf3                        
00000abb  __addsf3                        
00000abb  __aeabi_fadd                    
00000c5d  app_wit_test                    
00000d31  OLED_Init                       
00000dff  OLED_I2C_Init                   
00000ec9  SYSCFG_DL_initPower             
00000f8d  UART2_IRQHandler                
0000104d  SYSCFG_DL_BLDC_init             
00001105  OLED_ShowChar                   
000011b9  WIT_GetDebugSnapshot            
00001269  OLED_ShowSignedNum              
00001317  drv_uart_print_num              
000013af  __aeabi_idiv0                   
000013b1  SYSCFG_DL_MG310_PWM_init        
0000143d  __aeabi_fmul                    
0000143d  __mulsf3                        
0000154d  __aeabi_fdiv                    
0000154d  __divsf3                        
000015d1  __TI_decompress_lzss            
0000164d  OLED_ShowNum                    
000016c7  drv_uart_print_hex              
00001735  SYSCFG_DL_UART_WIT_init         
000017a1  UART1_IRQHandler                
00001809  __aeabi_fcmpeq                  
0000181d  __aeabi_fcmplt                  
00001831  __aeabi_fcmple                  
00001845  __aeabi_fcmpge                  
00001859  __aeabi_fcmpgt                  
000018cd  SYSCFG_DL_as5600_init           
00001925  SYSCFG_DL_init                  
0000197d  OLED_Clear                      
000019d5  __aeabi_idiv                    
000019d5  __aeabi_idivmod                 
00001a2b  OLED_I2C_SendByte               
00001b25  SYSCFG_DL_debug_init            
00001b75  DL_DMA_initChannel              
00001ca5  OLED_ShowString                 
00001cf1  DL_UART_init                    
00001dc9  SYSCFG_DL_f32c_init             
00001e09  SYSCFG_DL_fishpath_init         
00001e49  __aeabi_uidiv                   
00001e49  __aeabi_uidivmod                
00001e89  delay_ms                        
00001f05  __aeabi_i2f                     
00001f05  __floatsisf                     
00001f41  __gesf2                         
00001f41  __gtsf2                         
00001f7d  __TI_auto_init_nobinit_nopinit  
00001fb9  __cmpsf2                        
00001fb9  __eqsf2                         
00001fb9  __lesf2                         
00001fb9  __ltsf2                         
00001fb9  __nesf2                         
00001ff5  __muldsi3                       
00002031  OLED_W_SCL                      
00002069  OLED_W_SDA                      
000020a1  __aeabi_f2iz                    
000020a1  __fixsfsi                       
000020d9  OLED_SetCursor                  
00002111  SYSCFG_DL_MOTOR_MG310_init      
000021a9  TIMA1_IRQHandler                
000021d9  drv_uart_send_string            
00002261  drv_uart_print_signed           
0000228d  OLED_WriteCommand               
000022b7  OLED_WriteData                  
000022e1  SYSCFG_DL_SYSCTL_init           
00002425  OLED_Pow                        
0000244d  _c_int00_noargs                 
000024e7  DL_I2C_setClockConfig           
00002531  OLED_I2C_Start                  
00002675  DL_Timer_setCaptCompUpdateMethod
00002691  DL_Timer_setClockConfig         
00002701  DL_UART_receiveDataCheck        
0000271d  DL_UART_transmitDataCheck       
00002739  OLED_I2C_Stop                   
000028d5  DL_Timer_setCaptureCompareOutCtl
0000297d  GROUP1_IRQHandler               
00002995  SYSCFG_DL_DMA_WIT_init          
00002a31  main                            
00002b33  DL_UART_setClockConfig          
00002b45  delay_us                        
00002b57  TI_memcpy_small                 
00002b69  __TI_decompress_none            
00002b9d  DL_Timer_setCaptureCompareValue 
00002bad  drv_uart0_init                  
00002bbd  __TI_zero_init                  
00002bcd  TI_memset_small                 
00002bdb  SYSCFG_DL_SYSTICK_init          
00002be9  WIT_GetValidFrameCount          
00002bf5  __aeabi_memclr                  
00002bf5  __aeabi_memclr4                 
00002bf5  __aeabi_memclr8                 
00002c01  DL_Common_delayCycles           
00002c0b  SYSCFG_DL_DMA_init              
00002c15  __aeabi_memcpy                  
00002c15  __aeabi_memcpy4                 
00002c15  __aeabi_memcpy8                 
00002c1d  abort                           
00002c23  ADC0_IRQHandler                 
00002c23  ADC1_IRQHandler                 
00002c23  AES_IRQHandler                  
00002c23  CANFD0_IRQHandler               
00002c23  DAC0_IRQHandler                 
00002c23  DMA_IRQHandler                  
00002c23  Default_Handler                 
00002c23  GROUP0_IRQHandler               
00002c23  HardFault_Handler               
00002c23  I2C0_IRQHandler                 
00002c23  I2C1_IRQHandler                 
00002c23  NMI_Handler                     
00002c23  PendSV_Handler                  
00002c23  RTC_IRQHandler                  
00002c23  SPI0_IRQHandler                 
00002c23  SPI1_IRQHandler                 
00002c23  SVC_Handler                     
00002c23  SysTick_Handler                 
00002c23  TIMA0_IRQHandler                
00002c23  TIMG0_IRQHandler                
00002c23  TIMG12_IRQHandler               
00002c23  TIMG6_IRQHandler                
00002c23  TIMG7_IRQHandler                
00002c23  TIMG8_IRQHandler                
00002c23  UART0_IRQHandler                
00002c23  UART3_IRQHandler                
00002c26  C$$EXIT                         
00002c27  HOSTexit                        
00002c2b  Reset_Handler                   
00002c2f  _system_pre_init                
00002c38  OLED_F8x16                      
00003510  __TI_Handler_Table_Base         
0000351c  __TI_Handler_Table_Limit        
0000352c  __TI_CINIT_Base                 
0000353c  __TI_CINIT_Limit                
0000353c  __TI_CINIT_Warm                 
20200000  __start___llvm_prf_bits         
20200000  __start___llvm_prf_cnts         
20200000  __stop___llvm_prf_bits          
20200000  __stop___llvm_prf_cnts          
20200400  gBLDCBackup                     
202004bc  gMOTOR_MG310Backup              
202005fc  gf32cBackup                     
2020062c  wit_data                        
20207e00  __stack                         
20208000  __STACK_END                     
ffffffff  __TI_pprof_out_hndl             
ffffffff  __TI_prof_data_size             
ffffffff  __TI_prof_data_start            
ffffffff  __binit__                       
ffffffff  binit                           
UNDEFED   __mpu_init                      
UNDEFED   _system_post_cinit              

[169 symbols]
